[pid 15375] 20:50:47.784389 <... futex resumed>) = 0 <0.006672>
[pid 15380] 20:50:47.784583 futex(0xc000152948, FUTEX_WAIT_PRIVATE, 0, NULL <unfinished ...>
[pid 15376] 20:50:47.784905 futex(0x1b95aa0, FUTEX_WAKE_PRIVATE, 1 <unfinished ...>
[pid 15374] 20:50:47.785240 <... nanosleep resumed>NULL) = 0 <0.011239>
[pid 15373] 20:50:47.785441 <... futex resumed>) = 0 <0.001418>
[pid 15376] 20:50:47.785619 <... futex resumed>) = 1 <0.000559>
[pid 15375] 20:50:47.785793 futex(0xc000075148, FUTEX_WAIT_PRIVATE, 0, NULL <unfinished ...>
[pid 15373] 20:50:47.786118 rt_sigprocmask(SIG_SETMASK, [KILL USR1 USR2 PIPE ALRM CONT STOP TSTP TTIN TTOU XCPU XFSZ VTALRM WINCH IO PWR RT_3 RT_4 RT_5 RT_6 RT_7 RT_8 RT_9 RT_10 RT_11 RT_12 RT_13 RT_14 RT_15 RT_16 RT_17],  <unfinished ...>
[pid 15376] 20:50:47.786450 futex(0xc000075948, FUTEX_WAIT_PRIVATE, 0, NULL <unfinished ...>
[pid 15374] 20:50:47.786770 nanosleep({tv_sec=0, tv_nsec=10000000},  <unfinished ...>
[pid 15373] 20:50:47.787095 <... rt_sigprocmask resumed>NULL, 8) = 0 <0.000663>
[pid 15373] 20:50:47.787313 futex(0xc000075948, FUTEX_WAKE_PRIVATE, 1) = 1 <0.000077>
[pid 15376] 20:50:47.787714 <... futex resumed>) = 0 <0.001109>
[pid 15373] 20:50:47.787890 futex(0xc000075148, FUTEX_WAKE_PRIVATE, 1 <unfinished ...>
[pid 15376] 20:50:47.788231 futex(0xc000152948, FUTEX_WAKE_PRIVATE, 1 <unfinished ...>
[pid 15373] 20:50:47.788582 <... futex resumed>) = 1 <0.000375>
[pid 15375] 20:50:47.788758 <... futex resumed>) = 0 <0.002809>
[pid 15373] 20:50:47.788937 futex(0x1b95aa0, FUTEX_WAIT_PRIVATE, 0, NULL <unfinished ...>
[pid 15380] 20:50:47.789264 <... futex resumed>) = 0 <0.004383>
[pid 15376] 20:50:47.789449 <... futex resumed>) = 1 <0.001055>
[pid 15380] 20:50:47.789627 futex(0xc000152948, FUTEX_WAIT_PRIVATE, 0, NULL <unfinished ...>
[pid 15375] 20:50:47.789944 futex(0xc000075148, FUTEX_WAIT_PRIVATE, 0, NULL <unfinished ...>
[pid 15380] 20:50:47.790263 <... futex resumed>) = -1 EAGAIN (Resource temporarily unavailable) <0.000338>
[pid 15376] 20:50:47.790443 futex(0xc000152948, FUTEX_WAKE_PRIVATE, 1 <unfinished ...>
[pid 15380] 20:50:47.790765 nanosleep({tv_sec=0, tv_nsec=3000},  <unfinished ...>
[pid 15376] 20:50:47.791078 <... futex resumed>) = 0 <0.000352>
[pid 15380] 20:50:47.791270 <... nanosleep resumed>NULL) = 0 <0.000345>
[pid 15376] 20:50:47.791452 futex(0x1b95aa0, FUTEX_WAKE_PRIVATE, 1 <unfinished ...>
[pid 15380] 20:50:47.791786 futex(0xc000152948, FUTEX_WAIT_PRIVATE, 0, NULL <unfinished ...>
[pid 15373] 20:50:47.792104 <... futex resumed>) = 0 <0.002862>
[pid 15376] 20:50:47.792277 <... futex resumed>) = 1 <0.000673>
[pid 15373] 20:50:47.792455 rt_sigprocmask(SIG_SETMASK, [KILL USR1 USR2 PIPE ALRM CONT STOP TSTP TTIN TTOU XCPU XFSZ VTALRM WINCH IO PWR RT_3 RT_4 RT_5 RT_6 RT_7 RT_8 RT_9 RT_10 RT_11 RT_12 RT_13 RT_14 RT_15 RT_16 RT_17 RT_18],  <unfinished ...>
[pid 15376] 20:50:47.792783 futex(0xc000075948, FUTEX_WAIT_PRIVATE, 0, NULL <unfinished ...>
[pid 15373] 20:50:47.793103 <... rt_sigprocmask resumed>NULL, 8) = 0 <0.000340>
[pid 15373] 20:50:47.793325 futex(0xc000075948, FUTEX_WAKE_PRIVATE, 1) = 1 <0.000076>
[pid 15376] 20:50:47.793724 <... futex resumed>) = 0 <0.000788>
[pid 15373] 20:50:47.793957 futex(0xc000152948, FUTEX_WAKE_PRIVATE, 1 <unfinished ...>
[pid 15376] 20:50:47.794293 futex(0xc000075148, FUTEX_WAKE_PRIVATE, 1 <unfinished ...>
[pid 15373] 20:50:47.794637 <... futex resumed>) = 1 <0.000359>
[pid 15380] 20:50:47.794821 <... futex resumed>) = 0 <0.002882>
[pid 15373] 20:50:47.795008 futex(0x1b95aa0, FUTEX_WAIT_PRIVATE, 0, NULL <unfinished ...>
[pid 15376] 20:50:47.795337 <... futex resumed>) = 1 <0.000737>
[pid 15375] 20:50:47.795512 <... futex resumed>) = 0 <0.005416>
[pid 15380] 20:50:47.795707 futex(0xc000152948, FUTEX_WAIT_PRIVATE, 0, NULL <unfinished ...>
[pid 15376] 20:50:47.796042 futex(0x1b95aa0, FUTEX_WAKE_PRIVATE, 1 <unfinished ...>
[pid 15375] 20:50:47.796380 futex(0xc000075148, FUTEX_WAIT_PRIVATE, 0, NULL <unfinished ...>
[pid 15373] 20:50:47.796709 <... futex resumed>) = 0 <0.001398>
[pid 15376] 20:50:47.796977 <... futex resumed>) = 1 <0.000779>
[pid 15373] 20:50:47.797214 rt_sigprocmask(SIG_SETMASK, [KILL USR1 USR2 PIPE ALRM CONT STOP TSTP TTIN TTOU XCPU XFSZ VTALRM WINCH IO PWR RT_3 RT_4 RT_5 RT_6 RT_7 RT_8 RT_9 RT_10 RT_11 RT_12 RT_13 RT_14 RT_15 RT_16 RT_17 RT_18 RT_19],  <unfinished ...>
[pid 15374] 20:50:47.797652 <... nanosleep resumed>NULL) = 0 <0.010543>
[pid 15373] 20:50:47.797873 <... rt_sigprocmask resumed>NULL, 8) = 0 <0.000422>
[pid 15376] 20:50:47.798086 futex(0xc000075948, FUTEX_WAIT_PRIVATE, 0, NULL <unfinished ...>
[pid 15373] 20:50:47.798943 futex(0xc000075948, FUTEX_WAKE_PRIVATE, 1 <unfinished ...>
[pid 15374] 20:50:47.799403 nanosleep({tv_sec=0, tv_nsec=10000000},  <unfinished ...>
[pid 15373] 20:50:47.799819 <... futex resumed>) = 0 <0.000450>
[pid 15376] 20:50:47.800042 <... futex resumed>) = -1 EAGAIN (Resource temporarily unavailable) <0.001731>
[pid 15373] 20:50:47.800258 futex(0xc000075148, FUTEX_WAKE_PRIVATE, 1 <unfinished ...>
[pid 15376] 20:50:47.800685 futex(0xc000152948, FUTEX_WAKE_PRIVATE, 1 <unfinished ...>
[pid 15373] 20:50:47.801085 <... futex resumed>) = 1 <0.000449>
[pid 15375] 20:50:47.801269 <... futex resumed>) = 0 <0.004731>
[pid 15373] 20:50:47.801454 futex(0x1b95aa0, FUTEX_WAIT_PRIVATE, 0, NULL <unfinished ...>
[pid 15380] 20:50:47.801773 <... futex resumed>) = 0 <0.005768>
[pid 15376] 20:50:47.801948 <... futex resumed>) = 1 <0.001062>
[pid 15380] 20:50:47.802124 futex(0xc000152948, FUTEX_WAIT_PRIVATE, 0, NULL <unfinished ...>
[pid 15375] 20:50:47.802470 futex(0xc000075148, FUTEX_WAIT_PRIVATE, 0, NULL <unfinished ...>
[pid 15380] 20:50:47.802790 <... futex resumed>) = -1 EAGAIN (Resource temporarily unavailable) <0.000359>
[pid 15376] 20:50:47.802968 futex(0xc000152948, FUTEX_WAKE_PRIVATE, 1 <unfinished ...>
[pid 15380] 20:50:47.803297 nanosleep({tv_sec=0, tv_nsec=3000},  <unfinished ...>
[pid 15376] 20:50:47.803617 <... futex resumed>) = 0 <0.000375>
[pid 15380] 20:50:47.803866 <... nanosleep resumed>NULL) = 0 <0.000396>
[pid 15376] 20:50:47.804052 futex(0x1b95aa0, FUTEX_WAKE_PRIVATE, 1 <unfinished ...>
[pid 15380] 20:50:47.804426 futex(0xc000152948, FUTEX_WAIT_PRIVATE, 0, NULL <unfinished ...>
[pid 15373] 20:50:47.804758 <... futex resumed>) = 0 <0.003005>
[pid 15376] 20:50:47.804947 <... futex resumed>) = 1 <0.000742>
[pid 15373] 20:50:47.805124 rt_sigprocmask(SIG_SETMASK, [KILL USR1 USR2 PIPE ALRM CONT STOP TSTP TTIN TTOU XCPU XFSZ VTALRM WINCH IO PWR RT_3 RT_4 RT_5 RT_6 RT_7 RT_8 RT_9 RT_10 RT_11 RT_12 RT_13 RT_14 RT_15 RT_16 RT_17 RT_18 RT_19 RT_20],  <unfinished ...>
[pid 15376] 20:50:47.805465 futex(0xc000075948, FUTEX_WAIT_PRIVATE, 0, NULL <unfinished ...>
[pid 15373] 20:50:47.805792 <... rt_sigprocmask resumed>NULL, 8) = 0 <0.000351>
[pid 15373] 20:50:47.806005 futex(0xc000075948, FUTEX_WAKE_PRIVATE, 1) = 1 <0.000075>
[pid 15376] 20:50:47.806412 <... futex resumed>) = 0 <0.000793>
[pid 15373] 20:50:47.806588 futex(0xc000152948, FUTEX_WAKE_PRIVATE, 1 <unfinished ...>
[pid 15376] 20:50:47.806917 futex(0xc000075148, FUTEX_WAKE_PRIVATE, 1 <unfinished ...>
[pid 15373] 20:50:47.807256 <... futex resumed>) = 1 <0.000351>
[pid 15380] 20:50:47.807440 <... futex resumed>) = 0 <0.002851>
[pid 15373] 20:50:47.807621 futex(0x1b95aa0, FUTEX_WAIT_PRIVATE, 0, NULL <unfinished ...>
[pid 15376] 20:50:47.807942 <... futex resumed>) = 1 <0.000730>
[pid 15375] 20:50:47.808115 <... futex resumed>) = 0 <0.005492>
[pid 15380] 20:50:47.808300 futex(0xc000152948, FUTEX_WAIT_PRIVATE, 0, NULL <unfinished ...>
[pid 15376] 20:50:47.808624 futex(0x1b95aa0, FUTEX_WAKE_PRIVATE, 1 <unfinished ...>
[pid 15375] 20:50:47.808972 futex(0xc000075148, FUTEX_WAIT_PRIVATE, 0, NULL <unfinished ...>
[pid 15373] 20:50:47.809293 <... futex resumed>) = 0 <0.001372>
[pid 15376] 20:50:47.809482 <... futex resumed>) = 1 <0.000692>
[pid 15373] 20:50:47.809658 rt_sigprocmask(SIG_SETMASK, [KILL USR1 USR2 PIPE ALRM CONT STOP TSTP TTIN TTOU XCPU XFSZ VTALRM WINCH IO PWR RT_3 RT_4 RT_5 RT_6 RT_7 RT_8 RT_9 RT_10 RT_11 RT_12 RT_13 RT_14 RT_15 RT_16 RT_17 RT_18 RT_19 RT_20 RT_21],  <unfinished ...>
[pid 15376] 20:50:47.810016 futex(0xc000075948, FUTEX_WAIT_PRIVATE, 0, NULL <unfinished ...>
[pid 15374] 20:50:47.810339 <... nanosleep resumed>NULL) = 0 <0.010584>
[pid 15373] 20:50:47.810526 <... rt_sigprocmask resumed>NULL, 8) = 0 <0.000680>
[pid 15374] 20:50:47.810705 nanosleep({tv_sec=0, tv_nsec=10000000},  <unfinished ...>
[pid 15373] 20:50:47.811063 futex(0xc000075948, FUTEX_WAKE_PRIVATE, 1) = 1 <0.000077>
[pid 15376] 20:50:47.811471 <... futex resumed>) = 0 <0.001300>
[pid 15373] 20:50:47.811649 futex(0xc000075148, FUTEX_WAKE_PRIVATE, 1 <unfinished ...>
[pid 15376] 20:50:47.811991 futex(0xc000152948, FUTEX_WAKE_PRIVATE, 1 <unfinished ...>
[pid 15373] 20:50:47.812326 <... futex resumed>) = 1 <0.000363>
[pid 15375] 20:50:47.812508 <... futex resumed>) = 0 <0.003381>
[pid 15373] 20:50:47.812691 futex(0x1b95aa0, FUTEX_WAIT_PRIVATE, 0, NULL <unfinished ...>
[pid 15380] 20:50:47.813009 <... futex resumed>) = 0 <0.004408>
[pid 15376] 20:50:47.813184 <... futex resumed>) = 1 <0.001040>
[pid 15380] 20:50:47.813362 futex(0xc000152948, FUTEX_WAIT_PRIVATE, 0, NULL <unfinished ...>
[pid 15375] 20:50:47.813828 futex(0xc000075148, FUTEX_WAIT_PRIVATE, 0, NULL <unfinished ...>
[pid 15380] 20:50:47.814274 <... futex resumed>) = -1 EAGAIN (Resource temporarily unavailable) <0.000533>
[pid 15376] 20:50:47.814537 futex(0xc000152948, FUTEX_WAKE_PRIVATE, 1 <unfinished ...>
[pid 15380] 20:50:47.814955 nanosleep({tv_sec=0, tv_nsec=3000},  <unfinished ...>
[pid 15376] 20:50:47.815387 <... futex resumed>) = 0 <0.000449>
[pid 15380] 20:50:47.815622 <... nanosleep resumed>NULL) = 0 <0.000462>
[pid 15376] 20:50:47.815869 futex(0x1b95aa0, FUTEX_WAKE_PRIVATE, 1 <unfinished ...>
[pid 15380] 20:50:47.816297 futex(0xc000152948, FUTEX_WAIT_PRIVATE, 0, NULL <unfinished ...>
[pid 15373] 20:50:47.816741 <... futex resumed>) = 0 <0.003722>
[pid 15376] 20:50:47.816928 <... futex resumed>) = 1 <0.000869>
[pid 15373] 20:50:47.817112 rt_sigprocmask(SIG_SETMASK, [KILL USR1 USR2 PIPE ALRM CONT STOP TSTP TTIN TTOU XCPU XFSZ VTALRM WINCH IO PWR RT_3 RT_4 RT_5 RT_6 RT_7 RT_8 RT_9 RT_10 RT_11 RT_12 RT_13 RT_14 RT_15 RT_16 RT_17 RT_18 RT_19 RT_20 RT_21 RT_22],  <unfinished ...>
[pid 15376] 20:50:47.817450 futex(0xc000075948, FUTEX_WAIT_PRIVATE, 0, NULL <unfinished ...>
[pid 15373] 20:50:47.817782 <... rt_sigprocmask resumed>NULL, 8) = 0 <0.000354>
[pid 15373] 20:50:47.817996 futex(0xc000075948, FUTEX_WAKE_PRIVATE, 1) = 1 <0.000075>
[pid 15376] 20:50:47.818412 <... futex resumed>) = 0 <0.000797>
[pid 15373] 20:50:47.818598 futex(0xc000152948, FUTEX_WAKE_PRIVATE, 1 <unfinished ...>
[pid 15376] 20:50:47.818948 futex(0xc000075148, FUTEX_WAKE_PRIVATE, 1 <unfinished ...>
[pid 15373] 20:50:47.819287 <... futex resumed>) = 1 <0.000375>
[pid 15380] 20:50:47.819464 <... futex resumed>) = 0 <0.002932>
[pid 15373] 20:50:47.819658 futex(0x1b95aa0, FUTEX_WAIT_PRIVATE, 0, NULL <unfinished ...>
[pid 15376] 20:50:47.819981 <... futex resumed>) = 1 <0.000734>
[pid 15375] 20:50:47.820155 <... futex resumed>) = 0 <0.006126>
[pid 15380] 20:50:47.820345 futex(0xc000152948, FUTEX_WAIT_PRIVATE, 0, NULL <unfinished ...>
[pid 15376] 20:50:47.820683 futex(0x1b95aa0, FUTEX_WAKE_PRIVATE, 1 <unfinished ...>
[pid 15375] 20:50:47.821027 futex(0xc000075148, FUTEX_WAIT_PRIVATE, 0, NULL <unfinished ...>
[pid 15373] 20:50:47.821364 <... futex resumed>) = 0 <0.001402>
[pid 15376] 20:50:47.821556 <... futex resumed>) = 1 <0.000720>
[pid 15374] 20:50:47.821730 <... nanosleep resumed>NULL) = 0 <0.010866>
[pid 15373] 20:50:47.821923 rt_sigprocmask(SIG_SETMASK, [KILL USR1 USR2 PIPE ALRM CONT STOP TSTP TTIN TTOU XCPU XFSZ VTALRM WINCH IO PWR RT_3 RT_4 RT_5 RT_6 RT_7 RT_8 RT_9 RT_10 RT_11 RT_12 RT_13 RT_14 RT_15 RT_16 RT_17 RT_18 RT_19 RT_20 RT_21 RT_22 RT_23],  <unfinished ...>
[pid 15376] 20:50:47.822318 futex(0xc000075948, FUTEX_WAIT_PRIVATE, 0, NULL <unfinished ...>
[pid 15373] 20:50:47.822659 <... rt_sigprocmask resumed>NULL, 8) = 0 <0.000376>
[pid 15374] 20:50:47.822834 nanosleep({tv_sec=0, tv_nsec=10000000},  <unfinished ...>
[pid 15373] 20:50:47.823163 futex(0xc000075948, FUTEX_WAKE_PRIVATE, 1) = 1 <0.000075>
[pid 15376] 20:50:47.823570 <... futex resumed>) = 0 <0.001096>
[pid 15373] 20:50:47.823736 futex(0xc000075148, FUTEX_WAKE_PRIVATE, 1 <unfinished ...>
[pid 15376] 20:50:47.824096 futex(0xc000152948, FUTEX_WAKE_PRIVATE, 1 <unfinished ...>
[pid 15373] 20:50:47.824433 <... futex resumed>) = 1 <0.000366>
[pid 15375] 20:50:47.824613 <... futex resumed>) = 0 <0.003421>
[pid 15373] 20:50:47.824795 futex(0x1b95aa0, FUTEX_WAIT_PRIVATE, 0, NULL <unfinished ...>
[pid 15380] 20:50:47.825111 <... futex resumed>) = 0 <0.004462>
[pid 15376] 20:50:47.825284 <... futex resumed>) = 1 <0.001032>
[pid 15380] 20:50:47.825462 futex(0xc000152948, FUTEX_WAIT_PRIVATE, 0, NULL <unfinished ...>
[pid 15375] 20:50:47.825802 futex(0xc000075148, FUTEX_WAIT_PRIVATE, 0, NULL <unfinished ...>
[pid 15380] 20:50:47.826125 <... futex resumed>) = -1 EAGAIN (Resource temporarily unavailable) <0.000340>
[pid 15376] 20:50:47.826301 futex(0xc000152948, FUTEX_WAKE_PRIVATE, 1 <unfinished ...>
[pid 15380] 20:50:47.826628 nanosleep({tv_sec=0, tv_nsec=3000},  <unfinished ...>
[pid 15376] 20:50:47.826942 <... futex resumed>) = 0 <0.000360>
[pid 15380] 20:50:47.827150 <... nanosleep resumed>NULL) = 0 <0.000362>
[pid 15376] 20:50:47.827331 futex(0x1b95aa0, FUTEX_WAKE_PRIVATE, 1 <unfinished ...>
[pid 15380] 20:50:47.827707 futex(0xc000152948, FUTEX_WAIT_PRIVATE, 0, NULL <unfinished ...>
[pid 15373] 20:50:47.828099 <... futex resumed>) = 0 <0.002984>
[pid 15376] 20:50:47.828296 <... futex resumed>) = 1 <0.000787>
[pid 15373] 20:50:47.828517 rt_sigprocmask(SIG_SETMASK, [KILL USR1 USR2 PIPE ALRM CONT STOP TSTP TTIN TTOU XCPU XFSZ VTALRM WINCH IO PWR RT_3 RT_4 RT_5 RT_6 RT_7 RT_8 RT_9 RT_10 RT_11 RT_12 RT_13 RT_14 RT_15 RT_16 RT_17 RT_18 RT_19 RT_20 RT_21 RT_22 RT_23 RT_24],  <unfinished ...>
[pid 15376] 20:50:47.828961 futex(0xc000075948, FUTEX_WAIT_PRIVATE, 0, NULL <unfinished ...>
[pid 15373] 20:50:47.829294 <... rt_sigprocmask resumed>NULL, 8) = 0 <0.000367>
[pid 15373] 20:50:47.829515 futex(0xc000075948, FUTEX_WAKE_PRIVATE, 1) = 1 <0.000079>
[pid 15376] 20:50:47.829926 <... futex resumed>) = 0 <0.000804>
[pid 15373] 20:50:47.830111 futex(0xc000152948, FUTEX_WAKE_PRIVATE, 1 <unfinished ...>
[pid 15376] 20:50:47.830558 futex(0xc000075148, FUTEX_WAKE_PRIVATE, 1 <unfinished ...>
[pid 15373] 20:50:47.831439 <... futex resumed>) = 1 <0.000870>
[pid 15380] 20:50:47.831683 <... futex resumed>) = 0 <0.003774>
[pid 15373] 20:50:47.831936 futex(0x1b95aa0, FUTEX_WAIT_PRIVATE, 0, NULL <unfinished ...>
[pid 15376] 20:50:47.832513 <... futex resumed>) = 1 <0.001121>
[pid 15375] 20:50:47.832749 <... futex resumed>) = 0 <0.006791>
[pid 15380] 20:50:47.833018 futex(0xc000152948, FUTEX_WAIT_PRIVATE, 0, NULL <unfinished ...>
[pid 15376] 20:50:47.833525 futex(0x1b95aa0, FUTEX_WAKE_PRIVATE, 1 <unfinished ...>
[pid 15375] 20:50:47.833995 futex(0xc000075148, FUTEX_WAIT_PRIVATE, 0, NULL <unfinished ...>
[pid 15374] 20:50:47.834347 <... nanosleep resumed>NULL) = 0 <0.011195>
[pid 15373] 20:50:47.834538 <... futex resumed>) = 0 <0.002396>
[pid 15376] 20:50:47.834720 <... futex resumed>) = 1 <0.000915>
[pid 15373] 20:50:47.834906 rt_sigprocmask(SIG_SETMASK, [KILL USR1 USR2 PIPE ALRM CONT STOP TSTP TTIN TTOU XCPU XFSZ VTALRM WINCH IO PWR RT_3 RT_4 RT_5 RT_6 RT_7 RT_8 RT_9 RT_10 RT_11 RT_12 RT_13 RT_14 RT_15 RT_16 RT_17 RT_18 RT_19 RT_20 RT_21 RT_22 RT_23 RT_24 RT_25],  <unfinished ...>
[pid 15374] 20:50:47.835250 nanosleep({tv_sec=0, tv_nsec=10000000},  <unfinished ...>
[pid 15373] 20:50:47.835624 <... rt_sigprocmask resumed>NULL, 8) = 0 <0.000395>
[pid 15376] 20:50:47.835805 futex(0xc000075948, FUTEX_WAIT_PRIVATE, 0, NULL <unfinished ...>
[pid 15373] 20:50:47.836137 futex(0xc000075948, FUTEX_WAKE_PRIVATE, 1 <unfinished ...>
[pid 15376] 20:50:47.836480 <... futex resumed>) = -1 EAGAIN (Resource temporarily unavailable) <0.000356>
[pid 15373] 20:50:47.836664 <... futex resumed>) = 0 <0.000371>
[pid 15376] 20:50:47.836848 nanosleep({tv_sec=0, tv_nsec=3000},  <unfinished ...>
[pid 15373] 20:50:47.837199 futex(0xc000075148, FUTEX_WAKE_PRIVATE, 1 <unfinished ...>
[pid 15376] 20:50:47.837543 <... nanosleep resumed>NULL) = 0 <0.000377>
[pid 15373] 20:50:47.837743 <... futex resumed>) = 1 <0.000377>
[pid 15375] 20:50:47.837926 <... futex resumed>) = 0 <0.003759>
[pid 15373] 20:50:47.838113 futex(0x1b95aa0, FUTEX_WAIT_PRIVATE, 0, NULL <unfinished ...>
[pid 15376] 20:50:47.838449 futex(0xc000152948, FUTEX_WAKE_PRIVATE, 1 <unfinished ...>
[pid 15375] 20:50:47.838793 futex(0xc000075148, FUTEX_WAIT_PRIVATE, 0, NULL <unfinished ...>
[pid 15380] 20:50:47.839134 <... futex resumed>) = 0 <0.005715>
[pid 15376] 20:50:47.839313 <... futex resumed>) = 1 <0.000704>
[pid 15380] 20:50:47.839507 futex(0xc000152948, FUTEX_WAIT_PRIVATE, 0, NULL <unfinished ...>
[pid 15376] 20:50:47.839839 futex(0xc000152948, FUTEX_WAKE_PRIVATE, 1 <unfinished ...>
[pid 15380] 20:50:47.840170 <... futex resumed>) = -1 EAGAIN (Resource temporarily unavailable) <0.000352>
[pid 15376] 20:50:47.840428 <... futex resumed>) = 0 <0.000428>
[pid 15380] 20:50:47.840707 nanosleep({tv_sec=0, tv_nsec=3000},  <unfinished ...>
[pid 15376] 20:50:47.841185 futex(0x1b95aa0, FUTEX_WAKE_PRIVATE, 1 <unfinished ...>
[pid 15380] 20:50:47.841691 <... nanosleep resumed>NULL) = 0 <0.000486>
[pid 15373] 20:50:47.842020 <... futex resumed>) = 0 <0.003744>
[pid 15376] 20:50:47.842293 <... futex resumed>) = 1 <0.000881>
[pid 15373] 20:50:47.842541 rt_sigprocmask(SIG_SETMASK, [KILL USR1 USR2 PIPE ALRM CONT STOP TSTP TTIN TTOU XCPU XFSZ VTALRM WINCH IO PWR RT_3 RT_4 RT_5 RT_6 RT_7 RT_8 RT_9 RT_10 RT_11 RT_12 RT_13 RT_14 RT_15 RT_16 RT_17 RT_18 RT_19 RT_20 RT_21 RT_22 RT_23 RT_24 RT_25 RT_26],  <unfinished ...>
[pid 15380] 20:50:47.843095 futex(0xc000152948, FUTEX_WAIT_PRIVATE, 0, NULL <unfinished ...>
[pid 15373] 20:50:47.843540 <... rt_sigprocmask resumed>NULL, 8) = 0 <0.000530>
[pid 15376] 20:50:47.843923 futex(0xc000075948, FUTEX_WAIT_PRIVATE, 0, NULL <unfinished ...>
[pid 15373] 20:50:47.844349 futex(0xc000075948, FUTEX_WAKE_PRIVATE, 1 <unfinished ...>
[pid 15376] 20:50:47.844763 <... futex resumed>) = -1 EAGAIN (Resource temporarily unavailable) <0.000457>
[pid 15373] 20:50:47.844992 <... futex resumed>) = 0 <0.000431>
[pid 15376] 20:50:47.845220 nanosleep({tv_sec=0, tv_nsec=3000},  <unfinished ...>
[pid 15373] 20:50:47.845605 futex(0xc000152948, FUTEX_WAKE_PRIVATE, 1 <unfinished ...>
[pid 15376] 20:50:47.845964 <... nanosleep resumed>NULL) = 0 <0.000383>
[pid 15374] 20:50:47.846150 <... nanosleep resumed>NULL) = 0 <0.010701>
[pid 15373] 20:50:47.846339 <... futex resumed>) = 1 <0.000566>
[pid 15380] 20:50:47.846557 <... futex resumed>) = 0 <0.003240>
[pid 15376] 20:50:47.846741 futex(0xc000075148, FUTEX_WAKE_PRIVATE, 1 <unfinished ...>
[pid 15373] 20:50:47.847100 futex(0x1b95aa0, FUTEX_WAIT_PRIVATE, 0, NULL <unfinished ...>
[pid 15380] 20:50:47.847666 futex(0xc000152948, FUTEX_WAIT_PRIVATE, 0, NULL <unfinished ...>
[pid 15374] 20:50:47.848076 nanosleep({tv_sec=0, tv_nsec=10000000},  <unfinished ...>
[pid 15376] 20:50:47.848491 <... futex resumed>) = 1 <0.001400>
[pid 15375] 20:50:47.848714 <... futex resumed>) = 0 <0.009753>
[pid 15376] 20:50:47.848940 futex(0x1b95aa0, FUTEX_WAKE_PRIVATE, 1 <unfinished ...>
[pid 15375] 20:50:47.849356 futex(0xc000075148, FUTEX_WAIT_PRIVATE, 0, NULL <unfinished ...>
[pid 15373] 20:50:47.849758 <... futex resumed>) = 0 <0.002172>
[pid 15376] 20:50:47.849979 <... futex resumed>) = 1 <0.000846>
[pid 15373] 20:50:47.850202 rt_sigprocmask(SIG_SETMASK, [KILL USR1 USR2 PIPE ALRM CONT STOP TSTP TTIN TTOU XCPU XFSZ VTALRM WINCH IO PWR RT_3 RT_4 RT_5 RT_6 RT_7 RT_8 RT_9 RT_10 RT_11 RT_12 RT_13 RT_14 RT_15 RT_16 RT_17 RT_18 RT_19 RT_20 RT_21 RT_22 RT_23 RT_24 RT_25 RT_26 RT_27],  <unfinished ...>
[pid 15376] 20:50:47.850687 futex(0xc000075948, FUTEX_WAIT_PRIVATE, 0, NULL <unfinished ...>
[pid 15373] 20:50:47.851140 <... rt_sigprocmask resumed>NULL, 8) = 0 <0.000512>
[pid 15373] 20:50:47.851458 futex(0xc000075948, FUTEX_WAKE_PRIVATE, 1) = 1 <0.000108>
[pid 15376] 20:50:47.852039 <... futex resumed>) = 0 <0.001135>
[pid 15373] 20:50:47.852278 futex(0xc000075148, FUTEX_WAKE_PRIVATE, 1 <unfinished ...>
[pid 15376] 20:50:47.852830 futex(0xc000152948, FUTEX_WAKE_PRIVATE, 1 <unfinished ...>
[pid 15373] 20:50:47.853224 <... futex resumed>) = 1 <0.000521>
[pid 15375] 20:50:47.853417 <... futex resumed>) = 0 <0.003859>
[pid 15373] 20:50:47.853624 futex(0x1b95aa0, FUTEX_WAIT_PRIVATE, 0, NULL <unfinished ...>
[pid 15380] 20:50:47.853991 <... futex resumed>) = 0 <0.005962>
[pid 15376] 20:50:47.854171 <... futex resumed>) = 1 <0.001146>
[pid 15380] 20:50:47.854360 futex(0xc000152948, FUTEX_WAIT_PRIVATE, 0, NULL <unfinished ...>
[pid 15375] 20:50:47.854692 futex(0xc000075148, FUTEX_WAIT_PRIVATE, 0, NULL <unfinished ...>
[pid 15380] 20:50:47.855020 <... futex resumed>) = -1 EAGAIN (Resource temporarily unavailable) <0.000352>
[pid 15376] 20:50:47.855197 futex(0xc000152948, FUTEX_WAKE_PRIVATE, 1 <unfinished ...>
[pid 15380] 20:50:47.855542 nanosleep({tv_sec=0, tv_nsec=3000},  <unfinished ...>
[pid 15376] 20:50:47.855885 <... futex resumed>) = 0 <0.000378>
[pid 15380] 20:50:47.856068 <... nanosleep resumed>NULL) = 0 <0.000357>
[pid 15376] 20:50:47.856259 futex(0x1b95aa0, FUTEX_WAKE_PRIVATE, 1 <unfinished ...>
[pid 15380] 20:50:47.856692 futex(0xc000152948, FUTEX_WAIT_PRIVATE, 0, NULL <unfinished ...>
[pid 15373] 20:50:47.857170 <... futex resumed>) = 0 <0.003149>
[pid 15376] 20:50:47.857406 <... futex resumed>) = 1 <0.000976>
[pid 15373] 20:50:47.857685 rt_sigprocmask(SIG_SETMASK, ~[HUP INT QUIT ILL TRAP ABRT BUS FPE SEGV TERM STKFLT CHLD URG PROF SYS RTMIN RT_1 RT_2 RT_29 RT_30 RT_31 RT_32],  <unfinished ...>
[pid 15376] 20:50:47.858079 futex(0xc000075948, FUTEX_WAIT_PRIVATE, 0, NULL <unfinished ...>
[pid 15373] 20:50:47.858413 <... rt_sigprocmask resumed>NULL, 8) = 0 <0.000368>
[pid 15374] 20:50:47.858611 <... nanosleep resumed>NULL) = 0 <0.010333>
[pid 15373] 20:50:47.858797 futex(0xc000075948, FUTEX_WAKE_PRIVATE, 1 <unfinished ...>
[pid 15374] 20:50:47.859128 nanosleep({tv_sec=0, tv_nsec=10000000},  <unfinished ...>
[pid 15373] 20:50:47.859476 <... futex resumed>) = 1 <0.000377>
[pid 15376] 20:50:47.859660 <... futex resumed>) = 0 <0.001423>
[pid 15373] 20:50:47.859851 futex(0xc000152948, FUTEX_WAKE_PRIVATE, 1 <unfinished ...>
[pid 15376] 20:50:47.860205 futex(0xc000075148, FUTEX_WAKE_PRIVATE, 1 <unfinished ...>
[pid 15373] 20:50:47.860578 <... futex resumed>) = 1 <0.000378>
[pid 15380] 20:50:47.860763 <... futex resumed>) = 0 <0.003837>
[pid 15373] 20:50:47.860946 futex(0x1b95aa0, FUTEX_WAIT_PRIVATE, 0, NULL <unfinished ...>
[pid 15376] 20:50:47.861285 <... futex resumed>) = 1 <0.000762>
[pid 15375] 20:50:47.861485 <... futex resumed>) = 0 <0.006623>
[pid 15380] 20:50:47.861675 futex(0xc000152948, FUTEX_WAIT_PRIVATE, 0, NULL <unfinished ...>
[pid 15376] 20:50:47.862023 futex(0x1b95aa0, FUTEX_WAKE_PRIVATE, 1 <unfinished ...>
[pid 15375] 20:50:47.862373 futex(0xc000075148, FUTEX_WAIT_PRIVATE, 0, NULL <unfinished ...>
[pid 15373] 20:50:47.862785 <... futex resumed>) = 0 <0.001523>
[pid 15376] 20:50:47.862971 <... futex resumed>) = 1 <0.000784>
[pid 15373] 20:50:47.863160 rt_sigprocmask(SIG_SETMASK, ~[HUP INT QUIT ILL TRAP ABRT BUS FPE SEGV TERM STKFLT CHLD URG PROF SYS RTMIN RT_1 RT_2 RT_30 RT_31 RT_32],  <unfinished ...>
[pid 15376] 20:50:47.863517 futex(0xc000075948, FUTEX_WAIT_PRIVATE, 0, NULL <unfinished ...>
[pid 15373] 20:50:47.863859 <... rt_sigprocmask resumed>NULL, 8) = 0 <0.000369>
[pid 15373] 20:50:47.864258 futex(0xc000075948, FUTEX_WAKE_PRIVATE, 1) = 1 <0.000118>
[pid 15376] 20:50:47.864987 <... futex resumed>) = 0 <0.001307>
[pid 15373] 20:50:47.865288 futex(0xc000075148, FUTEX_WAKE_PRIVATE, 1 <unfinished ...>
[pid 15376] 20:50:47.865929 futex(0xc000152948, FUTEX_WAKE_PRIVATE, 1 <unfinished ...>
[pid 15373] 20:50:47.866450 <... futex resumed>) = 1 <0.000654>
[pid 15375] 20:50:47.866687 <... futex resumed>) = 0 <0.004087>
[pid 15373] 20:50:47.866921 futex(0x1b95aa0, FUTEX_WAIT_PRIVATE, 0, NULL <unfinished ...>
[pid 15380] 20:50:47.867401 <... futex resumed>) = 0 <0.005340>
[pid 15376] 20:50:47.867689 <... futex resumed>) = 1 <0.001473>
[pid 15380] 20:50:47.867962 futex(0xc000152948, FUTEX_WAIT_PRIVATE, 0, NULL <unfinished ...>
[pid 15375] 20:50:47.868417 futex(0xc000075148, FUTEX_WAIT_PRIVATE, 0, NULL <unfinished ...>
[pid 15380] 20:50:47.868788 <... futex resumed>) = -1 EAGAIN (Resource temporarily unavailable) <0.000419>
[pid 15376] 20:50:47.868983 futex(0xc000152948, FUTEX_WAKE_PRIVATE, 1 <unfinished ...>
[pid 15380] 20:50:47.869339 nanosleep({tv_sec=0, tv_nsec=3000},  <unfinished ...>
[pid 15376] 20:50:47.869734 <... futex resumed>) = 0 <0.000414>
[pid 15374] 20:50:47.869917 <... nanosleep resumed>NULL) = 0 <0.010614>
[pid 15380] 20:50:47.870385 <... nanosleep resumed>NULL) = 0 <0.000841>
[pid 15376] 20:50:47.870641 futex(0x1b95aa0, FUTEX_WAKE_PRIVATE, 1 <unfinished ...>
[pid 15380] 20:50:47.871128 futex(0xc000152948, FUTEX_WAIT_PRIVATE, 0, NULL <unfinished ...>
[pid 15374] 20:50:47.871548 nanosleep({tv_sec=0, tv_nsec=10000000},  <unfinished ...>
[pid 15373] 20:50:47.871976 <... futex resumed>) = 0 <0.004644>
[pid 15376] 20:50:47.872196 <... futex resumed>) = 1 <0.001351>
[pid 15373] 20:50:47.873078 rt_sigprocmask(SIG_SETMASK, ~[HUP INT QUIT ILL TRAP ABRT BUS FPE SEGV TERM STKFLT CHLD URG PROF SYS RTMIN RT_1 RT_2 RT_31 RT_32],  <unfinished ...>
[pid 15376] 20:50:47.878073 futex(0xc000075948, FUTEX_WAIT_PRIVATE, 0, NULL <unfinished ...>
[pid 15373] 20:50:47.879511 <... rt_sigprocmask resumed>NULL, 8) = 0 <0.004038>
[pid 15373] 20:50:47.879977 futex(0xc000075948, FUTEX_WAKE_PRIVATE, 1) = 1 <0.000121>
[pid 15376] 20:50:47.880832 <... futex resumed>) = 0 <0.001629>
[pid 15373] 20:50:47.883489 futex(0xc000152948, FUTEX_WAKE_PRIVATE, 1 <unfinished ...>
[pid 15374] 20:50:47.884786 <... nanosleep resumed>NULL) = 0 <0.012723>
[pid 15373] 20:50:47.885548 <... futex resumed>) = 1 <0.001088>
[pid 15380] 20:50:47.886096 <... futex resumed>) = 0 <0.014765>
[pid 15376] 20:50:47.886393 futex(0xc000075148, FUTEX_WAKE_PRIVATE, 1 <unfinished ...>
[pid 15373] 20:50:47.907639 futex(0x1b95aa0, FUTEX_WAIT_PRIVATE, 0, NULL <unfinished ...>
[pid 15380] 20:50:47.911141 futex(0xc000152948, FUTEX_WAIT_PRIVATE, 0, NULL <unfinished ...>
[pid 15374] 20:50:47.915090 nanosleep({tv_sec=0, tv_nsec=10000000},  <unfinished ...>
[pid 15376] 20:50:47.920321 <... futex resumed>) = 1 <0.024225>
[pid 15375] 20:50:47.920948 <... futex resumed>) = 0 <0.052336>
[pid 15376] 20:50:47.921526 futex(0x1b95aa0, FUTEX_WAKE_PRIVATE, 1 <unfinished ...>
[pid 15375] 20:50:47.922738 futex(0xc000075148, FUTEX_WAIT_PRIVATE, 0, NULL <unfinished ...>
[pid 15373] 20:50:47.923505 <... futex resumed>) = 0 <0.013591>
[pid 15376] 20:50:47.923986 <... futex resumed>) = 1 <0.001705>
[pid 15373] 20:50:47.924333 rt_sigprocmask(SIG_SETMASK, ~[HUP INT QUIT ILL TRAP ABRT BUS FPE SEGV TERM STKFLT CHLD URG PROF SYS RTMIN RT_1 RT_2 RT_32],  <unfinished ...>
[pid 15376] 20:50:47.925023 futex(0xc000075948, FUTEX_WAIT_PRIVATE, 0, NULL <unfinished ...>
[pid 15373] 20:50:47.925779 <... rt_sigprocmask resumed>NULL, 8) = 0 <0.000749>
[pid 15373] 20:50:47.926262 futex(0xc000075948, FUTEX_WAKE_PRIVATE, 1) = 1 <0.000129>
[pid 15376] 20:50:47.927135 <... futex resumed>) = 0 <0.001774>
[pid 15373] 20:50:47.927490 futex(0xc000075148, FUTEX_WAKE_PRIVATE, 1 <unfinished ...>
[pid 15376] 20:50:47.928293 futex(0xc000152948, FUTEX_WAKE_PRIVATE, 1 <unfinished ...>
[pid 15373] 20:50:47.928879 <... futex resumed>) = 1 <0.000731>
[pid 15375] 20:50:47.929285 <... futex resumed>) = 0 <0.006092>
[pid 15373] 20:50:47.929639 futex(0x1b95aa0, FUTEX_WAIT_PRIVATE, 0, NULL <unfinished ...>
[pid 15380] 20:50:47.930308 <... futex resumed>) = 0 <0.016786>
[pid 15376] 20:50:47.930653 <... futex resumed>) = 1 <0.002090>
[pid 15380] 20:50:47.931200 futex(0xc000152948, FUTEX_WAIT_PRIVATE, 0, NULL <unfinished ...>
[pid 15375] 20:50:47.933602 futex(0xc000075148, FUTEX_WAIT_PRIVATE, 0, NULL <unfinished ...>
[pid 15374] 20:50:47.935827 <... nanosleep resumed>NULL) = 0 <0.014635>
[pid 15380] 20:50:47.936454 <... futex resumed>) = -1 EAGAIN (Resource temporarily unavailable) <0.003734>
[pid 15376] 20:50:47.936887 futex(0xc000152948, FUTEX_WAKE_PRIVATE, 1 <unfinished ...>
[pid 15380] 20:50:47.937562 nanosleep({tv_sec=0, tv_nsec=3000},  <unfinished ...>
[pid 15374] 20:50:47.938323 nanosleep({tv_sec=0, tv_nsec=10000000},  <unfinished ...>
[pid 15380] 20:50:47.938967 <... nanosleep resumed>NULL) = 0 <0.000721>
[pid 15376] 20:50:47.939371 <... futex resumed>) = 0 <0.002172>
[pid 15380] 20:50:47.939763 futex(0xc000075148, FUTEX_WAKE_PRIVATE, 1 <unfinished ...>
[pid 15376] 20:50:47.940446 futex(0xc000075948, FUTEX_WAIT_PRIVATE, 0, NULL <unfinished ...>
[pid 15380] 20:50:47.942041 <... futex resumed>) = 1 <0.000811>
[pid 15375] 20:50:47.942927 <... futex resumed>) = 0 <0.008623>
[pid 15380] 20:50:47.943466 futex(0x1b95aa0, FUTEX_WAKE_PRIVATE, 1 <unfinished ...>
[pid 15375] 20:50:47.944244 futex(0xc000075148, FUTEX_WAIT_PRIVATE, 0, NULL <unfinished ...>
[pid 15373] 20:50:47.944816 <... futex resumed>) = 0 <0.014551>
[pid 15380] 20:50:47.945214 <... futex resumed>) = 1 <0.001334>
[pid 15373] 20:50:47.945535 rt_sigprocmask(SIG_SETMASK, ~[HUP INT QUIT ILL TRAP ABRT BUS FPE SEGV TERM STKFLT CHLD URG PROF SYS RTMIN RT_1 RT_2],  <unfinished ...>
[pid 15380] 20:50:47.946202 futex(0xc000152948, FUTEX_WAIT_PRIVATE, 0, NULL <unfinished ...>
[pid 15373] 20:50:47.946862 <... rt_sigprocmask resumed>NULL, 8) = 0 <0.000670>
[pid 15373] 20:50:47.947398 futex(0xc000152948, FUTEX_WAKE_PRIVATE, 1) = 1 <0.000230>
[pid 15380] 20:50:47.949422 <... futex resumed>) = 0 <0.002923>
[pid 15373] 20:50:47.950439 futex(0xc000075148, FUTEX_WAKE_PRIVATE, 1 <unfinished ...>
[pid 15374] 20:50:47.952435 <... nanosleep resumed>NULL) = 0 <0.012536>
[pid 15373] 20:50:47.952929 <... futex resumed>) = 1 <0.001816>
[pid 15380] 20:50:47.953350 futex(0xc000075948, FUTEX_WAKE_PRIVATE, 1 <unfinished ...>
[pid 15375] 20:50:47.954078 <... futex resumed>) = 0 <0.009159>
[pid 15373] 20:50:47.954448 futex(0x1b95aa0, FUTEX_WAIT_PRIVATE, 0, NULL <unfinished ...>
[pid 15380] 20:50:47.955872 <... futex resumed>) = 1 <0.001157>
[pid 15376] 20:50:47.956819 <... futex resumed>) = 0 <0.015991>
[pid 15374] 20:50:47.957344 nanosleep({tv_sec=0, tv_nsec=10000000},  <unfinished ...>
[pid 15380] 20:50:47.958854 futex(0xc000075148, FUTEX_WAKE_PRIVATE, 1 <unfinished ...>
[pid 15376] 20:50:47.960056 futex(0xc0000a0148, FUTEX_WAKE_PRIVATE, 1 <unfinished ...>
[pid 15375] 20:50:47.960773 futex(0xc000075148, FUTEX_WAIT_PRIVATE, 0, NULL <unfinished ...>
[pid 15380] 20:50:47.961395 <... futex resumed>) = 0 <0.001633>
[pid 15377] 20:50:47.961897 <... futex resumed>) = 0 <0.428735>
[pid 15376] 20:50:47.962227 <... futex resumed>) = 1 <0.001813>
[pid 15380] 20:50:47.962574 futex(0x1bf8ee0, FUTEX_WAIT_PRIVATE, 0, NULL <unfinished ...>
[pid 15377] 20:50:47.963126 futex(0xc0000a1148, FUTEX_WAKE_PRIVATE, 1 <unfinished ...>
[pid 15375] 20:50:47.963834 <... futex resumed>) = -1 EAGAIN (Resource temporarily unavailable) <0.002445>
[pid 15381] 20:50:47.964197 <... futex resumed>) = 0 <3.847324>
[pid 15377] 20:50:47.964585 <... futex resumed>) = 1 <0.001100>
[pid 15376] 20:50:47.965573 write(6, "\0", 1 <unfinished ...>
[pid 15381] 20:50:47.967266 futex(0xc0000a1148, FUTEX_WAIT_PRIVATE, 0, NULL <unfinished ...>
[pid 15377] 20:50:47.969659 futex(0xc0000a0148, FUTEX_WAIT_PRIVATE, 0, NULL <unfinished ...>
[pid 15375] 20:50:47.970237 futex(0xc000075148, FUTEX_WAIT_PRIVATE, 0, NULL <unfinished ...>
[pid 15379] 20:50:47.970886 <... epoll_pwait resumed>[{events=EPOLLIN, data={u32=29327296, u64=29327296}}], 128, 26094, NULL, 0) = 1 <0.455928>
[pid 15376] 20:50:47.971262 <... write resumed>) = 1 <0.004673>
[pid 15374] 20:50:47.971764 <... nanosleep resumed>NULL) = 0 <0.013611>
[pid 15379] 20:50:47.972514 read(5,  <unfinished ...>
[pid 15376] 20:50:47.973126 futex(0xc0000a0148, FUTEX_WAKE_PRIVATE, 1 <unfinished ...>
[pid 15379] 20:50:47.973809 <... read resumed>"\0", 16) = 1 <0.000696>
[pid 15374] 20:50:47.974133 nanosleep({tv_sec=0, tv_nsec=10000000},  <unfinished ...>
[pid 15379] 20:50:47.974741 epoll_pwait(4,  <unfinished ...>
[pid 15377] 20:50:47.975272 <... futex resumed>) = 0 <0.005077>
[pid 15376] 20:50:47.975579 <... futex resumed>) = 1 <0.002106>
[pid 15379] 20:50:47.975937 <... epoll_pwait resumed>[], 128, 0, NULL, 0) = 0 <0.000931>
[pid 15377] 20:50:47.976306 epoll_pwait(4,  <unfinished ...>
[pid 15379] 20:50:47.976913 epoll_pwait(4,  <unfinished ...>
[pid 15376] 20:50:47.977528 futex(0x1b95aa0, FUTEX_WAKE_PRIVATE, 1 <unfinished ...>
[pid 15379] 20:50:47.978099 <... epoll_pwait resumed>[], 128, 0, NULL, 0) = 0 <0.000612>
[pid 15377] 20:50:47.978419 <... epoll_pwait resumed>[], 128, 0, NULL, 0) = 0 <0.001822>
[pid 15373] 20:50:47.978763 <... futex resumed>) = 0 <0.023995>
[pid 15379] 20:50:47.979074 epoll_pwait(4,  <unfinished ...>
[pid 15376] 20:50:47.980092 <... futex resumed>) = 1 <0.001971>
[pid 15373] 20:50:47.980530 rt_sigprocmask(SIG_SETMASK, ~[HUP INT QUIT ILL TRAP ABRT BUS FPE SEGV TERM STKFLT CHLD URG PROF SYS RTMIN RT_1 RT_2],  <unfinished ...>
[pid 15379] 20:50:47.981224 <... epoll_pwait resumed>[], 128, 0, NULL, 0) = 0 <0.001223>
[pid 15377] 20:50:47.982370 epoll_pwait(4,  <unfinished ...>
[pid 15373] 20:50:47.983118 <... rt_sigprocmask resumed>NULL, 8) = 0 <0.001923>
[pid 15379] 20:50:47.983444 futex(0xc000152148, FUTEX_WAIT_PRIVATE, 0, NULL <unfinished ...>
[pid 15376] 20:50:47.984043 futex(0xc000075948, FUTEX_WAIT_PRIVATE, 0, NULL <unfinished ...>
[pid 15373] 20:50:47.985086 futex(0xc000152148, FUTEX_WAKE_PRIVATE, 1 <unfinished ...>
[pid 15379] 20:50:47.985748 <... futex resumed>) = -1 EAGAIN (Resource temporarily unavailable) <0.001738>
[pid 15373] 20:50:47.986232 <... futex resumed>) = 0 <0.000833>
[pid 15374] 20:50:47.986564 <... nanosleep resumed>NULL) = 0 <0.012124>
[pid 15373] 20:50:47.986880 futex(0xc000075948, FUTEX_WAKE_PRIVATE, 1 <unfinished ...>
[pid 15379] 20:50:47.987508 nanosleep({tv_sec=0, tv_nsec=3000},  <unfinished ...>
[pid 15373] 20:50:47.988116 <... futex resumed>) = 1 <0.000653>
[pid 15376] 20:50:47.988460 <... futex resumed>) = 0 <0.004114>
[pid 15374] 20:50:47.988770 nanosleep({tv_sec=0, tv_nsec=10000000},  <unfinished ...>
[pid 15373] 20:50:47.989319 futex(0x1b95aa0, FUTEX_WAIT_PRIVATE, 0, NULL <unfinished ...>
[pid 15379] 20:50:47.990266 <... nanosleep resumed>NULL) = 0 <0.002215>
[pid 15376] 20:50:47.990629 futex(0x1b95aa0, FUTEX_WAKE_PRIVATE, 1 <unfinished ...>
[pid 15373] 20:50:47.991209 <... futex resumed>) = -1 EAGAIN (Resource temporarily unavailable) <0.001006>
[pid 15379] 20:50:47.991578 futex(0xc000152148, FUTEX_WAIT_PRIVATE, 0, NULL <unfinished ...>
[pid 15373] 20:50:47.992091 rt_sigprocmask(SIG_SETMASK, ~[HUP INT QUIT ILL TRAP ABRT BUS FPE SEGV TERM STKFLT CHLD URG PROF SYS RTMIN RT_1 RT_2],  <unfinished ...>
[pid 15376] 20:50:47.992613 <... futex resumed>) = 0 <0.001451>
[pid 15373] 20:50:47.992923 <... rt_sigprocmask resumed>NULL, 8) = 0 <0.000588>
[pid 15376] 20:50:47.993228 futex(0xc000075948, FUTEX_WAIT_PRIVATE, 0, NULL <unfinished ...>
[pid 15373] 20:50:47.993755 futex(0xc000075948, FUTEX_WAKE_PRIVATE, 1 <unfinished ...>
[pid 15376] 20:50:47.994327 <... futex resumed>) = -1 EAGAIN (Resource temporarily unavailable) <0.000608>
[pid 15373] 20:50:47.994653 <... futex resumed>) = 0 <0.000610>
[pid 15376] 20:50:47.994944 nanosleep({tv_sec=0, tv_nsec=3000},  <unfinished ...>
[pid 15373] 20:50:47.995552 futex(0xc000152148, FUTEX_WAKE_PRIVATE, 1 <unfinished ...>
[pid 15376] 20:50:47.996043 <... nanosleep resumed>NULL) = 0 <0.000502>
[pid 15373] 20:50:47.996341 <... futex resumed>) = 1 <0.000576>
[pid 15379] 20:50:47.996634 <... futex resumed>) = 0 <0.004771>
[pid 15373] 20:50:47.997130 futex(0x1b95aa0, FUTEX_WAIT_PRIVATE, 0, NULL <unfinished ...>
[pid 15376] 20:50:47.997656 futex(0xc0000a1148, FUTEX_WAKE_PRIVATE, 1 <unfinished ...>
[pid 15379] 20:50:47.998255 futex(0xc000152148, FUTEX_WAIT_PRIVATE, 0, NULL <unfinished ...>
[pid 15381] 20:50:48.001755 <... futex resumed>) = 0 <0.032552>
[pid 15376] 20:50:48.002094 <... futex resumed>) = 1 <0.004208>
[pid 15374] 20:50:48.002426 <... nanosleep resumed>NULL) = 0 <0.013408>
[pid 15381] 20:50:48.002715 futex(0xc0000a1148, FUTEX_WAIT_PRIVATE, 0, NULL <unfinished ...>
[pid 15376] 20:50:48.003197 futex(0xc0000a1148, FUTEX_WAKE_PRIVATE, 1 <unfinished ...>
[pid 15381] 20:50:48.003677 <... futex resumed>) = -1 EAGAIN (Resource temporarily unavailable) <0.000500>
[pid 15374] 20:50:48.003988 nanosleep({tv_sec=0, tv_nsec=10000000},  <unfinished ...>
[pid 15381] 20:50:48.004540 nanosleep({tv_sec=0, tv_nsec=3000},  <unfinished ...>
[pid 15376] 20:50:48.004998 <... futex resumed>) = 0 <0.001396>
[pid 15381] 20:50:48.005247 <... nanosleep resumed>NULL) = 0 <0.000469>
[pid 15376] 20:50:48.005519 exit_group(64 <unfinished ...>
[pid 15381] 20:50:48.006477 futex(0xc000152148, FUTEX_WAKE_PRIVATE, 1 <unfinished ...>
[pid 15373] 20:50:48.007071 <... futex resumed>) = ?
[pid 15380] 20:50:48.007362 <... futex resumed>) = ?
[pid 15379] 20:50:48.007779 <... futex resumed>) = ?
[pid 15378] 20:50:48.008153 <... futex resumed>) = ?
[pid 15377] 20:50:48.008491 <... epoll_pwait resumed> <unfinished ...>) = ?
[pid 15376] 20:50:48.008801 <... exit_group resumed>) = ?
[pid 15375] 20:50:48.009130 <... futex resumed>) = ?
[pid 15374] 20:50:48.009435 <... nanosleep resumed> <unfinished ...>) = ?
[pid 15381] 20:50:48.009846 +++ exited with 64 +++
[pid 15380] 20:50:48.011256 +++ exited with 64 +++
[pid 15379] 20:50:48.012528 +++ exited with 64 +++
[pid 15378] 20:50:48.013004 +++ exited with 64 +++
[pid 15377] 20:50:48.013347 +++ exited with 64 +++
[pid 15376] 20:50:48.013614 +++ exited with 64 +++
[pid 15375] 20:50:48.013993 +++ exited with 64 +++
[pid 15374] 20:50:48.014277 +++ exited with 64 +++
20:50:48.014521 +++ exited with 64 +++
