[pid 15243] 20:46:27.366070 <... futex resumed>) = 0 <0.001496>
[pid 15236] 20:46:27.366378 futex(0xc0000a0148, FUTEX_WAKE_PRIVATE, 1 <unfinished ...>
[pid 15243] 20:46:27.367026 futex(0xc0001f9948, FUTEX_WAKE_PRIVATE, 1 <unfinished ...>
[pid 15236] 20:46:27.367708 <... futex resumed>) = 1 <0.000729>
[pid 15240] 20:46:27.368242 <... futex resumed>) = 0 <0.004911>
[pid 15236] 20:46:27.370951 futex(0x1b95aa0, FUTEX_WAIT_PRIVATE, 0, NULL <unfinished ...>
[pid 15243] 20:46:27.372828 <... futex resumed>) = 1 <0.004911>
[pid 15242] 20:46:27.373210 <... futex resumed>) = 0 <0.012000>
[pid 15243] 20:46:27.373499 futex(0x1b95aa0, FUTEX_WAKE_PRIVATE, 1 <unfinished ...>
[pid 15240] 20:46:27.373922 futex(0xc0000a0148, FUTEX_WAIT_PRIVATE, 0, NULL <unfinished ...>
[pid 15237] 20:46:27.374309 <... nanosleep resumed>NULL) = 0 <0.011969>
[pid 15236] 20:46:27.374575 <... futex resumed>) = 0 <0.002338>
[pid 15243] 20:46:27.374784 <... futex resumed>) = 1 <0.001074>
[pid 15242] 20:46:27.375035 futex(0xc0001f9948, FUTEX_WAIT_PRIVATE, 0, NULL <unfinished ...>
[pid 15236] 20:46:27.375475 rt_sigprocmask(SIG_SETMASK, [KILL STOP RT_5 RT_6 RT_7 RT_8 RT_9 RT_10 RT_11 RT_12 RT_13 RT_14 RT_15 RT_16 RT_17 RT_18 RT_19 RT_20 RT_21 RT_22 RT_23 RT_24 RT_25 RT_26 RT_27 RT_28 RT_29 RT_30 RT_31 RT_32],  <unfinished ...>
[pid 15243] 20:46:27.375932 futex(0xc000458148, FUTEX_WAIT_PRIVATE, 0, NULL <unfinished ...>
[pid 15237] 20:46:27.376316 nanosleep({tv_sec=0, tv_nsec=10000000},  <unfinished ...>
[pid 15236] 20:46:27.376788 <... rt_sigprocmask resumed>NULL, 8) = 0 <0.000849>
[pid 15236] 20:46:27.377051 futex(0xc000458148, FUTEX_WAKE_PRIVATE, 1) = 1 <0.000138>
[pid 15243] 20:46:27.377609 <... futex resumed>) = 0 <0.001495>
[pid 15236] 20:46:27.377861 futex(0xc0001f9948, FUTEX_WAKE_PRIVATE, 1 <unfinished ...>
[pid 15243] 20:46:27.378271 futex(0xc0000a0148, FUTEX_WAKE_PRIVATE, 1 <unfinished ...>
[pid 15236] 20:46:27.378792 <... futex resumed>) = 1 <0.000492>
[pid 15242] 20:46:27.379065 <... futex resumed>) = 0 <0.003811>
[pid 15236] 20:46:27.379459 futex(0x1b95aa0, FUTEX_WAIT_PRIVATE, 0, NULL <unfinished ...>
[pid 15243] 20:46:27.380496 <... futex resumed>) = 1 <0.001710>
[pid 15240] 20:46:27.380740 <... futex resumed>) = 0 <0.006610>
[pid 15243] 20:46:27.381017 futex(0x1b95aa0, FUTEX_WAKE_PRIVATE, 1 <unfinished ...>
[pid 15242] 20:46:27.381500 futex(0xc0001f9948, FUTEX_WAIT_PRIVATE, 0, NULL <unfinished ...>
[pid 15236] 20:46:27.381965 <... futex resumed>) = 0 <0.001550>
[pid 15243] 20:46:27.382249 <... futex resumed>) = 1 <0.001006>
[pid 15240] 20:46:27.382544 futex(0xc0000a0148, FUTEX_WAIT_PRIVATE, 0, NULL <unfinished ...>
[pid 15236] 20:46:27.383087 rt_sigprocmask(SIG_SETMASK, [KILL STOP RT_6 RT_7 RT_8 RT_9 RT_10 RT_11 RT_12 RT_13 RT_14 RT_15 RT_16 RT_17 RT_18 RT_19 RT_20 RT_21 RT_22 RT_23 RT_24 RT_25 RT_26 RT_27 RT_28 RT_29 RT_30 RT_31 RT_32],  <unfinished ...>
[pid 15243] 20:46:27.383628 futex(0xc000458148, FUTEX_WAIT_PRIVATE, 0, NULL <unfinished ...>
[pid 15236] 20:46:27.384115 <... rt_sigprocmask resumed>NULL, 8) = 0 <0.000538>
[pid 15236] 20:46:27.384437 futex(0xc000458148, FUTEX_WAKE_PRIVATE, 1) = 1 <0.000120>
[pid 15243] 20:46:27.385053 <... futex resumed>) = 0 <0.001178>
[pid 15236] 20:46:27.385318 futex(0xc0000a0148, FUTEX_WAKE_PRIVATE, 1 <unfinished ...>
[pid 15243] 20:46:27.385836 futex(0xc0001f9948, FUTEX_WAKE_PRIVATE, 1 <unfinished ...>
[pid 15236] 20:46:27.386313 <... futex resumed>) = 1 <0.000503>
[pid 15240] 20:46:27.386594 <... futex resumed>) = 0 <0.003792>
[pid 15236] 20:46:27.386847 futex(0x1b95aa0, FUTEX_WAIT_PRIVATE, 0, NULL <unfinished ...>
[pid 15243] 20:46:27.387333 <... futex resumed>) = 1 <0.001045>
[pid 15242] 20:46:27.387576 <... futex resumed>) = 0 <0.005870>
[pid 15237] 20:46:27.387821 <... nanosleep resumed>NULL) = 0 <0.011298>
[pid 15243] 20:46:27.388135 futex(0x1b95aa0, FUTEX_WAKE_PRIVATE, 1 <unfinished ...>
[pid 15242] 20:46:27.388628 futex(0xc0001f9948, FUTEX_WAIT_PRIVATE, 0, NULL <unfinished ...>
[pid 15240] 20:46:27.389131 futex(0xc0000a0148, FUTEX_WAIT_PRIVATE, 0, NULL <unfinished ...>
[pid 15236] 20:46:27.389633 <... futex resumed>) = 0 <0.002328>
[pid 15243] 20:46:27.389980 <... futex resumed>) = 1 <0.001619>
[pid 15237] 20:46:27.390259 nanosleep({tv_sec=0, tv_nsec=10000000},  <unfinished ...>
[pid 15236] 20:46:27.390766 rt_sigprocmask(SIG_SETMASK, [KILL STOP RT_7 RT_8 RT_9 RT_10 RT_11 RT_12 RT_13 RT_14 RT_15 RT_16 RT_17 RT_18 RT_19 RT_20 RT_21 RT_22 RT_23 RT_24 RT_25 RT_26 RT_27 RT_28 RT_29 RT_30 RT_31 RT_32],  <unfinished ...>
[pid 15243] 20:46:27.391266 futex(0xc000458148, FUTEX_WAIT_PRIVATE, 0, NULL <unfinished ...>
[pid 15236] 20:46:27.391868 <... rt_sigprocmask resumed>NULL, 8) = 0 <0.000596>
[pid 15236] 20:46:27.393138 futex(0xc000458148, FUTEX_WAKE_PRIVATE, 1) = 1 <0.000414>
[pid 15243] 20:46:27.397624 <... futex resumed>) = 0 <0.006062>
[pid 15236] 20:46:27.398625 futex(0xc0001f9948, FUTEX_WAKE_PRIVATE, 1 <unfinished ...>
[pid 15243] 20:46:27.399272 futex(0xc0000a0148, FUTEX_WAKE_PRIVATE, 1 <unfinished ...>
[pid 15236] 20:46:27.399902 <... futex resumed>) = 1 <0.000574>
[pid 15242] 20:46:27.400218 <... futex resumed>) = 0 <0.011315>
[pid 15236] 20:46:27.400566 futex(0x1b95aa0, FUTEX_WAIT_PRIVATE, 0, NULL <unfinished ...>
[pid 15243] 20:46:27.401167 <... futex resumed>) = 1 <0.001381>
[pid 15240] 20:46:27.401508 <... futex resumed>) = 0 <0.012134>
[pid 15243] 20:46:27.401884 futex(0x1b95aa0, FUTEX_WAKE_PRIVATE, 1 <unfinished ...>
[pid 15242] 20:46:27.402438 futex(0xc0001f9948, FUTEX_WAIT_PRIVATE, 0, NULL <unfinished ...>
[pid 15237] 20:46:27.402961 <... nanosleep resumed>NULL) = 0 <0.012225>
[pid 15236] 20:46:27.403244 <... futex resumed>) = 0 <0.002360>
[pid 15243] 20:46:27.403518 <... futex resumed>) = 1 <0.001350>
[pid 15240] 20:46:27.403777 futex(0xc0000a0148, FUTEX_WAIT_PRIVATE, 0, NULL <unfinished ...>
[pid 15236] 20:46:27.404299 rt_sigprocmask(SIG_SETMASK, [KILL STOP RT_8 RT_9 RT_10 RT_11 RT_12 RT_13 RT_14 RT_15 RT_16 RT_17 RT_18 RT_19 RT_20 RT_21 RT_22 RT_23 RT_24 RT_25 RT_26 RT_27 RT_28 RT_29 RT_30 RT_31 RT_32],  <unfinished ...>
[pid 15243] 20:46:27.405042 futex(0xc000458148, FUTEX_WAIT_PRIVATE, 0, NULL <unfinished ...>
[pid 15237] 20:46:27.405528 nanosleep({tv_sec=0, tv_nsec=10000000},  <unfinished ...>
[pid 15236] 20:46:27.405987 <... rt_sigprocmask resumed>NULL, 8) = 0 <0.001080>
[pid 15236] 20:46:27.406270 futex(0xc000458148, FUTEX_WAKE_PRIVATE, 1) = 1 <0.000103>
[pid 15243] 20:46:27.406783 <... futex resumed>) = 0 <0.001477>
[pid 15236] 20:46:27.407017 futex(0xc0000a0148, FUTEX_WAKE_PRIVATE, 1 <unfinished ...>
[pid 15243] 20:46:27.407529 futex(0xc0001f9948, FUTEX_WAKE_PRIVATE, 1 <unfinished ...>
[pid 15236] 20:46:27.407909 <... futex resumed>) = 1 <0.000452>
[pid 15240] 20:46:27.408128 <... futex resumed>) = 0 <0.004101>
[pid 15236] 20:46:27.408340 futex(0x1b95aa0, FUTEX_WAIT_PRIVATE, 0, NULL <unfinished ...>
[pid 15243] 20:46:27.408746 <... futex resumed>) = 1 <0.000854>
[pid 15242] 20:46:27.408947 <... futex resumed>) = 0 <0.006268>
[pid 15243] 20:46:27.409177 futex(0x1b95aa0, FUTEX_WAKE_PRIVATE, 1 <unfinished ...>
[pid 15240] 20:46:27.409597 futex(0xc0000a0148, FUTEX_WAIT_PRIVATE, 0, NULL <unfinished ...>
[pid 15236] 20:46:27.410044 <... futex resumed>) = 0 <0.001292>
[pid 15243] 20:46:27.410269 <... futex resumed>) = 1 <0.000877>
[pid 15242] 20:46:27.410468 futex(0xc0001f9948, FUTEX_WAIT_PRIVATE, 0, NULL <unfinished ...>
[pid 15236] 20:46:27.410885 rt_sigprocmask(SIG_SETMASK, [KILL STOP RT_9 RT_10 RT_11 RT_12 RT_13 RT_14 RT_15 RT_16 RT_17 RT_18 RT_19 RT_20 RT_21 RT_22 RT_23 RT_24 RT_25 RT_26 RT_27 RT_28 RT_29 RT_30 RT_31 RT_32],  <unfinished ...>
[pid 15243] 20:46:27.411316 futex(0xc000458148, FUTEX_WAIT_PRIVATE, 0, NULL <unfinished ...>
[pid 15236] 20:46:27.411818 <... rt_sigprocmask resumed>NULL, 8) = 0 <0.000492>
[pid 15236] 20:46:27.412189 futex(0xc000458148, FUTEX_WAKE_PRIVATE, 1) = 1 <0.000110>
[pid 15243] 20:46:27.412883 <... futex resumed>) = 0 <0.001378>
[pid 15236] 20:46:27.413189 futex(0xc0001f9948, FUTEX_WAKE_PRIVATE, 1 <unfinished ...>
[pid 15243] 20:46:27.413804 futex(0xc0000a0148, FUTEX_WAKE_PRIVATE, 1 <unfinished ...>
[pid 15236] 20:46:27.414397 <... futex resumed>) = 1 <0.000619>
[pid 15242] 20:46:27.414663 <... futex resumed>) = 0 <0.004007>
[pid 15236] 20:46:27.414937 futex(0x1b95aa0, FUTEX_WAIT_PRIVATE, 0, NULL <unfinished ...>
[pid 15243] 20:46:27.415557 <... futex resumed>) = 1 <0.001213>
[pid 15240] 20:46:27.415840 <... futex resumed>) = 0 <0.006041>
[pid 15243] 20:46:27.416197 futex(0x1b95aa0, FUTEX_WAKE_PRIVATE, 1 <unfinished ...>
[pid 15242] 20:46:27.416722 futex(0xc0001f9948, FUTEX_WAIT_PRIVATE, 0, NULL <unfinished ...>
[pid 15237] 20:46:27.417295 <... nanosleep resumed>NULL) = 0 <0.011292>
[pid 15236] 20:46:27.417569 <... futex resumed>) = 0 <0.002320>
[pid 15243] 20:46:27.417996 <... futex resumed>) = 1 <0.001532>
[pid 15240] 20:46:27.418403 futex(0xc0000a0148, FUTEX_WAIT_PRIVATE, 0, NULL <unfinished ...>
[pid 15236] 20:46:27.418948 rt_sigprocmask(SIG_SETMASK, [KILL STOP RT_10 RT_11 RT_12 RT_13 RT_14 RT_15 RT_16 RT_17 RT_18 RT_19 RT_20 RT_21 RT_22 RT_23 RT_24 RT_25 RT_26 RT_27 RT_28 RT_29 RT_30 RT_31 RT_32],  <unfinished ...>
[pid 15243] 20:46:27.419511 futex(0xc000458148, FUTEX_WAIT_PRIVATE, 0, NULL <unfinished ...>
[pid 15237] 20:46:27.419992 nanosleep({tv_sec=0, tv_nsec=10000000},  <unfinished ...>
[pid 15236] 20:46:27.420551 <... rt_sigprocmask resumed>NULL, 8) = 0 <0.001040>
[pid 15236] 20:46:27.420847 futex(0xc000458148, FUTEX_WAKE_PRIVATE, 1) = 1 <0.000132>
[pid 15243] 20:46:27.421441 <... futex resumed>) = 0 <0.001725>
[pid 15236] 20:46:27.421715 futex(0xc0000a0148, FUTEX_WAKE_PRIVATE, 1 <unfinished ...>
[pid 15243] 20:46:27.422233 futex(0xc0001f9948, FUTEX_WAKE_PRIVATE, 1 <unfinished ...>
[pid 15236] 20:46:27.422722 <... futex resumed>) = 1 <0.000515>
[pid 15240] 20:46:27.423068 <... futex resumed>) = 0 <0.004370>
[pid 15236] 20:46:27.423322 futex(0x1b95aa0, FUTEX_WAIT_PRIVATE, 0, NULL <unfinished ...>
[pid 15243] 20:46:27.423850 <... futex resumed>) = 1 <0.001160>
[pid 15242] 20:46:27.424087 <... futex resumed>) = 0 <0.007092>
[pid 15243] 20:46:27.424348 futex(0x1b95aa0, FUTEX_WAKE_PRIVATE, 1 <unfinished ...>
[pid 15240] 20:46:27.424851 futex(0xc0000a0148, FUTEX_WAIT_PRIVATE, 0, NULL <unfinished ...>
[pid 15236] 20:46:27.425414 <... futex resumed>) = 0 <0.001547>
[pid 15243] 20:46:27.425664 <... futex resumed>) = 1 <0.001064>
[pid 15242] 20:46:27.425931 futex(0xc0001f9948, FUTEX_WAIT_PRIVATE, 0, NULL <unfinished ...>
[pid 15236] 20:46:27.426584 rt_sigprocmask(SIG_SETMASK, [KILL STOP RT_11 RT_12 RT_13 RT_14 RT_15 RT_16 RT_17 RT_18 RT_19 RT_20 RT_21 RT_22 RT_23 RT_24 RT_25 RT_26 RT_27 RT_28 RT_29 RT_30 RT_31 RT_32],  <unfinished ...>
[pid 15243] 20:46:27.431308 futex(0xc000458148, FUTEX_WAIT_PRIVATE, 0, NULL <unfinished ...>
[pid 15236] 20:46:27.433313 <... rt_sigprocmask resumed>NULL, 8) = 0 <0.003500>
[pid 15237] 20:46:27.433591 <... nanosleep resumed>NULL) = 0 <0.013310>
[pid 15236] 20:46:27.433868 futex(0xc000458148, FUTEX_WAKE_PRIVATE, 1 <unfinished ...>
[pid 15237] 20:46:27.434439 nanosleep({tv_sec=0, tv_nsec=10000000},  <unfinished ...>
[pid 15236] 20:46:27.434924 <... futex resumed>) = 1 <0.000529>
[pid 15243] 20:46:27.435209 <... futex resumed>) = 0 <0.002893>
[pid 15236] 20:46:27.435485 futex(0xc0001f9948, FUTEX_WAKE_PRIVATE, 1 <unfinished ...>
[pid 15243] 20:46:27.436123 futex(0xc0000a0148, FUTEX_WAKE_PRIVATE, 1 <unfinished ...>
[pid 15236] 20:46:27.436662 <... futex resumed>) = 1 <0.000651>
[pid 15242] 20:46:27.437000 <... futex resumed>) = 0 <0.010779>
[pid 15236] 20:46:27.437275 futex(0x1b95aa0, FUTEX_WAIT_PRIVATE, 0, NULL <unfinished ...>
[pid 15243] 20:46:27.437738 <... futex resumed>) = 1 <0.001147>
[pid 15240] 20:46:27.437973 <... futex resumed>) = 0 <0.012890>
[pid 15243] 20:46:27.438241 futex(0x1b95aa0, FUTEX_WAKE_PRIVATE, 1 <unfinished ...>
[pid 15242] 20:46:27.438684 futex(0xc0001f9948, FUTEX_WAIT_PRIVATE, 0, NULL <unfinished ...>
[pid 15236] 20:46:27.439130 <... futex resumed>) = 0 <0.001436>
[pid 15243] 20:46:27.439418 <... futex resumed>) = 1 <0.000945>
[pid 15240] 20:46:27.439698 futex(0xc0000a0148, FUTEX_WAIT_PRIVATE, 0, NULL <unfinished ...>
[pid 15236] 20:46:27.440379 rt_sigprocmask(SIG_SETMASK, [KILL STOP RT_12 RT_13 RT_14 RT_15 RT_16 RT_17 RT_18 RT_19 RT_20 RT_21 RT_22 RT_23 RT_24 RT_25 RT_26 RT_27 RT_28 RT_29 RT_30 RT_31 RT_32],  <unfinished ...>
[pid 15243] 20:46:27.440811 futex(0xc000458148, FUTEX_WAIT_PRIVATE, 0, NULL <unfinished ...>
[pid 15236] 20:46:27.441294 <... rt_sigprocmask resumed>NULL, 8) = 0 <0.000479>
[pid 15236] 20:46:27.441639 futex(0xc000458148, FUTEX_WAKE_PRIVATE, 1) = 1 <0.000141>
[pid 15243] 20:46:27.442260 <... futex resumed>) = 0 <0.001209>
[pid 15236] 20:46:27.442624 futex(0xc0000a0148, FUTEX_WAKE_PRIVATE, 1 <unfinished ...>
[pid 15243] 20:46:27.443524 futex(0xc0001f9948, FUTEX_WAKE_PRIVATE, 1 <unfinished ...>
[pid 15236] 20:46:27.445665 <... futex resumed>) = 1 <0.001278>
[pid 15240] 20:46:27.446246 <... futex resumed>) = 0 <0.006100>
[pid 15236] 20:46:27.447329 futex(0x1b95aa0, FUTEX_WAIT_PRIVATE, 0, NULL <unfinished ...>
[pid 15243] 20:46:27.447936 <... futex resumed>) = 1 <0.003633>
[pid 15242] 20:46:27.448173 <... futex resumed>) = 0 <0.009275>
[pid 15237] 20:46:27.448437 <... nanosleep resumed>NULL) = 0 <0.013762>
[pid 15243] 20:46:27.448674 futex(0x1b95aa0, FUTEX_WAKE_PRIVATE, 1 <unfinished ...>
[pid 15242] 20:46:27.449105 futex(0xc0001f9948, FUTEX_WAIT_PRIVATE, 0, NULL <unfinished ...>
[pid 15240] 20:46:27.449552 futex(0xc0000a0148, FUTEX_WAIT_PRIVATE, 0, NULL <unfinished ...>
[pid 15236] 20:46:27.450055 <... futex resumed>) = 0 <0.002182>
[pid 15243] 20:46:27.450291 <... futex resumed>) = 1 <0.001415>
[pid 15237] 20:46:27.450575 nanosleep({tv_sec=0, tv_nsec=10000000},  <unfinished ...>
[pid 15236] 20:46:27.451092 rt_sigprocmask(SIG_SETMASK, [KILL STOP RT_13 RT_14 RT_15 RT_16 RT_17 RT_18 RT_19 RT_20 RT_21 RT_22 RT_23 RT_24 RT_25 RT_26 RT_27 RT_28 RT_29 RT_30 RT_31 RT_32],  <unfinished ...>
[pid 15243] 20:46:27.451570 futex(0xc000458148, FUTEX_WAIT_PRIVATE, 0, NULL <unfinished ...>
[pid 15236] 20:46:27.452088 <... rt_sigprocmask resumed>NULL, 8) = 0 <0.000548>
[pid 15236] 20:46:27.452406 futex(0xc000458148, FUTEX_WAKE_PRIVATE, 1) = 1 <0.000113>
[pid 15243] 20:46:27.453047 <... futex resumed>) = 0 <0.001209>
[pid 15236] 20:46:27.453427 futex(0xc0001f9948, FUTEX_WAKE_PRIVATE, 1 <unfinished ...>
[pid 15243] 20:46:27.453886 futex(0xc0000a0148, FUTEX_WAKE_PRIVATE, 1 <unfinished ...>
[pid 15236] 20:46:27.454268 <... futex resumed>) = 1 <0.000413>
[pid 15242] 20:46:27.454462 <... futex resumed>) = 0 <0.005128>
[pid 15236] 20:46:27.454653 futex(0x1b95aa0, FUTEX_WAIT_PRIVATE, 0, NULL <unfinished ...>
[pid 15243] 20:46:27.454989 <... futex resumed>) = 1 <0.000774>
[pid 15240] 20:46:27.455182 <... futex resumed>) = 0 <0.005398>
[pid 15243] 20:46:27.455375 futex(0x1b95aa0, FUTEX_WAKE_PRIVATE, 1 <unfinished ...>
[pid 15242] 20:46:27.455720 futex(0xc0001f9948, FUTEX_WAIT_PRIVATE, 0, NULL <unfinished ...>
[pid 15236] 20:46:27.456061 <... futex resumed>) = 0 <0.001099>
[pid 15243] 20:46:27.456245 <... futex resumed>) = 1 <0.000705>
[pid 15240] 20:46:27.456439 futex(0xc0000a0148, FUTEX_WAIT_PRIVATE, 0, NULL <unfinished ...>
[pid 15236] 20:46:27.456787 rt_sigprocmask(SIG_SETMASK, [KILL STOP RT_14 RT_15 RT_16 RT_17 RT_18 RT_19 RT_20 RT_21 RT_22 RT_23 RT_24 RT_25 RT_26 RT_27 RT_28 RT_29 RT_30 RT_31 RT_32],  <unfinished ...>
[pid 15243] 20:46:27.457128 futex(0xc000458148, FUTEX_WAIT_PRIVATE, 0, NULL <unfinished ...>
[pid 15236] 20:46:27.457476 <... rt_sigprocmask resumed>NULL, 8) = 0 <0.000347>
[pid 15236] 20:46:27.457706 futex(0xc000458148, FUTEX_WAKE_PRIVATE, 1) = 1 <0.000083>
[pid 15243] 20:46:27.458124 <... futex resumed>) = 0 <0.000840>
[pid 15236] 20:46:27.458307 futex(0xc0000a0148, FUTEX_WAKE_PRIVATE, 1 <unfinished ...>
[pid 15243] 20:46:27.458767 futex(0xc0001f9948, FUTEX_WAKE_PRIVATE, 1 <unfinished ...>
[pid 15236] 20:46:27.459121 <... futex resumed>) = 1 <0.000394>
[pid 15240] 20:46:27.459312 <... futex resumed>) = 0 <0.002708>
[pid 15236] 20:46:27.459494 futex(0x1b95aa0, FUTEX_WAIT_PRIVATE, 0, NULL <unfinished ...>
[pid 15243] 20:46:27.459851 <... futex resumed>) = 1 <0.000763>
[pid 15242] 20:46:27.460028 <... futex resumed>) = 0 <0.004142>
[pid 15243] 20:46:27.460222 futex(0x1b95aa0, FUTEX_WAKE_PRIVATE, 1 <unfinished ...>
[pid 15240] 20:46:27.460567 futex(0xc0000a0148, FUTEX_WAIT_PRIVATE, 0, NULL <unfinished ...>
[pid 15236] 20:46:27.460889 <... futex resumed>) = 0 <0.001098>
[pid 15243] 20:46:27.461067 <... futex resumed>) = 1 <0.000682>
[pid 15242] 20:46:27.461271 futex(0xc0001f9948, FUTEX_WAIT_PRIVATE, 0, NULL <unfinished ...>
[pid 15236] 20:46:27.461728 rt_sigprocmask(SIG_SETMASK, [KILL STOP RT_15 RT_16 RT_17 RT_18 RT_19 RT_20 RT_21 RT_22 RT_23 RT_24 RT_25 RT_26 RT_27 RT_28 RT_29 RT_30 RT_31 RT_32],  <unfinished ...>
[pid 15243] 20:46:27.462246 futex(0xc000458148, FUTEX_WAIT_PRIVATE, 0, NULL <unfinished ...>
[pid 15237] 20:46:27.462771 <... nanosleep resumed>NULL) = 0 <0.011755>
[pid 15236] 20:46:27.463030 <... rt_sigprocmask resumed>NULL, 8) = 0 <0.001040>
[pid 15237] 20:46:27.463334 nanosleep({tv_sec=0, tv_nsec=10000000},  <unfinished ...>
[pid 15236] 20:46:27.463823 futex(0xc000458148, FUTEX_WAKE_PRIVATE, 1) = 1 <0.000111>
[pid 15243] 20:46:27.464452 <... futex resumed>) = 0 <0.001922>
[pid 15236] 20:46:27.464721 futex(0xc0001f9948, FUTEX_WAKE_PRIVATE, 1 <unfinished ...>
[pid 15243] 20:46:27.465214 futex(0xc0000a0148, FUTEX_WAKE_PRIVATE, 1 <unfinished ...>
[pid 15236] 20:46:27.465766 <... futex resumed>) = 1 <0.000515>
[pid 15242] 20:46:27.466030 <... futex resumed>) = 0 <0.004543>
[pid 15236] 20:46:27.466285 futex(0x1b95aa0, FUTEX_WAIT_PRIVATE, 0, NULL <unfinished ...>
[pid 15243] 20:46:27.466733 <... futex resumed>) = 1 <0.001086>
[pid 15240] 20:46:27.466968 <... futex resumed>) = 0 <0.006243>
[pid 15243] 20:46:27.467207 futex(0x1b95aa0, FUTEX_WAKE_PRIVATE, 1 <unfinished ...>
[pid 15242] 20:46:27.467679 futex(0xc0001f9948, FUTEX_WAIT_PRIVATE, 0, NULL <unfinished ...>
[pid 15236] 20:46:27.468177 <... futex resumed>) = 0 <0.001423>
[pid 15243] 20:46:27.468473 <... futex resumed>) = 1 <0.001031>
[pid 15240] 20:46:27.468753 futex(0xc0000a0148, FUTEX_WAIT_PRIVATE, 0, NULL <unfinished ...>
[pid 15236] 20:46:27.471461 rt_sigprocmask(SIG_SETMASK, [KILL STOP RT_16 RT_17 RT_18 RT_19 RT_20 RT_21 RT_22 RT_23 RT_24 RT_25 RT_26 RT_27 RT_28 RT_29 RT_30 RT_31 RT_32],  <unfinished ...>
[pid 15243] 20:46:27.473023 futex(0xc000458148, FUTEX_WAIT_PRIVATE, 0, NULL <unfinished ...>
[pid 15236] 20:46:27.473482 <... rt_sigprocmask resumed>NULL, 8) = 0 <0.000961>
[pid 15236] 20:46:27.473730 futex(0xc000458148, FUTEX_WAKE_PRIVATE, 1 <unfinished ...>
[pid 15237] 20:46:27.474082 <... nanosleep resumed>NULL) = 0 <0.010344>
[pid 15236] 20:46:27.474298 <... futex resumed>) = 1 <0.000397>
[pid 15243] 20:46:27.474493 <... futex resumed>) = 0 <0.001236>
[pid 15236] 20:46:27.474688 futex(0xc0000a0148, FUTEX_WAKE_PRIVATE, 1 <unfinished ...>
[pid 15237] 20:46:27.475051 nanosleep({tv_sec=0, tv_nsec=10000000},  <unfinished ...>
[pid 15236] 20:46:27.475419 <... futex resumed>) = 1 <0.000414>
[pid 15243] 20:46:27.475599 futex(0xc0001f9948, FUTEX_WAKE_PRIVATE, 1 <unfinished ...>
[pid 15240] 20:46:27.475946 <... futex resumed>) = 0 <0.006122>
[pid 15236] 20:46:27.476138 futex(0x1b95aa0, FUTEX_WAIT_PRIVATE, 0, NULL <unfinished ...>
[pid 15243] 20:46:27.476474 <... futex resumed>) = 1 <0.000560>
[pid 15242] 20:46:27.476660 <... futex resumed>) = 0 <0.008772>
[pid 15243] 20:46:27.476853 futex(0x1b95aa0, FUTEX_WAKE_PRIVATE, 1 <unfinished ...>
[pid 15240] 20:46:27.477196 futex(0xc0000a0148, FUTEX_WAIT_PRIVATE, 0, NULL <unfinished ...>
[pid 15236] 20:46:27.477549 <... futex resumed>) = 0 <0.001092>
[pid 15243] 20:46:27.477727 <... futex resumed>) = 1 <0.000704>
[pid 15242] 20:46:27.477996 futex(0xc0001f9948, FUTEX_WAIT_PRIVATE, 0, NULL <unfinished ...>
[pid 15236] 20:46:27.478585 rt_sigprocmask(SIG_SETMASK, [KILL STOP RT_17 RT_18 RT_19 RT_20 RT_21 RT_22 RT_23 RT_24 RT_25 RT_26 RT_27 RT_28 RT_29 RT_30 RT_31 RT_32],  <unfinished ...>
[pid 15243] 20:46:27.479133 futex(0xc000458148, FUTEX_WAIT_PRIVATE, 0, NULL <unfinished ...>
[pid 15236] 20:46:27.479573 <... rt_sigprocmask resumed>NULL, 8) = 0 <0.000490>
[pid 15236] 20:46:27.479899 futex(0xc000458148, FUTEX_WAKE_PRIVATE, 1) = 1 <0.000117>
[pid 15243] 20:46:27.480451 <... futex resumed>) = 0 <0.001090>
[pid 15236] 20:46:27.480736 futex(0xc0001f9948, FUTEX_WAKE_PRIVATE, 1 <unfinished ...>
[pid 15243] 20:46:27.481198 futex(0xc0000a0148, FUTEX_WAKE_PRIVATE, 1 <unfinished ...>
[pid 15236] 20:46:27.481705 <... futex resumed>) = 1 <0.000556>
[pid 15242] 20:46:27.481933 <... futex resumed>) = 0 <0.003659>
[pid 15236] 20:46:27.482189 futex(0x1b95aa0, FUTEX_WAIT_PRIVATE, 0, NULL <unfinished ...>
[pid 15243] 20:46:27.482617 <... futex resumed>) = 1 <0.000975>
[pid 15240] 20:46:27.482832 <... futex resumed>) = 0 <0.005462>
[pid 15243] 20:46:27.483069 futex(0x1b95aa0, FUTEX_WAKE_PRIVATE, 1 <unfinished ...>
[pid 15242] 20:46:27.483580 futex(0xc0001f9948, FUTEX_WAIT_PRIVATE, 0, NULL <unfinished ...>
[pid 15236] 20:46:27.484118 <... futex resumed>) = 0 <0.001430>
[pid 15243] 20:46:27.484415 <... futex resumed>) = 1 <0.001079>
[pid 15240] 20:46:27.484743 futex(0xc0000a0148, FUTEX_WAIT_PRIVATE, 0, NULL <unfinished ...>
[pid 15236] 20:46:27.485864 rt_sigprocmask(SIG_SETMASK, [KILL STOP RT_18 RT_19 RT_20 RT_21 RT_22 RT_23 RT_24 RT_25 RT_26 RT_27 RT_28 RT_29 RT_30 RT_31 RT_32],  <unfinished ...>
[pid 15243] 20:46:27.486263 futex(0xc000458148, FUTEX_WAIT_PRIVATE, 0, NULL <unfinished ...>
[pid 15237] 20:46:27.486646 <... nanosleep resumed>NULL) = 0 <0.011234>
[pid 15236] 20:46:27.486844 <... rt_sigprocmask resumed>NULL, 8) = 0 <0.000775>
[pid 15237] 20:46:27.487052 nanosleep({tv_sec=0, tv_nsec=10000000},  <unfinished ...>
[pid 15236] 20:46:27.487447 futex(0xc000458148, FUTEX_WAKE_PRIVATE, 1) = 1 <0.000083>
[pid 15243] 20:46:27.487885 <... futex resumed>) = 0 <0.001449>
[pid 15236] 20:46:27.488082 futex(0xc0000a0148, FUTEX_WAKE_PRIVATE, 1 <unfinished ...>
[pid 15243] 20:46:27.488470 futex(0xc0001f9948, FUTEX_WAKE_PRIVATE, 1 <unfinished ...>
[pid 15236] 20:46:27.488872 <... futex resumed>) = 1 <0.000410>
[pid 15240] 20:46:27.489139 <... futex resumed>) = 0 <0.003571>
[pid 15236] 20:46:27.489365 futex(0x1b95aa0, FUTEX_WAIT_PRIVATE, 0, NULL <unfinished ...>
[pid 15243] 20:46:27.489774 <... futex resumed>) = 1 <0.000931>
[pid 15242] 20:46:27.490018 <... futex resumed>) = 0 <0.006207>
[pid 15243] 20:46:27.490260 futex(0x1b95aa0, FUTEX_WAKE_PRIVATE, 1 <unfinished ...>
[pid 15240] 20:46:27.490996 futex(0xc0000a0148, FUTEX_WAIT_PRIVATE, 0, NULL <unfinished ...>
[pid 15236] 20:46:27.491476 <... futex resumed>) = 0 <0.001719>
[pid 15243] 20:46:27.491785 <... futex resumed>) = 1 <0.001058>
[pid 15242] 20:46:27.492027 futex(0xc0001f9948, FUTEX_WAIT_PRIVATE, 0, NULL <unfinished ...>
[pid 15236] 20:46:27.492497 rt_sigprocmask(SIG_SETMASK, [KILL STOP RT_19 RT_20 RT_21 RT_22 RT_23 RT_24 RT_25 RT_26 RT_27 RT_28 RT_29 RT_30 RT_31 RT_32],  <unfinished ...>
[pid 15243] 20:46:27.492931 futex(0xc000458148, FUTEX_WAIT_PRIVATE, 0, NULL <unfinished ...>
[pid 15236] 20:46:27.493385 <... rt_sigprocmask resumed>NULL, 8) = 0 <0.000463>
[pid 15236] 20:46:27.493674 futex(0xc000458148, FUTEX_WAKE_PRIVATE, 1) = 1 <0.000100>
[pid 15243] 20:46:27.494205 <... futex resumed>) = 0 <0.001063>
[pid 15236] 20:46:27.494516 futex(0xc0001f9948, FUTEX_WAKE_PRIVATE, 1 <unfinished ...>
[pid 15243] 20:46:27.495056 futex(0xc0000a0148, FUTEX_WAKE_PRIVATE, 1 <unfinished ...>
[pid 15236] 20:46:27.495704 <... futex resumed>) = 1 <0.000601>
[pid 15242] 20:46:27.495986 <... futex resumed>) = 0 <0.003728>
[pid 15236] 20:46:27.496338 futex(0x1b95aa0, FUTEX_WAIT_PRIVATE, 0, NULL <unfinished ...>
[pid 15243] 20:46:27.496854 <... futex resumed>) = 1 <0.001294>
[pid 15240] 20:46:27.497194 <... futex resumed>) = 0 <0.005947>
[pid 15243] 20:46:27.497518 futex(0x1b95aa0, FUTEX_WAKE_PRIVATE, 1 <unfinished ...>
[pid 15242] 20:46:27.498136 futex(0xc0001f9948, FUTEX_WAIT_PRIVATE, 0, NULL <unfinished ...>
[pid 15237] 20:46:27.498624 <... nanosleep resumed>NULL) = 0 <0.011152>
[pid 15236] 20:46:27.499121 <... futex resumed>) = 0 <0.002517>
[pid 15243] 20:46:27.499498 <... futex resumed>) = 1 <0.001714>
[pid 15240] 20:46:27.499800 futex(0xc0000a0148, FUTEX_WAIT_PRIVATE, 0, NULL <unfinished ...>
[pid 15236] 20:46:27.500375 rt_sigprocmask(SIG_SETMASK, [KILL STOP RT_20 RT_21 RT_22 RT_23 RT_24 RT_25 RT_26 RT_27 RT_28 RT_29 RT_30 RT_31 RT_32],  <unfinished ...>
[pid 15243] 20:46:27.501545 futex(0xc000458148, FUTEX_WAIT_PRIVATE, 0, NULL <unfinished ...>
[pid 15237] 20:46:27.502217 nanosleep({tv_sec=0, tv_nsec=10000000},  <unfinished ...>
[pid 15236] 20:46:27.502831 <... rt_sigprocmask resumed>NULL, 8) = 0 <0.001787>
[pid 15236] 20:46:27.503237 futex(0xc000458148, FUTEX_WAKE_PRIVATE, 1) = 1 <0.000166>
[pid 15243] 20:46:27.504006 <... futex resumed>) = 0 <0.002130>
[pid 15236] 20:46:27.506236 futex(0xc0000a0148, FUTEX_WAKE_PRIVATE, 1 <unfinished ...>
[pid 15243] 20:46:27.508803 futex(0xc0001f9948, FUTEX_WAKE_PRIVATE, 1 <unfinished ...>
[pid 15236] 20:46:27.509435 <... futex resumed>) = 1 <0.001308>
[pid 15240] 20:46:27.509681 <... futex resumed>) = 0 <0.009588>
[pid 15236] 20:46:27.510011 futex(0x1b95aa0, FUTEX_WAIT_PRIVATE, 0, NULL <unfinished ...>
[pid 15243] 20:46:27.510497 <... futex resumed>) = 1 <0.001141>
[pid 15242] 20:46:27.510788 <... futex resumed>) = 0 <0.012422>
[pid 15243] 20:46:27.511087 futex(0x1b95aa0, FUTEX_WAKE_PRIVATE, 1 <unfinished ...>
[pid 15240] 20:46:27.511928 futex(0xc0000a0148, FUTEX_WAIT_PRIVATE, 0, NULL <unfinished ...>
[pid 15236] 20:46:27.512555 <... futex resumed>) = 0 <0.002045>
[pid 15243] 20:46:27.512942 <... futex resumed>) = 1 <0.001351>
[pid 15242] 20:46:27.513220 futex(0xc0001f9948, FUTEX_WAIT_PRIVATE, 0, NULL <unfinished ...>
[pid 15236] 20:46:27.513712 rt_sigprocmask(SIG_SETMASK, [KILL STOP RT_21 RT_22 RT_23 RT_24 RT_25 RT_26 RT_27 RT_28 RT_29 RT_30 RT_31 RT_32],  <unfinished ...>
[pid 15243] 20:46:27.514200 futex(0xc000458148, FUTEX_WAIT_PRIVATE, 0, NULL <unfinished ...>
[pid 15237] 20:46:27.514717 <... nanosleep resumed>NULL) = 0 <0.011943>
[pid 15236] 20:46:27.515019 <... rt_sigprocmask resumed>NULL, 8) = 0 <0.001067>
[pid 15237] 20:46:27.515305 nanosleep({tv_sec=0, tv_nsec=10000000},  <unfinished ...>
[pid 15236] 20:46:27.515838 futex(0xc000458148, FUTEX_WAKE_PRIVATE, 1) = 1 <0.000096>
[pid 15243] 20:46:27.516398 <... futex resumed>) = 0 <0.001974>
[pid 15236] 20:46:27.516661 futex(0xc0001f9948, FUTEX_WAKE_PRIVATE, 1 <unfinished ...>
[pid 15243] 20:46:27.517198 futex(0xc0000a0148, FUTEX_WAKE_PRIVATE, 1 <unfinished ...>
[pid 15236] 20:46:27.517735 <... futex resumed>) = 1 <0.000579>
[pid 15242] 20:46:27.518056 <... futex resumed>) = 0 <0.004621>
[pid 15236] 20:46:27.518399 futex(0x1b95aa0, FUTEX_WAIT_PRIVATE, 0, NULL <unfinished ...>
[pid 15243] 20:46:27.518887 <... futex resumed>) = 1 <0.001240>
[pid 15240] 20:46:27.519126 <... futex resumed>) = 0 <0.006852>
[pid 15243] 20:46:27.519382 futex(0x1b95aa0, FUTEX_WAKE_PRIVATE, 1 <unfinished ...>
[pid 15242] 20:46:27.519991 futex(0xc0001f9948, FUTEX_WAIT_PRIVATE, 0, NULL <unfinished ...>
[pid 15236] 20:46:27.520488 <... futex resumed>) = 0 <0.001602>
[pid 15243] 20:46:27.520747 <... futex resumed>) = 1 <0.001101>
[pid 15240] 20:46:27.521007 futex(0xc0000a0148, FUTEX_WAIT_PRIVATE, 0, NULL <unfinished ...>
[pid 15236] 20:46:27.521528 rt_sigprocmask(SIG_SETMASK, [KILL STOP RT_22 RT_23 RT_24 RT_25 RT_26 RT_27 RT_28 RT_29 RT_30 RT_31 RT_32],  <unfinished ...>
[pid 15243] 20:46:27.522184 futex(0xc000458148, FUTEX_WAIT_PRIVATE, 0, NULL <unfinished ...>
[pid 15236] 20:46:27.522717 <... rt_sigprocmask resumed>NULL, 8) = 0 <0.000662>
[pid 15236] 20:46:27.523106 futex(0xc000458148, FUTEX_WAKE_PRIVATE, 1) = 1 <0.000140>
[pid 15243] 20:46:27.526496 <... futex resumed>) = 0 <0.004026>
[pid 15236] 20:46:27.528930 futex(0xc0000a0148, FUTEX_WAKE_PRIVATE, 1 <unfinished ...>
[pid 15237] 20:46:27.530212 <... nanosleep resumed>NULL) = 0 <0.014322>
[pid 15236] 20:46:27.530503 <... futex resumed>) = 1 <0.000618>
[pid 15243] 20:46:27.530767 futex(0xc0001f9948, FUTEX_WAKE_PRIVATE, 1 <unfinished ...>
[pid 15240] 20:46:27.531218 <... futex resumed>) = 0 <0.009737>
[pid 15236] 20:46:27.531458 futex(0x1b95aa0, FUTEX_WAIT_PRIVATE, 0, NULL <unfinished ...>
[pid 15243] 20:46:27.531872 <... futex resumed>) = 1 <0.000701>
[pid 15242] 20:46:27.532149 <... futex resumed>) = 0 <0.011943>
[pid 15237] 20:46:27.532394 nanosleep({tv_sec=0, tv_nsec=10000000},  <unfinished ...>
[pid 15243] 20:46:27.532892 futex(0x1b95aa0, FUTEX_WAKE_PRIVATE, 1 <unfinished ...>
[pid 15242] 20:46:27.533421 futex(0xc0001f9948, FUTEX_WAIT_PRIVATE, 0, NULL <unfinished ...>
[pid 15240] 20:46:27.533886 futex(0xc0000a0148, FUTEX_WAIT_PRIVATE, 0, NULL <unfinished ...>
[pid 15236] 20:46:27.534363 <... futex resumed>) = 0 <0.002488>
[pid 15243] 20:46:27.534625 <... futex resumed>) = 1 <0.001486>
[pid 15236] 20:46:27.534908 rt_sigprocmask(SIG_SETMASK, [KILL STOP RT_23 RT_24 RT_25 RT_26 RT_27 RT_28 RT_29 RT_30 RT_31 RT_32],  <unfinished ...>
[pid 15243] 20:46:27.535387 futex(0xc000458148, FUTEX_WAIT_PRIVATE, 0, NULL <unfinished ...>
[pid 15236] 20:46:27.535882 <... rt_sigprocmask resumed>NULL, 8) = 0 <0.000536>
[pid 15236] 20:46:27.536181 futex(0xc000458148, FUTEX_WAKE_PRIVATE, 1) = 1 <0.000086>
[pid 15243] 20:46:27.536659 <... futex resumed>) = 0 <0.001031>
[pid 15236] 20:46:27.536876 futex(0xc0001f9948, FUTEX_WAKE_PRIVATE, 1 <unfinished ...>
[pid 15243] 20:46:27.537339 futex(0xc0000a0148, FUTEX_WAKE_PRIVATE, 1 <unfinished ...>
[pid 15236] 20:46:27.537721 <... futex resumed>) = 1 <0.000441>
[pid 15242] 20:46:27.538001 <... futex resumed>) = 0 <0.004374>
[pid 15236] 20:46:27.538213 futex(0x1b95aa0, FUTEX_WAIT_PRIVATE, 0, NULL <unfinished ...>
[pid 15243] 20:46:27.538604 <... futex resumed>) = 1 <0.000925>
[pid 15240] 20:46:27.538801 <... futex resumed>) = 0 <0.004690>
[pid 15243] 20:46:27.539039 futex(0x1b95aa0, FUTEX_WAKE_PRIVATE, 1 <unfinished ...>
[pid 15242] 20:46:27.539475 futex(0xc0001f9948, FUTEX_WAIT_PRIVATE, 0, NULL <unfinished ...>
[pid 15236] 20:46:27.539878 <... futex resumed>) = 0 <0.001291>
[pid 15243] 20:46:27.540095 <... futex resumed>) = 1 <0.000856>
[pid 15240] 20:46:27.540295 futex(0xc0000a0148, FUTEX_WAIT_PRIVATE, 0, NULL <unfinished ...>
[pid 15236] 20:46:27.540686 rt_sigprocmask(SIG_SETMASK, [KILL STOP RT_24 RT_25 RT_26 RT_27 RT_28 RT_29 RT_30 RT_31 RT_32],  <unfinished ...>
[pid 15243] 20:46:27.541103 futex(0xc000458148, FUTEX_WAIT_PRIVATE, 0, NULL <unfinished ...>
[pid 15236] 20:46:27.541511 <... rt_sigprocmask resumed>NULL, 8) = 0 <0.000403>
[pid 15236] 20:46:27.541780 futex(0xc000458148, FUTEX_WAKE_PRIVATE, 1) = 1 <0.000084>
[pid 15243] 20:46:27.542270 <... futex resumed>) = 0 <0.000978>
[pid 15236] 20:46:27.542492 futex(0xc0000a0148, FUTEX_WAKE_PRIVATE, 1 <unfinished ...>
[pid 15243] 20:46:27.542880 futex(0xc0001f9948, FUTEX_WAKE_PRIVATE, 1 <unfinished ...>
[pid 15236] 20:46:27.543296 <... futex resumed>) = 1 <0.000459>
[pid 15240] 20:46:27.543521 <... futex resumed>) = 0 <0.003013>
[pid 15237] 20:46:27.543730 <... nanosleep resumed>NULL) = 0 <0.011071>
[pid 15236] 20:46:27.543944 futex(0x1b95aa0, FUTEX_WAIT_PRIVATE, 0, NULL <unfinished ...>
[pid 15243] 20:46:27.544425 <... futex resumed>) = 1 <0.001142>
[pid 15242] 20:46:27.544666 <... futex resumed>) = 0 <0.004994>
[pid 15240] 20:46:27.544917 futex(0xc0000a0148, FUTEX_WAIT_PRIVATE, 0, NULL <unfinished ...>
[pid 15243] 20:46:27.545467 futex(0x1b95aa0, FUTEX_WAKE_PRIVATE, 1 <unfinished ...>
[pid 15242] 20:46:27.545977 futex(0xc0001f9948, FUTEX_WAIT_PRIVATE, 0, NULL <unfinished ...>
[pid 15237] 20:46:27.546473 nanosleep({tv_sec=0, tv_nsec=10000000},  <unfinished ...>
[pid 15236] 20:46:27.546996 <... futex resumed>) = 0 <0.002597>
[pid 15243] 20:46:27.547240 <... futex resumed>) = 1 <0.001537>
[pid 15236] 20:46:27.547483 rt_sigprocmask(SIG_SETMASK, [KILL STOP RT_25 RT_26 RT_27 RT_28 RT_29 RT_30 RT_31 RT_32],  <unfinished ...>
[pid 15243] 20:46:27.547988 futex(0xc000458148, FUTEX_WAIT_PRIVATE, 0, NULL <unfinished ...>
[pid 15236] 20:46:27.548482 <... rt_sigprocmask resumed>NULL, 8) = 0 <0.000490>
[pid 15236] 20:46:27.548872 futex(0xc000458148, FUTEX_WAKE_PRIVATE, 1) = 1 <0.000102>
[pid 15243] 20:46:27.549510 <... futex resumed>) = 0 <0.001288>
[pid 15236] 20:46:27.549900 futex(0xc0001f9948, FUTEX_WAKE_PRIVATE, 1 <unfinished ...>
[pid 15243] 20:46:27.550487 futex(0xc0000a0148, FUTEX_WAKE_PRIVATE, 1 <unfinished ...>
[pid 15236] 20:46:27.551024 <... futex resumed>) = 1 <0.000588>
[pid 15242] 20:46:27.551325 <... futex resumed>) = 0 <0.005137>
[pid 15236] 20:46:27.551596 futex(0x1b95aa0, FUTEX_WAIT_PRIVATE, 0, NULL <unfinished ...>
[pid 15243] 20:46:27.552119 <... futex resumed>) = 1 <0.001154>
[pid 15240] 20:46:27.552850 <... futex resumed>) = 0 <0.007664>
[pid 15243] 20:46:27.555077 futex(0x1b95aa0, FUTEX_WAKE_PRIVATE, 1 <unfinished ...>
[pid 15242] 20:46:27.557173 futex(0xc0001f9948, FUTEX_WAIT_PRIVATE, 0, NULL <unfinished ...>
[pid 15236] 20:46:27.557641 <... futex resumed>) = 0 <0.005604>
[pid 15244] 20:46:27.557886 <... epoll_pwait resumed>[], 128, 482, NULL, 0) = 0 <0.483927>
[pid 15243] 20:46:27.558112 <... futex resumed>) = 1 <0.001916>
[pid 15240] 20:46:27.558330 futex(0xc0000a0148, FUTEX_WAIT_PRIVATE, 0, NULL <unfinished ...>
[pid 15237] 20:46:27.558738 <... nanosleep resumed>NULL) = 0 <0.011829>
[pid 15236] 20:46:27.558966 rt_sigprocmask(SIG_SETMASK, [KILL STOP RT_26 RT_27 RT_28 RT_29 RT_30 RT_31 RT_32],  <unfinished ...>
[pid 15244] 20:46:27.559458 epoll_pwait(4,  <unfinished ...>
[pid 15243] 20:46:27.559985 futex(0xc000458148, FUTEX_WAIT_PRIVATE, 0, NULL <unfinished ...>
[pid 15236] 20:46:27.560464 <... rt_sigprocmask resumed>NULL, 8) = 0 <0.001072>
[pid 15244] 20:46:27.560840 <... epoll_pwait resumed>[], 128, 0, NULL, 0) = 0 <0.001141>
[pid 15237] 20:46:27.561141 nanosleep({tv_sec=0, tv_nsec=10000000},  <unfinished ...>
[pid 15236] 20:46:27.561676 futex(0xc000458148, FUTEX_WAKE_PRIVATE, 1 <unfinished ...>
[pid 15244] 20:46:27.562337 futex(0xc0000a0148, FUTEX_WAKE_PRIVATE, 1 <unfinished ...>
[pid 15236] 20:46:27.562950 <... futex resumed>) = 1 <0.000660>
[pid 15243] 20:46:27.563261 <... futex resumed>) = 0 <0.003039>
[pid 15236] 20:46:27.563640 futex(0x1b95aa0, FUTEX_WAIT_PRIVATE, 0, NULL <unfinished ...>
[pid 15244] 20:46:27.564127 <... futex resumed>) = 1 <0.001274>
[pid 15240] 20:46:27.564508 <... futex resumed>) = 0 <0.005980>
[pid 15244] 20:46:27.564792 futex(0x1b95aa0, FUTEX_WAKE_PRIVATE, 1 <unfinished ...>
[pid 15243] 20:46:27.565298 epoll_pwait(4,  <unfinished ...>
[pid 15236] 20:46:27.565907 <... futex resumed>) = 0 <0.001767>
[pid 15244] 20:46:27.566191 <... futex resumed>) = 1 <0.001106>
[pid 15240] 20:46:27.566446 epoll_pwait(4,  <unfinished ...>
[pid 15236] 20:46:27.566889 rt_sigprocmask(SIG_SETMASK, [KILL STOP RT_27 RT_28 RT_29 RT_30 RT_31 RT_32],  <unfinished ...>
[pid 15244] 20:46:27.567297 futex(0xc000101148, FUTEX_WAIT_PRIVATE, 0, NULL <unfinished ...>
[pid 15243] 20:46:27.567729 <... epoll_pwait resumed>[], 128, 0, NULL, 0) = 0 <0.001943>
[pid 15236] 20:46:27.567955 <... rt_sigprocmask resumed>NULL, 8) = 0 <0.000853>
[pid 15240] 20:46:27.568175 <... epoll_pwait resumed>[], 128, 0, NULL, 0) = 0 <0.001510>
[pid 15236] 20:46:27.568408 futex(0xc000101148, FUTEX_WAKE_PRIVATE, 1 <unfinished ...>
[pid 15243] 20:46:27.568799 epoll_pwait(4,  <unfinished ...>
[pid 15236] 20:46:27.569267 <... futex resumed>) = 1 <0.000433>
[pid 15244] 20:46:27.569487 <... futex resumed>) = 0 <0.001978>
[pid 15240] 20:46:27.569705 futex(0xc0001f9948, FUTEX_WAKE_PRIVATE, 1 <unfinished ...>
[pid 15236] 20:46:27.570166 futex(0x1b95aa0, FUTEX_WAIT_PRIVATE, 0, NULL <unfinished ...>
[pid 15244] 20:46:27.570565 futex(0xc000101148, FUTEX_WAIT_PRIVATE, 0, NULL <unfinished ...>
[pid 15242] 20:46:27.570964 <... futex resumed>) = 0 <0.013345>
[pid 15240] 20:46:27.571175 <... futex resumed>) = 1 <0.001261>
[pid 15242] 20:46:27.571460 futex(0xc0001f9948, FUTEX_WAIT_PRIVATE, 0, NULL <unfinished ...>
[pid 15240] 20:46:27.571868 futex(0xc0001f9948, FUTEX_WAKE_PRIVATE, 1 <unfinished ...>
[pid 15237] 20:46:27.572255 <... nanosleep resumed>NULL) = 0 <0.010653>
[pid 15242] 20:46:27.572461 <... futex resumed>) = -1 EAGAIN (Resource temporarily unavailable) <0.000808>
[pid 15240] 20:46:27.572706 <... futex resumed>) = 0 <0.000669>
[pid 15242] 20:46:27.572945 nanosleep({tv_sec=0, tv_nsec=3000},  <unfinished ...>
[pid 15237] 20:46:27.573341 nanosleep({tv_sec=0, tv_nsec=10000000},  <unfinished ...>
[pid 15242] 20:46:27.573742 <... nanosleep resumed>NULL) = 0 <0.000434>
[pid 15240] 20:46:27.573938 futex(0x1b95aa0, FUTEX_WAKE_PRIVATE, 1 <unfinished ...>
[pid 15242] 20:46:27.574353 futex(0xc0001f9948, FUTEX_WAIT_PRIVATE, 0, NULL <unfinished ...>
[pid 15236] 20:46:27.574767 <... futex resumed>) = 0 <0.004195>
[pid 15240] 20:46:27.574975 <... futex resumed>) = 1 <0.000841>
[pid 15236] 20:46:27.575250 rt_sigprocmask(SIG_SETMASK, [KILL STOP RT_28 RT_29 RT_30 RT_31 RT_32],  <unfinished ...>
[pid 15240] 20:46:27.575670 futex(0xc0000a0148, FUTEX_WAIT_PRIVATE, 0, NULL <unfinished ...>
[pid 15236] 20:46:27.576061 <... rt_sigprocmask resumed>NULL, 8) = 0 <0.000404>
[pid 15236] 20:46:27.576346 futex(0xc0000a0148, FUTEX_WAKE_PRIVATE, 1) = 1 <0.000088>
[pid 15240] 20:46:27.576837 <... futex resumed>) = 0 <0.000995>
[pid 15236] 20:46:27.577059 futex(0xc0001f9948, FUTEX_WAKE_PRIVATE, 1 <unfinished ...>
[pid 15240] 20:46:27.577659 futex(0xc000101148, FUTEX_WAKE_PRIVATE, 1 <unfinished ...>
[pid 15236] 20:46:27.578181 <... futex resumed>) = 1 <0.000573>
[pid 15242] 20:46:27.578421 <... futex resumed>) = 0 <0.003896>
[pid 15236] 20:46:27.578673 futex(0x1b95aa0, FUTEX_WAIT_PRIVATE, 0, NULL <unfinished ...>
[pid 15244] 20:46:27.579110 <... futex resumed>) = 0 <0.008182>
[pid 15240] 20:46:27.579335 <... futex resumed>) = 1 <0.001466>
[pid 15244] 20:46:27.579587 futex(0xc000101148, FUTEX_WAIT_PRIVATE, 0, NULL <unfinished ...>
[pid 15242] 20:46:27.580090 futex(0xc0001f9948, FUTEX_WAIT_PRIVATE, 0, NULL <unfinished ...>
[pid 15244] 20:46:27.580554 <... futex resumed>) = -1 EAGAIN (Resource temporarily unavailable) <0.000553>
[pid 15240] 20:46:27.580758 futex(0xc000101148, FUTEX_WAKE_PRIVATE, 1 <unfinished ...>
[pid 15244] 20:46:27.581217 nanosleep({tv_sec=0, tv_nsec=3000},  <unfinished ...>
[pid 15240] 20:46:27.581624 <... futex resumed>) = 0 <0.000422>
[pid 15244] 20:46:27.581845 <... nanosleep resumed>NULL) = 0 <0.000439>
[pid 15240] 20:46:27.582037 futex(0x1b95aa0, FUTEX_WAKE_PRIVATE, 1 <unfinished ...>
[pid 15244] 20:46:27.582466 futex(0xc000101148, FUTEX_WAIT_PRIVATE, 0, NULL <unfinished ...>
[pid 15236] 20:46:27.582857 <... futex resumed>) = 0 <0.003775>
[pid 15240] 20:46:27.583091 <... futex resumed>) = 1 <0.000827>
[pid 15236] 20:46:27.583293 rt_sigprocmask(SIG_SETMASK, [KILL STOP RT_29 RT_30 RT_31 RT_32],  <unfinished ...>
[pid 15240] 20:46:27.583759 futex(0xc0000a0148, FUTEX_WAIT_PRIVATE, 0, NULL <unfinished ...>
[pid 15236] 20:46:27.584187 <... rt_sigprocmask resumed>NULL, 8) = 0 <0.000461>
[pid 15237] 20:46:27.584390 <... nanosleep resumed>NULL) = 0 <0.010837>
[pid 15236] 20:46:27.584599 futex(0xc0000a0148, FUTEX_WAKE_PRIVATE, 1 <unfinished ...>
[pid 15237] 20:46:27.584980 nanosleep({tv_sec=0, tv_nsec=10000000},  <unfinished ...>
[pid 15236] 20:46:27.585457 <... futex resumed>) = 1 <0.000461>
[pid 15240] 20:46:27.585700 <... futex resumed>) = 0 <0.001720>
[pid 15236] 20:46:27.585945 futex(0xc000101148, FUTEX_WAKE_PRIVATE, 1 <unfinished ...>
[pid 15240] 20:46:27.586350 futex(0xc0001f9948, FUTEX_WAKE_PRIVATE, 1 <unfinished ...>
[pid 15236] 20:46:27.586795 <... futex resumed>) = 1 <0.000468>
[pid 15244] 20:46:27.587039 <... futex resumed>) = 0 <0.004397>
[pid 15236] 20:46:27.587256 futex(0x1b95aa0, FUTEX_WAIT_PRIVATE, 0, NULL <unfinished ...>
[pid 15242] 20:46:27.587715 <... futex resumed>) = 0 <0.007197>
[pid 15240] 20:46:27.587946 <... futex resumed>) = 1 <0.001386>
[pid 15244] 20:46:27.588155 futex(0xc000101148, FUTEX_WAIT_PRIVATE, 0, NULL <unfinished ...>
[pid 15242] 20:46:27.588553 futex(0xc0001f9948, FUTEX_WAIT_PRIVATE, 0, NULL <unfinished ...>
[pid 15240] 20:46:27.588977 futex(0xc0001f9948, FUTEX_WAKE_PRIVATE, 1 <unfinished ...>
[pid 15242] 20:46:27.589422 <... futex resumed>) = -1 EAGAIN (Resource temporarily unavailable) <0.000493>
[pid 15240] 20:46:27.589650 <... futex resumed>) = 0 <0.000425>
[pid 15242] 20:46:27.589887 nanosleep({tv_sec=0, tv_nsec=3000},  <unfinished ...>
[pid 15240] 20:46:27.590242 futex(0x1b95aa0, FUTEX_WAKE_PRIVATE, 1 <unfinished ...>
[pid 15242] 20:46:27.590625 <... nanosleep resumed>NULL) = 0 <0.000368>
[pid 15236] 20:46:27.590836 <... futex resumed>) = 0 <0.003349>
[pid 15240] 20:46:27.591042 <... futex resumed>) = 1 <0.000595>
[pid 15236] 20:46:27.591256 rt_sigprocmask(SIG_SETMASK, [KILL STOP RT_30 RT_31 RT_32],  <unfinished ...>
[pid 15242] 20:46:27.591680 futex(0xc0001f9948, FUTEX_WAIT_PRIVATE, 0, NULL <unfinished ...>
[pid 15236] 20:46:27.592057 <... rt_sigprocmask resumed>NULL, 8) = 0 <0.000438>
[pid 15240] 20:46:27.592274 futex(0xc0000a0148, FUTEX_WAIT_PRIVATE, 0, NULL <unfinished ...>
[pid 15236] 20:46:27.592669 futex(0xc0000a0148, FUTEX_WAKE_PRIVATE, 1 <unfinished ...>
[pid 15240] 20:46:27.593040 <... futex resumed>) = -1 EAGAIN (Resource temporarily unavailable) <0.000381>
[pid 15236] 20:46:27.593264 <... futex resumed>) = 0 <0.000426>
[pid 15240] 20:46:27.593474 nanosleep({tv_sec=0, tv_nsec=3000},  <unfinished ...>
[pid 15236] 20:46:27.594030 futex(0xc0001f9948, FUTEX_WAKE_PRIVATE, 1 <unfinished ...>
[pid 15240] 20:46:27.594489 <... nanosleep resumed>NULL) = 0 <0.000510>
[pid 15236] 20:46:27.594778 <... futex resumed>) = 1 <0.000518>
[pid 15242] 20:46:27.595032 <... futex resumed>) = 0 <0.003175>
[pid 15236] 20:46:27.595274 futex(0x1b95aa0, FUTEX_WAIT_PRIVATE, 0, NULL <unfinished ...>
[pid 15240] 20:46:27.595773 futex(0xc000101148, FUTEX_WAKE_PRIVATE, 1 <unfinished ...>
[pid 15242] 20:46:27.596203 futex(0xc0001f9948, FUTEX_WAIT_PRIVATE, 0, NULL <unfinished ...>
[pid 15237] 20:46:27.596649 <... nanosleep resumed>NULL) = 0 <0.011234>
[pid 15244] 20:46:27.596937 <... futex resumed>) = 0 <0.008595>
[pid 15240] 20:46:27.597197 <... futex resumed>) = 1 <0.001221>
[pid 15244] 20:46:27.597458 futex(0xc000101148, FUTEX_WAIT_PRIVATE, 0, NULL <unfinished ...>
[pid 15237] 20:46:27.597834 nanosleep({tv_sec=0, tv_nsec=10000000},  <unfinished ...>
[pid 15244] 20:46:27.598249 <... futex resumed>) = -1 EAGAIN (Resource temporarily unavailable) <0.000429>
[pid 15240] 20:46:27.598468 futex(0xc000101148, FUTEX_WAKE_PRIVATE, 1 <unfinished ...>
[pid 15244] 20:46:27.598848 nanosleep({tv_sec=0, tv_nsec=3000},  <unfinished ...>
[pid 15240] 20:46:27.599272 <... futex resumed>) = 0 <0.000437>
[pid 15244] 20:46:27.599503 <... nanosleep resumed>NULL) = 0 <0.000423>
[pid 15240] 20:46:27.599701 futex(0x1b95aa0, FUTEX_WAKE_PRIVATE, 1 <unfinished ...>
[pid 15244] 20:46:27.600081 futex(0xc000101148, FUTEX_WAIT_PRIVATE, 0, NULL <unfinished ...>
[pid 15236] 20:46:27.600502 <... futex resumed>) = 0 <0.004748>
[pid 15240] 20:46:27.600776 <... futex resumed>) = 1 <0.000896>
[pid 15236] 20:46:27.601004 rt_sigprocmask(SIG_SETMASK, [KILL STOP RT_31 RT_32],  <unfinished ...>
[pid 15240] 20:46:27.601418 futex(0xc0000a0148, FUTEX_WAIT_PRIVATE, 0, NULL <unfinished ...>
[pid 15236] 20:46:27.601819 <... rt_sigprocmask resumed>NULL, 8) = 0 <0.000419>
[pid 15236] 20:46:27.602114 futex(0xc0000a0148, FUTEX_WAKE_PRIVATE, 1) = 1 <0.000086>
[pid 15240] 20:46:27.602572 <... futex resumed>) = 0 <0.000960>
[pid 15236] 20:46:27.602783 futex(0xc000101148, FUTEX_WAKE_PRIVATE, 1 <unfinished ...>
[pid 15240] 20:46:27.603177 futex(0xc0001f9948, FUTEX_WAKE_PRIVATE, 1 <unfinished ...>
[pid 15236] 20:46:27.603598 <... futex resumed>) = 1 <0.000460>
[pid 15244] 20:46:27.603797 <... futex resumed>) = 0 <0.003535>
[pid 15236] 20:46:27.603997 futex(0x1b95aa0, FUTEX_WAIT_PRIVATE, 0, NULL <unfinished ...>
[pid 15242] 20:46:27.604386 <... futex resumed>) = 0 <0.007785>
[pid 15240] 20:46:27.604621 <... futex resumed>) = 1 <0.001229>
[pid 15244] 20:46:27.604855 futex(0xc000101148, FUTEX_WAIT_PRIVATE, 0, NULL <unfinished ...>
[pid 15242] 20:46:27.605240 futex(0xc0001f9948, FUTEX_WAIT_PRIVATE, 0, NULL <unfinished ...>
[pid 15240] 20:46:27.605595 futex(0xc0001f9948, FUTEX_WAKE_PRIVATE, 1 <unfinished ...>
[pid 15242] 20:46:27.605969 <... futex resumed>) = -1 EAGAIN (Resource temporarily unavailable) <0.000409>
[pid 15240] 20:46:27.606220 <... futex resumed>) = 0 <0.000436>
[pid 15242] 20:46:27.606427 nanosleep({tv_sec=0, tv_nsec=3000},  <unfinished ...>
[pid 15240] 20:46:27.606918 futex(0x1b95aa0, FUTEX_WAKE_PRIVATE, 1 <unfinished ...>
[pid 15242] 20:46:27.607309 <... nanosleep resumed>NULL) = 0 <0.000444>
[pid 15236] 20:46:27.607537 <... futex resumed>) = 0 <0.003350>
[pid 15240] 20:46:27.607765 <... futex resumed>) = 1 <0.000661>
[pid 15236] 20:46:27.607979 rt_sigprocmask(SIG_SETMASK, [KILL STOP RT_32],  <unfinished ...>
[pid 15242] 20:46:27.608388 futex(0xc0001f9948, FUTEX_WAIT_PRIVATE, 0, NULL <unfinished ...>
[pid 15236] 20:46:27.608766 <... rt_sigprocmask resumed>NULL, 8) = 0 <0.000411>
[pid 15240] 20:46:27.608972 futex(0xc0000a0148, FUTEX_WAIT_PRIVATE, 0, NULL <unfinished ...>
[pid 15237] 20:46:27.609360 <... nanosleep resumed>NULL) = 0 <0.011140>
[pid 15236] 20:46:27.609585 futex(0xc0000a0148, FUTEX_WAKE_PRIVATE, 1 <unfinished ...>
[pid 15240] 20:46:27.610037 <... futex resumed>) = -1 EAGAIN (Resource temporarily unavailable) <0.000695>
[pid 15236] 20:46:27.610354 <... futex resumed>) = 0 <0.000517>
[pid 15237] 20:46:27.610700 nanosleep({tv_sec=0, tv_nsec=10000000},  <unfinished ...>
[pid 15236] 20:46:27.611147 futex(0xc0001f9948, FUTEX_WAKE_PRIVATE, 1 <unfinished ...>
[pid 15240] 20:46:27.611642 nanosleep({tv_sec=0, tv_nsec=3000},  <unfinished ...>
[pid 15236] 20:46:27.612126 <... futex resumed>) = 1 <0.000530>
[pid 15242] 20:46:27.612363 <... futex resumed>) = 0 <0.003794>
[pid 15236] 20:46:27.612659 futex(0x1b95aa0, FUTEX_WAIT_PRIVATE, 0, NULL <unfinished ...>
[pid 15240] 20:46:27.613166 <... nanosleep resumed>NULL) = 0 <0.001038>
[pid 15236] 20:46:27.613462 <... futex resumed>) = -1 EAGAIN (Resource temporarily unavailable) <0.000569>
[pid 15242] 20:46:27.613683 futex(0x1b95aa0, FUTEX_WAKE_PRIVATE, 1 <unfinished ...>
[pid 15236] 20:46:27.614101 rt_sigprocmask(SIG_SETMASK, [KILL STOP],  <unfinished ...>
[pid 15240] 20:46:27.614509 futex(0xc0000a0148, FUTEX_WAIT_PRIVATE, 0, NULL <unfinished ...>
[pid 15236] 20:46:27.614901 <... rt_sigprocmask resumed>NULL, 8) = 0 <0.000432>
[pid 15242] 20:46:27.615113 <... futex resumed>) = 0 <0.001227>
[pid 15236] 20:46:27.615346 futex(0xc0000a0148, FUTEX_WAKE_PRIVATE, 1 <unfinished ...>
[pid 15242] 20:46:27.615792 futex(0xc0001f9948, FUTEX_WAIT_PRIVATE, 0, NULL <unfinished ...>
[pid 15236] 20:46:27.616190 <... futex resumed>) = 1 <0.000491>
[pid 15240] 20:46:27.616448 <... futex resumed>) = 0 <0.001735>
[pid 15236] 20:46:27.616682 futex(0xc0001f9948, FUTEX_WAKE_PRIVATE, 1 <unfinished ...>
[pid 15240] 20:46:27.617150 futex(0xc000101148, FUTEX_WAKE_PRIVATE, 1 <unfinished ...>
[pid 15236] 20:46:27.617625 <... futex resumed>) = 1 <0.000545>
[pid 15242] 20:46:27.617883 <... futex resumed>) = 0 <0.001898>
[pid 15240] 20:46:27.618101 <... futex resumed>) = 1 <0.000758>
[pid 15236] 20:46:27.618297 futex(0x1b95aa0, FUTEX_WAIT_PRIVATE, 0, NULL <unfinished ...>
[pid 15244] 20:46:27.618698 <... futex resumed>) = 0 <0.013464>
[pid 15242] 20:46:27.618919 futex(0xc0001f9948, FUTEX_WAIT_PRIVATE, 0, NULL <unfinished ...>
[pid 15244] 20:46:27.619311 futex(0xc000101148, FUTEX_WAIT_PRIVATE, 0, NULL <unfinished ...>
[pid 15237] 20:46:27.621290 <... nanosleep resumed>NULL) = 0 <0.010144>
[pid 15237] 20:46:27.621586 nanosleep({tv_sec=0, tv_nsec=10000000},  <unfinished ...>
[pid 15240] 20:46:27.624382 futex(0xc000101148, FUTEX_WAKE_PRIVATE, 1 <unfinished ...>
[pid 15244] 20:46:27.624845 <... futex resumed>) = 0 <0.005177>
[pid 15240] 20:46:27.625045 <... futex resumed>) = 1 <0.000467>
[pid 15244] 20:46:27.625241 nanosleep({tv_sec=0, tv_nsec=3000}, NULL) = 0 <0.000155>
[pid 15240] 20:46:27.625848 write(6, "\0", 1 <unfinished ...>
[pid 15244] 20:46:27.626242 futex(0xc0001f9948, FUTEX_WAKE_PRIVATE, 1 <unfinished ...>
[pid 15243] 20:46:27.626624 <... epoll_pwait resumed>[{events=EPOLLIN, data={u32=29327296, u64=29327296}}], 128, 29498, NULL, 0) = 1 <0.057456>
[pid 15240] 20:46:27.626896 <... write resumed>) = 1 <0.000853>
[pid 15244] 20:46:27.627169 <... futex resumed>) = 1 <0.000742>
[pid 15243] 20:46:27.627458 read(5,  <unfinished ...>
[pid 15242] 20:46:27.627894 <... futex resumed>) = 0 <0.008591>
[pid 15244] 20:46:27.628121 futex(0xc000101148, FUTEX_WAIT_PRIVATE, 0, NULL <unfinished ...>
[pid 15243] 20:46:27.628560 <... read resumed>"\0", 16) = 1 <0.000699>
[pid 15240] 20:46:27.628788 socket(AF_UNIX, SOCK_STREAM|SOCK_CLOEXEC|SOCK_NONBLOCK, 0 <unfinished ...>
[pid 15243] 20:46:27.629218 epoll_pwait(4,  <unfinished ...>
[pid 15242] 20:46:27.629642 futex(0xc0001f9948, FUTEX_WAIT_PRIVATE, 0, NULL <unfinished ...>
[pid 15243] 20:46:27.630040 <... epoll_pwait resumed>[], 128, 0, NULL, 0) = 0 <0.000456>
[pid 15240] 20:46:27.630231 <... socket resumed>) = 7 <0.001238>
[pid 15243] 20:46:27.630424 epoll_pwait(4,  <unfinished ...>
[pid 15240] 20:46:27.630769 connect(7, {sa_family=AF_UNIX, sun_path="/var/run/docker.sock"}, 23) = 0 <0.000228>
[pid 15240] 20:46:27.631423 epoll_ctl(4, EPOLL_CTL_ADD, 7, {events=EPOLLIN|EPOLLOUT|EPOLLRDHUP|EPOLLET, data={u32=2908225537, u64=9196954499084189697}} <unfinished ...>
[pid 15243] 20:46:27.631874 <... epoll_pwait resumed>[{events=EPOLLOUT, data={u32=2908225537, u64=9196954499084189697}}], 128, 9995, NULL, 0) = 1 <0.001110>
[pid 15240] 20:46:27.632086 <... epoll_ctl resumed>) = 0 <0.000477>
[pid 15243] 20:46:27.632314 epoll_pwait(4,  <unfinished ...>
[pid 15237] 20:46:27.632670 <... nanosleep resumed>NULL) = 0 <0.010734>
