[pid 15236] 20:46:32.443011 futex(0x1b95aa0, FUTEX_WAIT_PRIVATE, 0, NULL <unfinished ...>
[pid 15244] 20:46:32.443365 <... futex resumed>) = 1 <0.000775>
[pid 15239] 20:46:32.443553 <... futex resumed>) = 0 <0.004267>
[pid 15244] 20:46:32.443759 futex(0x1b95aa0, FUTEX_WAKE_PRIVATE, 1 <unfinished ...>
[pid 15238] 20:46:32.444123 futex(0xc000075148, FUTEX_WAIT_PRIVATE, 0, NULL <unfinished ...>
[pid 15236] 20:46:32.444478 <... futex resumed>) = 0 <0.001139>
[pid 15244] 20:46:32.444665 <... futex resumed>) = 1 <0.000738>
[pid 15239] 20:46:32.444864 futex(0xc000075948, FUTEX_WAIT_PRIVATE, 0, NULL <unfinished ...>
[pid 15236] 20:46:32.445352 rt_sigprocmask(SIG_SETMASK, [KILL USR1 USR2 PIPE ALRM CONT STOP TSTP TTIN TTOU XCPU XFSZ VTALRM WINCH IO PWR RT_3 RT_4 RT_5 RT_6 RT_7 RT_8 RT_9 RT_10 RT_11 RT_12 RT_13 RT_14 RT_15 RT_16 RT_17 RT_18 RT_19],  <unfinished ...>
[pid 15244] 20:46:32.445821 futex(0xc000101148, FUTEX_WAIT_PRIVATE, 0, NULL <unfinished ...>
[pid 15236] 20:46:32.446259 <... rt_sigprocmask resumed>NULL, 8) = 0 <0.000479>
[pid 15236] 20:46:32.446534 futex(0xc000101148, FUTEX_WAKE_PRIVATE, 1 <unfinished ...>
[pid 15237] 20:46:32.446985 <... nanosleep resumed>NULL) = 0 <0.010488>
[pid 15236] 20:46:32.447239 <... futex resumed>) = 1 <0.000478>
[pid 15244] 20:46:32.447469 <... futex resumed>) = 0 <0.001453>
[pid 15236] 20:46:32.447716 futex(0xc000075948, FUTEX_WAKE_PRIVATE, 1 <unfinished ...>
[pid 15237] 20:46:32.448229 nanosleep({tv_sec=0, tv_nsec=10000000},  <unfinished ...>
[pid 15236] 20:46:32.448618 <... futex resumed>) = 1 <0.000460>
[pid 15244] 20:46:32.448810 futex(0xc000075148, FUTEX_WAKE_PRIVATE, 1 <unfinished ...>
[pid 15239] 20:46:32.449189 <... futex resumed>) = 0 <0.003908>
[pid 15236] 20:46:32.449378 futex(0x1b95aa0, FUTEX_WAIT_PRIVATE, 0, NULL <unfinished ...>
[pid 15244] 20:46:32.449729 <... futex resumed>) = 1 <0.000580>
[pid 15238] 20:46:32.449918 <... futex resumed>) = 0 <0.005629>
[pid 15244] 20:46:32.450174 futex(0x1b95aa0, FUTEX_WAKE_PRIVATE, 1 <unfinished ...>
[pid 15239] 20:46:32.450597 futex(0xc000075948, FUTEX_WAIT_PRIVATE, 0, NULL <unfinished ...>
[pid 15238] 20:46:32.450958 futex(0xc000075148, FUTEX_WAIT_PRIVATE, 0, NULL <unfinished ...>
[pid 15236] 20:46:32.451320 <... futex resumed>) = 0 <0.001605>
[pid 15244] 20:46:32.451508 <... futex resumed>) = 1 <0.001124>
[pid 15236] 20:46:32.451708 rt_sigprocmask(SIG_SETMASK, [KILL USR1 USR2 PIPE ALRM CONT STOP TSTP TTIN TTOU XCPU XFSZ VTALRM WINCH IO PWR RT_3 RT_4 RT_5 RT_6 RT_7 RT_8 RT_9 RT_10 RT_11 RT_12 RT_13 RT_14 RT_15 RT_16 RT_17 RT_18 RT_19 RT_20],  <unfinished ...>
[pid 15244] 20:46:32.452078 futex(0xc000101148, FUTEX_WAIT_PRIVATE, 0, NULL <unfinished ...>
[pid 15236] 20:46:32.452443 <... rt_sigprocmask resumed>NULL, 8) = 0 <0.000377>
[pid 15236] 20:46:32.452667 futex(0xc000101148, FUTEX_WAKE_PRIVATE, 1) = 1 <0.000088>
[pid 15244] 20:46:32.453110 <... futex resumed>) = 0 <0.000871>
[pid 15236] 20:46:32.453294 futex(0xc000075148, FUTEX_WAKE_PRIVATE, 1 <unfinished ...>
[pid 15244] 20:46:32.453659 futex(0xc000075948, FUTEX_WAKE_PRIVATE, 1 <unfinished ...>
[pid 15236] 20:46:32.454019 <... futex resumed>) = 1 <0.000373>
[pid 15238] 20:46:32.454203 <... futex resumed>) = 0 <0.003081>
[pid 15236] 20:46:32.454430 futex(0x1b95aa0, FUTEX_WAIT_PRIVATE, 0, NULL <unfinished ...>
[pid 15244] 20:46:32.454858 <... futex resumed>) = 1 <0.000839>
[pid 15239] 20:46:32.455071 <... futex resumed>) = 0 <0.004300>
[pid 15244] 20:46:32.455301 futex(0x1b95aa0, FUTEX_WAKE_PRIVATE, 1 <unfinished ...>
[pid 15238] 20:46:32.455700 futex(0xc000075148, FUTEX_WAIT_PRIVATE, 0, NULL <unfinished ...>
[pid 15236] 20:46:32.456086 <... futex resumed>) = 0 <0.001277>
[pid 15244] 20:46:32.456287 <... futex resumed>) = 1 <0.000793>
[pid 15239] 20:46:32.456510 futex(0xc000075948, FUTEX_WAIT_PRIVATE, 0, NULL <unfinished ...>
[pid 15236] 20:46:32.456915 rt_sigprocmask(SIG_SETMASK, [KILL USR1 USR2 PIPE ALRM CONT STOP TSTP TTIN TTOU XCPU XFSZ VTALRM WINCH IO PWR RT_3 RT_4 RT_5 RT_6 RT_7 RT_8 RT_9 RT_10 RT_11 RT_12 RT_13 RT_14 RT_15 RT_16 RT_17 RT_18 RT_19 RT_20 RT_21],  <unfinished ...>
[pid 15244] 20:46:32.457290 futex(0xc000101148, FUTEX_WAIT_PRIVATE, 0, NULL <unfinished ...>
[pid 15236] 20:46:32.457648 <... rt_sigprocmask resumed>NULL, 8) = 0 <0.000385>
[pid 15236] 20:46:32.457873 futex(0xc000101148, FUTEX_WAKE_PRIVATE, 1) = 1 <0.000089>
[pid 15244] 20:46:32.458316 <... futex resumed>) = 0 <0.000863>
[pid 15236] 20:46:32.458516 futex(0xc000075948, FUTEX_WAKE_PRIVATE, 1 <unfinished ...>
[pid 15244] 20:46:32.458930 futex(0xc000075148, FUTEX_WAKE_PRIVATE, 1 <unfinished ...>
[pid 15236] 20:46:32.459292 <... futex resumed>) = 1 <0.000445>
[pid 15239] 20:46:32.459477 <... futex resumed>) = 0 <0.002785>
[pid 15237] 20:46:32.459679 <... nanosleep resumed>NULL) = 0 <0.011257>
[pid 15236] 20:46:32.459874 futex(0x1b95aa0, FUTEX_WAIT_PRIVATE, 0, NULL <unfinished ...>
[pid 15244] 20:46:32.460218 <... futex resumed>) = 1 <0.000953>
[pid 15239] 20:46:32.460399 futex(0xc000075948, FUTEX_WAIT_PRIVATE, 0, NULL <unfinished ...>
[pid 15238] 20:46:32.460804 <... futex resumed>) = 0 <0.004724>
[pid 15244] 20:46:32.461044 futex(0x1b95aa0, FUTEX_WAKE_PRIVATE, 1 <unfinished ...>
[pid 15237] 20:46:32.461469 nanosleep({tv_sec=0, tv_nsec=10000000},  <unfinished ...>
[pid 15236] 20:46:32.461921 <... futex resumed>) = 0 <0.001693>
[pid 15244] 20:46:32.462155 <... futex resumed>) = 1 <0.000912>
[pid 15238] 20:46:32.462475 futex(0xc000075148, FUTEX_WAIT_PRIVATE, 0, NULL <unfinished ...>
[pid 15236] 20:46:32.463107 rt_sigprocmask(SIG_SETMASK, [KILL USR1 USR2 PIPE ALRM CONT STOP TSTP TTIN TTOU XCPU XFSZ VTALRM WINCH IO PWR RT_3 RT_4 RT_5 RT_6 RT_7 RT_8 RT_9 RT_10 RT_11 RT_12 RT_13 RT_14 RT_15 RT_16 RT_17 RT_18 RT_19 RT_20 RT_21 RT_22],  <unfinished ...>
[pid 15244] 20:46:32.463620 futex(0xc000101148, FUTEX_WAIT_PRIVATE, 0, NULL <unfinished ...>
[pid 15236] 20:46:32.464117 <... rt_sigprocmask resumed>NULL, 8) = 0 <0.000484>
[pid 15236] 20:46:32.464482 futex(0xc000101148, FUTEX_WAKE_PRIVATE, 1) = 1 <0.000114>
[pid 15244] 20:46:32.465119 <... futex resumed>) = 0 <0.001276>
[pid 15236] 20:46:32.465407 futex(0xc000075148, FUTEX_WAKE_PRIVATE, 1 <unfinished ...>
[pid 15244] 20:46:32.465958 futex(0xc000075948, FUTEX_WAKE_PRIVATE, 1 <unfinished ...>
[pid 15236] 20:46:32.466441 <... futex resumed>) = 1 <0.000547>
[pid 15238] 20:46:32.466704 <... futex resumed>) = 0 <0.003895>
[pid 15236] 20:46:32.466958 futex(0x1b95aa0, FUTEX_WAIT_PRIVATE, 0, NULL <unfinished ...>
[pid 15244] 20:46:32.467404 <... futex resumed>) = 1 <0.001032>
[pid 15239] 20:46:32.467627 <... futex resumed>) = 0 <0.007054>
[pid 15244] 20:46:32.467875 futex(0x1b95aa0, FUTEX_WAKE_PRIVATE, 1 <unfinished ...>
[pid 15238] 20:46:32.468293 futex(0xc000075148, FUTEX_WAIT_PRIVATE, 0, NULL <unfinished ...>
[pid 15236] 20:46:32.468693 <... futex resumed>) = 0 <0.001335>
[pid 15244] 20:46:32.468913 <... futex resumed>) = 1 <0.000838>
[pid 15239] 20:46:32.469127 futex(0xc000075948, FUTEX_WAIT_PRIVATE, 0, NULL <unfinished ...>
[pid 15236] 20:46:32.469547 rt_sigprocmask(SIG_SETMASK, [KILL USR1 USR2 PIPE ALRM CONT STOP TSTP TTIN TTOU XCPU XFSZ VTALRM WINCH IO PWR RT_3 RT_4 RT_5 RT_6 RT_7 RT_8 RT_9 RT_10 RT_11 RT_12 RT_13 RT_14 RT_15 RT_16 RT_17 RT_18 RT_19 RT_20 RT_21 RT_22 RT_23],  <unfinished ...>
[pid 15244] 20:46:32.469952 futex(0xc000101148, FUTEX_WAIT_PRIVATE, 0, NULL <unfinished ...>
[pid 15236] 20:46:32.470375 <... rt_sigprocmask resumed>NULL, 8) = 0 <0.000435>
[pid 15236] 20:46:32.470663 futex(0xc000101148, FUTEX_WAKE_PRIVATE, 1) = 1 <0.000133>
[pid 15244] 20:46:32.471447 <... futex resumed>) = 0 <0.001287>
[pid 15236] 20:46:32.471726 futex(0xc000075948, FUTEX_WAKE_PRIVATE, 1 <unfinished ...>
[pid 15244] 20:46:32.472220 futex(0xc000075148, FUTEX_WAKE_PRIVATE, 1 <unfinished ...>
[pid 15237] 20:46:32.472644 <... nanosleep resumed>NULL) = 0 <0.010758>
[pid 15236] 20:46:32.472874 <... futex resumed>) = 1 <0.000901>
[pid 15244] 20:46:32.473131 <... futex resumed>) = 1 <0.000702>
[pid 15239] 20:46:32.473346 <... futex resumed>) = 0 <0.004029>
[pid 15238] 20:46:32.473572 <... futex resumed>) = 0 <0.005086>
[pid 15236] 20:46:32.473794 futex(0x1b95aa0, FUTEX_WAIT_PRIVATE, 0, NULL <unfinished ...>
[pid 15244] 20:46:32.474191 futex(0x1b95aa0, FUTEX_WAKE_PRIVATE, 1 <unfinished ...>
[pid 15239] 20:46:32.474597 futex(0xc000075948, FUTEX_WAIT_PRIVATE, 0, NULL <unfinished ...>
[pid 15237] 20:46:32.475025 nanosleep({tv_sec=0, tv_nsec=10000000},  <unfinished ...>
[pid 15236] 20:46:32.475502 <... futex resumed>) = -1 EAGAIN (Resource temporarily unavailable) <0.001318>
[pid 15244] 20:46:32.475758 <... futex resumed>) = 0 <0.001371>
[pid 15238] 20:46:32.476002 futex(0xc000075148, FUTEX_WAIT_PRIVATE, 0, NULL <unfinished ...>
[pid 15236] 20:46:32.476465 rt_sigprocmask(SIG_SETMASK, [KILL USR1 USR2 PIPE ALRM CONT STOP TSTP TTIN TTOU XCPU XFSZ VTALRM WINCH IO PWR RT_3 RT_4 RT_5 RT_6 RT_7 RT_8 RT_9 RT_10 RT_11 RT_12 RT_13 RT_14 RT_15 RT_16 RT_17 RT_18 RT_19 RT_20 RT_21 RT_22 RT_23 RT_24],  <unfinished ...>
[pid 15244] 20:46:32.476923 futex(0xc000101148, FUTEX_WAIT_PRIVATE, 0, NULL <unfinished ...>
[pid 15236] 20:46:32.477366 <... rt_sigprocmask resumed>NULL, 8) = 0 <0.000475>
[pid 15236] 20:46:32.477664 futex(0xc000101148, FUTEX_WAKE_PRIVATE, 1) = 1 <0.000103>
[pid 15244] 20:46:32.478227 <... futex resumed>) = 0 <0.001090>
[pid 15236] 20:46:32.478488 futex(0xc000075148, FUTEX_WAKE_PRIVATE, 1 <unfinished ...>
[pid 15244] 20:46:32.478941 futex(0xc000075948, FUTEX_WAKE_PRIVATE, 1 <unfinished ...>
[pid 15236] 20:46:32.479403 <... futex resumed>) = 1 <0.000481>
[pid 15238] 20:46:32.479736 <... futex resumed>) = 0 <0.003496>
[pid 15236] 20:46:32.480054 futex(0x1b95aa0, FUTEX_WAIT_PRIVATE, 0, NULL <unfinished ...>
[pid 15244] 20:46:32.480534 <... futex resumed>) = 1 <0.001178>
[pid 15239] 20:46:32.480777 <... futex resumed>) = 0 <0.005972>
[pid 15244] 20:46:32.481062 futex(0x1b95aa0, FUTEX_WAKE_PRIVATE, 1 <unfinished ...>
[pid 15238] 20:46:32.481592 futex(0xc000075148, FUTEX_WAIT_PRIVATE, 0, NULL <unfinished ...>
[pid 15236] 20:46:32.482063 <... futex resumed>) = 0 <0.001567>
[pid 15244] 20:46:32.482312 <... futex resumed>) = 1 <0.000999>
[pid 15239] 20:46:32.482613 futex(0xc000075948, FUTEX_WAIT_PRIVATE, 0, NULL <unfinished ...>
[pid 15236] 20:46:32.483131 rt_sigprocmask(SIG_SETMASK, [KILL USR1 USR2 PIPE ALRM CONT STOP TSTP TTIN TTOU XCPU XFSZ VTALRM WINCH IO PWR RT_3 RT_4 RT_5 RT_6 RT_7 RT_8 RT_9 RT_10 RT_11 RT_12 RT_13 RT_14 RT_15 RT_16 RT_17 RT_18 RT_19 RT_20 RT_21 RT_22 RT_23 RT_24 RT_25],  <unfinished ...>
[pid 15244] 20:46:32.483636 futex(0xc000101148, FUTEX_WAIT_PRIVATE, 0, NULL <unfinished ...>
[pid 15236] 20:46:32.484102 <... rt_sigprocmask resumed>NULL, 8) = 0 <0.000488>
[pid 15236] 20:46:32.484408 futex(0xc000101148, FUTEX_WAKE_PRIVATE, 1) = 1 <0.000104>
[pid 15244] 20:46:32.484948 <... futex resumed>) = 0 <0.001094>
[pid 15236] 20:46:32.485817 futex(0xc000075948, FUTEX_WAKE_PRIVATE, 1 <unfinished ...>
[pid 15237] 20:46:32.486284 <... nanosleep resumed>NULL) = 0 <0.010815>
[pid 15236] 20:46:32.486530 <... futex resumed>) = 1 <0.000476>
[pid 15244] 20:46:32.486816 futex(0xc000075148, FUTEX_WAKE_PRIVATE, 1 <unfinished ...>
[pid 15239] 20:46:32.487248 <... futex resumed>) = 0 <0.004197>
[pid 15236] 20:46:32.487482 futex(0x1b95aa0, FUTEX_WAIT_PRIVATE, 0, NULL <unfinished ...>
[pid 15244] 20:46:32.488052 <... futex resumed>) = 1 <0.000826>
[pid 15238] 20:46:32.488287 <... futex resumed>) = 0 <0.006470>
[pid 15237] 20:46:32.488515 nanosleep({tv_sec=0, tv_nsec=10000000},  <unfinished ...>
[pid 15244] 20:46:32.488965 futex(0x1b95aa0, FUTEX_WAKE_PRIVATE, 1 <unfinished ...>
[pid 15239] 20:46:32.489431 futex(0xc000075948, FUTEX_WAIT_PRIVATE, 0, NULL <unfinished ...>
[pid 15238] 20:46:32.489934 futex(0xc000075148, FUTEX_WAIT_PRIVATE, 0, NULL <unfinished ...>
[pid 15236] 20:46:32.490445 <... futex resumed>) = 0 <0.002393>
[pid 15244] 20:46:32.490693 <... futex resumed>) = 1 <0.001502>
[pid 15236] 20:46:32.490966 rt_sigprocmask(SIG_SETMASK, [KILL USR1 USR2 PIPE ALRM CONT STOP TSTP TTIN TTOU XCPU XFSZ VTALRM WINCH IO PWR RT_3 RT_4 RT_5 RT_6 RT_7 RT_8 RT_9 RT_10 RT_11 RT_12 RT_13 RT_14 RT_15 RT_16 RT_17 RT_18 RT_19 RT_20 RT_21 RT_22 RT_23 RT_24 RT_25 RT_26],  <unfinished ...>
[pid 15244] 20:46:32.491457 futex(0xc000101148, FUTEX_WAIT_PRIVATE, 0, NULL <unfinished ...>
[pid 15236] 20:46:32.491919 <... rt_sigprocmask resumed>NULL, 8) = 0 <0.000501>
[pid 15236] 20:46:32.492165 futex(0xc000101148, FUTEX_WAKE_PRIVATE, 1) = 1 <0.000107>
[pid 15244] 20:46:32.492652 <... futex resumed>) = 0 <0.000979>
[pid 15236] 20:46:32.492847 futex(0xc000075148, FUTEX_WAKE_PRIVATE, 1 <unfinished ...>
[pid 15244] 20:46:32.493210 futex(0xc000075948, FUTEX_WAKE_PRIVATE, 1 <unfinished ...>
[pid 15236] 20:46:32.493571 <... futex resumed>) = 1 <0.000387>
[pid 15238] 20:46:32.493760 <... futex resumed>) = 0 <0.003585>
[pid 15236] 20:46:32.493961 futex(0x1b95aa0, FUTEX_WAIT_PRIVATE, 0, NULL <unfinished ...>
[pid 15244] 20:46:32.494316 <... futex resumed>) = 1 <0.000775>
[pid 15239] 20:46:32.494505 <... futex resumed>) = 0 <0.004835>
[pid 15244] 20:46:32.494708 futex(0x1b95aa0, FUTEX_WAKE_PRIVATE, 1 <unfinished ...>
[pid 15238] 20:46:32.495072 futex(0xc000075148, FUTEX_WAIT_PRIVATE, 0, NULL <unfinished ...>
[pid 15236] 20:46:32.495427 <... futex resumed>) = 0 <0.001136>
[pid 15244] 20:46:32.495621 <... futex resumed>) = 1 <0.000731>
[pid 15239] 20:46:32.495817 futex(0xc000075948, FUTEX_WAIT_PRIVATE, 0, NULL <unfinished ...>
[pid 15236] 20:46:32.496172 rt_sigprocmask(SIG_SETMASK, [KILL USR1 USR2 PIPE ALRM CONT STOP TSTP TTIN TTOU XCPU XFSZ VTALRM WINCH IO PWR RT_3 RT_4 RT_5 RT_6 RT_7 RT_8 RT_9 RT_10 RT_11 RT_12 RT_13 RT_14 RT_15 RT_16 RT_17 RT_18 RT_19 RT_20 RT_21 RT_22 RT_23 RT_24 RT_25 RT_26 RT_27],  <unfinished ...>
[pid 15244] 20:46:32.496531 futex(0xc000101148, FUTEX_WAIT_PRIVATE, 0, NULL <unfinished ...>
[pid 15236] 20:46:32.496966 <... rt_sigprocmask resumed>NULL, 8) = 0 <0.000388>
[pid 15236] 20:46:32.497256 futex(0xc000101148, FUTEX_WAKE_PRIVATE, 1) = 1 <0.000111>
[pid 15244] 20:46:32.497827 <... futex resumed>) = 0 <0.001116>
[pid 15236] 20:46:32.498057 futex(0xc000075948, FUTEX_WAKE_PRIVATE, 1 <unfinished ...>
[pid 15244] 20:46:32.498492 futex(0xc000075148, FUTEX_WAKE_PRIVATE, 1 <unfinished ...>
[pid 15236] 20:46:32.498925 <... futex resumed>) = 1 <0.000463>
[pid 15239] 20:46:32.499146 <... futex resumed>) = 0 <0.003162>
[pid 15236] 20:46:32.499376 futex(0x1b95aa0, FUTEX_WAIT_PRIVATE, 0, NULL <unfinished ...>
[pid 15244] 20:46:32.499829 <... futex resumed>) = 1 <0.000910>
[pid 15238] 20:46:32.500044 <... futex resumed>) = 0 <0.004803>
[pid 15237] 20:46:32.500254 <... nanosleep resumed>NULL) = 0 <0.011512>
[pid 15244] 20:46:32.500458 futex(0x1b95aa0, FUTEX_WAKE_PRIVATE, 1 <unfinished ...>
[pid 15239] 20:46:32.500844 futex(0xc000075948, FUTEX_WAIT_PRIVATE, 0, NULL <unfinished ...>
[pid 15238] 20:46:32.501214 futex(0xc000075148, FUTEX_WAIT_PRIVATE, 0, NULL <unfinished ...>
[pid 15236] 20:46:32.501575 <... futex resumed>) = 0 <0.001825>
[pid 15244] 20:46:32.501778 <... futex resumed>) = 1 <0.001137>
[pid 15237] 20:46:32.501975 nanosleep({tv_sec=0, tv_nsec=10000000},  <unfinished ...>
[pid 15236] 20:46:32.502348 rt_sigprocmask(SIG_SETMASK, ~[HUP INT QUIT ILL TRAP ABRT BUS FPE SEGV TERM STKFLT CHLD URG PROF SYS RTMIN RT_1 RT_2 RT_29 RT_30 RT_31 RT_32],  <unfinished ...>
[pid 15244] 20:46:32.502705 futex(0xc000101148, FUTEX_WAIT_PRIVATE, 0, NULL <unfinished ...>
[pid 15236] 20:46:32.503061 <... rt_sigprocmask resumed>NULL, 8) = 0 <0.000369>
[pid 15236] 20:46:32.503298 futex(0xc000101148, FUTEX_WAKE_PRIVATE, 1) = 1 <0.000090>
[pid 15244] 20:46:32.503745 <... futex resumed>) = 0 <0.000871>
[pid 15236] 20:46:32.503979 futex(0xc000075148, FUTEX_WAKE_PRIVATE, 1 <unfinished ...>
[pid 15244] 20:46:32.504352 futex(0xc000075948, FUTEX_WAKE_PRIVATE, 1 <unfinished ...>
[pid 15236] 20:46:32.504703 <... futex resumed>) = 1 <0.000392>
[pid 15238] 20:46:32.504893 <... futex resumed>) = 0 <0.003504>
[pid 15236] 20:46:32.505085 futex(0x1b95aa0, FUTEX_WAIT_PRIVATE, 0, NULL <unfinished ...>
[pid 15244] 20:46:32.505440 <... futex resumed>) = 1 <0.000763>
[pid 15239] 20:46:32.505635 <... futex resumed>) = 0 <0.004608>
[pid 15244] 20:46:32.505836 futex(0x1b95aa0, FUTEX_WAKE_PRIVATE, 1 <unfinished ...>
[pid 15238] 20:46:32.506203 futex(0xc000075148, FUTEX_WAIT_PRIVATE, 0, NULL <unfinished ...>
[pid 15236] 20:46:32.506548 <... futex resumed>) = 0 <0.001137>
[pid 15244] 20:46:32.506763 <... futex resumed>) = 1 <0.000750>
[pid 15239] 20:46:32.506969 futex(0xc000075948, FUTEX_WAIT_PRIVATE, 0, NULL <unfinished ...>
[pid 15236] 20:46:32.507333 rt_sigprocmask(SIG_SETMASK, ~[HUP INT QUIT ILL TRAP ABRT BUS FPE SEGV TERM STKFLT CHLD URG PROF SYS RTMIN RT_1 RT_2 RT_30 RT_31 RT_32],  <unfinished ...>
[pid 15244] 20:46:32.507684 futex(0xc000101148, FUTEX_WAIT_PRIVATE, 0, NULL <unfinished ...>
[pid 15236] 20:46:32.508048 <... rt_sigprocmask resumed>NULL, 8) = 0 <0.000380>
[pid 15236] 20:46:32.508270 futex(0xc000101148, FUTEX_WAKE_PRIVATE, 1) = 1 <0.000089>
[pid 15244] 20:46:32.508715 <... futex resumed>) = 0 <0.000855>
[pid 15236] 20:46:32.508907 futex(0xc000075948, FUTEX_WAKE_PRIVATE, 1 <unfinished ...>
[pid 15244] 20:46:32.509282 futex(0xc000075148, FUTEX_WAKE_PRIVATE, 1 <unfinished ...>
[pid 15236] 20:46:32.509650 <... futex resumed>) = 1 <0.000403>
[pid 15239] 20:46:32.509830 <... futex resumed>) = 0 <0.002683>
[pid 15236] 20:46:32.510024 futex(0x1b95aa0, FUTEX_WAIT_PRIVATE, 0, NULL <unfinished ...>
[pid 15244] 20:46:32.510400 <... futex resumed>) = 1 <0.000792>
[pid 15238] 20:46:32.510582 <... futex resumed>) = 0 <0.004214>
[pid 15244] 20:46:32.510809 futex(0x1b95aa0, FUTEX_WAKE_PRIVATE, 1 <unfinished ...>
[pid 15239] 20:46:32.511178 futex(0xc000075948, FUTEX_WAIT_PRIVATE, 0, NULL <unfinished ...>
[pid 15236] 20:46:32.511523 <... futex resumed>) = 0 <0.001141>
[pid 15244] 20:46:32.511720 <... futex resumed>) = 1 <0.000738>
[pid 15238] 20:46:32.511907 futex(0xc000075148, FUTEX_WAIT_PRIVATE, 0, NULL <unfinished ...>
[pid 15236] 20:46:32.512270 rt_sigprocmask(SIG_SETMASK, ~[HUP INT QUIT ILL TRAP ABRT BUS FPE SEGV TERM STKFLT CHLD URG PROF SYS RTMIN RT_1 RT_2 RT_31 RT_32],  <unfinished ...>
[pid 15244] 20:46:32.512644 futex(0xc000101148, FUTEX_WAIT_PRIVATE, 0, NULL <unfinished ...>
[pid 15236] 20:46:32.512985 <... rt_sigprocmask resumed>NULL, 8) = 0 <0.000361>
[pid 15237] 20:46:32.513226 <... nanosleep resumed>NULL) = 0 <0.011065>
[pid 15236] 20:46:32.513418 futex(0xc000101148, FUTEX_WAKE_PRIVATE, 1 <unfinished ...>
[pid 15237] 20:46:32.513781 nanosleep({tv_sec=0, tv_nsec=10000000},  <unfinished ...>
[pid 15236] 20:46:32.514148 <... futex resumed>) = 1 <0.000410>
[pid 15244] 20:46:32.514495 <... futex resumed>) = 0 <0.001690>
[pid 15236] 20:46:32.514808 futex(0xc000075148, FUTEX_WAKE_PRIVATE, 1 <unfinished ...>
[pid 15244] 20:46:32.515341 futex(0xc000075948, FUTEX_WAKE_PRIVATE, 1 <unfinished ...>
[pid 15236] 20:46:32.515801 <... futex resumed>) = 1 <0.000524>
[pid 15238] 20:46:32.516032 <... futex resumed>) = 0 <0.003961>
[pid 15236] 20:46:32.516284 futex(0x1b95aa0, FUTEX_WAIT_PRIVATE, 0, NULL <unfinished ...>
[pid 15244] 20:46:32.516694 <... futex resumed>) = 1 <0.000950>
[pid 15239] 20:46:32.516920 <... futex resumed>) = 0 <0.005581>
[pid 15244] 20:46:32.517152 futex(0x1b95aa0, FUTEX_WAKE_PRIVATE, 1 <unfinished ...>
[pid 15238] 20:46:32.517578 futex(0xc000075148, FUTEX_WAIT_PRIVATE, 0, NULL <unfinished ...>
[pid 15236] 20:46:32.517929 <... futex resumed>) = 0 <0.001288>
[pid 15244] 20:46:32.518125 <... futex resumed>) = 1 <0.000744>
[pid 15239] 20:46:32.518311 futex(0xc000075948, FUTEX_WAIT_PRIVATE, 0, NULL <unfinished ...>
[pid 15236] 20:46:32.518661 rt_sigprocmask(SIG_SETMASK, ~[HUP INT QUIT ILL TRAP ABRT BUS FPE SEGV TERM STKFLT CHLD URG PROF SYS RTMIN RT_1 RT_2 RT_32],  <unfinished ...>
[pid 15244] 20:46:32.519010 futex(0xc000101148, FUTEX_WAIT_PRIVATE, 0, NULL <unfinished ...>
[pid 15236] 20:46:32.519362 <... rt_sigprocmask resumed>NULL, 8) = 0 <0.000378>
[pid 15236] 20:46:32.519615 futex(0xc000101148, FUTEX_WAKE_PRIVATE, 1) = 1 <0.000089>
[pid 15244] 20:46:32.520065 <... futex resumed>) = 0 <0.000883>
[pid 15236] 20:46:32.520264 futex(0xc000075948, FUTEX_WAKE_PRIVATE, 1 <unfinished ...>
[pid 15244] 20:46:32.520732 futex(0xc000075148, FUTEX_WAKE_PRIVATE, 1 <unfinished ...>
[pid 15236] 20:46:32.521150 <... futex resumed>) = 1 <0.000497>
[pid 15239] 20:46:32.521365 <... futex resumed>) = 0 <0.002880>
[pid 15236] 20:46:32.521585 futex(0x1b95aa0, FUTEX_WAIT_PRIVATE, 0, NULL <unfinished ...>
[pid 15244] 20:46:32.521977 <... futex resumed>) = 1 <0.000869>
[pid 15238] 20:46:32.522222 <... futex resumed>) = 0 <0.004473>
[pid 15244] 20:46:32.522478 futex(0x1b95aa0, FUTEX_WAKE_PRIVATE, 1 <unfinished ...>
[pid 15239] 20:46:32.522932 futex(0xc000075948, FUTEX_WAIT_PRIVATE, 0, NULL <unfinished ...>
[pid 15236] 20:46:32.523314 <... futex resumed>) = 0 <0.001367>
[pid 15244] 20:46:32.523513 <... futex resumed>) = 1 <0.000811>
[pid 15238] 20:46:32.523729 futex(0xc000075148, FUTEX_WAIT_PRIVATE, 0, NULL <unfinished ...>
[pid 15236] 20:46:32.524079 rt_sigprocmask(SIG_SETMASK, ~[HUP INT QUIT ILL TRAP ABRT BUS FPE SEGV TERM STKFLT CHLD URG PROF SYS RTMIN RT_1 RT_2],  <unfinished ...>
[pid 15244] 20:46:32.524460 futex(0xc000101148, FUTEX_WAIT_PRIVATE, 0, NULL <unfinished ...>
[pid 15236] 20:46:32.524819 <... rt_sigprocmask resumed>NULL, 8) = 0 <0.000390>
[pid 15237] 20:46:32.525000 <... nanosleep resumed>NULL) = 0 <0.011034>
[pid 15236] 20:46:32.525193 futex(0xc000101148, FUTEX_WAKE_PRIVATE, 1 <unfinished ...>
[pid 15237] 20:46:32.525556 nanosleep({tv_sec=0, tv_nsec=10000000},  <unfinished ...>
[pid 15236] 20:46:32.525963 <... futex resumed>) = 1 <0.000384>
[pid 15244] 20:46:32.526164 <... futex resumed>) = 0 <0.001527>
[pid 15236] 20:46:32.526354 futex(0xc000075148, FUTEX_WAKE_PRIVATE, 1 <unfinished ...>
[pid 15244] 20:46:32.526751 futex(0xc000075948, FUTEX_WAKE_PRIVATE, 1 <unfinished ...>
[pid 15236] 20:46:32.527121 <... futex resumed>) = 1 <0.000434>
[pid 15238] 20:46:32.527318 <... futex resumed>) = 0 <0.003417>
[pid 15236] 20:46:32.527516 futex(0x1b95aa0, FUTEX_WAIT_PRIVATE, 0, NULL <unfinished ...>
[pid 15244] 20:46:32.527877 <... futex resumed>) = 1 <0.000795>
[pid 15239] 20:46:32.528056 <... futex resumed>) = 0 <0.004937>
[pid 15244] 20:46:32.528254 futex(0xc000075148, FUTEX_WAKE_PRIVATE, 1 <unfinished ...>
[pid 15238] 20:46:32.528602 futex(0xc000075148, FUTEX_WAIT_PRIVATE, 0, NULL <unfinished ...>
[pid 15244] 20:46:32.528976 <... futex resumed>) = 0 <0.000401>
[pid 15239] 20:46:32.529160 futex(0xc000458148, FUTEX_WAKE_PRIVATE, 1 <unfinished ...>
[pid 15244] 20:46:32.529514 futex(0x1bf8ee0, FUTEX_WAIT_PRIVATE, 0, NULL <unfinished ...>
[pid 15238] 20:46:32.529872 <... futex resumed>) = -1 EAGAIN (Resource temporarily unavailable) <0.000910>
[pid 15243] 20:46:32.530066 <... futex resumed>) = 0 <0.386201>
[pid 15239] 20:46:32.530274 <... futex resumed>) = 1 <0.000944>
[pid 15243] 20:46:32.530468 futex(0xc000458148, FUTEX_WAIT_PRIVATE, 0, NULL <unfinished ...>
[pid 15238] 20:46:32.530820 futex(0xc000075148, FUTEX_WAIT_PRIVATE, 0, NULL <unfinished ...>
[pid 15243] 20:46:32.531161 <... futex resumed>) = -1 EAGAIN (Resource temporarily unavailable) <0.000369>
[pid 15239] 20:46:32.531358 futex(0xc000458148, FUTEX_WAKE_PRIVATE, 1 <unfinished ...>
[pid 15243] 20:46:32.531784 nanosleep({tv_sec=0, tv_nsec=3000},  <unfinished ...>
[pid 15239] 20:46:32.532242 <... futex resumed>) = 0 <0.000496>
[pid 15243] 20:46:32.532467 <... nanosleep resumed>NULL) = 0 <0.000453>
[pid 15239] 20:46:32.532702 write(6, "\0", 1 <unfinished ...>
[pid 15243] 20:46:32.533163 futex(0xc000075148, FUTEX_WAKE_PRIVATE, 1 <unfinished ...>
[pid 15240] 20:46:32.533590 <... epoll_pwait resumed>[{events=EPOLLIN, data={u32=29327296, u64=29327296}}], 128, 24960, NULL, 0) = 1 <0.416125>
[pid 15239] 20:46:32.533822 <... write resumed>) = 1 <0.000902>
[pid 15243] 20:46:32.534063 <... futex resumed>) = 1 <0.000695>
[pid 15240] 20:46:32.534307 read(5,  <unfinished ...>
[pid 15238] 20:46:32.534689 <... futex resumed>) = 0 <0.003545>
[pid 15243] 20:46:32.534895 futex(0xc000458148, FUTEX_WAIT_PRIVATE, 0, NULL <unfinished ...>
[pid 15240] 20:46:32.535252 <... read resumed>"\0", 16) = 1 <0.000588>
[pid 15239] 20:46:32.535451 futex(0x1b95aa0, FUTEX_WAKE_PRIVATE, 1 <unfinished ...>
[pid 15240] 20:46:32.535817 epoll_pwait(4,  <unfinished ...>
[pid 15238] 20:46:32.536172 futex(0xc000075148, FUTEX_WAIT_PRIVATE, 0, NULL <unfinished ...>
[pid 15236] 20:46:32.536527 <... futex resumed>) = 0 <0.008685>
[pid 15240] 20:46:32.536708 <... epoll_pwait resumed>[], 128, 0, NULL, 0) = 0 <0.000733>
[pid 15239] 20:46:32.536898 <... futex resumed>) = 1 <0.001273>
[pid 15237] 20:46:32.537150 <... nanosleep resumed>NULL) = 0 <0.011420>
[pid 15236] 20:46:32.537362 rt_sigprocmask(SIG_SETMASK, ~[HUP INT QUIT ILL TRAP ABRT BUS FPE SEGV TERM STKFLT CHLD URG PROF SYS RTMIN RT_1 RT_2],  <unfinished ...>
[pid 15240] 20:46:32.537731 epoll_pwait(4,  <unfinished ...>
[pid 15239] 20:46:32.538083 futex(0xc000075948, FUTEX_WAIT_PRIVATE, 0, NULL <unfinished ...>
[pid 15236] 20:46:32.538420 <... rt_sigprocmask resumed>NULL, 8) = 0 <0.000731>
[pid 15237] 20:46:32.538615 nanosleep({tv_sec=0, tv_nsec=10000000},  <unfinished ...>
[pid 15236] 20:46:32.538979 futex(0xc000075948, FUTEX_WAKE_PRIVATE, 1) = 1 <0.000082>
[pid 15239] 20:46:32.539414 <... futex resumed>) = 0 <0.001176>
[pid 15236] 20:46:32.539602 futex(0xc000075148, FUTEX_WAKE_PRIVATE, 1 <unfinished ...>
[pid 15239] 20:46:32.539946 futex(0xc000458148, FUTEX_WAKE_PRIVATE, 1 <unfinished ...>
[pid 15236] 20:46:32.540322 <... futex resumed>) = 1 <0.000391>
[pid 15238] 20:46:32.540519 <... futex resumed>) = 0 <0.004174>
[pid 15236] 20:46:32.540715 futex(0x1b95aa0, FUTEX_WAIT_PRIVATE, 0, NULL <unfinished ...>
[pid 15243] 20:46:32.541052 <... futex resumed>) = 0 <0.005829>
[pid 15239] 20:46:32.541247 <... futex resumed>) = 1 <0.001116>
[pid 15243] 20:46:32.541440 futex(0xc000458148, FUTEX_WAIT_PRIVATE, 0, NULL <unfinished ...>
[pid 15238] 20:46:32.541777 futex(0xc000075148, FUTEX_WAIT_PRIVATE, 0, NULL <unfinished ...>
[pid 15243] 20:46:32.542136 <... futex resumed>) = -1 EAGAIN (Resource temporarily unavailable) <0.000384>
[pid 15239] 20:46:32.542334 futex(0xc000458148, FUTEX_WAKE_PRIVATE, 1 <unfinished ...>
[pid 15243] 20:46:32.542680 nanosleep({tv_sec=0, tv_nsec=3000},  <unfinished ...>
[pid 15239] 20:46:32.543056 <... futex resumed>) = 0 <0.000385>
[pid 15243] 20:46:32.543246 <... nanosleep resumed>NULL) = 0 <0.000394>
[pid 15239] 20:46:32.543446 futex(0x1b95aa0, FUTEX_WAKE_PRIVATE, 1 <unfinished ...>
[pid 15243] 20:46:32.543802 futex(0xc000458148, FUTEX_WAIT_PRIVATE, 0, NULL <unfinished ...>
[pid 15236] 20:46:32.544185 <... futex resumed>) = 0 <0.003148>
[pid 15239] 20:46:32.544375 <... futex resumed>) = 1 <0.000763>
[pid 15236] 20:46:32.544572 rt_sigprocmask(SIG_SETMASK, ~[HUP INT QUIT ILL TRAP ABRT BUS FPE SEGV TERM STKFLT CHLD URG PROF SYS RTMIN RT_1 RT_2],  <unfinished ...>
[pid 15239] 20:46:32.544935 futex(0xc000075948, FUTEX_WAIT_PRIVATE, 0, NULL <unfinished ...>
[pid 15236] 20:46:32.545378 <... rt_sigprocmask resumed>NULL, 8) = 0 <0.000466>
[pid 15236] 20:46:32.545611 futex(0xc000075948, FUTEX_WAKE_PRIVATE, 1) = 1 <0.000092>
[pid 15239] 20:46:32.546075 <... futex resumed>) = 0 <0.000887>
[pid 15236] 20:46:32.546273 futex(0xc000458148, FUTEX_WAKE_PRIVATE, 1 <unfinished ...>
[pid 15239] 20:46:32.546622 futex(0xc000075148, FUTEX_WAKE_PRIVATE, 1 <unfinished ...>
[pid 15236] 20:46:32.546978 <... futex resumed>) = 1 <0.000381>
[pid 15243] 20:46:32.547175 <... futex resumed>) = 0 <0.003181>
[pid 15236] 20:46:32.547380 futex(0x1b95aa0, FUTEX_WAIT_PRIVATE, 0, NULL <unfinished ...>
[pid 15239] 20:46:32.547726 <... futex resumed>) = 1 <0.000779>
[pid 15238] 20:46:32.547911 <... futex resumed>) = 0 <0.005955>
[pid 15243] 20:46:32.548126 futex(0xc000458148, FUTEX_WAIT_PRIVATE, 0, NULL <unfinished ...>
[pid 15239] 20:46:32.548479 exit_group(64 <unfinished ...>
[pid 15238] 20:46:32.549026 nanosleep({tv_sec=0, tv_nsec=3000},  <unfinished ...>
[pid 15236] 20:46:32.549530 <... futex resumed>) = ?
[pid 15244] 20:46:32.549775 <... futex resumed>) = ?
[pid 15243] 20:46:32.549988 <... futex resumed>) = ?
[pid 15242] 20:46:32.550220 <... futex resumed>) = ?
[pid 15241] 20:46:32.550475 <... futex resumed>) = ?
[pid 15240] 20:46:32.550704 <... epoll_pwait resumed> <unfinished ...>) = ?
[pid 15239] 20:46:32.550954 <... exit_group resumed>) = ?
[pid 15237] 20:46:32.551190 <... nanosleep resumed> <unfinished ...>) = ?
[pid 15244] 20:46:32.551464 +++ exited with 64 +++
[pid 15243] 20:46:32.551680 +++ exited with 64 +++
[pid 15242] 20:46:32.551869 +++ exited with 64 +++
[pid 15241] 20:46:32.552067 +++ exited with 64 +++
[pid 15240] 20:46:32.552265 +++ exited with 64 +++
[pid 15239] 20:46:32.552451 +++ exited with 64 +++
[pid 15238] 20:46:32.552637 +++ exited with 64 +++
[pid 15237] 20:46:32.553412 +++ exited with 64 +++
20:46:32.553729 +++ exited with 64 +++
