[pid  4376] 16:39:54.775858 futex(0x1b987e0, FUTEX_WAIT_PRIVATE, 0, {tv_sec=1, tv_nsec=934386860} <unfinished ...>
[pid  4381] 16:39:54.797160 <... epoll_pwait resumed>[{events=EPOLLIN|EPOLLOUT, data={u32=775946243, u64=9187012171647680515}}], 128, 1937, NULL, 0) = 1 <0.020859>
[pid  4381] 16:39:54.798099 futex(0x1b987e0, FUTEX_WAKE_PRIVATE, 1) = 1 <0.000113>
[pid  4376] 16:39:54.799336 <... futex resumed>) = 0 <0.022090>
[pid  4381] 16:39:54.799922 read(3,  <unfinished ...>
[pid  4376] 16:39:54.801375 nanosleep({tv_sec=0, tv_nsec=20000},  <unfinished ...>
[pid  4381] 16:39:54.803323 <... read resumed>"HTTP/1.1 200 OK\r\nApi-Version: 1."..., 4096) = 297 <0.001428>
[pid  4376] 16:39:54.804267 <... nanosleep resumed>NULL) = 0 <0.002127>
[pid  4376] 16:39:54.805034 nanosleep({tv_sec=0, tv_nsec=20000}, NULL) = 0 <0.000256>
[pid  4381] 16:39:54.806209 futex(0xc0000a0148, FUTEX_WAKE_PRIVATE, 1 <unfinished ...>
[pid  4376] 16:39:54.806816 nanosleep({tv_sec=0, tv_nsec=20000},  <unfinished ...>
[pid  4381] 16:39:54.807402 <... futex resumed>) = 1 <0.000611>
[pid  4379] 16:39:54.807632 <... futex resumed>) = 0 <0.032852>
[pid  4381] 16:39:54.807897 read(3,  <unfinished ...>
[pid  4376] 16:39:54.808385 <... nanosleep resumed>NULL) = 0 <0.001024>
[pid  4381] 16:39:54.808675 <... read resumed>0xc00002e000, 4096) = -1 EAGAIN (Resource temporarily unavailable) <0.000554>
[pid  4379] 16:39:54.808922 futex(0xc0002d8948, FUTEX_WAKE_PRIVATE, 1 <unfinished ...>
[pid  4381] 16:39:54.809419 epoll_pwait(4,  <unfinished ...>
[pid  4376] 16:39:54.809911 epoll_pwait(4,  <unfinished ...>
[pid  4382] 16:39:54.810342 <... futex resumed>) = 0 <0.044429>
[pid  4381] 16:39:54.810611 <... epoll_pwait resumed>[], 128, 0, NULL, 0) = 0 <0.000924>
[pid  4379] 16:39:54.810963 <... futex resumed>) = 1 <0.001762>
[pid  4382] 16:39:54.811315 epoll_pwait(4,  <unfinished ...>
[pid  4381] 16:39:54.812229 epoll_pwait(4,  <unfinished ...>
[pid  4376] 16:39:54.813677 <... epoll_pwait resumed>[], 128, 0, NULL, 0) = 0 <0.003047>
[pid  4382] 16:39:54.814117 <... epoll_pwait resumed>[], 128, 0, NULL, 0) = 0 <0.002221>
[pid  4376] 16:39:54.814875 nanosleep({tv_sec=0, tv_nsec=20000},  <unfinished ...>
[pid  4382] 16:39:54.815641 futex(0xc0002d8948, FUTEX_WAIT_PRIVATE, 0, NULL <unfinished ...>
[pid  4376] 16:39:54.816270 <... nanosleep resumed>NULL) = 0 <0.000671>
[pid  4376] 16:39:54.816768 nanosleep({tv_sec=0, tv_nsec=20000}, NULL) = 0 <0.000207>
[pid  4376] 16:39:54.817780 nanosleep({tv_sec=0, tv_nsec=20000}, NULL) = 0 <0.000287>
[pid  4376] 16:39:54.818857 getpid( <unfinished ...>
[pid  4379] 16:39:54.819414 futex(0xc0002d8948, FUTEX_WAKE_PRIVATE, 1 <unfinished ...>
[pid  4376] 16:39:54.819964 <... getpid resumed>) = 4375 <0.000569>
[pid  4382] 16:39:54.820215 <... futex resumed>) = 0 <0.004273>
[pid  4379] 16:39:54.820466 <... futex resumed>) = 1 <0.000763>
[pid  4382] 16:39:54.820784 futex(0xc0002d9148, FUTEX_WAKE_PRIVATE, 1 <unfinished ...>
[pid  4376] 16:39:54.821271 tgkill(4375, 4379, SIGURG <unfinished ...>
[pid  4383] 16:39:54.821809 <... futex resumed>) = 0 <0.062505>
[pid  4382] 16:39:54.822095 <... futex resumed>) = 1 <0.001066>
[pid  4379] 16:39:54.822339 futex(0xc0000a0148, FUTEX_WAIT_PRIVATE, 0, NULL <unfinished ...>
[pid  4383] 16:39:54.823306 futex(0xc0002d9148, FUTEX_WAIT_PRIVATE, 0, NULL <unfinished ...>
[pid  4376] 16:39:54.824953 <... tgkill resumed>) = 0 <0.002931>
[pid  4379] 16:39:54.825236 <... futex resumed>) = ? ERESTARTSYS (To be restarted if SA_RESTART is set) <0.002351>
[pid  4376] 16:39:54.826031 nanosleep({tv_sec=0, tv_nsec=20000},  <unfinished ...>
[pid  4379] 16:39:54.827339 --- SIGURG {si_signo=SIGURG, si_code=SI_TKILL, si_pid=4375, si_uid=1000} ---
[pid  4376] 16:39:54.828109 <... nanosleep resumed>NULL) = 0 <0.001463>
[pid  4382] 16:39:54.831067 futex(0xc0002d9148, FUTEX_WAKE_PRIVATE, 1 <unfinished ...>
[pid  4379] 16:39:54.831746 rt_sigreturn({mask=[]} <unfinished ...>
[pid  4383] 16:39:54.832365 <... futex resumed>) = 0 <0.007743>
[pid  4382] 16:39:54.832615 <... futex resumed>) = 1 <0.001159>
[pid  4376] 16:39:54.832811 getpid( <unfinished ...>
[pid  4383] 16:39:54.841121 nanosleep({tv_sec=0, tv_nsec=3000},  <unfinished ...>
[pid  4382] 16:39:54.841756 write(3, "POST /v1.47/containers/create?na"..., 1931 <unfinished ...>
[pid  4379] 16:39:54.842295 <... rt_sigreturn resumed>) = 202 <0.009925>
[pid  4383] 16:39:54.842698 <... nanosleep resumed>NULL) = 0 <0.001224>
[pid  4382] 16:39:54.843009 <... write resumed>) = 1931 <0.000966>
[pid  4381] 16:39:54.843336 <... epoll_pwait resumed>[{events=EPOLLOUT, data={u32=775946243, u64=9187012171647680515}}], 128, 1901, NULL, 0) = 1 <0.030224>
[pid  4376] 16:39:54.843673 <... getpid resumed>) = 4375 <0.003293>
[pid  4383] 16:39:54.843977 futex(0xc0000a0148, FUTEX_WAKE_PRIVATE, 1 <unfinished ...>
[pid  4382] 16:39:54.844449 futex(0xc0002d8948, FUTEX_WAIT_PRIVATE, 0, NULL <unfinished ...>
[pid  4381] 16:39:54.844883 epoll_pwait(4,  <unfinished ...>
[pid  4379] 16:39:54.845315 futex(0xc0000a0148, FUTEX_WAIT_PRIVATE, 0, NULL <unfinished ...>
[pid  4376] 16:39:54.846027 tgkill(4375, 4382, SIGURG <unfinished ...>
[pid  4383] 16:39:54.846899 <... futex resumed>) = 0 <0.002333>
[pid  4381] 16:39:54.847270 <... epoll_pwait resumed>[], 128, 0, NULL, 0) = 0 <0.002171>
[pid  4379] 16:39:54.847720 <... futex resumed>) = -1 EAGAIN (Resource temporarily unavailable) <0.002194>
[pid  4383] 16:39:54.849199 epoll_pwait(4,  <unfinished ...>
[pid  4382] 16:39:54.849923 <... futex resumed>) = ? ERESTARTSYS (To be restarted if SA_RESTART is set) <0.004943>
[pid  4381] 16:39:54.850282 epoll_pwait(4,  <unfinished ...>
[pid  4376] 16:39:54.850944 <... tgkill resumed>) = 0 <0.004084>
[pid  4383] 16:39:54.851539 <... epoll_pwait resumed>[], 128, 0, NULL, 0) = 0 <0.001971>
[pid  4382] 16:39:54.852011 --- SIGURG {si_signo=SIGURG, si_code=SI_TKILL, si_pid=4375, si_uid=1000} ---
[pid  4379] 16:39:54.852391 futex(0xc0000a0148, FUTEX_WAIT_PRIVATE, 0, NULL <unfinished ...>
[pid  4383] 16:39:54.852999 futex(0xc0002d9148, FUTEX_WAIT_PRIVATE, 0, NULL <unfinished ...>
[pid  4382] 16:39:54.853567 rt_sigreturn({mask=[]} <unfinished ...>
[pid  4376] 16:39:54.854304 nanosleep({tv_sec=0, tv_nsec=20000},  <unfinished ...>
[pid  4382] 16:39:54.855302 <... rt_sigreturn resumed>) = 202 <0.001007>
[pid  4376] 16:39:54.855735 <... nanosleep resumed>NULL) = 0 <0.000889>
[pid  4382] 16:39:54.856446 futex(0xc0002d8948, FUTEX_WAIT_PRIVATE, 0, NULL <unfinished ...>
[pid  4376] 16:39:54.858132 futex(0x1b987e0, FUTEX_WAIT_PRIVATE, 0, {tv_sec=29, tv_nsec=949414122} <unfinished ...>
[pid  4381] 16:39:56.360503 <... epoll_pwait resumed>[{events=EPOLLIN|EPOLLOUT, data={u32=775946243, u64=9187012171647680515}}], 128, 29958, NULL, 0) = 1 <1.505635>
[pid  4381] 16:39:56.373130 futex(0x1b987e0, FUTEX_WAKE_PRIVATE, 1) = 1 <0.000693>
[pid  4376] 16:39:56.382780 <... futex resumed>) = 0 <1.523802>
[pid  4381] 16:39:56.405691 read(3,  <unfinished ...>
[pid  4376] 16:39:56.418406 epoll_pwait(4,  <unfinished ...>
[pid  4381] 16:39:56.433795 <... read resumed>"HTTP/1.1 201 Created\r\nApi-Versio"..., 4096) = 313 <0.016706>
[pid  4381] 16:39:56.438073 futex(0xc0002d9148, FUTEX_WAKE_PRIVATE, 1 <unfinished ...>
[pid  4376] 16:39:56.439720 <... epoll_pwait resumed>[{events=EPOLLOUT, data={u32=775946243, u64=9187012171647680515}}], 128, 0, NULL, 0) = 1 <0.009276>
[pid  4383] 16:39:56.440531 <... futex resumed>) = 0 <1.587262>
[pid  4381] 16:39:56.440846 <... futex resumed>) = 1 <0.001444>
[pid  4383] 16:39:56.442238 nanosleep({tv_sec=0, tv_nsec=3000},  <unfinished ...>
[pid  4381] 16:39:56.462079 read(3,  <unfinished ...>
[pid  4376] 16:39:56.510319 nanosleep({tv_sec=0, tv_nsec=20000},  <unfinished ...>
[pid  4383] 16:39:56.527603 <... nanosleep resumed>NULL) = 0 <0.068532>
[pid  4381] 16:39:56.542325 <... read resumed>0xc00002e000, 4096) = -1 EAGAIN (Resource temporarily unavailable) <0.042116>
[pid  4383] 16:39:56.560612 futex(0xc0000a0148, FUTEX_WAKE_PRIVATE, 1 <unfinished ...>
[pid  4376] 16:39:56.603639 <... nanosleep resumed>NULL) = 0 <0.055368>
[pid  4383] 16:39:56.619763 <... futex resumed>) = 1 <0.045404>
[pid  4381] 16:39:56.625491 epoll_pwait(4,  <unfinished ...>
[pid  4379] 16:39:56.646613 <... futex resumed>) = 0 <1.785711>
[pid  4383] 16:39:56.651528 futex(0x1b95aa0, FUTEX_WAKE_PRIVATE, 1 <unfinished ...>
[pid  4381] 16:39:56.677598 <... epoll_pwait resumed>[], 128, 0, NULL, 0) = 0 <0.026838>
[pid  4376] 16:39:56.684153 epoll_pwait(4,  <unfinished ...>
[pid  4375] 16:39:56.689807 <... futex resumed>) = 0 <2.147679>
[pid  4383] 16:39:56.694472 <... futex resumed>) = 1 <0.029311>
[pid  4381] 16:39:56.698211 epoll_pwait(4,  <unfinished ...>
[pid  4379] 16:39:56.705916 epoll_pwait(4,  <unfinished ...>
[pid  4375] 16:39:56.714918 rt_sigprocmask(SIG_SETMASK, ~[HUP INT QUIT ILL TRAP ABRT BUS FPE SEGV TERM STKFLT CHLD URG PROF SYS RTMIN RT_1 RT_2],  <unfinished ...>
[pid  4383] 16:39:56.725735 futex(0xc0002d9148, FUTEX_WAIT_PRIVATE, 0, NULL <unfinished ...>
[pid  4376] 16:39:56.740609 <... epoll_pwait resumed>[], 128, 0, NULL, 0) = 0 <0.049776>
[pid  4375] 16:39:56.742192 <... rt_sigprocmask resumed>NULL, 8) = 0 <0.022543>
[pid  4379] 16:39:56.744742 <... epoll_pwait resumed>[], 128, 0, NULL, 0) = 0 <0.036469>
[pid  4375] 16:39:56.752644 futex(0xc0002d9148, FUTEX_WAKE_PRIVATE, 1 <unfinished ...>
[pid  4376] 16:39:56.766768 nanosleep({tv_sec=0, tv_nsec=20000},  <unfinished ...>
[pid  4375] 16:39:56.773536 <... futex resumed>) = 1 <0.007509>
[pid  4383] 16:39:56.774336 <... futex resumed>) = 0 <0.038167>
[pid  4379] 16:39:56.780182 futex(0xc0002d8948, FUTEX_WAKE_PRIVATE, 1 <unfinished ...>
[pid  4375] 16:39:56.787717 futex(0x1b95aa0, FUTEX_WAIT_PRIVATE, 0, NULL <unfinished ...>
[pid  4383] 16:39:56.790636 futex(0xc0002d9148, FUTEX_WAIT_PRIVATE, 0, NULL <unfinished ...>
[pid  4376] 16:39:56.792319 <... nanosleep resumed>NULL) = 0 <0.020182>
[pid  4382] 16:39:56.793305 <... futex resumed>) = 0 <1.935922>
[pid  4379] 16:39:56.795010 <... futex resumed>) = 1 <0.011342>
[pid  4382] 16:39:56.798101 futex(0xc0002d8948, FUTEX_WAIT_PRIVATE, 0, NULL <unfinished ...>
[pid  4376] 16:39:56.800412 nanosleep({tv_sec=0, tv_nsec=20000},  <unfinished ...>
[pid  4382] 16:39:56.803020 <... futex resumed>) = -1 EAGAIN (Resource temporarily unavailable) <0.001036>
[pid  4379] 16:39:56.803706 futex(0xc0002d8948, FUTEX_WAKE_PRIVATE, 1 <unfinished ...>
[pid  4382] 16:39:56.804495 nanosleep({tv_sec=0, tv_nsec=3000},  <unfinished ...>
[pid  4376] 16:39:56.805395 <... nanosleep resumed>NULL) = 0 <0.003953>
[pid  4382] 16:39:56.805957 <... nanosleep resumed>NULL) = 0 <0.001107>
[pid  4379] 16:39:56.806367 <... futex resumed>) = 0 <0.002231>
[pid  4382] 16:39:56.806756 futex(0xc0002d9148, FUTEX_WAKE_PRIVATE, 1 <unfinished ...>
[pid  4376] 16:39:56.807983 nanosleep({tv_sec=0, tv_nsec=20000},  <unfinished ...>
[pid  4383] 16:39:56.809133 <... futex resumed>) = 0 <0.017589>
[pid  4382] 16:39:56.811530 <... futex resumed>) = 1 <0.004482>
[pid  4379] 16:39:56.812213 futex(0xc0000a0148, FUTEX_WAIT_PRIVATE, 0, NULL <unfinished ...>
[pid  4383] 16:39:56.813787 futex(0xc0002d9148, FUTEX_WAIT_PRIVATE, 0, NULL <unfinished ...>
[pid  4382] 16:39:56.814788 futex(0x1b95aa0, FUTEX_WAKE_PRIVATE, 1 <unfinished ...>
[pid  4376] 16:39:56.815319 <... nanosleep resumed>NULL) = 0 <0.006445>
[pid  4375] 16:39:56.815599 <... futex resumed>) = 0 <0.025915>
[pid  4382] 16:39:56.815837 <... futex resumed>) = 1 <0.000772>
[pid  4375] 16:39:56.816041 rt_sigprocmask(SIG_SETMASK, ~[HUP INT QUIT ILL TRAP ABRT BUS FPE SEGV TERM STKFLT CHLD URG PROF SYS RTMIN RT_1 RT_2],  <unfinished ...>
[pid  4376] 16:39:56.816445 nanosleep({tv_sec=0, tv_nsec=20000},  <unfinished ...>
[pid  4375] 16:39:56.816816 <... rt_sigprocmask resumed>NULL, 8) = 0 <0.000411>
[pid  4382] 16:39:56.817030 futex(0xc0002d8948, FUTEX_WAIT_PRIVATE, 0, NULL <unfinished ...>
[pid  4375] 16:39:56.817816 futex(0xc0002d8948, FUTEX_WAKE_PRIVATE, 1 <unfinished ...>
[pid  4376] 16:39:56.818655 <... nanosleep resumed>NULL) = 0 <0.001586>
[pid  4375] 16:39:56.819026 <... futex resumed>) = 0 <0.000841>
[pid  4382] 16:39:56.819922 <... futex resumed>) = -1 EAGAIN (Resource temporarily unavailable) <0.002430>
[pid  4375] 16:39:56.820383 futex(0xc0002d9148, FUTEX_WAKE_PRIVATE, 1 <unfinished ...>
[pid  4376] 16:39:56.821455 nanosleep({tv_sec=0, tv_nsec=20000},  <unfinished ...>
[pid  4375] 16:39:56.822130 <... futex resumed>) = 1 <0.001113>
[pid  4383] 16:39:56.822471 <... futex resumed>) = 0 <0.008034>
[pid  4382] 16:39:56.824200 futex(0xc0000a0148, FUTEX_WAKE_PRIVATE, 1 <unfinished ...>
[pid  4375] 16:39:56.829733 futex(0x1b95aa0, FUTEX_WAIT_PRIVATE, 0, NULL <unfinished ...>
[pid  4383] 16:39:56.830506 futex(0xc0002d9148, FUTEX_WAIT_PRIVATE, 0, NULL <unfinished ...>
[pid  4376] 16:39:56.831152 <... nanosleep resumed>NULL) = 0 <0.009108>
[pid  4382] 16:39:56.831507 <... futex resumed>) = 1 <0.003219>
[pid  4379] 16:39:56.831854 <... futex resumed>) = 0 <0.018931>
[pid  4382] 16:39:56.832227 futex(0x1b95aa0, FUTEX_WAKE_PRIVATE, 1 <unfinished ...>
[pid  4379] 16:39:56.832786 futex(0xc0000a0148, FUTEX_WAIT_PRIVATE, 0, NULL <unfinished ...>
[pid  4376] 16:39:56.833328 nanosleep({tv_sec=0, tv_nsec=20000},  <unfinished ...>
[pid  4375] 16:39:56.833926 <... futex resumed>) = 0 <0.003458>
[pid  4382] 16:39:56.834332 <... futex resumed>) = 1 <0.001822>
[pid  4375] 16:39:56.834692 rt_sigprocmask(SIG_SETMASK, ~[HUP INT QUIT ILL TRAP ABRT BUS FPE SEGV TERM STKFLT CHLD URG PROF SYS RTMIN RT_1 RT_2],  <unfinished ...>
[pid  4376] 16:39:56.835261 <... nanosleep resumed>NULL) = 0 <0.001406>
[pid  4382] 16:39:56.835503 futex(0xc0002d8948, FUTEX_WAIT_PRIVATE, 0, NULL <unfinished ...>
[pid  4375] 16:39:56.835991 <... rt_sigprocmask resumed>NULL, 8) = 0 <0.000786>
[pid  4376] 16:39:56.836299 nanosleep({tv_sec=0, tv_nsec=20000},  <unfinished ...>
[pid  4375] 16:39:56.836855 futex(0xc0002d8948, FUTEX_WAKE_PRIVATE, 1 <unfinished ...>
[pid  4376] 16:39:56.837388 <... nanosleep resumed>NULL) = 0 <0.000526>
[pid  4375] 16:39:56.837695 <... futex resumed>) = 1 <0.000621>
[pid  4382] 16:39:56.838017 <... futex resumed>) = 0 <0.002263>
[pid  4375] 16:39:56.838304 futex(0xc0000a0148, FUTEX_WAKE_PRIVATE, 1 <unfinished ...>
[pid  4376] 16:39:56.838832 nanosleep({tv_sec=0, tv_nsec=20000},  <unfinished ...>
[pid  4375] 16:39:56.839467 <... futex resumed>) = 1 <0.000597>
[pid  4382] 16:39:56.839780 futex(0xc0002d9148, FUTEX_WAKE_PRIVATE, 1 <unfinished ...>
[pid  4379] 16:39:56.840364 <... futex resumed>) = 0 <0.007045>
[pid  4375] 16:39:56.840697 futex(0x1b95aa0, FUTEX_WAIT_PRIVATE, 0, NULL <unfinished ...>
[pid  4383] 16:39:56.841299 <... futex resumed>) = 0 <0.010225>
[pid  4382] 16:39:56.841590 <... futex resumed>) = 1 <0.001543>
[pid  4376] 16:39:56.842083 <... nanosleep resumed>NULL) = 0 <0.002969>
[pid  4383] 16:39:56.843630 futex(0xc0002d9148, FUTEX_WAIT_PRIVATE, 0, NULL <unfinished ...>
[pid  4382] 16:39:56.844186 futex(0xc0002d9148, FUTEX_WAKE_PRIVATE, 1 <unfinished ...>
[pid  4379] 16:39:56.844747 futex(0xc0000a0148, FUTEX_WAIT_PRIVATE, 0, NULL <unfinished ...>
[pid  4383] 16:39:56.845284 <... futex resumed>) = -1 EAGAIN (Resource temporarily unavailable) <0.001117>
[pid  4382] 16:39:56.845839 <... futex resumed>) = 0 <0.001373>
[pid  4376] 16:39:56.846177 nanosleep({tv_sec=0, tv_nsec=20000},  <unfinished ...>
[pid  4383] 16:39:56.846657 nanosleep({tv_sec=0, tv_nsec=3000},  <unfinished ...>
[pid  4382] 16:39:56.847176 futex(0x1b95aa0, FUTEX_WAKE_PRIVATE, 1 <unfinished ...>
[pid  4383] 16:39:56.847729 <... nanosleep resumed>NULL) = 0 <0.000549>
[pid  4376] 16:39:56.848158 <... nanosleep resumed>NULL) = 0 <0.001706>
[pid  4375] 16:39:56.848621 <... futex resumed>) = 0 <0.007580>
[pid  4383] 16:39:56.849111 futex(0xc0002d9148, FUTEX_WAIT_PRIVATE, 0, NULL <unfinished ...>
[pid  4382] 16:39:56.849691 <... futex resumed>) = 1 <0.002029>
[pid  4375] 16:39:56.849978 rt_sigprocmask(SIG_SETMASK, ~[HUP INT QUIT ILL TRAP ABRT BUS FPE USR1 SEGV TERM STKFLT CHLD URG PROF SYS RTMIN RT_1 RT_2],  <unfinished ...>
[pid  4376] 16:39:56.850529 nanosleep({tv_sec=0, tv_nsec=20000},  <unfinished ...>
[pid  4375] 16:39:56.851159 <... rt_sigprocmask resumed>NULL, 8) = 0 <0.000637>
[pid  4382] 16:39:56.851433 futex(0xc0002d8948, FUTEX_WAIT_PRIVATE, 0, NULL <unfinished ...>
[pid  4375] 16:39:56.851944 futex(0xc0002d8948, FUTEX_WAKE_PRIVATE, 1 <unfinished ...>
[pid  4376] 16:39:56.852398 <... nanosleep resumed>NULL) = 0 <0.001362>
[pid  4375] 16:39:56.852667 <... futex resumed>) = 0 <0.000485>
[pid  4382] 16:39:56.852975 <... futex resumed>) = -1 EAGAIN (Resource temporarily unavailable) <0.001282>
[pid  4375] 16:39:56.853355 futex(0xc0002d9148, FUTEX_WAKE_PRIVATE, 1 <unfinished ...>
[pid  4376] 16:39:56.853897 nanosleep({tv_sec=0, tv_nsec=20000},  <unfinished ...>
[pid  4375] 16:39:56.854473 <... futex resumed>) = 1 <0.000545>
[pid  4383] 16:39:56.854795 <... futex resumed>) = 0 <0.005374>
[pid  4382] 16:39:56.855112 futex(0xc0000a0148, FUTEX_WAKE_PRIVATE, 1 <unfinished ...>
[pid  4375] 16:39:56.856161 futex(0x1b95aa0, FUTEX_WAIT_PRIVATE, 0, NULL <unfinished ...>
[pid  4383] 16:39:56.856774 futex(0xc0002d9148, FUTEX_WAIT_PRIVATE, 0, NULL <unfinished ...>
[pid  4376] 16:39:56.857969 <... nanosleep resumed>NULL) = 0 <0.003473>
[pid  4382] 16:39:56.858347 <... futex resumed>) = 1 <0.002663>
[pid  4379] 16:39:56.858747 <... futex resumed>) = 0 <0.013769>
[pid  4376] 16:39:56.859058 nanosleep({tv_sec=0, tv_nsec=20000},  <unfinished ...>
[pid  4382] 16:39:56.859622 futex(0x1b95aa0, FUTEX_WAKE_PRIVATE, 1 <unfinished ...>
[pid  4379] 16:39:56.860172 futex(0xc0000a0148, FUTEX_WAIT_PRIVATE, 0, NULL <unfinished ...>
[pid  4375] 16:39:56.860761 <... futex resumed>) = 0 <0.004023>
[pid  4382] 16:39:56.861081 <... futex resumed>) = 1 <0.001204>
[pid  4376] 16:39:56.861360 <... nanosleep resumed>NULL) = 0 <0.002004>
[pid  4375] 16:39:56.861636 rt_sigprocmask(SIG_SETMASK, ~[HUP INT QUIT ILL TRAP ABRT BUS FPE USR1 SEGV USR2 TERM STKFLT CHLD URG PROF SYS RTMIN RT_1 RT_2],  <unfinished ...>
[pid  4382] 16:39:56.862684 futex(0xc0002d8948, FUTEX_WAIT_PRIVATE, 0, NULL <unfinished ...>
[pid  4376] 16:39:56.863298 nanosleep({tv_sec=0, tv_nsec=20000},  <unfinished ...>
[pid  4375] 16:39:56.863903 <... rt_sigprocmask resumed>NULL, 8) = 0 <0.001658>
[pid  4376] 16:39:56.864173 <... nanosleep resumed>NULL) = 0 <0.000544>
[pid  4375] 16:39:56.864479 futex(0xc0002d8948, FUTEX_WAKE_PRIVATE, 1 <unfinished ...>
[pid  4376] 16:39:56.864996 nanosleep({tv_sec=0, tv_nsec=20000},  <unfinished ...>
[pid  4375] 16:39:56.865588 <... futex resumed>) = 1 <0.000581>
[pid  4382] 16:39:56.865894 <... futex resumed>) = 0 <0.002911>
[pid  4375] 16:39:56.866247 futex(0xc0000a0148, FUTEX_WAKE_PRIVATE, 1 <unfinished ...>
[pid  4376] 16:39:56.866802 <... nanosleep resumed>NULL) = 0 <0.001294>
[pid  4375] 16:39:56.867167 <... futex resumed>) = 1 <0.000631>
[pid  4382] 16:39:56.867554 futex(0xc0002d9148, FUTEX_WAKE_PRIVATE, 1 <unfinished ...>
[pid  4379] 16:39:56.868183 <... futex resumed>) = 0 <0.007455>
[pid  4375] 16:39:56.868614 futex(0x1b95aa0, FUTEX_WAIT_PRIVATE, 0, NULL <unfinished ...>
[pid  4383] 16:39:56.869111 <... futex resumed>) = 0 <0.011265>
[pid  4382] 16:39:56.869441 <... futex resumed>) = 1 <0.001557>
[pid  4376] 16:39:56.869707 nanosleep({tv_sec=0, tv_nsec=20000},  <unfinished ...>
[pid  4383] 16:39:56.870279 futex(0xc0002d9148, FUTEX_WAIT_PRIVATE, 0, NULL <unfinished ...>
[pid  4382] 16:39:56.870675 futex(0xc0002d9148, FUTEX_WAKE_PRIVATE, 1 <unfinished ...>
[pid  4379] 16:39:56.871225 futex(0xc0000a0148, FUTEX_WAIT_PRIVATE, 0, NULL <unfinished ...>
[pid  4383] 16:39:56.871660 <... futex resumed>) = -1 EAGAIN (Resource temporarily unavailable) <0.001000>
[pid  4382] 16:39:56.871853 <... futex resumed>) = 0 <0.000969>
[pid  4376] 16:39:56.872086 <... nanosleep resumed>NULL) = 0 <0.002107>
[pid  4383] 16:39:56.872404 nanosleep({tv_sec=0, tv_nsec=3000},  <unfinished ...>
[pid  4382] 16:39:56.877569 futex(0x1b95aa0, FUTEX_WAKE_PRIVATE, 1 <unfinished ...>
[pid  4383] 16:39:56.885776 <... nanosleep resumed>NULL) = 0 <0.008159>
[pid  4376] 16:39:56.895396 nanosleep({tv_sec=0, tv_nsec=20000},  <unfinished ...>
[pid  4375] 16:39:56.910440 <... futex resumed>) = 0 <0.038867>
[pid  4383] 16:39:56.914210 futex(0xc0002d9148, FUTEX_WAIT_PRIVATE, 0, NULL <unfinished ...>
[pid  4382] 16:39:56.921037 <... futex resumed>) = 1 <0.033513>
[pid  4375] 16:39:56.926403 rt_sigprocmask(SIG_SETMASK, ~[HUP INT QUIT ILL TRAP ABRT BUS FPE USR1 SEGV USR2 PIPE TERM STKFLT CHLD URG PROF SYS RTMIN RT_1 RT_2],  <unfinished ...>
[pid  4376] 16:39:56.930535 <... nanosleep resumed>NULL) = 0 <0.019918>
[pid  4375] 16:39:56.931387 <... rt_sigprocmask resumed>NULL, 8) = 0 <0.003808>
[pid  4382] 16:39:56.931946 futex(0xc0002d8948, FUTEX_WAIT_PRIVATE, 0, NULL <unfinished ...>
[pid  4375] 16:39:56.932511 futex(0xc0002d8948, FUTEX_WAKE_PRIVATE, 1 <unfinished ...>
[pid  4376] 16:39:56.933406 nanosleep({tv_sec=0, tv_nsec=20000},  <unfinished ...>
[pid  4375] 16:39:56.936608 <... futex resumed>) = 0 <0.003074>
[pid  4382] 16:39:56.937028 <... futex resumed>) = -1 EAGAIN (Resource temporarily unavailable) <0.004763>
[pid  4375] 16:39:56.937875 futex(0xc0002d9148, FUTEX_WAKE_PRIVATE, 1 <unfinished ...>
[pid  4376] 16:39:56.938556 <... nanosleep resumed>NULL) = 0 <0.002263>
[pid  4375] 16:39:56.940892 <... futex resumed>) = 1 <0.002640>
[pid  4383] 16:39:56.941417 <... futex resumed>) = 0 <0.025521>
[pid  4382] 16:39:56.941839 futex(0xc0000a0148, FUTEX_WAKE_PRIVATE, 1 <unfinished ...>
[pid  4375] 16:39:56.942669 futex(0x1b95aa0, FUTEX_WAIT_PRIVATE, 0, NULL <unfinished ...>
[pid  4383] 16:39:56.943399 futex(0xc0002d9148, FUTEX_WAIT_PRIVATE, 0, NULL <unfinished ...>
[pid  4382] 16:39:56.944777 <... futex resumed>) = 1 <0.001855>
[pid  4379] 16:39:56.946555 <... futex resumed>) = 0 <0.075154>
[pid  4376] 16:39:56.947574 nanosleep({tv_sec=0, tv_nsec=20000},  <unfinished ...>
[pid  4382] 16:39:56.951369 futex(0x1b95aa0, FUTEX_WAKE_PRIVATE, 1 <unfinished ...>
[pid  4379] 16:39:56.952476 futex(0xc0000a0148, FUTEX_WAIT_PRIVATE, 0, NULL <unfinished ...>
[pid  4375] 16:39:56.963320 <... futex resumed>) = 0 <0.009770>
[pid  4382] 16:39:56.964042 <... futex resumed>) = 1 <0.011975>
[pid  4376] 16:39:56.964408 <... nanosleep resumed>NULL) = 0 <0.015121>
[pid  4375] 16:39:56.964809 rt_sigprocmask(SIG_SETMASK, ~[HUP INT QUIT ILL TRAP ABRT BUS FPE USR1 SEGV USR2 PIPE ALRM TERM STKFLT CHLD URG PROF SYS RTMIN RT_1 RT_2],  <unfinished ...>
[pid  4382] 16:39:56.965807 futex(0xc0002d8948, FUTEX_WAIT_PRIVATE, 0, NULL <unfinished ...>
[pid  4375] 16:39:56.970095 <... rt_sigprocmask resumed>NULL, 8) = 0 <0.003213>
[pid  4376] 16:39:56.970478 nanosleep({tv_sec=0, tv_nsec=20000},  <unfinished ...>
[pid  4375] 16:39:56.971215 futex(0xc0002d8948, FUTEX_WAKE_PRIVATE, 1 <unfinished ...>
[pid  4376] 16:39:56.979340 <... nanosleep resumed>NULL) = 0 <0.005605>
[pid  4375] 16:39:56.980478 <... futex resumed>) = 1 <0.004177>
[pid  4382] 16:39:56.981200 <... futex resumed>) = 0 <0.012870>
[pid  4375] 16:39:56.981623 futex(0xc0000a0148, FUTEX_WAKE_PRIVATE, 1 <unfinished ...>
[pid  4376] 16:39:56.982102 getpid( <unfinished ...>
[pid  4375] 16:39:56.985036 <... futex resumed>) = 1 <0.001139>
[pid  4382] 16:39:56.986623 futex(0xc0002d9148, FUTEX_WAKE_PRIVATE, 1 <unfinished ...>
[pid  4379] 16:39:56.997074 <... futex resumed>) = 0 <0.041714>
[pid  4376] 16:39:57.000544 <... getpid resumed>) = 4375 <0.017586>
[pid  4375] 16:39:57.002483 futex(0x1b95aa0, FUTEX_WAIT_PRIVATE, 0, NULL <unfinished ...>
[pid  4383] 16:39:57.003922 <... futex resumed>) = 0 <0.059342>
[pid  4382] 16:39:57.004388 <... futex resumed>) = 1 <0.009893>
[pid  4379] 16:39:57.005729 futex(0xc0000a0148, FUTEX_WAIT_PRIVATE, 0, NULL <unfinished ...>
[pid  4383] 16:39:57.007147 futex(0xc0002d9148, FUTEX_WAIT_PRIVATE, 0, NULL <unfinished ...>
[pid  4382] 16:39:57.007840 futex(0x1b95aa0, FUTEX_WAKE_PRIVATE, 1 <unfinished ...>
[pid  4376] 16:39:57.008677 tgkill(4375, 4375, SIGURG <unfinished ...>
[pid  4375] 16:39:57.009317 <... futex resumed>) = 0 <0.006109>
[pid  4382] 16:39:57.009685 <... futex resumed>) = 1 <0.001496>
[pid  4375] 16:39:57.010036 --- SIGURG {si_signo=SIGURG, si_code=SI_TKILL, si_pid=4375, si_uid=1000} ---
[pid  4376] 16:39:57.021279 <... tgkill resumed>) = 0 <0.012278>
[pid  4375] 16:39:57.024945 rt_sigreturn({mask=[CONT TSTP TTIN TTOU XCPU XFSZ VTALRM WINCH IO PWR RT_3 RT_4 RT_5 RT_6 RT_7 RT_8 RT_9 RT_10 RT_11 RT_12 RT_13 RT_14 RT_15 RT_16 RT_17 RT_18 RT_19 RT_20 RT_21 RT_22 RT_23 RT_24 RT_25 RT_26 RT_27 RT_28 RT_29 RT_30 RT_31 RT_32]} <unfinished ...>
[pid  4382] 16:39:57.027789 futex(0xc0002d8948, FUTEX_WAIT_PRIVATE, 0, NULL <unfinished ...>
[pid  4375] 16:39:57.029568 <... rt_sigreturn resumed>) = 0 <0.001240>
[pid  4376] 16:39:57.032741 nanosleep({tv_sec=0, tv_nsec=20000},  <unfinished ...>
[pid  4375] 16:39:57.033753 futex(0xc0002d8948, FUTEX_WAKE_PRIVATE, 1 <unfinished ...>
[pid  4376] 16:39:57.034534 <... nanosleep resumed>NULL) = 0 <0.000871>
[pid  4375] 16:39:57.036094 <... futex resumed>) = 1 <0.001885>
[pid  4382] 16:39:57.036975 <... futex resumed>) = 0 <0.008689>
[pid  4375] 16:39:57.037669 rt_sigprocmask(SIG_SETMASK, ~[HUP INT QUIT ILL TRAP ABRT BUS FPE USR1 SEGV USR2 PIPE ALRM TERM STKFLT CHLD URG PROF SYS RTMIN RT_1 RT_2],  <unfinished ...>
[pid  4376] 16:39:57.042745 nanosleep({tv_sec=0, tv_nsec=20000},  <unfinished ...>
[pid  4375] 16:39:57.049024 <... rt_sigprocmask resumed>NULL, 8) = 0 <0.006809>
[pid  4382] 16:39:57.052020 nanosleep({tv_sec=0, tv_nsec=3000},  <unfinished ...>
[pid  4375] 16:39:57.052996 futex(0xc0002d9148, FUTEX_WAKE_PRIVATE, 1 <unfinished ...>
[pid  4376] 16:39:57.053659 <... nanosleep resumed>NULL) = 0 <0.004773>
[pid  4375] 16:39:57.053988 <... futex resumed>) = 1 <0.000665>
[pid  4383] 16:39:57.054321 <... futex resumed>) = 0 <0.046809>
[pid  4382] 16:39:57.054695 <... nanosleep resumed>NULL) = 0 <0.002045>
[pid  4375] 16:39:57.055033 futex(0x1b95aa0, FUTEX_WAIT_PRIVATE, 0, NULL <unfinished ...>
[pid  4383] 16:39:57.055643 futex(0x1b95aa0, FUTEX_WAKE_PRIVATE, 1 <unfinished ...>
[pid  4376] 16:39:57.056262 nanosleep({tv_sec=0, tv_nsec=20000},  <unfinished ...>
[pid  4375] 16:39:57.056862 <... futex resumed>) = -1 EAGAIN (Resource temporarily unavailable) <0.001290>
[pid  4383] 16:39:57.057204 <... futex resumed>) = 0 <0.001243>
[pid  4382] 16:39:57.057482 futex(0xc0002d8948, FUTEX_WAIT_PRIVATE, 0, NULL <unfinished ...>
[pid  4375] 16:39:57.057904 futex(0xc0002d8948, FUTEX_WAKE_PRIVATE, 1 <unfinished ...>
[pid  4383] 16:39:57.058488 futex(0xc0002d9148, FUTEX_WAIT_PRIVATE, 0, NULL <unfinished ...>
[pid  4376] 16:39:57.059136 <... nanosleep resumed>NULL) = 0 <0.002246>
[pid  4375] 16:39:57.059476 <... futex resumed>) = 0 <0.001330>
[pid  4382] 16:39:57.059853 <... futex resumed>) = -1 EAGAIN (Resource temporarily unavailable) <0.002149>
[pid  4375] 16:39:57.060266 rt_sigprocmask(SIG_SETMASK, [KILL STOP TSTP TTIN TTOU XCPU XFSZ VTALRM WINCH IO PWR RT_3 RT_4 RT_5 RT_6 RT_7 RT_8 RT_9 RT_10 RT_11 RT_12 RT_13 RT_14 RT_15 RT_16 RT_17 RT_18 RT_19 RT_20 RT_21 RT_22 RT_23 RT_24 RT_25 RT_26 RT_27 RT_28 RT_29 RT_30 RT_31 RT_32],  <unfinished ...>
[pid  4376] 16:39:57.060984 nanosleep({tv_sec=0, tv_nsec=20000},  <unfinished ...>
[pid  4375] 16:39:57.061735 <... rt_sigprocmask resumed>NULL, 8) = 0 <0.000901>
[pid  4382] 16:39:57.062436 nanosleep({tv_sec=0, tv_nsec=3000},  <unfinished ...>
[pid  4375] 16:39:57.063312 futex(0xc0002d9148, FUTEX_WAKE_PRIVATE, 1 <unfinished ...>
[pid  4376] 16:39:57.064167 <... nanosleep resumed>NULL) = 0 <0.002403>
[pid  4375] 16:39:57.064627 <... futex resumed>) = 1 <0.000858>
[pid  4383] 16:39:57.065095 <... futex resumed>) = 0 <0.006307>
[pid  4382] 16:39:57.065468 <... nanosleep resumed>NULL) = 0 <0.002608>
[pid  4375] 16:39:57.065886 futex(0x1b95aa0, FUTEX_WAIT_PRIVATE, 0, NULL <unfinished ...>
[pid  4383] 16:39:57.069197 rt_sigaction(SIGCONT, NULL,  <unfinished ...>
[pid  4376] 16:39:57.070058 nanosleep({tv_sec=0, tv_nsec=20000},  <unfinished ...>
[pid  4383] 16:39:57.070810 <... rt_sigaction resumed>{sa_handler=SIG_DFL, sa_mask=[], sa_flags=0}, 8) = 0 <0.000887>
[pid  4382] 16:39:57.071210 nanosleep({tv_sec=0, tv_nsec=3000},  <unfinished ...>
[pid  4383] 16:39:57.072518 rt_sigaction(SIGCONT, {sa_handler=0x48bfa0, sa_mask=~[RTMIN RT_1 RT_2], sa_flags=SA_RESTORER|SA_ONSTACK|SA_RESTART|SA_SIGINFO, sa_restorer=0xfb2206},  <unfinished ...>
[pid  4376] 16:39:57.073362 <... nanosleep resumed>NULL) = 0 <0.002607>
[pid  4383] 16:39:57.073771 <... rt_sigaction resumed>NULL, 8) = 0 <0.000763>
[pid  4382] 16:39:57.074114 <... nanosleep resumed>NULL) = 0 <0.002072>
[pid  4383] 16:39:57.074526 futex(0x1b95aa0, FUTEX_WAKE_PRIVATE, 1 <unfinished ...>
[pid  4376] 16:39:57.075190 getpid( <unfinished ...>
[pid  4375] 16:39:57.075878 <... futex resumed>) = 0 <0.006842>
[pid  4383] 16:39:57.076367 <... futex resumed>) = 1 <0.001529>
[pid  4382] 16:39:57.077058 futex(0xc0000a0148, FUTEX_WAKE_PRIVATE, 1 <unfinished ...>
[pid  4375] 16:39:57.077923 futex(0x1b95aa0, FUTEX_WAIT_PRIVATE, 0, NULL <unfinished ...>
[pid  4383] 16:39:57.079245 futex(0xc0002d9148, FUTEX_WAIT_PRIVATE, 0, NULL <unfinished ...>
[pid  4376] 16:39:57.080059 <... getpid resumed>) = 4375 <0.004204>
[pid  4382] 16:39:57.080483 <... futex resumed>) = 1 <0.003003>
[pid  4379] 16:39:57.080869 <... futex resumed>) = 0 <0.074158>
[pid  4382] 16:39:57.081325 futex(0x1b95aa0, FUTEX_WAKE_PRIVATE, 1 <unfinished ...>
[pid  4376] 16:39:57.081997 tgkill(4375, 4383, SIGURG <unfinished ...>
[pid  4375] 16:39:57.082866 <... futex resumed>) = 0 <0.003713>
[pid  4382] 16:39:57.083291 <... futex resumed>) = 1 <0.001621>
[pid  4379] 16:39:57.083661 futex(0xc0000a0148, FUTEX_WAIT_PRIVATE, 0, NULL <unfinished ...>
[pid  4375] 16:39:57.084434 rt_sigprocmask(SIG_SETMASK, [KILL STOP TTIN TTOU XCPU XFSZ VTALRM WINCH IO PWR RT_3 RT_4 RT_5 RT_6 RT_7 RT_8 RT_9 RT_10 RT_11 RT_12 RT_13 RT_14 RT_15 RT_16 RT_17 RT_18 RT_19 RT_20 RT_21 RT_22 RT_23 RT_24 RT_25 RT_26 RT_27 RT_28 RT_29 RT_30 RT_31 RT_32],  <unfinished ...>
[pid  4383] 16:39:57.085286 <... futex resumed>) = ? ERESTARTSYS (To be restarted if SA_RESTART is set) <0.005247>
[pid  4382] 16:39:57.085887 futex(0xc0002d8948, FUTEX_WAIT_PRIVATE, 0, NULL <unfinished ...>
[pid  4376] 16:39:57.086695 <... tgkill resumed>) = 0 <0.003966>
[pid  4375] 16:39:57.087108 <... rt_sigprocmask resumed>NULL, 8) = 0 <0.002180>
[pid  4383] 16:39:57.087515 --- SIGURG {si_signo=SIGURG, si_code=SI_TKILL, si_pid=4375, si_uid=1000} ---
[pid  4375] 16:39:57.088112 futex(0xc0002d8948, FUTEX_WAKE_PRIVATE, 1 <unfinished ...>
[pid  4376] 16:39:57.088902 nanosleep({tv_sec=0, tv_nsec=20000},  <unfinished ...>
[pid  4375] 16:39:57.089870 <... futex resumed>) = 1 <0.001030>
[pid  4383] 16:39:57.090209 rt_sigreturn({mask=[]} <unfinished ...>
[pid  4382] 16:39:57.090941 <... futex resumed>) = 0 <0.004314>
[pid  4375] 16:39:57.091295 futex(0xc0000a0148, FUTEX_WAKE_PRIVATE, 1 <unfinished ...>
[pid  4383] 16:39:57.092003 <... rt_sigreturn resumed>) = 202 <0.001123>
[pid  4376] 16:39:57.092378 <... nanosleep resumed>NULL) = 0 <0.002880>
[pid  4375] 16:39:57.093066 <... futex resumed>) = 1 <0.001394>
[pid  4383] 16:39:57.093715 futex(0xc0002d9148, FUTEX_WAIT_PRIVATE, 0, NULL <unfinished ...>
[pid  4382] 16:39:57.094877 futex(0xc0002d9148, FUTEX_WAKE_PRIVATE, 1 <unfinished ...>
[pid  4379] 16:39:57.095810 <... futex resumed>) = 0 <0.011496>
[pid  4375] 16:39:57.096245 futex(0x1b95aa0, FUTEX_WAIT_PRIVATE, 0, NULL <unfinished ...>
[pid  4383] 16:39:57.096953 <... futex resumed>) = -1 EAGAIN (Resource temporarily unavailable) <0.002467>
[pid  4382] 16:39:57.097604 <... futex resumed>) = 0 <0.002145>
[pid  4376] 16:39:57.098071 nanosleep({tv_sec=0, tv_nsec=20000},  <unfinished ...>
[pid  4383] 16:39:57.099185 futex(0xc0002d9148, FUTEX_WAIT_PRIVATE, 0, NULL <unfinished ...>
[pid  4382] 16:39:57.100064 rt_sigaction(SIGTSTP, NULL,  <unfinished ...>
[pid  4379] 16:39:57.101238 futex(0xc0000a0148, FUTEX_WAIT_PRIVATE, 0, NULL <unfinished ...>
[pid  4382] 16:39:57.101818 <... rt_sigaction resumed>{sa_handler=SIG_DFL, sa_mask=[], sa_flags=0}, 8) = 0 <0.001202>
[pid  4376] 16:39:57.102118 <... nanosleep resumed>NULL) = 0 <0.003368>
[pid  4382] 16:39:57.103095 rt_sigaction(SIGTSTP, {sa_handler=0x48bfa0, sa_mask=~[RTMIN RT_1 RT_2], sa_flags=SA_RESTORER|SA_ONSTACK|SA_RESTART|SA_SIGINFO, sa_restorer=0xfb2206},  <unfinished ...>
[pid  4376] 16:39:57.103822 nanosleep({tv_sec=0, tv_nsec=20000},  <unfinished ...>
[pid  4382] 16:39:57.104859 <... rt_sigaction resumed>NULL, 8) = 0 <0.000725>
[pid  4376] 16:39:57.105392 <... nanosleep resumed>NULL) = 0 <0.001224>
[pid  4382] 16:39:57.105770 futex(0xc0002d9148, FUTEX_WAKE_PRIVATE, 1 <unfinished ...>
[pid  4376] 16:39:57.106800 nanosleep({tv_sec=0, tv_nsec=20000},  <unfinished ...>
[pid  4383] 16:39:57.111195 <... futex resumed>) = 0 <0.008036>
[pid  4382] 16:39:57.115104 <... futex resumed>) = 1 <0.009042>
[pid  4383] 16:39:57.115610 nanosleep({tv_sec=0, tv_nsec=3000},  <unfinished ...>
[pid  4376] 16:39:57.119664 <... nanosleep resumed>NULL) = 0 <0.010764>
[pid  4383] 16:39:57.120517 <... nanosleep resumed>NULL) = 0 <0.002135>
[pid  4382] 16:39:57.120981 futex(0x1b95aa0, FUTEX_WAKE_PRIVATE, 1 <unfinished ...>
[pid  4383] 16:39:57.122430 futex(0xc0002d9148, FUTEX_WAIT_PRIVATE, 0, NULL <unfinished ...>
[pid  4376] 16:39:57.125245 nanosleep({tv_sec=0, tv_nsec=20000},  <unfinished ...>
[pid  4375] 16:39:57.126266 <... futex resumed>) = 0 <0.029113>
[pid  4382] 16:39:57.126655 <... futex resumed>) = 1 <0.004895>
[pid  4375] 16:39:57.127054 rt_sigprocmask(SIG_SETMASK, [KILL STOP TTOU XCPU XFSZ VTALRM WINCH IO PWR RT_3 RT_4 RT_5 RT_6 RT_7 RT_8 RT_9 RT_10 RT_11 RT_12 RT_13 RT_14 RT_15 RT_16 RT_17 RT_18 RT_19 RT_20 RT_21 RT_22 RT_23 RT_24 RT_25 RT_26 RT_27 RT_28 RT_29 RT_30 RT_31 RT_32],  <unfinished ...>
[pid  4376] 16:39:57.127817 <... nanosleep resumed>NULL) = 0 <0.001827>
[pid  4375] 16:39:57.128455 <... rt_sigprocmask resumed>NULL, 8) = 0 <0.000983>
[pid  4382] 16:39:57.129764 futex(0xc0002d8948, FUTEX_WAIT_PRIVATE, 0, NULL <unfinished ...>
[pid  4375] 16:39:57.131238 futex(0xc0002d8948, FUTEX_WAKE_PRIVATE, 1 <unfinished ...>
[pid  4376] 16:39:57.131869 nanosleep({tv_sec=0, tv_nsec=20000},  <unfinished ...>
[pid  4375] 16:39:57.132624 <... futex resumed>) = 0 <0.000679>
[pid  4382] 16:39:57.132973 <... futex resumed>) = -1 EAGAIN (Resource temporarily unavailable) <0.002464>
[pid  4375] 16:39:57.133306 futex(0xc0002d9148, FUTEX_WAKE_PRIVATE, 1 <unfinished ...>
[pid  4376] 16:39:57.133936 <... nanosleep resumed>NULL) = 0 <0.001436>
[pid  4375] 16:39:57.134271 <... futex resumed>) = 1 <0.000667>
[pid  4383] 16:39:57.134595 <... futex resumed>) = 0 <0.010238>
[pid  4382] 16:39:57.134882 futex(0xc0000a0148, FUTEX_WAKE_PRIVATE, 1 <unfinished ...>
[pid  4375] 16:39:57.135425 futex(0x1b95aa0, FUTEX_WAIT_PRIVATE, 0, NULL <unfinished ...>
[pid  4383] 16:39:57.136458 futex(0xc0002d9148, FUTEX_WAIT_PRIVATE, 0, NULL <unfinished ...>
[pid  4376] 16:39:57.137080 nanosleep({tv_sec=0, tv_nsec=20000},  <unfinished ...>
[pid  4382] 16:39:57.137648 <... futex resumed>) = 1 <0.002293>
[pid  4379] 16:39:57.137919 <... futex resumed>) = 0 <0.036362>
[pid  4382] 16:39:57.138225 rt_sigaction(SIGTTIN, NULL,  <unfinished ...>
[pid  4376] 16:39:57.138733 <... nanosleep resumed>NULL) = 0 <0.001141>
[pid  4382] 16:39:57.139150 <... rt_sigaction resumed>{sa_handler=SIG_DFL, sa_mask=[], sa_flags=0}, 8) = 0 <0.000651>
[pid  4379] 16:39:57.139640 futex(0xc0000a0148, FUTEX_WAIT_PRIVATE, 0, NULL <unfinished ...>
[pid  4382] 16:39:57.140290 rt_sigaction(SIGTTIN, {sa_handler=0x48bfa0, sa_mask=~[RTMIN RT_1 RT_2], sa_flags=SA_RESTORER|SA_ONSTACK|SA_RESTART|SA_SIGINFO, sa_restorer=0xfb2206},  <unfinished ...>
[pid  4376] 16:39:57.140900 nanosleep({tv_sec=0, tv_nsec=20000},  <unfinished ...>
[pid  4382] 16:39:57.141482 <... rt_sigaction resumed>NULL, 8) = 0 <0.000610>
[pid  4376] 16:39:57.141742 <... nanosleep resumed>NULL) = 0 <0.000570>
[pid  4382] 16:39:57.142033 futex(0xc0000a0148, FUTEX_WAKE_PRIVATE, 1 <unfinished ...>
[pid  4376] 16:39:57.142526 nanosleep({tv_sec=0, tv_nsec=20000},  <unfinished ...>
[pid  4382] 16:39:57.143063 <... futex resumed>) = 1 <0.000549>
[pid  4379] 16:39:57.143350 <... futex resumed>) = 0 <0.003369>
[pid  4382] 16:39:57.143602 futex(0x1b95aa0, FUTEX_WAKE_PRIVATE, 1 <unfinished ...>
[pid  4376] 16:39:57.144330 <... nanosleep resumed>NULL) = 0 <0.001282>
[pid  4375] 16:39:57.144702 <... futex resumed>) = 0 <0.008972>
[pid  4382] 16:39:57.145105 <... futex resumed>) = 1 <0.001083>
[pid  4379] 16:39:57.145983 futex(0xc0000a0148, FUTEX_WAIT_PRIVATE, 0, NULL <unfinished ...>
[pid  4375] 16:39:57.146714 rt_sigprocmask(SIG_SETMASK, [KILL STOP XCPU XFSZ VTALRM WINCH IO PWR RT_3 RT_4 RT_5 RT_6 RT_7 RT_8 RT_9 RT_10 RT_11 RT_12 RT_13 RT_14 RT_15 RT_16 RT_17 RT_18 RT_19 RT_20 RT_21 RT_22 RT_23 RT_24 RT_25 RT_26 RT_27 RT_28 RT_29 RT_30 RT_31 RT_32],  <unfinished ...>
[pid  4382] 16:39:57.147456 futex(0xc0002d8948, FUTEX_WAIT_PRIVATE, 0, NULL <unfinished ...>
[pid  4376] 16:39:57.149644 nanosleep({tv_sec=0, tv_nsec=20000},  <unfinished ...>
[pid  4375] 16:39:57.151427 <... rt_sigprocmask resumed>NULL, 8) = 0 <0.003580>
[pid  4376] 16:39:57.151838 <... nanosleep resumed>NULL) = 0 <0.001181>
[pid  4375] 16:39:57.152234 futex(0xc0002d8948, FUTEX_WAKE_PRIVATE, 1 <unfinished ...>
[pid  4376] 16:39:57.153589 nanosleep({tv_sec=0, tv_nsec=20000},  <unfinished ...>
[pid  4375] 16:39:57.154234 <... futex resumed>) = 1 <0.001063>
[pid  4382] 16:39:57.154563 <... futex resumed>) = 0 <0.006769>
[pid  4375] 16:39:57.154950 futex(0xc0000a0148, FUTEX_WAKE_PRIVATE, 1 <unfinished ...>
[pid  4376] 16:39:57.158373 <... nanosleep resumed>NULL) = 0 <0.003957>
[pid  4375] 16:39:57.158966 <... futex resumed>) = 1 <0.001121>
[pid  4382] 16:39:57.159578 futex(0xc0002d9148, FUTEX_WAKE_PRIVATE, 1 <unfinished ...>
[pid  4379] 16:39:57.160473 <... futex resumed>) = 0 <0.013675>
[pid  4375] 16:39:57.160826 futex(0x1b95aa0, FUTEX_WAIT_PRIVATE, 0, NULL <unfinished ...>
[pid  4383] 16:39:57.161503 <... futex resumed>) = 0 <0.024392>
[pid  4382] 16:39:57.162127 <... futex resumed>) = 1 <0.002144>
[pid  4376] 16:39:57.166508 nanosleep({tv_sec=0, tv_nsec=20000},  <unfinished ...>
[pid  4383] 16:39:57.167421 futex(0xc0002d9148, FUTEX_WAIT_PRIVATE, 0, NULL <unfinished ...>
[pid  4382] 16:39:57.191273 rt_sigaction(SIGTTOU, NULL,  <unfinished ...>
[pid  4379] 16:39:57.193013 futex(0xc0000a0148, FUTEX_WAIT_PRIVATE, 0, NULL <unfinished ...>
[pid  4382] 16:39:57.193568 <... rt_sigaction resumed>{sa_handler=SIG_DFL, sa_mask=[], sa_flags=0}, 8) = 0 <0.000697>
[pid  4376] 16:39:57.193896 <... nanosleep resumed>NULL) = 0 <0.026909>
[pid  4382] 16:39:57.194218 rt_sigaction(SIGTTOU, {sa_handler=0x48bfa0, sa_mask=~[RTMIN RT_1 RT_2], sa_flags=SA_RESTORER|SA_ONSTACK|SA_RESTART|SA_SIGINFO, sa_restorer=0xfb2206},  <unfinished ...>
[pid  4376] 16:39:57.194892 nanosleep({tv_sec=0, tv_nsec=20000},  <unfinished ...>
[pid  4382] 16:39:57.196466 <... rt_sigaction resumed>NULL, 8) = 0 <0.001222>
[pid  4376] 16:39:57.197100 <... nanosleep resumed>NULL) = 0 <0.001405>
[pid  4382] 16:39:57.197808 futex(0xc0002d9148, FUTEX_WAKE_PRIVATE, 1 <unfinished ...>
[pid  4376] 16:39:57.199169 nanosleep({tv_sec=0, tv_nsec=20000},  <unfinished ...>
[pid  4383] 16:39:57.199861 <... futex resumed>) = 0 <0.009429>
[pid  4382] 16:39:57.200155 <... futex resumed>) = 1 <0.002014>
[pid  4383] 16:39:57.200440 nanosleep({tv_sec=0, tv_nsec=3000},  <unfinished ...>
[pid  4376] 16:39:57.214693 <... nanosleep resumed>NULL) = 0 <0.001328>
[pid  4383] 16:39:57.215014 <... nanosleep resumed>NULL) = 0 <0.014237>
[pid  4382] 16:39:57.215286 futex(0x1b95aa0, FUTEX_WAKE_PRIVATE, 1 <unfinished ...>
[pid  4383] 16:39:57.215776 futex(0xc0002d9148, FUTEX_WAIT_PRIVATE, 0, NULL <unfinished ...>
[pid  4376] 16:39:57.216758 nanosleep({tv_sec=0, tv_nsec=20000},  <unfinished ...>
[pid  4375] 16:39:57.220847 <... futex resumed>) = 0 <0.055949>
[pid  4382] 16:39:57.223273 <... futex resumed>) = 1 <0.007755>
[pid  4375] 16:39:57.225286 rt_sigprocmask(SIG_SETMASK, [KILL STOP XCPU XFSZ VTALRM WINCH IO PWR RT_3 RT_4 RT_5 RT_6 RT_7 RT_8 RT_9 RT_10 RT_11 RT_12 RT_13 RT_14 RT_15 RT_16 RT_17 RT_18 RT_19 RT_20 RT_21 RT_22 RT_23 RT_24 RT_25 RT_26 RT_27 RT_28 RT_29 RT_30 RT_31 RT_32],  <unfinished ...>
[pid  4376] 16:39:57.230804 <... nanosleep resumed>NULL) = 0 <0.009959>
[pid  4375] 16:39:57.232298 <... rt_sigprocmask resumed>NULL, 8) = 0 <0.005343>
[pid  4382] 16:39:57.233304 futex(0xc0002d8948, FUTEX_WAIT_PRIVATE, 0, NULL <unfinished ...>
[pid  4376] 16:39:57.235490 nanosleep({tv_sec=0, tv_nsec=20000},  <unfinished ...>
[pid  4375] 16:39:57.236871 futex(0xc0002d8948, FUTEX_WAKE_PRIVATE, 1 <unfinished ...>
[pid  4382] 16:39:57.239566 <... futex resumed>) = -1 EAGAIN (Resource temporarily unavailable) <0.004417>
[pid  4375] 16:39:57.241212 <... futex resumed>) = 0 <0.003030>
[pid  4376] 16:39:57.241816 <... nanosleep resumed>NULL) = 0 <0.005877>
[pid  4375] 16:39:57.242313 futex(0xc0002d9148, FUTEX_WAKE_PRIVATE, 1 <unfinished ...>
[pid  4382] 16:39:57.243026 nanosleep({tv_sec=0, tv_nsec=3000},  <unfinished ...>
[pid  4375] 16:39:57.244136 <... futex resumed>) = 1 <0.000865>
[pid  4383] 16:39:57.244599 <... futex resumed>) = 0 <0.028087>
[pid  4376] 16:39:57.245028 nanosleep({tv_sec=0, tv_nsec=20000},  <unfinished ...>
[pid  4375] 16:39:57.246813 futex(0x1b95aa0, FUTEX_WAIT_PRIVATE, 0, NULL <unfinished ...>
[pid  4383] 16:39:57.250941 futex(0x1b95aa0, FUTEX_WAKE_PRIVATE, 1 <unfinished ...>
[pid  4382] 16:39:57.252566 <... nanosleep resumed>NULL) = 0 <0.008737>
[pid  4375] 16:39:57.252937 <... futex resumed>) = -1 EAGAIN (Resource temporarily unavailable) <0.004935>
[pid  4383] 16:39:57.253262 <... futex resumed>) = 0 <0.001070>
[pid  4376] 16:39:57.253596 <... nanosleep resumed>NULL) = 0 <0.007773>
[pid  4375] 16:39:57.253904 rt_sigprocmask(SIG_SETMASK, [KILL STOP XFSZ VTALRM WINCH IO PWR RT_3 RT_4 RT_5 RT_6 RT_7 RT_8 RT_9 RT_10 RT_11 RT_12 RT_13 RT_14 RT_15 RT_16 RT_17 RT_18 RT_19 RT_20 RT_21 RT_22 RT_23 RT_24 RT_25 RT_26 RT_27 RT_28 RT_29 RT_30 RT_31 RT_32],  <unfinished ...>
[pid  4383] 16:39:57.254499 futex(0xc0002d9148, FUTEX_WAIT_PRIVATE, 0, NULL <unfinished ...>
[pid  4382] 16:39:57.255049 futex(0xc0002d8948, FUTEX_WAIT_PRIVATE, 0, NULL <unfinished ...>
[pid  4375] 16:39:57.256048 <... rt_sigprocmask resumed>NULL, 8) = 0 <0.001148>
[pid  4376] 16:39:57.256423 nanosleep({tv_sec=0, tv_nsec=20000},  <unfinished ...>
[pid  4375] 16:39:57.256989 futex(0xc0002d9148, FUTEX_WAKE_PRIVATE, 1 <unfinished ...>
[pid  4376] 16:39:57.257514 <... nanosleep resumed>NULL) = 0 <0.000575>
[pid  4375] 16:39:57.257772 <... futex resumed>) = 1 <0.000518>
[pid  4383] 16:39:57.258048 <... futex resumed>) = 0 <0.003272>
[pid  4375] 16:39:57.258330 futex(0xc0002d8948, FUTEX_WAKE_PRIVATE, 1 <unfinished ...>
[pid  4376] 16:39:57.258791 nanosleep({tv_sec=0, tv_nsec=20000},  <unfinished ...>
[pid  4375] 16:39:57.259325 <... futex resumed>) = 1 <0.000530>
[pid  4383] 16:39:57.259873 futex(0xc0000a0148, FUTEX_WAKE_PRIVATE, 1 <unfinished ...>
[pid  4382] 16:39:57.260479 <... futex resumed>) = 0 <0.004942>
[pid  4375] 16:39:57.260736 futex(0x1b95aa0, FUTEX_WAIT_PRIVATE, 0, NULL <unfinished ...>
[pid  4383] 16:39:57.261154 <... futex resumed>) = 1 <0.000732>
[pid  4379] 16:39:57.261373 <... futex resumed>) = 0 <0.068056>
[pid  4376] 16:39:57.261623 <... nanosleep resumed>NULL) = 0 <0.002566>
[pid  4383] 16:39:57.262005 futex(0x1b95aa0, FUTEX_WAKE_PRIVATE, 1 <unfinished ...>
[pid  4382] 16:39:57.262575 futex(0xc0002d8948, FUTEX_WAIT_PRIVATE, 0, NULL <unfinished ...>
[pid  4379] 16:39:57.263064 futex(0xc0000a0148, FUTEX_WAIT_PRIVATE, 0, NULL <unfinished ...>
[pid  4375] 16:39:57.263547 <... futex resumed>) = 0 <0.002425>
[pid  4383] 16:39:57.263830 <... futex resumed>) = 1 <0.001494>
[pid  4376] 16:39:57.264106 nanosleep({tv_sec=0, tv_nsec=20000},  <unfinished ...>
[pid  4375] 16:39:57.264570 rt_sigprocmask(SIG_SETMASK, [KILL STOP VTALRM WINCH IO PWR RT_3 RT_4 RT_5 RT_6 RT_7 RT_8 RT_9 RT_10 RT_11 RT_12 RT_13 RT_14 RT_15 RT_16 RT_17 RT_18 RT_19 RT_20 RT_21 RT_22 RT_23 RT_24 RT_25 RT_26 RT_27 RT_28 RT_29 RT_30 RT_31 RT_32],  <unfinished ...>
[pid  4383] 16:39:57.265002 futex(0xc0002d9148, FUTEX_WAIT_PRIVATE, 0, NULL <unfinished ...>
[pid  4375] 16:39:57.265513 <... rt_sigprocmask resumed>NULL, 8) = 0 <0.000505>
[pid  4376] 16:39:57.265938 <... nanosleep resumed>NULL) = 0 <0.001606>
[pid  4375] 16:39:57.266252 futex(0xc0002d9148, FUTEX_WAKE_PRIVATE, 1 <unfinished ...>
[pid  4376] 16:39:57.266774 nanosleep({tv_sec=0, tv_nsec=20000},  <unfinished ...>
[pid  4375] 16:39:57.267363 <... futex resumed>) = 1 <0.000644>
[pid  4383] 16:39:57.267676 <... futex resumed>) = 0 <0.002436>
[pid  4375] 16:39:57.267966 futex(0xc0000a0148, FUTEX_WAKE_PRIVATE, 1 <unfinished ...>
[pid  4376] 16:39:57.268487 <... nanosleep resumed>NULL) = 0 <0.001158>
[pid  4375] 16:39:57.268800 <... futex resumed>) = 1 <0.000579>
[pid  4383] 16:39:57.269146 futex(0xc0002d8948, FUTEX_WAKE_PRIVATE, 1 <unfinished ...>
[pid  4379] 16:39:57.270145 <... futex resumed>) = 0 <0.006196>
[pid  4375] 16:39:57.270476 futex(0x1b95aa0, FUTEX_WAIT_PRIVATE, 0, NULL <unfinished ...>
[pid  4383] 16:39:57.271010 <... futex resumed>) = 1 <0.001287>
[pid  4382] 16:39:57.271362 <... futex resumed>) = 0 <0.008534>
[pid  4376] 16:39:57.271676 nanosleep({tv_sec=0, tv_nsec=20000},  <unfinished ...>
[pid  4383] 16:39:57.272251 futex(0x1b95aa0, FUTEX_WAKE_PRIVATE, 1 <unfinished ...>
[pid  4382] 16:39:57.272802 futex(0xc0002d8948, FUTEX_WAIT_PRIVATE, 0, NULL <unfinished ...>
[pid  4379] 16:39:57.273307 futex(0xc0000a0148, FUTEX_WAIT_PRIVATE, 0, NULL <unfinished ...>
[pid  4375] 16:39:57.275036 <... futex resumed>) = 0 <0.003000>
[pid  4383] 16:39:57.275455 <... futex resumed>) = 1 <0.002930>
[pid  4376] 16:39:57.276568 <... nanosleep resumed>NULL) = 0 <0.004589>
[pid  4375] 16:39:57.277656 rt_sigprocmask(SIG_SETMASK, [KILL STOP WINCH IO PWR RT_3 RT_4 RT_5 RT_6 RT_7 RT_8 RT_9 RT_10 RT_11 RT_12 RT_13 RT_14 RT_15 RT_16 RT_17 RT_18 RT_19 RT_20 RT_21 RT_22 RT_23 RT_24 RT_25 RT_26 RT_27 RT_28 RT_29 RT_30 RT_31 RT_32],  <unfinished ...>
[pid  4383] 16:39:57.282164 futex(0xc0002d9148, FUTEX_WAIT_PRIVATE, 0, NULL <unfinished ...>
[pid  4375] 16:39:57.282669 <... rt_sigprocmask resumed>NULL, 8) = 0 <0.000582>
[pid  4376] 16:39:57.282923 nanosleep({tv_sec=0, tv_nsec=20000},  <unfinished ...>
[pid  4375] 16:39:57.283418 futex(0xc0002d9148, FUTEX_WAKE_PRIVATE, 1 <unfinished ...>
[pid  4376] 16:39:57.283835 <... nanosleep resumed>NULL) = 0 <0.000508>
[pid  4375] 16:39:57.284115 <... futex resumed>) = 1 <0.000492>
[pid  4383] 16:39:57.284363 <... futex resumed>) = 0 <0.001936>
[pid  4375] 16:39:57.284602 futex(0xc0002d8948, FUTEX_WAKE_PRIVATE, 1 <unfinished ...>
[pid  4376] 16:39:57.285087 nanosleep({tv_sec=0, tv_nsec=20000},  <unfinished ...>
[pid  4375] 16:39:57.285509 <... futex resumed>) = 1 <0.000493>
[pid  4383] 16:39:57.285713 futex(0xc0000a0148, FUTEX_WAKE_PRIVATE, 1 <unfinished ...>
[pid  4382] 16:39:57.286121 <... futex resumed>) = 0 <0.012908>
[pid  4375] 16:39:57.286367 futex(0x1b95aa0, FUTEX_WAIT_PRIVATE, 0, NULL <unfinished ...>
[pid  4383] 16:39:57.286844 <... futex resumed>) = 1 <0.000708>
[pid  4379] 16:39:57.287151 <... futex resumed>) = 0 <0.013493>
[pid  4376] 16:39:57.287441 <... nanosleep resumed>NULL) = 0 <0.002134>
[pid  4383] 16:39:57.287720 futex(0x1b95aa0, FUTEX_WAKE_PRIVATE, 1 <unfinished ...>
[pid  4382] 16:39:57.288244 futex(0xc0002d8948, FUTEX_WAIT_PRIVATE, 0, NULL <unfinished ...>
[pid  4379] 16:39:57.288712 futex(0xc0000a0148, FUTEX_WAIT_PRIVATE, 0, NULL <unfinished ...>
[pid  4375] 16:39:57.289174 <... futex resumed>) = 0 <0.002355>
[pid  4383] 16:39:57.289469 <... futex resumed>) = 1 <0.001484>
[pid  4376] 16:39:57.289725 nanosleep({tv_sec=0, tv_nsec=20000},  <unfinished ...>
[pid  4375] 16:39:57.290192 rt_sigprocmask(SIG_SETMASK, [KILL STOP IO PWR RT_3 RT_4 RT_5 RT_6 RT_7 RT_8 RT_9 RT_10 RT_11 RT_12 RT_13 RT_14 RT_15 RT_16 RT_17 RT_18 RT_19 RT_20 RT_21 RT_22 RT_23 RT_24 RT_25 RT_26 RT_27 RT_28 RT_29 RT_30 RT_31 RT_32],  <unfinished ...>
[pid  4383] 16:39:57.290612 futex(0xc0002d9148, FUTEX_WAIT_PRIVATE, 0, NULL <unfinished ...>
[pid  4375] 16:39:57.291044 <... rt_sigprocmask resumed>NULL, 8) = 0 <0.000432>
[pid  4376] 16:39:57.291273 <... nanosleep resumed>NULL) = 0 <0.001322>
[pid  4375] 16:39:57.291514 futex(0xc0002d9148, FUTEX_WAKE_PRIVATE, 1 <unfinished ...>
[pid  4376] 16:39:57.292005 nanosleep({tv_sec=0, tv_nsec=40000},  <unfinished ...>
[pid  4375] 16:39:57.292485 <... futex resumed>) = 1 <0.000542>
[pid  4383] 16:39:57.292721 <... futex resumed>) = 0 <0.001918>
[pid  4375] 16:39:57.293029 futex(0xc0000a0148, FUTEX_WAKE_PRIVATE, 1 <unfinished ...>
[pid  4376] 16:39:57.293584 <... nanosleep resumed>NULL) = 0 <0.001103>
[pid  4375] 16:39:57.293879 <... futex resumed>) = 1 <0.000550>
[pid  4383] 16:39:57.294153 futex(0xc0002d8948, FUTEX_WAKE_PRIVATE, 1 <unfinished ...>
[pid  4379] 16:39:57.294570 <... futex resumed>) = 0 <0.005479>
[pid  4375] 16:39:57.294818 futex(0x1b95aa0, FUTEX_WAIT_PRIVATE, 0, NULL <unfinished ...>
[pid  4383] 16:39:57.295280 <... futex resumed>) = 1 <0.000670>
[pid  4382] 16:39:57.295718 <... futex resumed>) = 0 <0.007216>
[pid  4376] 16:39:57.296055 nanosleep({tv_sec=0, tv_nsec=80000},  <unfinished ...>
[pid  4383] 16:39:57.296762 futex(0x1b95aa0, FUTEX_WAKE_PRIVATE, 1 <unfinished ...>
[pid  4382] 16:39:57.297226 futex(0xc0002d8948, FUTEX_WAIT_PRIVATE, 0, NULL <unfinished ...>
[pid  4379] 16:39:57.297885 futex(0xc0000a0148, FUTEX_WAIT_PRIVATE, 0, NULL <unfinished ...>
[pid  4375] 16:39:57.298444 <... futex resumed>) = 0 <0.003184>
[pid  4383] 16:39:57.298733 <... futex resumed>) = 1 <0.001758>
[pid  4376] 16:39:57.299074 <... nanosleep resumed>NULL) = 0 <0.002615>
