[pid 14643] 15:04:07.397845 getpid( <unfinished ...>
[pid 14642] 15:04:07.398362 <... futex resumed>) = 1 <0.000579>
[pid 14648] 15:04:07.398640 futex(0xc000075148, FUTEX_WAKE_PRIVATE, 1 <unfinished ...>
[pid 14646] 15:04:07.399197 <... futex resumed>) = 0 <0.014319>
[pid 14642] 15:04:07.399788 futex(0x1b95aa0, FUTEX_WAIT_PRIVATE, 0, NULL <unfinished ...>
[pid 14648] 15:04:07.400348 <... futex resumed>) = 1 <0.001224>
[pid 14644] 15:04:07.400602 <... futex resumed>) = 0 <0.015679>
[pid 14643] 15:04:07.400859 <... getpid resumed>) = 14642 <0.002758>
[pid 14648] 15:04:07.401132 futex(0x1b95aa0, FUTEX_WAKE_PRIVATE, 1 <unfinished ...>
[pid 14646] 15:04:07.401590 futex(0xc0000a0148, FUTEX_WAIT_PRIVATE, 0, NULL <unfinished ...>
[pid 14644] 15:04:07.402000 futex(0xc000075148, FUTEX_WAIT_PRIVATE, 0, NULL <unfinished ...>
[pid 14642] 15:04:07.402435 <... futex resumed>) = 0 <0.002202>
[pid 14648] 15:04:07.402641 <... futex resumed>) = 1 <0.001269>
[pid 14643] 15:04:07.402832 tgkill(14642, 14642, SIGURG <unfinished ...>
[pid 14642] 15:04:07.403184 futex(0xc000075148, FUTEX_WAKE_PRIVATE, 1 <unfinished ...>
[pid 14648] 15:04:07.403551 futex(0xc000112148, FUTEX_WAIT_PRIVATE, 0, NULL <unfinished ...>
[pid 14642] 15:04:07.403888 <... futex resumed>) = 1 <0.000381>
[pid 14644] 15:04:07.404079 <... futex resumed>) = 0 <0.001859>
[pid 14643] 15:04:07.404268 <... tgkill resumed>) = 0 <0.001262>
[pid 14642] 15:04:07.404465 --- SIGURG {si_signo=SIGURG, si_code=SI_TKILL, si_pid=14642, si_uid=1000} ---
[pid 14644] 15:04:07.404653 nanosleep({tv_sec=0, tv_nsec=3000},  <unfinished ...>
[pid 14642] 15:04:07.405023 rt_sigreturn({mask=[USR1 USR2 PIPE ALRM CONT TSTP TTIN TTOU XCPU]} <unfinished ...>
[pid 14643] 15:04:07.405382 nanosleep({tv_sec=0, tv_nsec=20000},  <unfinished ...>
[pid 14642] 15:04:07.405756 <... rt_sigreturn resumed>) = 1 <0.000382>
[pid 14644] 15:04:07.405947 <... nanosleep resumed>NULL) = 0 <0.001113>
[pid 14642] 15:04:07.406137 rt_sigprocmask(SIG_SETMASK, [KILL USR1 USR2 PIPE ALRM CONT STOP TSTP TTIN TTOU XCPU XFSZ],  <unfinished ...>
[pid 14643] 15:04:07.406525 <... nanosleep resumed>NULL) = 0 <0.000788>
[pid 14642] 15:04:07.406725 <... rt_sigprocmask resumed>NULL, 8) = 0 <0.000404>
[pid 14644] 15:04:07.406910 futex(0xc000112148, FUTEX_WAKE_PRIVATE, 1 <unfinished ...>
[pid 14642] 15:04:07.407273 futex(0x1b95aa0, FUTEX_WAIT_PRIVATE, 0, NULL <unfinished ...>
[pid 14643] 15:04:07.407606 nanosleep({tv_sec=0, tv_nsec=20000},  <unfinished ...>
[pid 14648] 15:04:07.407970 <... futex resumed>) = 0 <0.004089>
[pid 14644] 15:04:07.408159 <... futex resumed>) = 1 <0.001079>
[pid 14648] 15:04:07.408347 futex(0xc000112148, FUTEX_WAIT_PRIVATE, 0, NULL <unfinished ...>
[pid 14643] 15:04:07.408675 <... nanosleep resumed>NULL) = 0 <0.000749>
[pid 14648] 15:04:07.408865 <... futex resumed>) = -1 EAGAIN (Resource temporarily unavailable) <0.000361>
[pid 14644] 15:04:07.409049 futex(0xc000112148, FUTEX_WAKE_PRIVATE, 1 <unfinished ...>
[pid 14648] 15:04:07.409405 nanosleep({tv_sec=0, tv_nsec=3000},  <unfinished ...>
[pid 14643] 15:04:07.409752 nanosleep({tv_sec=0, tv_nsec=20000},  <unfinished ...>
[pid 14648] 15:04:07.410127 <... nanosleep resumed>NULL) = 0 <0.000375>
[pid 14644] 15:04:07.410346 <... futex resumed>) = 0 <0.001130>
[pid 14648] 15:04:07.410534 futex(0xc0000a0148, FUTEX_WAKE_PRIVATE, 1 <unfinished ...>
[pid 14643] 15:04:07.410877 <... nanosleep resumed>NULL) = 0 <0.000799>
[pid 14648] 15:04:07.411078 <... futex resumed>) = 1 <0.000377>
[pid 14646] 15:04:07.411262 <... futex resumed>) = 0 <0.009468>
[pid 14644] 15:04:07.411451 futex(0xc000075148, FUTEX_WAIT_PRIVATE, 0, NULL <unfinished ...>
[pid 14648] 15:04:07.411792 futex(0x1b95aa0, FUTEX_WAKE_PRIVATE, 1 <unfinished ...>
[pid 14646] 15:04:07.412162 futex(0xc0000a0148, FUTEX_WAIT_PRIVATE, 0, NULL <unfinished ...>
[pid 14643] 15:04:07.412504 nanosleep({tv_sec=0, tv_nsec=20000},  <unfinished ...>
[pid 14642] 15:04:07.412865 <... futex resumed>) = 0 <0.005258>
[pid 14648] 15:04:07.413040 <... futex resumed>) = 1 <0.001086>
[pid 14642] 15:04:07.413264 futex(0xc0000a0148, FUTEX_WAKE_PRIVATE, 1 <unfinished ...>
[pid 14643] 15:04:07.413608 <... nanosleep resumed>NULL) = 0 <0.000776>
[pid 14642] 15:04:07.413793 <... futex resumed>) = 1 <0.000368>
[pid 14648] 15:04:07.413985 futex(0xc000112148, FUTEX_WAIT_PRIVATE, 0, NULL <unfinished ...>
[pid 14646] 15:04:07.414325 <... futex resumed>) = 0 <0.001839>
[pid 14642] 15:04:07.414504 rt_sigprocmask(SIG_SETMASK, [KILL USR1 USR2 PIPE ALRM CONT STOP TSTP TTIN TTOU XCPU XFSZ VTALRM],  <unfinished ...>
[pid 14643] 15:04:07.414848 nanosleep({tv_sec=0, tv_nsec=20000},  <unfinished ...>
[pid 14642] 15:04:07.415219 <... rt_sigprocmask resumed>NULL, 8) = 0 <0.000367>
[pid 14646] 15:04:07.415460 nanosleep({tv_sec=0, tv_nsec=3000},  <unfinished ...>
[pid 14642] 15:04:07.415817 futex(0xc000112148, FUTEX_WAKE_PRIVATE, 1 <unfinished ...>
[pid 14643] 15:04:07.416154 <... nanosleep resumed>NULL) = 0 <0.000979>
[pid 14642] 15:04:07.416342 <... futex resumed>) = 1 <0.000366>
[pid 14648] 15:04:07.416557 <... futex resumed>) = 0 <0.002410>
[pid 14646] 15:04:07.416749 <... nanosleep resumed>NULL) = 0 <0.001121>
[pid 14642] 15:04:07.416945 futex(0x1b95aa0, FUTEX_WAIT_PRIVATE, 0, NULL <unfinished ...>
[pid 14648] 15:04:07.417295 futex(0x1b95aa0, FUTEX_WAKE_PRIVATE, 1 <unfinished ...>
[pid 14643] 15:04:07.417635 nanosleep({tv_sec=0, tv_nsec=20000},  <unfinished ...>
[pid 14642] 15:04:07.418012 <... futex resumed>) = -1 EAGAIN (Resource temporarily unavailable) <0.000722>
[pid 14648] 15:04:07.418206 <... futex resumed>) = 0 <0.000742>
[pid 14646] 15:04:07.418395 futex(0xc0000a0148, FUTEX_WAIT_PRIVATE, 0, NULL <unfinished ...>
[pid 14642] 15:04:07.418745 futex(0xc0000a0148, FUTEX_WAKE_PRIVATE, 1 <unfinished ...>
[pid 14648] 15:04:07.419086 futex(0xc000112148, FUTEX_WAIT_PRIVATE, 0, NULL <unfinished ...>
[pid 14643] 15:04:07.419434 <... nanosleep resumed>NULL) = 0 <0.001475>
[pid 14642] 15:04:07.419629 <... futex resumed>) = 0 <0.000716>
[pid 14646] 15:04:07.419814 <... futex resumed>) = -1 EAGAIN (Resource temporarily unavailable) <0.001249>
[pid 14642] 15:04:07.420012 rt_sigprocmask(SIG_SETMASK, [KILL USR1 USR2 PIPE ALRM CONT STOP TSTP TTIN TTOU XCPU XFSZ VTALRM WINCH],  <unfinished ...>
[pid 14643] 15:04:07.420364 nanosleep({tv_sec=0, tv_nsec=20000},  <unfinished ...>
[pid 14642] 15:04:07.420738 <... rt_sigprocmask resumed>NULL, 8) = 0 <0.000394>
[pid 14646] 15:04:07.420916 nanosleep({tv_sec=0, tv_nsec=3000},  <unfinished ...>
[pid 14642] 15:04:07.421293 futex(0xc000112148, FUTEX_WAKE_PRIVATE, 1 <unfinished ...>
[pid 14643] 15:04:07.421644 <... nanosleep resumed>NULL) = 0 <0.000933>
[pid 14642] 15:04:07.421831 <... futex resumed>) = 1 <0.000370>
[pid 14648] 15:04:07.422011 <... futex resumed>) = 0 <0.002746>
[pid 14646] 15:04:07.422199 <... nanosleep resumed>NULL) = 0 <0.001109>
[pid 14642] 15:04:07.422391 futex(0x1b95aa0, FUTEX_WAIT_PRIVATE, 0, NULL <unfinished ...>
[pid 14648] 15:04:07.422730 futex(0x1b95aa0, FUTEX_WAKE_PRIVATE, 1 <unfinished ...>
[pid 14643] 15:04:07.423067 nanosleep({tv_sec=0, tv_nsec=20000},  <unfinished ...>
[pid 14642] 15:04:07.423458 <... futex resumed>) = -1 EAGAIN (Resource temporarily unavailable) <0.000722>
[pid 14648] 15:04:07.423649 <... futex resumed>) = 0 <0.000751>
[pid 14646] 15:04:07.423834 futex(0xc0000a0148, FUTEX_WAIT_PRIVATE, 0, NULL <unfinished ...>
[pid 14642] 15:04:07.424183 futex(0xc0000a0148, FUTEX_WAKE_PRIVATE, 1 <unfinished ...>
[pid 14648] 15:04:07.424523 futex(0xc000112148, FUTEX_WAIT_PRIVATE, 0, NULL <unfinished ...>
[pid 14643] 15:04:07.424855 <... nanosleep resumed>NULL) = 0 <0.001462>
[pid 14642] 15:04:07.425048 <... futex resumed>) = 0 <0.000694>
[pid 14646] 15:04:07.425231 <... futex resumed>) = -1 EAGAIN (Resource temporarily unavailable) <0.001227>
[pid 14642] 15:04:07.425441 rt_sigprocmask(SIG_SETMASK, [KILL USR1 USR2 PIPE ALRM CONT STOP TSTP TTIN TTOU XCPU XFSZ VTALRM WINCH IO],  <unfinished ...>
[pid 14643] 15:04:07.425788 nanosleep({tv_sec=0, tv_nsec=20000},  <unfinished ...>
[pid 14642] 15:04:07.426141 <... rt_sigprocmask resumed>NULL, 8) = 0 <0.000370>
[pid 14646] 15:04:07.426320 nanosleep({tv_sec=0, tv_nsec=3000},  <unfinished ...>
[pid 14642] 15:04:07.426725 futex(0xc000112148, FUTEX_WAKE_PRIVATE, 1 <unfinished ...>
[pid 14643] 15:04:07.427057 <... nanosleep resumed>NULL) = 0 <0.000949>
[pid 14642] 15:04:07.427261 <... futex resumed>) = 1 <0.000379>
[pid 14648] 15:04:07.427454 <... futex resumed>) = 0 <0.002771>
[pid 14646] 15:04:07.427640 <... nanosleep resumed>NULL) = 0 <0.001120>
[pid 14642] 15:04:07.427839 futex(0x1b95aa0, FUTEX_WAIT_PRIVATE, 0, NULL <unfinished ...>
[pid 14648] 15:04:07.428171 futex(0x1b95aa0, FUTEX_WAKE_PRIVATE, 1 <unfinished ...>
[pid 14643] 15:04:07.428512 nanosleep({tv_sec=0, tv_nsec=20000},  <unfinished ...>
[pid 14642] 15:04:07.428875 <... futex resumed>) = -1 EAGAIN (Resource temporarily unavailable) <0.000701>
[pid 14648] 15:04:07.429058 <... futex resumed>) = 0 <0.000719>
[pid 14646] 15:04:07.429259 futex(0xc0000a0148, FUTEX_WAIT_PRIVATE, 0, NULL <unfinished ...>
[pid 14642] 15:04:07.429601 futex(0xc0000a0148, FUTEX_WAKE_PRIVATE, 1 <unfinished ...>
[pid 14648] 15:04:07.429934 futex(0xc000112148, FUTEX_WAIT_PRIVATE, 0, NULL <unfinished ...>
[pid 14643] 15:04:07.430272 <... nanosleep resumed>NULL) = 0 <0.001444>
[pid 14642] 15:04:07.430545 <... futex resumed>) = 0 <0.000785>
[pid 14646] 15:04:07.430808 <... futex resumed>) = -1 EAGAIN (Resource temporarily unavailable) <0.001388>
[pid 14642] 15:04:07.431030 rt_sigprocmask(SIG_SETMASK, [KILL USR1 USR2 PIPE ALRM CONT STOP TSTP TTIN TTOU XCPU XFSZ VTALRM WINCH IO PWR],  <unfinished ...>
[pid 14643] 15:04:07.431457 nanosleep({tv_sec=0, tv_nsec=20000},  <unfinished ...>
[pid 14642] 15:04:07.431838 <... rt_sigprocmask resumed>NULL, 8) = 0 <0.000421>
[pid 14646] 15:04:07.432036 nanosleep({tv_sec=0, tv_nsec=3000},  <unfinished ...>
[pid 14642] 15:04:07.432430 futex(0xc000112148, FUTEX_WAKE_PRIVATE, 1 <unfinished ...>
[pid 14643] 15:04:07.432814 <... nanosleep resumed>NULL) = 0 <0.000996>
[pid 14642] 15:04:07.433016 <... futex resumed>) = 1 <0.000410>
[pid 14648] 15:04:07.433203 <... futex resumed>) = 0 <0.003110>
[pid 14646] 15:04:07.433394 <... nanosleep resumed>NULL) = 0 <0.001183>
[pid 14642] 15:04:07.433581 futex(0x1b95aa0, FUTEX_WAIT_PRIVATE, 0, NULL <unfinished ...>
[pid 14648] 15:04:07.433921 futex(0x1b95aa0, FUTEX_WAKE_PRIVATE, 1 <unfinished ...>
[pid 14643] 15:04:07.434259 nanosleep({tv_sec=0, tv_nsec=20000},  <unfinished ...>
[pid 14642] 15:04:07.434629 <... futex resumed>) = -1 EAGAIN (Resource temporarily unavailable) <0.000708>
[pid 14648] 15:04:07.434818 <... futex resumed>) = 0 <0.000732>
[pid 14646] 15:04:07.435001 futex(0xc0000a0148, FUTEX_WAIT_PRIVATE, 0, NULL <unfinished ...>
[pid 14642] 15:04:07.435350 futex(0xc0000a0148, FUTEX_WAKE_PRIVATE, 1 <unfinished ...>
[pid 14648] 15:04:07.435684 futex(0xc000112148, FUTEX_WAIT_PRIVATE, 0, NULL <unfinished ...>
[pid 14643] 15:04:07.436014 <... nanosleep resumed>NULL) = 0 <0.001438>
[pid 14642] 15:04:07.436203 <... futex resumed>) = 0 <0.000689>
[pid 14646] 15:04:07.436385 <... futex resumed>) = -1 EAGAIN (Resource temporarily unavailable) <0.001217>
[pid 14642] 15:04:07.436592 rt_sigprocmask(SIG_SETMASK, [KILL USR1 USR2 PIPE ALRM CONT STOP TSTP TTIN TTOU XCPU XFSZ VTALRM WINCH IO PWR RT_3],  <unfinished ...>
[pid 14643] 15:04:07.436944 nanosleep({tv_sec=0, tv_nsec=20000},  <unfinished ...>
[pid 14642] 15:04:07.437302 <... rt_sigprocmask resumed>NULL, 8) = 0 <0.000372>
[pid 14646] 15:04:07.437480 nanosleep({tv_sec=0, tv_nsec=3000},  <unfinished ...>
[pid 14642] 15:04:07.437839 futex(0xc000112148, FUTEX_WAKE_PRIVATE, 1 <unfinished ...>
[pid 14643] 15:04:07.438187 <... nanosleep resumed>NULL) = 0 <0.000918>
[pid 14642] 15:04:07.438379 <... futex resumed>) = 1 <0.000372>
[pid 14648] 15:04:07.438558 <... futex resumed>) = 0 <0.002711>
[pid 14646] 15:04:07.438745 <... nanosleep resumed>NULL) = 0 <0.001092>
[pid 14642] 15:04:07.438934 futex(0x1b95aa0, FUTEX_WAIT_PRIVATE, 0, NULL <unfinished ...>
[pid 14648] 15:04:07.439268 futex(0x1b95aa0, FUTEX_WAKE_PRIVATE, 1 <unfinished ...>
[pid 14643] 15:04:07.439627 nanosleep({tv_sec=0, tv_nsec=40000},  <unfinished ...>
[pid 14642] 15:04:07.439994 <... futex resumed>) = -1 EAGAIN (Resource temporarily unavailable) <0.000736>
[pid 14648] 15:04:07.440185 <... futex resumed>) = 0 <0.000743>
[pid 14646] 15:04:07.440516 futex(0xc0000a0148, FUTEX_WAIT_PRIVATE, 0, NULL <unfinished ...>
[pid 14642] 15:04:07.440942 futex(0xc0000a0148, FUTEX_WAKE_PRIVATE, 1 <unfinished ...>
[pid 14648] 15:04:07.441381 futex(0xc000112148, FUTEX_WAIT_PRIVATE, 0, NULL <unfinished ...>
[pid 14646] 15:04:07.441787 <... futex resumed>) = -1 EAGAIN (Resource temporarily unavailable) <0.000884>
[pid 14643] 15:04:07.442020 <... nanosleep resumed>NULL) = 0 <0.002217>
[pid 14642] 15:04:07.442263 <... futex resumed>) = 0 <0.001097>
[pid 14646] 15:04:07.442444 nanosleep({tv_sec=0, tv_nsec=3000},  <unfinished ...>
[pid 14642] 15:04:07.442809 rt_sigprocmask(SIG_SETMASK, [KILL USR1 USR2 PIPE ALRM CONT STOP TSTP TTIN TTOU XCPU XFSZ VTALRM WINCH IO PWR RT_3 RT_4],  <unfinished ...>
[pid 14643] 15:04:07.443166 nanosleep({tv_sec=0, tv_nsec=80000},  <unfinished ...>
[pid 14642] 15:04:07.443530 <... rt_sigprocmask resumed>NULL, 8) = 0 <0.000383>
[pid 14646] 15:04:07.443723 <... nanosleep resumed>NULL) = 0 <0.001102>
[pid 14642] 15:04:07.443917 futex(0xc000112148, FUTEX_WAKE_PRIVATE, 1 <unfinished ...>
[pid 14643] 15:04:07.444269 <... nanosleep resumed>NULL) = 0 <0.000762>
[pid 14642] 15:04:07.444468 <... futex resumed>) = 1 <0.000382>
[pid 14648] 15:04:07.444647 <... futex resumed>) = 0 <0.003075>
[pid 14646] 15:04:07.444835 futex(0xc000075148, FUTEX_WAKE_PRIVATE, 1 <unfinished ...>
[pid 14642] 15:04:07.445186 futex(0x1b95aa0, FUTEX_WAIT_PRIVATE, 0, NULL <unfinished ...>
[pid 14648] 15:04:07.445521 futex(0xc000112148, FUTEX_WAIT_PRIVATE, 0, NULL <unfinished ...>
[pid 14643] 15:04:07.445854 nanosleep({tv_sec=0, tv_nsec=160000},  <unfinished ...>
[pid 14646] 15:04:07.446192 <... futex resumed>) = 1 <0.001043>
[pid 14644] 15:04:07.446532 <... futex resumed>) = 0 <0.034918>
[pid 14646] 15:04:07.446739 futex(0x1b95aa0, FUTEX_WAKE_PRIVATE, 1 <unfinished ...>
[pid 14643] 15:04:07.447085 <... nanosleep resumed>NULL) = 0 <0.000914>
[pid 14642] 15:04:07.447274 <... futex resumed>) = 0 <0.001926>
[pid 14646] 15:04:07.447484 <... futex resumed>) = 1 <0.000575>
[pid 14644] 15:04:07.447670 futex(0xc000075148, FUTEX_WAIT_PRIVATE, 0, NULL <unfinished ...>
[pid 14642] 15:04:07.448018 futex(0xc000075148, FUTEX_WAKE_PRIVATE, 1 <unfinished ...>
[pid 14646] 15:04:07.448355 futex(0xc0000a0148, FUTEX_WAIT_PRIVATE, 0, NULL <unfinished ...>
[pid 14643] 15:04:07.448694 nanosleep({tv_sec=0, tv_nsec=320000},  <unfinished ...>
[pid 14642] 15:04:07.449059 <... futex resumed>) = 0 <0.000710>
[pid 14644] 15:04:07.449247 <... futex resumed>) = -1 EAGAIN (Resource temporarily unavailable) <0.001408>
[pid 14642] 15:04:07.449456 rt_sigprocmask(SIG_SETMASK, [KILL USR1 USR2 PIPE ALRM CONT STOP TSTP TTIN TTOU XCPU XFSZ VTALRM WINCH IO PWR RT_3 RT_4 RT_5],  <unfinished ...>
[pid 14643] 15:04:07.449817 <... nanosleep resumed>NULL) = 0 <0.000785>
[pid 14642] 15:04:07.450012 <... rt_sigprocmask resumed>NULL, 8) = 0 <0.000381>
[pid 14644] 15:04:07.450196 nanosleep({tv_sec=0, tv_nsec=3000},  <unfinished ...>
[pid 14642] 15:04:07.450554 futex(0xc0000a0148, FUTEX_WAKE_PRIVATE, 1 <unfinished ...>
[pid 14643] 15:04:07.450893 nanosleep({tv_sec=0, tv_nsec=640000},  <unfinished ...>
[pid 14642] 15:04:07.451251 <... futex resumed>) = 1 <0.000387>
[pid 14646] 15:04:07.451429 <... futex resumed>) = 0 <0.002908>
[pid 14644] 15:04:07.451604 <... nanosleep resumed>NULL) = 0 <0.001235>
[pid 14642] 15:04:07.451795 futex(0x1b95aa0, FUTEX_WAIT_PRIVATE, 0, NULL <unfinished ...>
[pid 14646] 15:04:07.452144 futex(0x1b95aa0, FUTEX_WAKE_PRIVATE, 1 <unfinished ...>
[pid 14642] 15:04:07.452482 <... futex resumed>) = -1 EAGAIN (Resource temporarily unavailable) <0.000360>
[pid 14644] 15:04:07.452664 futex(0xc000075148, FUTEX_WAIT_PRIVATE, 0, NULL <unfinished ...>
[pid 14643] 15:04:07.453008 <... nanosleep resumed>NULL) = 0 <0.001773>
[pid 14642] 15:04:07.453201 futex(0xc000075148, FUTEX_WAKE_PRIVATE, 1 <unfinished ...>
[pid 14646] 15:04:07.453536 <... futex resumed>) = 0 <0.001081>
[pid 14644] 15:04:07.453715 <... futex resumed>) = -1 EAGAIN (Resource temporarily unavailable) <0.000885>
[pid 14642] 15:04:07.453927 <... futex resumed>) = 0 <0.000565>
[pid 14646] 15:04:07.454112 futex(0xc0000a0148, FUTEX_WAIT_PRIVATE, 0, NULL <unfinished ...>
[pid 14644] 15:04:07.454456 nanosleep({tv_sec=0, tv_nsec=3000},  <unfinished ...>
[pid 14643] 15:04:07.454808 nanosleep({tv_sec=0, tv_nsec=1280000},  <unfinished ...>
[pid 14642] 15:04:07.455157 rt_sigprocmask(SIG_SETMASK, [KILL USR1 USR2 PIPE ALRM CONT STOP TSTP TTIN TTOU XCPU XFSZ VTALRM WINCH IO PWR RT_3 RT_4 RT_5 RT_6],  <unfinished ...>
[pid 14644] 15:04:07.455500 <... nanosleep resumed>NULL) = 0 <0.000716>
[pid 14642] 15:04:07.455691 <... rt_sigprocmask resumed>NULL, 8) = 0 <0.000369>
[pid 14644] 15:04:07.455874 futex(0xc0000a0148, FUTEX_WAKE_PRIVATE, 1 <unfinished ...>
[pid 14642] 15:04:07.456216 futex(0x1b95aa0, FUTEX_WAIT_PRIVATE, 0, NULL <unfinished ...>
[pid 14646] 15:04:07.456668 <... futex resumed>) = 0 <0.002224>
[pid 14644] 15:04:07.456860 <... futex resumed>) = 1 <0.000818>
[pid 14643] 15:04:07.457052 <... nanosleep resumed>NULL) = 0 <0.002068>
[pid 14646] 15:04:07.457249 futex(0xc0000a0148, FUTEX_WAIT_PRIVATE, 0, NULL <unfinished ...>
[pid 14644] 15:04:07.457594 futex(0xc0000a0148, FUTEX_WAKE_PRIVATE, 1 <unfinished ...>
[pid 14646] 15:04:07.457947 <... futex resumed>) = -1 EAGAIN (Resource temporarily unavailable) <0.000366>
[pid 14643] 15:04:07.458135 nanosleep({tv_sec=0, tv_nsec=2560000},  <unfinished ...>
[pid 14646] 15:04:07.458487 nanosleep({tv_sec=0, tv_nsec=3000},  <unfinished ...>
[pid 14644] 15:04:07.458837 <... futex resumed>) = 0 <0.000918>
[pid 14646] 15:04:07.459033 <... nanosleep resumed>NULL) = 0 <0.000381>
[pid 14644] 15:04:07.459224 futex(0x1b95aa0, FUTEX_WAKE_PRIVATE, 1 <unfinished ...>
[pid 14646] 15:04:07.459584 futex(0xc0000a0148, FUTEX_WAIT_PRIVATE, 0, NULL <unfinished ...>
[pid 14642] 15:04:07.459946 <... futex resumed>) = 0 <0.003300>
[pid 14644] 15:04:07.460136 <... futex resumed>) = 1 <0.000742>
[pid 14642] 15:04:07.460325 futex(0xc0000a0148, FUTEX_WAKE_PRIVATE, 1 <unfinished ...>
[pid 14644] 15:04:07.460658 futex(0xc000075148, FUTEX_WAIT_PRIVATE, 0, NULL <unfinished ...>
[pid 14642] 15:04:07.461019 <... futex resumed>) = 1 <0.000362>
[pid 14646] 15:04:07.461215 <... futex resumed>) = 0 <0.001462>
[pid 14642] 15:04:07.461407 rt_sigprocmask(SIG_SETMASK, [KILL USR1 USR2 PIPE ALRM CONT STOP TSTP TTIN TTOU XCPU XFSZ VTALRM WINCH IO PWR RT_3 RT_4 RT_5 RT_6 RT_7],  <unfinished ...>
[pid 14643] 15:04:07.461773 <... nanosleep resumed>NULL) = 0 <0.003313>
[pid 14642] 15:04:07.461997 <... rt_sigprocmask resumed>NULL, 8) = 0 <0.000394>
[pid 14646] 15:04:07.462213 nanosleep({tv_sec=0, tv_nsec=3000},  <unfinished ...>
[pid 14642] 15:04:07.462588 futex(0xc000075148, FUTEX_WAKE_PRIVATE, 1 <unfinished ...>
[pid 14643] 15:04:07.462955 nanosleep({tv_sec=0, tv_nsec=5120000},  <unfinished ...>
[pid 14642] 15:04:07.463312 <... futex resumed>) = 1 <0.000390>
[pid 14646] 15:04:07.463503 <... nanosleep resumed>NULL) = 0 <0.001108>
[pid 14644] 15:04:07.463695 <... futex resumed>) = 0 <0.002877>
[pid 14642] 15:04:07.463894 futex(0x1b95aa0, FUTEX_WAIT_PRIVATE, 0, NULL <unfinished ...>
[pid 14646] 15:04:07.464255 futex(0xc000112148, FUTEX_WAKE_PRIVATE, 1 <unfinished ...>
[pid 14644] 15:04:07.464598 futex(0xc000075148, FUTEX_WAIT_PRIVATE, 0, NULL <unfinished ...>
[pid 14648] 15:04:07.464952 <... futex resumed>) = 0 <0.019106>
[pid 14646] 15:04:07.465137 <... futex resumed>) = 1 <0.000722>
[pid 14648] 15:04:07.465329 futex(0xc000112148, FUTEX_WAIT_PRIVATE, 0, NULL <unfinished ...>
[pid 14646] 15:04:07.465665 futex(0xc000112148, FUTEX_WAKE_PRIVATE, 1 <unfinished ...>
[pid 14648] 15:04:07.466003 <... futex resumed>) = -1 EAGAIN (Resource temporarily unavailable) <0.000355>
[pid 14646] 15:04:07.466195 <... futex resumed>) = 0 <0.000376>
[pid 14648] 15:04:07.466393 nanosleep({tv_sec=0, tv_nsec=3000},  <unfinished ...>
[pid 14646] 15:04:07.466789 futex(0x1b95aa0, FUTEX_WAKE_PRIVATE, 1 <unfinished ...>
[pid 14648] 15:04:07.467139 <... nanosleep resumed>NULL) = 0 <0.000385>
[pid 14642] 15:04:07.467328 <... futex resumed>) = 0 <0.003250>
[pid 14646] 15:04:07.467522 <... futex resumed>) = 1 <0.000564>
[pid 14642] 15:04:07.467720 futex(0xc000112148, FUTEX_WAKE_PRIVATE, 1 <unfinished ...>
[pid 14648] 15:04:07.468080 futex(0xc000112148, FUTEX_WAIT_PRIVATE, 0, NULL <unfinished ...>
[pid 14642] 15:04:07.468450 <... futex resumed>) = 0 <0.000381>
[pid 14646] 15:04:07.468643 futex(0xc0000a0148, FUTEX_WAIT_PRIVATE, 0, NULL <unfinished ...>
[pid 14642] 15:04:07.469000 rt_sigprocmask(SIG_SETMASK, [KILL USR1 USR2 PIPE ALRM CONT STOP TSTP TTIN TTOU XCPU XFSZ VTALRM WINCH IO PWR RT_3 RT_4 RT_5 RT_6 RT_7 RT_8],  <unfinished ...>
[pid 14648] 15:04:07.469350 <... futex resumed>) = -1 EAGAIN (Resource temporarily unavailable) <0.000944>
[pid 14643] 15:04:07.469530 <... nanosleep resumed>NULL) = 0 <0.006408>
[pid 14642] 15:04:07.469719 <... rt_sigprocmask resumed>NULL, 8) = 0 <0.000546>
[pid 14648] 15:04:07.469896 nanosleep({tv_sec=0, tv_nsec=3000},  <unfinished ...>
[pid 14642] 15:04:07.470278 futex(0xc0000a0148, FUTEX_WAKE_PRIVATE, 1 <unfinished ...>
[pid 14643] 15:04:07.470631 nanosleep({tv_sec=0, tv_nsec=10000000},  <unfinished ...>
[pid 14642] 15:04:07.471033 <... futex resumed>) = 1 <0.000386>
[pid 14648] 15:04:07.471227 <... nanosleep resumed>NULL) = 0 <0.001141>
[pid 14646] 15:04:07.471406 <... futex resumed>) = 0 <0.002597>
[pid 14642] 15:04:07.471590 futex(0x1b95aa0, FUTEX_WAIT_PRIVATE, 0, NULL <unfinished ...>
[pid 14648] 15:04:07.471948 futex(0xc000075148, FUTEX_WAKE_PRIVATE, 1 <unfinished ...>
[pid 14646] 15:04:07.472283 futex(0xc0000a0148, FUTEX_WAIT_PRIVATE, 0, NULL <unfinished ...>
[pid 14648] 15:04:07.472634 <... futex resumed>) = 1 <0.000369>
[pid 14644] 15:04:07.472819 <... futex resumed>) = 0 <0.008058>
[pid 14648] 15:04:07.473019 futex(0x1b95aa0, FUTEX_WAKE_PRIVATE, 1 <unfinished ...>
[pid 14644] 15:04:07.473369 futex(0xc000075148, FUTEX_WAIT_PRIVATE, 0, NULL <unfinished ...>
[pid 14642] 15:04:07.473716 <... futex resumed>) = 0 <0.001800>
[pid 14648] 15:04:07.473945 <... futex resumed>) = 1 <0.000759>
[pid 14642] 15:04:07.474147 futex(0xc000075148, FUTEX_WAKE_PRIVATE, 1 <unfinished ...>
[pid 14648] 15:04:07.474495 futex(0xc000112148, FUTEX_WAIT_PRIVATE, 0, NULL <unfinished ...>
[pid 14642] 15:04:07.474847 <... futex resumed>) = 1 <0.000378>
[pid 14644] 15:04:07.475040 <... futex resumed>) = 0 <0.001509>
[pid 14642] 15:04:07.475235 rt_sigprocmask(SIG_SETMASK, [KILL USR1 USR2 PIPE ALRM CONT STOP TSTP TTIN TTOU XCPU XFSZ VTALRM WINCH IO PWR RT_3 RT_4 RT_5 RT_6 RT_7 RT_8 RT_9],  <unfinished ...>
[pid 14644] 15:04:07.475595 nanosleep({tv_sec=0, tv_nsec=3000},  <unfinished ...>
[pid 14642] 15:04:07.475969 <... rt_sigprocmask resumed>NULL, 8) = 0 <0.000377>
[pid 14644] 15:04:07.476159 <... nanosleep resumed>NULL) = 0 <0.000396>
[pid 14642] 15:04:07.476356 futex(0xc000112148, FUTEX_WAKE_PRIVATE, 1 <unfinished ...>
[pid 14644] 15:04:07.476718 futex(0xc0000a0148, FUTEX_WAKE_PRIVATE, 1 <unfinished ...>
[pid 14642] 15:04:07.477063 <... futex resumed>) = 1 <0.000379>
[pid 14648] 15:04:07.477238 <... futex resumed>) = 0 <0.002578>
[pid 14642] 15:04:07.477430 futex(0x1b95aa0, FUTEX_WAIT_PRIVATE, 0, NULL <unfinished ...>
[pid 14646] 15:04:07.477785 <... futex resumed>) = 0 <0.005169>
[pid 14644] 15:04:07.477995 <... futex resumed>) = 1 <0.001120>
[pid 14648] 15:04:07.478206 futex(0xc000112148, FUTEX_WAIT_PRIVATE, 0, NULL <unfinished ...>
[pid 14646] 15:04:07.478545 futex(0xc0000a0148, FUTEX_WAIT_PRIVATE, 0, NULL <unfinished ...>
[pid 14644] 15:04:07.478876 futex(0xc0000a0148, FUTEX_WAKE_PRIVATE, 1 <unfinished ...>
[pid 14646] 15:04:07.479218 <... futex resumed>) = -1 EAGAIN (Resource temporarily unavailable) <0.000363>
[pid 14644] 15:04:07.479405 <... futex resumed>) = 0 <0.000368>
[pid 14646] 15:04:07.479600 nanosleep({tv_sec=0, tv_nsec=3000},  <unfinished ...>
[pid 14644] 15:04:07.479962 futex(0x1b95aa0, FUTEX_WAKE_PRIVATE, 1 <unfinished ...>
[pid 14646] 15:04:07.480301 <... nanosleep resumed>NULL) = 0 <0.000377>
[pid 14642] 15:04:07.480486 <... futex resumed>) = 0 <0.002892>
[pid 14644] 15:04:07.480676 <... futex resumed>) = 1 <0.000555>
[pid 14642] 15:04:07.480863 futex(0xc0000a0148, FUTEX_WAKE_PRIVATE, 1 <unfinished ...>
[pid 14646] 15:04:07.481222 futex(0xc0000a0148, FUTEX_WAIT_PRIVATE, 0, NULL <unfinished ...>
[pid 14642] 15:04:07.481569 <... futex resumed>) = 0 <0.000373>
[pid 14644] 15:04:07.481758 futex(0xc000075148, FUTEX_WAIT_PRIVATE, 0, NULL <unfinished ...>
[pid 14643] 15:04:07.482098 <... nanosleep resumed>NULL) = 0 <0.011138>
[pid 14642] 15:04:07.482293 rt_sigprocmask(SIG_SETMASK, [KILL USR1 USR2 PIPE ALRM CONT STOP TSTP TTIN TTOU XCPU XFSZ VTALRM WINCH IO PWR RT_3 RT_4 RT_5 RT_6 RT_7 RT_8 RT_9 RT_10],  <unfinished ...>
[pid 14646] 15:04:07.482639 <... futex resumed>) = -1 EAGAIN (Resource temporarily unavailable) <0.001099>
[pid 14642] 15:04:07.482834 <... rt_sigprocmask resumed>NULL, 8) = 0 <0.000366>
[pid 14643] 15:04:07.483028 nanosleep({tv_sec=0, tv_nsec=10000000},  <unfinished ...>
[pid 14642] 15:04:07.483374 futex(0xc000075148, FUTEX_WAKE_PRIVATE, 1 <unfinished ...>
[pid 14646] 15:04:07.483721 nanosleep({tv_sec=0, tv_nsec=3000},  <unfinished ...>
[pid 14642] 15:04:07.484078 <... futex resumed>) = 1 <0.000379>
[pid 14644] 15:04:07.484265 <... futex resumed>) = 0 <0.002342>
[pid 14642] 15:04:07.484452 futex(0x1b95aa0, FUTEX_WAIT_PRIVATE, 0, NULL <unfinished ...>
[pid 14646] 15:04:07.484791 <... nanosleep resumed>NULL) = 0 <0.000757>
[pid 14642] 15:04:07.484991 <... futex resumed>) = -1 EAGAIN (Resource temporarily unavailable) <0.000371>
[pid 14644] 15:04:07.485175 futex(0x1b95aa0, FUTEX_WAKE_PRIVATE, 1 <unfinished ...>
[pid 14642] 15:04:07.485517 futex(0xc0000a0148, FUTEX_WAKE_PRIVATE, 1 <unfinished ...>
[pid 14646] 15:04:07.485869 futex(0xc0000a0148, FUTEX_WAIT_PRIVATE, 0, NULL <unfinished ...>
[pid 14642] 15:04:07.486217 <... futex resumed>) = 0 <0.000382>
[pid 14644] 15:04:07.486483 <... futex resumed>) = 0 <0.001064>
[pid 14642] 15:04:07.486674 rt_sigprocmask(SIG_SETMASK, [KILL USR1 USR2 PIPE ALRM CONT STOP TSTP TTIN TTOU XCPU XFSZ VTALRM WINCH IO PWR RT_3 RT_4 RT_5 RT_6 RT_7 RT_8 RT_9 RT_10 RT_11],  <unfinished ...>
[pid 14646] 15:04:07.487025 <... futex resumed>) = -1 EAGAIN (Resource temporarily unavailable) <0.000837>
[pid 14642] 15:04:07.487211 <... rt_sigprocmask resumed>NULL, 8) = 0 <0.000357>
[pid 14644] 15:04:07.487392 futex(0xc000075148, FUTEX_WAIT_PRIVATE, 0, NULL <unfinished ...>
[pid 14642] 15:04:07.487739 futex(0xc000075148, FUTEX_WAKE_PRIVATE, 1 <unfinished ...>
[pid 14646] 15:04:07.488091 nanosleep({tv_sec=0, tv_nsec=3000},  <unfinished ...>
[pid 14642] 15:04:07.488451 <... futex resumed>) = 0 <0.000369>
[pid 14644] 15:04:07.488639 <... futex resumed>) = -1 EAGAIN (Resource temporarily unavailable) <0.001079>
[pid 14642] 15:04:07.488828 futex(0x1b95aa0, FUTEX_WAIT_PRIVATE, 0, NULL <unfinished ...>
[pid 14646] 15:04:07.489172 <... nanosleep resumed>NULL) = 0 <0.000759>
[pid 14642] 15:04:07.489365 <... futex resumed>) = -1 EAGAIN (Resource temporarily unavailable) <0.000364>
[pid 14644] 15:04:07.489550 futex(0x1b95aa0, FUTEX_WAKE_PRIVATE, 1 <unfinished ...>
[pid 14642] 15:04:07.489918 futex(0xc0000a0148, FUTEX_WAKE_PRIVATE, 1 <unfinished ...>
[pid 14646] 15:04:07.490254 futex(0xc0000a0148, FUTEX_WAIT_PRIVATE, 0, NULL <unfinished ...>
[pid 14642] 15:04:07.490600 <... futex resumed>) = 0 <0.000362>
[pid 14644] 15:04:07.490787 <... futex resumed>) = 0 <0.001054>
[pid 14642] 15:04:07.490975 rt_sigprocmask(SIG_SETMASK, [KILL USR1 USR2 PIPE ALRM CONT STOP TSTP TTIN TTOU XCPU XFSZ VTALRM WINCH IO PWR RT_3 RT_4 RT_5 RT_6 RT_7 RT_8 RT_9 RT_10 RT_11 RT_12],  <unfinished ...>
[pid 14646] 15:04:07.491321 <... futex resumed>) = -1 EAGAIN (Resource temporarily unavailable) <0.000752>
[pid 14642] 15:04:07.491516 <... rt_sigprocmask resumed>NULL, 8) = 0 <0.000365>
[pid 14644] 15:04:07.491698 futex(0xc000075148, FUTEX_WAIT_PRIVATE, 0, NULL <unfinished ...>
[pid 14642] 15:04:07.492057 futex(0xc000075148, FUTEX_WAKE_PRIVATE, 1 <unfinished ...>
[pid 14646] 15:04:07.492393 nanosleep({tv_sec=0, tv_nsec=3000},  <unfinished ...>
[pid 14642] 15:04:07.492753 <... futex resumed>) = 0 <0.000368>
[pid 14644] 15:04:07.492948 <... futex resumed>) = -1 EAGAIN (Resource temporarily unavailable) <0.001082>
[pid 14642] 15:04:07.493150 futex(0x1b95aa0, FUTEX_WAIT_PRIVATE, 0, NULL <unfinished ...>
[pid 14646] 15:04:07.493521 <... nanosleep resumed>NULL) = 0 <0.000806>
[pid 14642] 15:04:07.493718 <... futex resumed>) = -1 EAGAIN (Resource temporarily unavailable) <0.000369>
[pid 14644] 15:04:07.493924 futex(0x1b95aa0, FUTEX_WAKE_PRIVATE, 1 <unfinished ...>
[pid 14643] 15:04:07.494611 <... nanosleep resumed>NULL) = 0 <0.011100>
[pid 14642] 15:04:07.495100 futex(0xc0000a0148, FUTEX_WAKE_PRIVATE, 1 <unfinished ...>
[pid 14646] 15:04:07.496638 futex(0xc0000a0148, FUTEX_WAIT_PRIVATE, 0, NULL <unfinished ...>
[pid 14644] 15:04:07.497287 <... futex resumed>) = 0 <0.002768>
[pid 14642] 15:04:07.497609 <... futex resumed>) = 0 <0.001541>
[pid 14646] 15:04:07.497853 <... futex resumed>) = -1 EAGAIN (Resource temporarily unavailable) <0.000853>
[pid 14643] 15:04:07.498093 nanosleep({tv_sec=0, tv_nsec=10000000},  <unfinished ...>
[pid 14642] 15:04:07.498481 rt_sigprocmask(SIG_SETMASK, [KILL USR1 USR2 PIPE ALRM CONT STOP TSTP TTIN TTOU XCPU XFSZ VTALRM WINCH IO PWR RT_3 RT_4 RT_5 RT_6 RT_7 RT_8 RT_9 RT_10 RT_11 RT_12 RT_13],  <unfinished ...>
[pid 14646] 15:04:07.498845 nanosleep({tv_sec=0, tv_nsec=3000},  <unfinished ...>
[pid 14644] 15:04:07.499211 futex(0xc000075148, FUTEX_WAIT_PRIVATE, 0, NULL <unfinished ...>
[pid 14642] 15:04:07.499573 <... rt_sigprocmask resumed>NULL, 8) = 0 <0.000745>
[pid 14646] 15:04:07.499764 <... nanosleep resumed>NULL) = 0 <0.000742>
[pid 14642] 15:04:07.499957 futex(0xc000075148, FUTEX_WAKE_PRIVATE, 1 <unfinished ...>
[pid 14646] 15:04:07.500317 futex(0xc000112148, FUTEX_WAKE_PRIVATE, 1 <unfinished ...>
[pid 14642] 15:04:07.500933 <... futex resumed>) = 1 <0.000472>
[pid 14644] 15:04:07.501239 <... futex resumed>) = 0 <0.001852>
[pid 14642] 15:04:07.501539 futex(0x1b95aa0, FUTEX_WAIT_PRIVATE, 0, NULL <unfinished ...>
[pid 14648] 15:04:07.502075 <... futex resumed>) = 0 <0.023474>
[pid 14646] 15:04:07.502371 <... futex resumed>) = 1 <0.001837>
[pid 14648] 15:04:07.502726 futex(0xc000112148, FUTEX_WAIT_PRIVATE, 0, NULL <unfinished ...>
[pid 14644] 15:04:07.503203 futex(0xc000075148, FUTEX_WAIT_PRIVATE, 0, NULL <unfinished ...>
[pid 14648] 15:04:07.503706 <... futex resumed>) = -1 EAGAIN (Resource temporarily unavailable) <0.000534>
[pid 14646] 15:04:07.503940 futex(0xc000112148, FUTEX_WAKE_PRIVATE, 1 <unfinished ...>
[pid 14648] 15:04:07.504531 nanosleep({tv_sec=0, tv_nsec=3000},  <unfinished ...>
[pid 14646] 15:04:07.505047 <... futex resumed>) = 0 <0.000592>
[pid 14648] 15:04:07.505288 <... nanosleep resumed>NULL) = 0 <0.000501>
[pid 14646] 15:04:07.505516 futex(0x1b95aa0, FUTEX_WAKE_PRIVATE, 1 <unfinished ...>
[pid 14648] 15:04:07.505917 futex(0xc000112148, FUTEX_WAIT_PRIVATE, 0, NULL <unfinished ...>
[pid 14642] 15:04:07.506310 <... futex resumed>) = 0 <0.004312>
[pid 14646] 15:04:07.506579 <... futex resumed>) = 1 <0.000878>
[pid 14642] 15:04:07.506824 futex(0xc000112148, FUTEX_WAKE_PRIVATE, 1 <unfinished ...>
[pid 14646] 15:04:07.507264 futex(0xc0000a0148, FUTEX_WAIT_PRIVATE, 0, NULL <unfinished ...>
[pid 14642] 15:04:07.507817 <... futex resumed>) = 1 <0.000506>
[pid 14648] 15:04:07.508114 <... futex resumed>) = 0 <0.002009>
[pid 14642] 15:04:07.508418 rt_sigprocmask(SIG_SETMASK, [KILL USR1 USR2 PIPE ALRM CONT STOP TSTP TTIN TTOU XCPU XFSZ VTALRM WINCH IO PWR RT_3 RT_4 RT_5 RT_6 RT_7 RT_8 RT_9 RT_10 RT_11 RT_12 RT_13 RT_14],  <unfinished ...>
[pid 14648] 15:04:07.509038 nanosleep({tv_sec=0, tv_nsec=3000},  <unfinished ...>
[pid 14643] 15:04:07.510342 <... nanosleep resumed>NULL) = 0 <0.011237>
[pid 14642] 15:04:07.510605 <... rt_sigprocmask resumed>NULL, 8) = 0 <0.001868>
[pid 14648] 15:04:07.510814 <... nanosleep resumed>NULL) = 0 <0.001456>
[pid 14642] 15:04:07.511255 futex(0xc0000a0148, FUTEX_WAKE_PRIVATE, 1 <unfinished ...>
[pid 14643] 15:04:07.511801 nanosleep({tv_sec=0, tv_nsec=10000000},  <unfinished ...>
[pid 14642] 15:04:07.512367 <... futex resumed>) = 1 <0.000597>
[pid 14648] 15:04:07.512678 futex(0xc000075148, FUTEX_WAKE_PRIVATE, 1 <unfinished ...>
[pid 14646] 15:04:07.513546 <... futex resumed>) = 0 <0.005654>
[pid 14642] 15:04:07.514323 futex(0x1b95aa0, FUTEX_WAIT_PRIVATE, 0, NULL <unfinished ...>
[pid 14648] 15:04:07.514986 <... futex resumed>) = 1 <0.001554>
[pid 14644] 15:04:07.515420 <... futex resumed>) = 0 <0.011943>
[pid 14648] 15:04:07.515644 futex(0x1b95aa0, FUTEX_WAKE_PRIVATE, 1 <unfinished ...>
[pid 14646] 15:04:07.515993 futex(0xc0000a0148, FUTEX_WAIT_PRIVATE, 0, NULL <unfinished ...>
[pid 14642] 15:04:07.516353 <... futex resumed>) = 0 <0.001548>
[pid 14648] 15:04:07.516575 <... futex resumed>) = 1 <0.000767>
[pid 14644] 15:04:07.516772 futex(0xc000075148, FUTEX_WAIT_PRIVATE, 0, NULL <unfinished ...>
[pid 14642] 15:04:07.517124 futex(0xc000075148, FUTEX_WAKE_PRIVATE, 1 <unfinished ...>
[pid 14648] 15:04:07.517466 futex(0xc000112148, FUTEX_WAIT_PRIVATE, 0, NULL <unfinished ...>
[pid 14642] 15:04:07.517813 <... futex resumed>) = 0 <0.000372>
[pid 14644] 15:04:07.517988 <... futex resumed>) = -1 EAGAIN (Resource temporarily unavailable) <0.001048>
[pid 14642] 15:04:07.518182 rt_sigprocmask(SIG_SETMASK, [KILL USR1 USR2 PIPE ALRM CONT STOP TSTP TTIN TTOU XCPU XFSZ VTALRM WINCH IO PWR RT_3 RT_4 RT_5 RT_6 RT_7 RT_8 RT_9 RT_10 RT_11 RT_12 RT_13 RT_14 RT_15],  <unfinished ...>
[pid 14644] 15:04:07.518538 nanosleep({tv_sec=0, tv_nsec=3000},  <unfinished ...>
[pid 14642] 15:04:07.518910 <... rt_sigprocmask resumed>NULL, 8) = 0 <0.000391>
[pid 14644] 15:04:07.519097 <... nanosleep resumed>NULL) = 0 <0.000374>
[pid 14642] 15:04:07.519291 futex(0xc000112148, FUTEX_WAKE_PRIVATE, 1 <unfinished ...>
[pid 14644] 15:04:07.519634 futex(0xc0000a0148, FUTEX_WAKE_PRIVATE, 1 <unfinished ...>
[pid 14642] 15:04:07.519977 <... futex resumed>) = 1 <0.000371>
[pid 14648] 15:04:07.520150 <... futex resumed>) = 0 <0.002517>
[pid 14642] 15:04:07.520343 futex(0x1b95aa0, FUTEX_WAIT_PRIVATE, 0, NULL <unfinished ...>
[pid 14646] 15:04:07.520688 <... futex resumed>) = 0 <0.004363>
[pid 14644] 15:04:07.520869 <... futex resumed>) = 1 <0.001072>
[pid 14648] 15:04:07.521063 futex(0xc000112148, FUTEX_WAIT_PRIVATE, 0, NULL <unfinished ...>
[pid 14646] 15:04:07.521399 futex(0xc0000a0148, FUTEX_WAIT_PRIVATE, 0, NULL <unfinished ...>
[pid 14644] 15:04:07.521733 futex(0xc0000a0148, FUTEX_WAKE_PRIVATE, 1 <unfinished ...>
[pid 14646] 15:04:07.522070 <... futex resumed>) = -1 EAGAIN (Resource temporarily unavailable) <0.000363>
[pid 14644] 15:04:07.522268 <... futex resumed>) = 0 <0.000376>
[pid 14643] 15:04:07.522457 <... nanosleep resumed>NULL) = 0 <0.010355>
[pid 14646] 15:04:07.522646 nanosleep({tv_sec=0, tv_nsec=3000},  <unfinished ...>
[pid 14644] 15:04:07.523011 futex(0x1b95aa0, FUTEX_WAKE_PRIVATE, 1 <unfinished ...>
[pid 14646] 15:04:07.523390 <... nanosleep resumed>NULL) = 0 <0.000401>
[pid 14643] 15:04:07.523595 nanosleep({tv_sec=0, tv_nsec=10000000},  <unfinished ...>
[pid 14642] 15:04:07.523948 <... futex resumed>) = 0 <0.003288>
[pid 14646] 15:04:07.524131 futex(0xc0000a0148, FUTEX_WAIT_PRIVATE, 0, NULL <unfinished ...>
[pid 14644] 15:04:07.524464 <... futex resumed>) = 1 <0.001122>
[pid 14642] 15:04:07.524662 futex(0xc0000a0148, FUTEX_WAKE_PRIVATE, 1 <unfinished ...>
[pid 14646] 15:04:07.524997 <... futex resumed>) = -1 EAGAIN (Resource temporarily unavailable) <0.000545>
[pid 14642] 15:04:07.525178 <... futex resumed>) = 0 <0.000355>
[pid 14644] 15:04:07.525366 futex(0xc000075148, FUTEX_WAIT_PRIVATE, 0, NULL <unfinished ...>
[pid 14642] 15:04:07.525794 rt_sigprocmask(SIG_SETMASK, [KILL USR1 USR2 PIPE ALRM CONT STOP TSTP TTIN TTOU XCPU XFSZ VTALRM WINCH IO PWR RT_3 RT_4 RT_5 RT_6 RT_7 RT_8 RT_9 RT_10 RT_11 RT_12 RT_13 RT_14 RT_15 RT_16],  <unfinished ...>
[pid 14646] 15:04:07.526197 nanosleep({tv_sec=0, tv_nsec=3000},  <unfinished ...>
[pid 14642] 15:04:07.526593 <... rt_sigprocmask resumed>NULL, 8) = 0 <0.000412>
[pid 14646] 15:04:07.526786 <... nanosleep resumed>NULL) = 0 <0.000425>
[pid 14642] 15:04:07.526978 futex(0xc000075148, FUTEX_WAKE_PRIVATE, 1 <unfinished ...>
[pid 14646] 15:04:07.527317 futex(0xc000112148, FUTEX_WAKE_PRIVATE, 1 <unfinished ...>
[pid 14642] 15:04:07.527926 <... futex resumed>) = 1 <0.000478>
[pid 14644] 15:04:07.528235 <... futex resumed>) = 0 <0.002701>
[pid 14642] 15:04:07.528494 futex(0x1b95aa0, FUTEX_WAIT_PRIVATE, 0, NULL <unfinished ...>
[pid 14648] 15:04:07.528930 <... futex resumed>) = 0 <0.007523>
[pid 14646] 15:04:07.529192 <... futex resumed>) = 1 <0.001712>
[pid 14648] 15:04:07.529427 futex(0xc000112148, FUTEX_WAIT_PRIVATE, 0, NULL <unfinished ...>
[pid 14644] 15:04:07.529842 futex(0xc000075148, FUTEX_WAIT_PRIVATE, 0, NULL <unfinished ...>
[pid 14648] 15:04:07.530670 <... futex resumed>) = -1 EAGAIN (Resource temporarily unavailable) <0.000546>
[pid 14646] 15:04:07.530881 futex(0xc000112148, FUTEX_WAKE_PRIVATE, 1 <unfinished ...>
[pid 14648] 15:04:07.531222 nanosleep({tv_sec=0, tv_nsec=3000},  <unfinished ...>
[pid 14646] 15:04:07.531605 <... futex resumed>) = 0 <0.000379>
[pid 14648] 15:04:07.531811 <... nanosleep resumed>NULL) = 0 <0.000406>
[pid 14646] 15:04:07.532002 futex(0x1b95aa0, FUTEX_WAKE_PRIVATE, 1 <unfinished ...>
[pid 14648] 15:04:07.532351 futex(0xc000112148, FUTEX_WAIT_PRIVATE, 0, NULL <unfinished ...>
[pid 14642] 15:04:07.532718 <... futex resumed>) = 0 <0.003847>
[pid 14646] 15:04:07.532905 <... futex resumed>) = 1 <0.000736>
[pid 14642] 15:04:07.533091 futex(0xc000112148, FUTEX_WAKE_PRIVATE, 1 <unfinished ...>
[pid 14646] 15:04:07.533452 futex(0xc0000a0148, FUTEX_WAIT_PRIVATE, 0, NULL <unfinished ...>
[pid 14642] 15:04:07.533803 <... futex resumed>) = 1 <0.000396>
[pid 14648] 15:04:07.533993 <... futex resumed>) = 0 <0.001464>
[pid 14642] 15:04:07.534187 rt_sigprocmask(SIG_SETMASK, [KILL USR1 USR2 PIPE ALRM CONT STOP TSTP TTIN TTOU XCPU XFSZ VTALRM WINCH IO PWR RT_3 RT_4 RT_5 RT_6 RT_7 RT_8 RT_9 RT_10 RT_11 RT_12 RT_13 RT_14 RT_15 RT_16 RT_17],  <unfinished ...>
[pid 14643] 15:04:07.534575 <... nanosleep resumed>NULL) = 0 <0.010631>
[pid 14642] 15:04:07.534769 <... rt_sigprocmask resumed>NULL, 8) = 0 <0.000395>
[pid 14648] 15:04:07.534952 nanosleep({tv_sec=0, tv_nsec=3000},  <unfinished ...>
[pid 14642] 15:04:07.535330 futex(0xc0000a0148, FUTEX_WAKE_PRIVATE, 1 <unfinished ...>
[pid 14643] 15:04:07.535676 nanosleep({tv_sec=0, tv_nsec=10000000},  <unfinished ...>
[pid 14642] 15:04:07.536040 <... futex resumed>) = 1 <0.000389>
[pid 14648] 15:04:07.536230 <... nanosleep resumed>NULL) = 0 <0.001087>
[pid 14646] 15:04:07.536445 <... futex resumed>) = 0 <0.002815>
[pid 14642] 15:04:07.536651 futex(0x1b95aa0, FUTEX_WAIT_PRIVATE, 0, NULL <unfinished ...>
[pid 14648] 15:04:07.536999 futex(0xc000075148, FUTEX_WAKE_PRIVATE, 1 <unfinished ...>
[pid 14646] 15:04:07.537328 futex(0xc0000a0148, FUTEX_WAIT_PRIVATE, 0, NULL <unfinished ...>
[pid 14648] 15:04:07.537684 <... futex resumed>) = 1 <0.000362>
[pid 14644] 15:04:07.537864 <... futex resumed>) = 0 <0.007722>
[pid 14648] 15:04:07.538057 futex(0x1b95aa0, FUTEX_WAKE_PRIVATE, 1 <unfinished ...>
[pid 14644] 15:04:07.538405 futex(0xc000075148, FUTEX_WAIT_PRIVATE, 0, NULL <unfinished ...>
[pid 14642] 15:04:07.538746 <... futex resumed>) = 0 <0.001773>
[pid 14648] 15:04:07.538918 <... futex resumed>) = 1 <0.000701>
[pid 14642] 15:04:07.539104 futex(0xc000075148, FUTEX_WAKE_PRIVATE, 1 <unfinished ...>
[pid 14648] 15:04:07.539447 futex(0xc000112148, FUTEX_WAIT_PRIVATE, 0, NULL <unfinished ...>
[pid 14642] 15:04:07.539802 <... futex resumed>) = 1 <0.000374>
[pid 14644] 15:04:07.539984 <... futex resumed>) = 0 <0.001412>
[pid 14642] 15:04:07.540184 rt_sigprocmask(SIG_SETMASK, [KILL USR1 USR2 PIPE ALRM CONT STOP TSTP TTIN TTOU XCPU XFSZ VTALRM WINCH IO PWR RT_3 RT_4 RT_5 RT_6 RT_7 RT_8 RT_9 RT_10 RT_11 RT_12 RT_13 RT_14 RT_15 RT_16 RT_17 RT_18],  <unfinished ...>
[pid 14644] 15:04:07.540531 nanosleep({tv_sec=0, tv_nsec=3000},  <unfinished ...>
[pid 14642] 15:04:07.540896 <... rt_sigprocmask resumed>NULL, 8) = 0 <0.000381>
[pid 14644] 15:04:07.541144 <... nanosleep resumed>NULL) = 0 <0.000433>
[pid 14642] 15:04:07.541339 futex(0xc000112148, FUTEX_WAKE_PRIVATE, 1 <unfinished ...>
[pid 14644] 15:04:07.541995 futex(0xc0000a0148, FUTEX_WAKE_PRIVATE, 1 <unfinished ...>
[pid 14642] 15:04:07.542568 <... futex resumed>) = 1 <0.000828>
[pid 14648] 15:04:07.542857 <... futex resumed>) = 0 <0.003249>
[pid 14642] 15:04:07.543071 futex(0x1b95aa0, FUTEX_WAIT_PRIVATE, 0, NULL <unfinished ...>
[pid 14646] 15:04:07.543404 <... futex resumed>) = 0 <0.005763>
[pid 14644] 15:04:07.543595 <... futex resumed>) = 1 <0.001301>
[pid 14648] 15:04:07.543797 futex(0xc000112148, FUTEX_WAIT_PRIVATE, 0, NULL <unfinished ...>
[pid 14646] 15:04:07.544172 futex(0xc0000a0148, FUTEX_WAIT_PRIVATE, 0, NULL <unfinished ...>
[pid 14644] 15:04:07.544644 futex(0xc0000a0148, FUTEX_WAKE_PRIVATE, 1 <unfinished ...>
[pid 14646] 15:04:07.544987 <... futex resumed>) = -1 EAGAIN (Resource temporarily unavailable) <0.000406>
[pid 14644] 15:04:07.545179 <... futex resumed>) = 0 <0.000375>
[pid 14646] 15:04:07.545382 nanosleep({tv_sec=0, tv_nsec=3000},  <unfinished ...>
[pid 14644] 15:04:07.545744 futex(0x1b95aa0, FUTEX_WAKE_PRIVATE, 1 <unfinished ...>
[pid 14646] 15:04:07.546097 <... nanosleep resumed>NULL) = 0 <0.000376>
[pid 14642] 15:04:07.546290 <... futex resumed>) = 0 <0.003060>
[pid 14644] 15:04:07.546504 <... futex resumed>) = 1 <0.000600>
[pid 14643] 15:04:07.546694 <... nanosleep resumed>NULL) = 0 <0.010843>
[pid 14642] 15:04:07.546891 futex(0xc0000a0148, FUTEX_WAKE_PRIVATE, 1 <unfinished ...>
[pid 14646] 15:04:07.547234 futex(0xc0000a0148, FUTEX_WAIT_PRIVATE, 0, NULL <unfinished ...>
[pid 14644] 15:04:07.547567 futex(0xc000075148, FUTEX_WAIT_PRIVATE, 0, NULL <unfinished ...>
[pid 14642] 15:04:07.547919 <... futex resumed>) = 0 <0.000696>
[pid 14646] 15:04:07.548099 <... futex resumed>) = -1 EAGAIN (Resource temporarily unavailable) <0.000712>
[pid 14643] 15:04:07.548292 nanosleep({tv_sec=0, tv_nsec=10000000},  <unfinished ...>
[pid 14642] 15:04:07.548648 rt_sigprocmask(SIG_SETMASK, [KILL USR1 USR2 PIPE ALRM CONT STOP TSTP TTIN TTOU XCPU XFSZ VTALRM WINCH IO PWR RT_3 RT_4 RT_5 RT_6 RT_7 RT_8 RT_9 RT_10 RT_11 RT_12 RT_13 RT_14 RT_15 RT_16 RT_17 RT_18 RT_19],  <unfinished ...>
[pid 14646] 15:04:07.548998 nanosleep({tv_sec=0, tv_nsec=3000},  <unfinished ...>
[pid 14642] 15:04:07.549343 <... rt_sigprocmask resumed>NULL, 8) = 0 <0.000358>
[pid 14646] 15:04:07.549529 <... nanosleep resumed>NULL) = 0 <0.000370>
[pid 14642] 15:04:07.549729 futex(0xc000075148, FUTEX_WAKE_PRIVATE, 1 <unfinished ...>
[pid 14646] 15:04:07.550080 futex(0xc000112148, FUTEX_WAKE_PRIVATE, 1 <unfinished ...>
[pid 14642] 15:04:07.550428 <... futex resumed>) = 1 <0.000381>
[pid 14644] 15:04:07.550642 <... futex resumed>) = 0 <0.002913>
[pid 14642] 15:04:07.550862 futex(0x1b95aa0, FUTEX_WAIT_PRIVATE, 0, NULL <unfinished ...>
[pid 14648] 15:04:07.551245 <... futex resumed>) = 0 <0.007105>
[pid 14646] 15:04:07.551475 <... futex resumed>) = 1 <0.001234>
[pid 14648] 15:04:07.551705 futex(0xc000112148, FUTEX_WAIT_PRIVATE, 0, NULL <unfinished ...>
[pid 14644] 15:04:07.552129 futex(0xc000075148, FUTEX_WAIT_PRIVATE, 0, NULL <unfinished ...>
[pid 14648] 15:04:07.552533 <... futex resumed>) = -1 EAGAIN (Resource temporarily unavailable) <0.000441>
[pid 14646] 15:04:07.552768 futex(0xc000112148, FUTEX_WAKE_PRIVATE, 1 <unfinished ...>
[pid 14648] 15:04:07.553204 nanosleep({tv_sec=0, tv_nsec=3000},  <unfinished ...>
[pid 14646] 15:04:07.553666 <... futex resumed>) = 0 <0.000481>
[pid 14648] 15:04:07.553900 <... nanosleep resumed>NULL) = 0 <0.000480>
[pid 14646] 15:04:07.554124 futex(0x1b95aa0, FUTEX_WAKE_PRIVATE, 1 <unfinished ...>
[pid 14648] 15:04:07.554565 futex(0xc000112148, FUTEX_WAIT_PRIVATE, 0, NULL <unfinished ...>
[pid 14642] 15:04:07.555040 <... futex resumed>) = 0 <0.003789>
[pid 14646] 15:04:07.555282 <... futex resumed>) = 1 <0.000959>
[pid 14642] 15:04:07.555535 futex(0xc000112148, FUTEX_WAKE_PRIVATE, 1 <unfinished ...>
[pid 14646] 15:04:07.555984 futex(0xc0000a0148, FUTEX_WAIT_PRIVATE, 0, NULL <unfinished ...>
[pid 14642] 15:04:07.556457 <... futex resumed>) = 1 <0.000457>
[pid 14648] 15:04:07.556688 <... futex resumed>) = 0 <0.001884>
[pid 14642] 15:04:07.556908 rt_sigprocmask(SIG_SETMASK, [KILL USR1 USR2 PIPE ALRM CONT STOP TSTP TTIN TTOU XCPU XFSZ VTALRM WINCH IO PWR RT_3 RT_4 RT_5 RT_6 RT_7 RT_8 RT_9 RT_10 RT_11 RT_12 RT_13 RT_14 RT_15 RT_16 RT_17 RT_18 RT_19 RT_20],  <unfinished ...>
[pid 14648] 15:04:07.557329 nanosleep({tv_sec=0, tv_nsec=3000},  <unfinished ...>
[pid 14642] 15:04:07.557806 <... rt_sigprocmask resumed>NULL, 8) = 0 <0.000430>
[pid 14648] 15:04:07.558098 <... nanosleep resumed>NULL) = 0 <0.000578>
[pid 14642] 15:04:07.558322 futex(0xc0000a0148, FUTEX_WAKE_PRIVATE, 1 <unfinished ...>
[pid 14648] 15:04:07.558733 futex(0xc000075148, FUTEX_WAKE_PRIVATE, 1 <unfinished ...>
[pid 14642] 15:04:07.559151 <... futex resumed>) = 1 <0.000455>
[pid 14646] 15:04:07.559382 <... futex resumed>) = 0 <0.003196>
[pid 14643] 15:04:07.559628 <... nanosleep resumed>NULL) = 0 <0.011167>
[pid 14642] 15:04:07.559873 futex(0x1b95aa0, FUTEX_WAIT_PRIVATE, 0, NULL <unfinished ...>
[pid 14648] 15:04:07.560318 <... futex resumed>) = 1 <0.001180>
[pid 14646] 15:04:07.560651 futex(0xc0000a0148, FUTEX_WAIT_PRIVATE, 0, NULL <unfinished ...>
[pid 14644] 15:04:07.561183 <... futex resumed>) = 0 <0.008612>
[pid 14648] 15:04:07.561457 futex(0x1b95aa0, FUTEX_WAKE_PRIVATE, 1 <unfinished ...>
[pid 14643] 15:04:07.561887 nanosleep({tv_sec=0, tv_nsec=10000000},  <unfinished ...>
[pid 14642] 15:04:07.562304 <... futex resumed>) = 0 <0.002047>
[pid 14648] 15:04:07.562604 <... futex resumed>) = 1 <0.000925>
[pid 14644] 15:04:07.562943 futex(0xc000075148, FUTEX_WAIT_PRIVATE, 0, NULL <unfinished ...>
[pid 14642] 15:04:07.563422 futex(0xc000075148, FUTEX_WAKE_PRIVATE, 1 <unfinished ...>
[pid 14648] 15:04:07.563900 futex(0xc000112148, FUTEX_WAIT_PRIVATE, 0, NULL <unfinished ...>
[pid 14642] 15:04:07.564406 <... futex resumed>) = 0 <0.000504>
[pid 14644] 15:04:07.564677 <... futex resumed>) = -1 EAGAIN (Resource temporarily unavailable) <0.001509>
[pid 14642] 15:04:07.564922 rt_sigprocmask(SIG_SETMASK, [KILL USR1 USR2 PIPE ALRM CONT STOP TSTP TTIN TTOU XCPU XFSZ VTALRM WINCH IO PWR RT_3 RT_4 RT_5 RT_6 RT_7 RT_8 RT_9 RT_10 RT_11 RT_12 RT_13 RT_14 RT_15 RT_16 RT_17 RT_18 RT_19 RT_20 RT_21],  <unfinished ...>
[pid 14644] 15:04:07.565321 nanosleep({tv_sec=0, tv_nsec=3000},  <unfinished ...>
[pid 14642] 15:04:07.565718 <... rt_sigprocmask resumed>NULL, 8) = 0 <0.000411>
[pid 14644] 15:04:07.565922 <... nanosleep resumed>NULL) = 0 <0.000417>
[pid 14642] 15:04:07.566152 futex(0xc000112148, FUTEX_WAKE_PRIVATE, 1 <unfinished ...>
[pid 14644] 15:04:07.566609 futex(0xc0000a0148, FUTEX_WAKE_PRIVATE, 1 <unfinished ...>
[pid 14642] 15:04:07.567045 <... futex resumed>) = 1 <0.000497>
[pid 14648] 15:04:07.567274 <... futex resumed>) = 0 <0.003163>
[pid 14642] 15:04:07.567516 futex(0x1b95aa0, FUTEX_WAIT_PRIVATE, 0, NULL <unfinished ...>
[pid 14646] 15:04:07.567928 <... futex resumed>) = 0 <0.006829>
[pid 14644] 15:04:07.568157 <... futex resumed>) = 1 <0.001342>
[pid 14648] 15:04:07.568405 futex(0xc000112148, FUTEX_WAIT_PRIVATE, 0, NULL <unfinished ...>
[pid 14646] 15:04:07.568844 futex(0xc0000a0148, FUTEX_WAIT_PRIVATE, 0, NULL <unfinished ...>
[pid 14644] 15:04:07.569267 futex(0xc0000a0148, FUTEX_WAKE_PRIVATE, 1 <unfinished ...>
[pid 14646] 15:04:07.569692 <... futex resumed>) = -1 EAGAIN (Resource temporarily unavailable) <0.000463>
[pid 14644] 15:04:07.569920 <... futex resumed>) = 0 <0.000455>
[pid 14646] 15:04:07.570164 nanosleep({tv_sec=0, tv_nsec=3000},  <unfinished ...>
[pid 14644] 15:04:07.570614 futex(0x1b95aa0, FUTEX_WAKE_PRIVATE, 1 <unfinished ...>
[pid 14646] 15:04:07.571039 <... nanosleep resumed>NULL) = 0 <0.000468>
[pid 14642] 15:04:07.571268 <... futex resumed>) = 0 <0.003556>
[pid 14644] 15:04:07.571487 <... futex resumed>) = 1 <0.000676>
[pid 14642] 15:04:07.571736 futex(0xc0000a0148, FUTEX_WAKE_PRIVATE, 1 <unfinished ...>
[pid 14646] 15:04:07.572149 futex(0xc0000a0148, FUTEX_WAIT_PRIVATE, 0, NULL <unfinished ...>
[pid 14642] 15:04:07.572576 <... futex resumed>) = 0 <0.000455>
[pid 14644] 15:04:07.572800 futex(0xc000075148, FUTEX_WAIT_PRIVATE, 0, NULL <unfinished ...>
[pid 14643] 15:04:07.573197 <... nanosleep resumed>NULL) = 0 <0.010921>
[pid 14642] 15:04:07.573414 rt_sigprocmask(SIG_SETMASK, [KILL USR1 USR2 PIPE ALRM CONT STOP TSTP TTIN TTOU XCPU XFSZ VTALRM WINCH IO PWR RT_3 RT_4 RT_5 RT_6 RT_7 RT_8 RT_9 RT_10 RT_11 RT_12 RT_13 RT_14 RT_15 RT_16 RT_17 RT_18 RT_19 RT_20 RT_21 RT_22],  <unfinished ...>
[pid 14646] 15:04:07.573954 <... futex resumed>) = -1 EAGAIN (Resource temporarily unavailable) <0.001306>
[pid 14642] 15:04:07.574222 <... rt_sigprocmask resumed>NULL, 8) = 0 <0.000575>
[pid 14643] 15:04:07.574473 nanosleep({tv_sec=0, tv_nsec=10000000},  <unfinished ...>
[pid 14642] 15:04:07.574890 futex(0xc000075148, FUTEX_WAKE_PRIVATE, 1 <unfinished ...>
[pid 14646] 15:04:07.575317 nanosleep({tv_sec=0, tv_nsec=3000},  <unfinished ...>
[pid 14642] 15:04:07.575766 <... futex resumed>) = 1 <0.000469>
[pid 14644] 15:04:07.575979 <... futex resumed>) = 0 <0.002990>
