[pid 14692] 15:04:12.413435 <... rt_sigprocmask resumed>NULL, 8) = 0 <0.000461>
[pid 14695] 15:04:12.413694 nanosleep({tv_sec=0, tv_nsec=3000},  <unfinished ...>
[pid 14692] 15:04:12.414223 futex(0xc0000a4148, FUTEX_WAKE_PRIVATE, 1 <unfinished ...>
[pid 14693] 15:04:12.414716 nanosleep({tv_sec=0, tv_nsec=20000},  <unfinished ...>
[pid 14692] 15:04:12.415214 <... futex resumed>) = 1 <0.000555>
[pid 14696] 15:04:12.415449 <... futex resumed>) = 0 <0.003858>
[pid 14695] 15:04:12.415701 <... nanosleep resumed>NULL) = 0 <0.001780>
[pid 14692] 15:04:12.416065 futex(0x1b95aa0, FUTEX_WAIT_PRIVATE, 0, NULL <unfinished ...>
[pid 14696] 15:04:12.419029 futex(0x1b95aa0, FUTEX_WAKE_PRIVATE, 1 <unfinished ...>
[pid 14693] 15:04:12.419506 <... nanosleep resumed>NULL) = 0 <0.004303>
[pid 14692] 15:04:12.419727 <... futex resumed>) = -1 EAGAIN (Resource temporarily unavailable) <0.001119>
[pid 14696] 15:04:12.419960 <... futex resumed>) = 0 <0.000706>
[pid 14695] 15:04:12.420201 futex(0xc000075948, FUTEX_WAIT_PRIVATE, 0, NULL <unfinished ...>
[pid 14692] 15:04:12.420703 futex(0xc000075948, FUTEX_WAKE_PRIVATE, 1 <unfinished ...>
[pid 14696] 15:04:12.421097 futex(0xc0000a4148, FUTEX_WAIT_PRIVATE, 0, NULL <unfinished ...>
[pid 14693] 15:04:12.421549 nanosleep({tv_sec=0, tv_nsec=20000},  <unfinished ...>
[pid 14692] 15:04:12.422001 <... futex resumed>) = 0 <0.000900>
[pid 14695] 15:04:12.422236 <... futex resumed>) = -1 EAGAIN (Resource temporarily unavailable) <0.001765>
[pid 14692] 15:04:12.422538 rt_sigprocmask(SIG_SETMASK, [KILL USR1 USR2 PIPE ALRM STOP],  <unfinished ...>
[pid 14693] 15:04:12.423027 <... nanosleep resumed>NULL) = 0 <0.001021>
[pid 14692] 15:04:12.423241 <... rt_sigprocmask resumed>NULL, 8) = 0 <0.000499>
[pid 14695] 15:04:12.423496 nanosleep({tv_sec=0, tv_nsec=3000},  <unfinished ...>
[pid 14692] 15:04:12.424005 futex(0xc0000a4148, FUTEX_WAKE_PRIVATE, 1 <unfinished ...>
[pid 14693] 15:04:12.424613 nanosleep({tv_sec=0, tv_nsec=20000},  <unfinished ...>
[pid 14692] 15:04:12.425234 <... futex resumed>) = 1 <0.000635>
[pid 14696] 15:04:12.425626 <... futex resumed>) = 0 <0.004333>
[pid 14695] 15:04:12.426933 <... nanosleep resumed>NULL) = 0 <0.003200>
[pid 14692] 15:04:12.427324 futex(0x1b95aa0, FUTEX_WAIT_PRIVATE, 0, NULL <unfinished ...>
[pid 14696] 15:04:12.427949 futex(0x1b95aa0, FUTEX_WAKE_PRIVATE, 1 <unfinished ...>
[pid 14693] 15:04:12.428419 <... nanosleep resumed>NULL) = 0 <0.003326>
[pid 14692] 15:04:12.428653 <... futex resumed>) = -1 EAGAIN (Resource temporarily unavailable) <0.000992>
[pid 14696] 15:04:12.428960 <... futex resumed>) = 0 <0.000757>
[pid 14695] 15:04:12.429216 futex(0xc000075948, FUTEX_WAIT_PRIVATE, 0, NULL <unfinished ...>
[pid 14692] 15:04:12.429708 futex(0xc000075948, FUTEX_WAKE_PRIVATE, 1 <unfinished ...>
[pid 14696] 15:04:12.430152 futex(0xc0000a4148, FUTEX_WAIT_PRIVATE, 0, NULL <unfinished ...>
[pid 14693] 15:04:12.430592 nanosleep({tv_sec=0, tv_nsec=20000},  <unfinished ...>
[pid 14692] 15:04:12.431016 <... futex resumed>) = 0 <0.000926>
[pid 14695] 15:04:12.431237 <... futex resumed>) = -1 EAGAIN (Resource temporarily unavailable) <0.001801>
[pid 14692] 15:04:12.431479 rt_sigprocmask(SIG_SETMASK, [KILL USR1 USR2 PIPE ALRM CONT STOP],  <unfinished ...>
[pid 14693] 15:04:12.431929 <... nanosleep resumed>NULL) = 0 <0.000959>
[pid 14695] 15:04:12.432157 nanosleep({tv_sec=0, tv_nsec=3000},  <unfinished ...>
[pid 14692] 15:04:12.432850 <... rt_sigprocmask resumed>NULL, 8) = 0 <0.000832>
[pid 14693] 15:04:12.433197 nanosleep({tv_sec=0, tv_nsec=20000},  <unfinished ...>
[pid 14692] 15:04:12.434115 futex(0xc0000a4148, FUTEX_WAKE_PRIVATE, 1 <unfinished ...>
[pid 14695] 15:04:12.434989 <... nanosleep resumed>NULL) = 0 <0.002065>
[pid 14692] 15:04:12.435973 <... futex resumed>) = 1 <0.001438>
[pid 14696] 15:04:12.436678 <... futex resumed>) = 0 <0.006314>
[pid 14693] 15:04:12.437045 <... nanosleep resumed>NULL) = 0 <0.003505>
[pid 14692] 15:04:12.437354 futex(0x1b95aa0, FUTEX_WAIT_PRIVATE, 0, NULL <unfinished ...>
[pid 14696] 15:04:12.437879 futex(0xc0000a4148, FUTEX_WAIT_PRIVATE, 0, NULL <unfinished ...>
[pid 14695] 15:04:12.438310 futex(0xc0004a6148, FUTEX_WAKE_PRIVATE, 1 <unfinished ...>
[pid 14693] 15:04:12.438755 nanosleep({tv_sec=0, tv_nsec=20000},  <unfinished ...>
[pid 14695] 15:04:12.439234 <... futex resumed>) = 1 <0.000491>
[pid 14700] 15:04:12.439474 <... futex resumed>) = 0 <0.032536>
[pid 14693] 15:04:12.439708 <... nanosleep resumed>NULL) = 0 <0.000726>
[pid 14700] 15:04:12.439953 futex(0xc0004a6148, FUTEX_WAIT_PRIVATE, 0, NULL <unfinished ...>
[pid 14695] 15:04:12.440415 futex(0x1b95aa0, FUTEX_WAKE_PRIVATE, 1 <unfinished ...>
[pid 14693] 15:04:12.440872 nanosleep({tv_sec=0, tv_nsec=20000},  <unfinished ...>
[pid 14692] 15:04:12.441316 <... futex resumed>) = 0 <0.003521>
[pid 14695] 15:04:12.441553 <... futex resumed>) = 1 <0.000907>
[pid 14692] 15:04:12.441767 futex(0xc0004a6148, FUTEX_WAKE_PRIVATE, 1 <unfinished ...>
[pid 14693] 15:04:12.442337 <... nanosleep resumed>NULL) = 0 <0.000954>
[pid 14692] 15:04:12.442957 <... futex resumed>) = 1 <0.000957>
[pid 14700] 15:04:12.443321 <... futex resumed>) = 0 <0.003147>
[pid 14695] 15:04:12.443998 futex(0xc000075948, FUTEX_WAIT_PRIVATE, 0, NULL <unfinished ...>
[pid 14692] 15:04:12.444660 rt_sigprocmask(SIG_SETMASK, [KILL USR1 USR2 PIPE ALRM CONT STOP TSTP],  <unfinished ...>
[pid 14700] 15:04:12.445180 nanosleep({tv_sec=0, tv_nsec=3000},  <unfinished ...>
[pid 14693] 15:04:12.445819 nanosleep({tv_sec=0, tv_nsec=20000},  <unfinished ...>
[pid 14692] 15:04:12.446332 <... rt_sigprocmask resumed>NULL, 8) = 0 <0.001186>
[pid 14700] 15:04:12.446605 <... nanosleep resumed>NULL) = 0 <0.001139>
[pid 14692] 15:04:12.446862 futex(0xc000075948, FUTEX_WAKE_PRIVATE, 1 <unfinished ...>
[pid 14693] 15:04:12.447349 <... nanosleep resumed>NULL) = 0 <0.001030>
[pid 14692] 15:04:12.447606 <... futex resumed>) = 1 <0.000538>
[pid 14700] 15:04:12.447833 futex(0xc0000a4148, FUTEX_WAKE_PRIVATE, 1 <unfinished ...>
[pid 14695] 15:04:12.448264 <... futex resumed>) = 0 <0.003717>
[pid 14692] 15:04:12.448508 futex(0x1b95aa0, FUTEX_WAIT_PRIVATE, 0, NULL <unfinished ...>
[pid 14700] 15:04:12.448993 <... futex resumed>) = 1 <0.000715>
[pid 14696] 15:04:12.449230 <... futex resumed>) = 0 <0.011141>
[pid 14693] 15:04:12.449522 nanosleep({tv_sec=0, tv_nsec=20000},  <unfinished ...>
[pid 14700] 15:04:12.449985 futex(0x1b95aa0, FUTEX_WAKE_PRIVATE, 1 <unfinished ...>
[pid 14696] 15:04:12.450478 futex(0xc0000a4148, FUTEX_WAIT_PRIVATE, 0, NULL <unfinished ...>
[pid 14695] 15:04:12.451296 futex(0xc000075948, FUTEX_WAIT_PRIVATE, 0, NULL <unfinished ...>
[pid 14692] 15:04:12.451951 <... futex resumed>) = 0 <0.002905>
[pid 14700] 15:04:12.452476 <... futex resumed>) = 1 <0.002230>
[pid 14693] 15:04:12.453591 <... nanosleep resumed>NULL) = 0 <0.003850>
[pid 14692] 15:04:12.454533 futex(0xc0000a4148, FUTEX_WAKE_PRIVATE, 1 <unfinished ...>
[pid 14700] 15:04:12.455123 futex(0xc0004a6148, FUTEX_WAIT_PRIVATE, 0, NULL <unfinished ...>
[pid 14692] 15:04:12.455607 <... futex resumed>) = 1 <0.000532>
[pid 14696] 15:04:12.455841 <... futex resumed>) = 0 <0.005133>
[pid 14693] 15:04:12.456088 nanosleep({tv_sec=0, tv_nsec=20000},  <unfinished ...>
[pid 14692] 15:04:12.456531 rt_sigprocmask(SIG_SETMASK, [KILL USR1 USR2 PIPE ALRM CONT STOP TSTP TTIN],  <unfinished ...>
[pid 14696] 15:04:12.457122 nanosleep({tv_sec=0, tv_nsec=3000},  <unfinished ...>
[pid 14692] 15:04:12.457573 <... rt_sigprocmask resumed>NULL, 8) = 0 <0.000508>
[pid 14693] 15:04:12.457805 <... nanosleep resumed>NULL) = 0 <0.001504>
[pid 14692] 15:04:12.458053 futex(0xc0004a6148, FUTEX_WAKE_PRIVATE, 1 <unfinished ...>
[pid 14696] 15:04:12.458462 <... nanosleep resumed>NULL) = 0 <0.000910>
[pid 14692] 15:04:12.458775 <... futex resumed>) = 1 <0.000508>
[pid 14700] 15:04:12.459238 <... futex resumed>) = 0 <0.003863>
[pid 14693] 15:04:12.459960 nanosleep({tv_sec=0, tv_nsec=20000},  <unfinished ...>
[pid 14692] 15:04:12.460926 futex(0x1b95aa0, FUTEX_WAIT_PRIVATE, 0, NULL <unfinished ...>
[pid 14700] 15:04:12.461688 futex(0xc0004a6148, FUTEX_WAIT_PRIVATE, 0, NULL <unfinished ...>
[pid 14696] 15:04:12.462293 futex(0xc000075948, FUTEX_WAKE_PRIVATE, 1 <unfinished ...>
[pid 14693] 15:04:12.462834 <... nanosleep resumed>NULL) = 0 <0.002082>
[pid 14696] 15:04:12.463187 <... futex resumed>) = 1 <0.000642>
[pid 14695] 15:04:12.463490 <... futex resumed>) = 0 <0.011871>
[pid 14696] 15:04:12.463827 futex(0x1b95aa0, FUTEX_WAKE_PRIVATE, 1 <unfinished ...>
[pid 14693] 15:04:12.464459 nanosleep({tv_sec=0, tv_nsec=20000},  <unfinished ...>
[pid 14692] 15:04:12.465091 <... futex resumed>) = 0 <0.003497>
[pid 14696] 15:04:12.465338 <... futex resumed>) = 1 <0.001148>
[pid 14695] 15:04:12.465577 futex(0xc000075948, FUTEX_WAIT_PRIVATE, 0, NULL <unfinished ...>
[pid 14692] 15:04:12.466096 futex(0xc000075948, FUTEX_WAKE_PRIVATE, 1 <unfinished ...>
[pid 14696] 15:04:12.466574 futex(0xc0000a4148, FUTEX_WAIT_PRIVATE, 0, NULL <unfinished ...>
[pid 14693] 15:04:12.467055 <... nanosleep resumed>NULL) = 0 <0.002031>
[pid 14695] 15:04:12.467294 <... futex resumed>) = -1 EAGAIN (Resource temporarily unavailable) <0.001470>
[pid 14692] 15:04:12.467604 <... futex resumed>) = 0 <0.001294>
[pid 14693] 15:04:12.467897 nanosleep({tv_sec=0, tv_nsec=20000},  <unfinished ...>
[pid 14692] 15:04:12.469480 rt_sigprocmask(SIG_SETMASK, [KILL USR1 USR2 PIPE ALRM CONT STOP TSTP TTIN TTOU],  <unfinished ...>
[pid 14695] 15:04:12.470408 nanosleep({tv_sec=0, tv_nsec=3000},  <unfinished ...>
[pid 14692] 15:04:12.471216 <... rt_sigprocmask resumed>NULL, 8) = 0 <0.000964>
[pid 14693] 15:04:12.471542 <... nanosleep resumed>NULL) = 0 <0.002677>
[pid 14692] 15:04:12.471936 futex(0xc0000a4148, FUTEX_WAKE_PRIVATE, 1 <unfinished ...>
[pid 14695] 15:04:12.472559 <... nanosleep resumed>NULL) = 0 <0.001522>
[pid 14692] 15:04:12.472890 <... futex resumed>) = 1 <0.000637>
[pid 14696] 15:04:12.473200 <... futex resumed>) = 0 <0.006395>
[pid 14693] 15:04:12.473510 nanosleep({tv_sec=0, tv_nsec=20000},  <unfinished ...>
[pid 14692] 15:04:12.474188 futex(0x1b95aa0, FUTEX_WAIT_PRIVATE, 0, NULL <unfinished ...>
[pid 14696] 15:04:12.474747 futex(0xc0000a4148, FUTEX_WAIT_PRIVATE, 0, NULL <unfinished ...>
[pid 14695] 15:04:12.475226 futex(0xc0004a6148, FUTEX_WAKE_PRIVATE, 1 <unfinished ...>
[pid 14693] 15:04:12.476349 <... nanosleep resumed>NULL) = 0 <0.001911>
[pid 14700] 15:04:12.476854 <... futex resumed>) = 0 <0.014883>
[pid 14695] 15:04:12.477201 <... futex resumed>) = 1 <0.001520>
[pid 14700] 15:04:12.477523 futex(0xc0004a6148, FUTEX_WAIT_PRIVATE, 0, NULL <unfinished ...>
[pid 14693] 15:04:12.478118 nanosleep({tv_sec=0, tv_nsec=20000},  <unfinished ...>
[pid 14700] 15:04:12.478662 <... futex resumed>) = -1 EAGAIN (Resource temporarily unavailable) <0.000628>
[pid 14695] 15:04:12.478955 futex(0xc0004a6148, FUTEX_WAKE_PRIVATE, 1 <unfinished ...>
[pid 14700] 15:04:12.479548 nanosleep({tv_sec=0, tv_nsec=3000},  <unfinished ...>
[pid 14693] 15:04:12.480163 <... nanosleep resumed>NULL) = 0 <0.001506>
[pid 14700] 15:04:12.480567 <... nanosleep resumed>NULL) = 0 <0.000714>
[pid 14695] 15:04:12.480964 <... futex resumed>) = 0 <0.001735>
[pid 14700] 15:04:12.481524 futex(0xc0000a4148, FUTEX_WAKE_PRIVATE, 1 <unfinished ...>
[pid 14693] 15:04:12.482480 nanosleep({tv_sec=0, tv_nsec=20000},  <unfinished ...>
[pid 14700] 15:04:12.483781 <... futex resumed>) = 1 <0.001127>
[pid 14696] 15:04:12.484318 <... futex resumed>) = 0 <0.009331>
[pid 14695] 15:04:12.488038 futex(0xc000075948, FUTEX_WAIT_PRIVATE, 0, NULL <unfinished ...>
[pid 14700] 15:04:12.489155 futex(0x1b95aa0, FUTEX_WAKE_PRIVATE, 1 <unfinished ...>
[pid 14696] 15:04:12.489964 futex(0xc0000a4148, FUTEX_WAIT_PRIVATE, 0, NULL <unfinished ...>
[pid 14693] 15:04:12.490587 <... nanosleep resumed>NULL) = 0 <0.007052>
[pid 14692] 15:04:12.491022 <... futex resumed>) = 0 <0.016548>
[pid 14700] 15:04:12.491355 <... futex resumed>) = 1 <0.001759>
[pid 14692] 15:04:12.491819 futex(0xc0000a4148, FUTEX_WAKE_PRIVATE, 1 <unfinished ...>
[pid 14693] 15:04:12.492438 nanosleep({tv_sec=0, tv_nsec=20000},  <unfinished ...>
[pid 14692] 15:04:12.493378 <... futex resumed>) = 1 <0.000884>
[pid 14700] 15:04:12.493822 futex(0xc0004a6148, FUTEX_WAIT_PRIVATE, 0, NULL <unfinished ...>
[pid 14696] 15:04:12.494771 <... futex resumed>) = 0 <0.003996>
[pid 14692] 15:04:12.495170 rt_sigprocmask(SIG_SETMASK, [KILL USR1 USR2 PIPE ALRM CONT STOP TSTP TTIN TTOU],  <unfinished ...>
[pid 14693] 15:04:12.497663 <... nanosleep resumed>NULL) = 0 <0.002797>
[pid 14692] 15:04:12.498299 <... rt_sigprocmask resumed>NULL, 8) = 0 <0.002588>
[pid 14696] 15:04:12.498581 nanosleep({tv_sec=0, tv_nsec=3000},  <unfinished ...>
[pid 14692] 15:04:12.499050 futex(0xc0004a6148, FUTEX_WAKE_PRIVATE, 1 <unfinished ...>
[pid 14693] 15:04:12.499458 nanosleep({tv_sec=0, tv_nsec=20000},  <unfinished ...>
[pid 14692] 15:04:12.500158 <... futex resumed>) = 1 <0.000622>
[pid 14700] 15:04:12.500406 <... futex resumed>) = 0 <0.006185>
[pid 14696] 15:04:12.500755 <... nanosleep resumed>NULL) = 0 <0.001943>
[pid 14692] 15:04:12.501165 futex(0x1b95aa0, FUTEX_WAIT_PRIVATE, 0, NULL <unfinished ...>
[pid 14700] 15:04:12.501691 futex(0x1b95aa0, FUTEX_WAKE_PRIVATE, 1 <unfinished ...>
[pid 14693] 15:04:12.502155 <... nanosleep resumed>NULL) = 0 <0.002100>
[pid 14692] 15:04:12.502383 <... futex resumed>) = -1 EAGAIN (Resource temporarily unavailable) <0.000950>
[pid 14700] 15:04:12.502649 <... futex resumed>) = 0 <0.000721>
[pid 14696] 15:04:12.503262 futex(0xc0000a4148, FUTEX_WAIT_PRIVATE, 0, NULL <unfinished ...>
[pid 14692] 15:04:12.503997 futex(0xc0000a4148, FUTEX_WAKE_PRIVATE, 1 <unfinished ...>
[pid 14700] 15:04:12.504601 futex(0xc0004a6148, FUTEX_WAIT_PRIVATE, 0, NULL <unfinished ...>
[pid 14693] 15:04:12.505371 nanosleep({tv_sec=0, tv_nsec=20000},  <unfinished ...>
[pid 14696] 15:04:12.507855 <... futex resumed>) = -1 EAGAIN (Resource temporarily unavailable) <0.003710>
[pid 14692] 15:04:12.508297 <... futex resumed>) = 0 <0.003977>
[pid 14693] 15:04:12.509181 <... nanosleep resumed>NULL) = 0 <0.001860>
[pid 14692] 15:04:12.509558 rt_sigprocmask(SIG_SETMASK, [KILL USR1 USR2 PIPE ALRM CONT STOP TSTP TTIN TTOU XCPU],  <unfinished ...>
[pid 14696] 15:04:12.510219 nanosleep({tv_sec=0, tv_nsec=3000},  <unfinished ...>
[pid 14692] 15:04:12.511013 <... rt_sigprocmask resumed>NULL, 8) = 0 <0.000891>
[pid 14693] 15:04:12.511273 nanosleep({tv_sec=0, tv_nsec=20000},  <unfinished ...>
[pid 14692] 15:04:12.511696 futex(0xc0004a6148, FUTEX_WAKE_PRIVATE, 1 <unfinished ...>
[pid 14696] 15:04:12.512095 <... nanosleep resumed>NULL) = 0 <0.001208>
[pid 14692] 15:04:12.512316 <... futex resumed>) = 1 <0.000431>
[pid 14700] 15:04:12.512514 <... futex resumed>) = 0 <0.007483>
[pid 14693] 15:04:12.512735 <... nanosleep resumed>NULL) = 0 <0.001255>
[pid 14692] 15:04:12.512974 futex(0x1b95aa0, FUTEX_WAIT_PRIVATE, 0, NULL <unfinished ...>
[pid 14700] 15:04:12.513389 futex(0xc0004a6148, FUTEX_WAIT_PRIVATE, 0, NULL <unfinished ...>
[pid 14696] 15:04:12.513807 futex(0xc000075948, FUTEX_WAKE_PRIVATE, 1 <unfinished ...>
[pid 14693] 15:04:12.514235 nanosleep({tv_sec=0, tv_nsec=20000},  <unfinished ...>
[pid 14696] 15:04:12.514701 <... futex resumed>) = 1 <0.000475>
[pid 14695] 15:04:12.514915 <... futex resumed>) = 0 <0.026394>
[pid 14696] 15:04:12.515137 futex(0x1b95aa0, FUTEX_WAKE_PRIVATE, 1 <unfinished ...>
[pid 14693] 15:04:12.515574 <... nanosleep resumed>NULL) = 0 <0.000920>
[pid 14692] 15:04:12.515810 <... futex resumed>) = 0 <0.002646>
[pid 14696] 15:04:12.516030 <... futex resumed>) = 1 <0.000670>
[pid 14695] 15:04:12.516263 futex(0xc000075948, FUTEX_WAIT_PRIVATE, 0, NULL <unfinished ...>
[pid 14693] 15:04:12.516653 nanosleep({tv_sec=0, tv_nsec=20000},  <unfinished ...>
[pid 14692] 15:04:12.517090 futex(0xc000075948, FUTEX_WAKE_PRIVATE, 1 <unfinished ...>
[pid 14696] 15:04:12.517536 futex(0xc0000a4148, FUTEX_WAIT_PRIVATE, 0, NULL <unfinished ...>
[pid 14695] 15:04:12.517976 <... futex resumed>) = -1 EAGAIN (Resource temporarily unavailable) <0.001315>
[pid 14692] 15:04:12.518252 <... futex resumed>) = 0 <0.000964>
[pid 14695] 15:04:12.518492 nanosleep({tv_sec=0, tv_nsec=3000},  <unfinished ...>
[pid 14693] 15:04:12.518930 <... nanosleep resumed>NULL) = 0 <0.001842>
[pid 14692] 15:04:12.519211 rt_sigprocmask(SIG_SETMASK, [KILL USR1 USR2 PIPE ALRM CONT STOP TSTP TTIN TTOU XCPU XFSZ],  <unfinished ...>
[pid 14695] 15:04:12.519914 <... nanosleep resumed>NULL) = 0 <0.000885>
[pid 14692] 15:04:12.521128 <... rt_sigprocmask resumed>NULL, 8) = 0 <0.001559>
[pid 14693] 15:04:12.521529 nanosleep({tv_sec=0, tv_nsec=20000},  <unfinished ...>
[pid 14692] 15:04:12.522325 futex(0x1b95aa0, FUTEX_WAIT_PRIVATE, 0, NULL <unfinished ...>
[pid 14695] 15:04:12.524568 futex(0xc0000a4148, FUTEX_WAKE_PRIVATE, 1 <unfinished ...>
[pid 14693] 15:04:12.529107 <... nanosleep resumed>NULL) = 0 <0.005436>
[pid 14696] 15:04:12.529654 <... futex resumed>) = 0 <0.011896>
[pid 14695] 15:04:12.530013 <... futex resumed>) = 1 <0.002668>
[pid 14696] 15:04:12.530479 futex(0xc0000a4148, FUTEX_WAIT_PRIVATE, 0, NULL <unfinished ...>
[pid 14693] 15:04:12.531280 nanosleep({tv_sec=0, tv_nsec=20000},  <unfinished ...>
[pid 14696] 15:04:12.531970 <... futex resumed>) = -1 EAGAIN (Resource temporarily unavailable) <0.000706>
[pid 14695] 15:04:12.532315 futex(0xc0000a4148, FUTEX_WAKE_PRIVATE, 1 <unfinished ...>
[pid 14696] 15:04:12.532880 nanosleep({tv_sec=0, tv_nsec=3000},  <unfinished ...>
[pid 14693] 15:04:12.533468 <... nanosleep resumed>NULL) = 0 <0.001545>
[pid 14696] 15:04:12.533777 <... nanosleep resumed>NULL) = 0 <0.000596>
[pid 14695] 15:04:12.534078 <... futex resumed>) = 0 <0.001447>
[pid 14696] 15:04:12.534387 futex(0xc0004a6148, FUTEX_WAKE_PRIVATE, 1 <unfinished ...>
[pid 14693] 15:04:12.534824 nanosleep({tv_sec=0, tv_nsec=20000},  <unfinished ...>
[pid 14700] 15:04:12.535332 <... futex resumed>) = 0 <0.021531>
[pid 14696] 15:04:12.535552 <... futex resumed>) = 1 <0.000948>
[pid 14695] 15:04:12.535774 futex(0xc000075948, FUTEX_WAIT_PRIVATE, 0, NULL <unfinished ...>
[pid 14700] 15:04:12.536451 futex(0xc0004a6148, FUTEX_WAIT_PRIVATE, 0, NULL <unfinished ...>
[pid 14696] 15:04:12.537228 futex(0x1b95aa0, FUTEX_WAKE_PRIVATE, 1 <unfinished ...>
[pid 14693] 15:04:12.538158 <... nanosleep resumed>NULL) = 0 <0.002734>
[pid 14692] 15:04:12.538554 <... futex resumed>) = 0 <0.015475>
[pid 14696] 15:04:12.539067 <... futex resumed>) = 1 <0.001252>
[pid 14692] 15:04:12.539531 futex(0xc0004a6148, FUTEX_WAKE_PRIVATE, 1 <unfinished ...>
[pid 14693] 15:04:12.541676 nanosleep({tv_sec=0, tv_nsec=20000},  <unfinished ...>
[pid 14692] 15:04:12.542890 <... futex resumed>) = 1 <0.002379>
[pid 14700] 15:04:12.543206 <... futex resumed>) = 0 <0.006368>
[pid 14696] 15:04:12.543625 futex(0xc0000a4148, FUTEX_WAIT_PRIVATE, 0, NULL <unfinished ...>
[pid 14692] 15:04:12.544397 rt_sigprocmask(SIG_SETMASK, [KILL USR1 USR2 PIPE ALRM CONT STOP TSTP TTIN TTOU XCPU XFSZ VTALRM],  <unfinished ...>
[pid 14700] 15:04:12.545121 nanosleep({tv_sec=0, tv_nsec=3000},  <unfinished ...>
[pid 14693] 15:04:12.545717 <... nanosleep resumed>NULL) = 0 <0.003064>
[pid 14692] 15:04:12.546021 <... rt_sigprocmask resumed>NULL, 8) = 0 <0.001263>
[pid 14700] 15:04:12.546308 <... nanosleep resumed>NULL) = 0 <0.000873>
[pid 14692] 15:04:12.546563 futex(0xc0000a4148, FUTEX_WAKE_PRIVATE, 1 <unfinished ...>
[pid 14693] 15:04:12.547047 nanosleep({tv_sec=0, tv_nsec=20000},  <unfinished ...>
[pid 14692] 15:04:12.547572 <... futex resumed>) = 1 <0.000548>
[pid 14700] 15:04:12.547823 futex(0xc000075948, FUTEX_WAKE_PRIVATE, 1 <unfinished ...>
[pid 14696] 15:04:12.548322 <... futex resumed>) = 0 <0.004124>
[pid 14692] 15:04:12.548591 futex(0x1b95aa0, FUTEX_WAIT_PRIVATE, 0, NULL <unfinished ...>
[pid 14700] 15:04:12.549083 <... futex resumed>) = 1 <0.000786>
[pid 14695] 15:04:12.549316 <... futex resumed>) = 0 <0.013205>
[pid 14693] 15:04:12.549575 <... nanosleep resumed>NULL) = 0 <0.002259>
[pid 14700] 15:04:12.549884 futex(0x1b95aa0, FUTEX_WAKE_PRIVATE, 1 <unfinished ...>
[pid 14696] 15:04:12.550349 futex(0xc0000a4148, FUTEX_WAIT_PRIVATE, 0, NULL <unfinished ...>
[pid 14695] 15:04:12.550838 futex(0xc000075948, FUTEX_WAIT_PRIVATE, 0, NULL <unfinished ...>
[pid 14692] 15:04:12.551289 <... futex resumed>) = 0 <0.002244>
[pid 14700] 15:04:12.551590 <... futex resumed>) = 1 <0.001467>
[pid 14693] 15:04:12.551855 nanosleep({tv_sec=0, tv_nsec=20000},  <unfinished ...>
[pid 14692] 15:04:12.552353 futex(0xc000075948, FUTEX_WAKE_PRIVATE, 1 <unfinished ...>
[pid 14700] 15:04:12.552968 futex(0xc0004a6148, FUTEX_WAIT_PRIVATE, 0, NULL <unfinished ...>
[pid 14692] 15:04:12.553665 <... futex resumed>) = 1 <0.000689>
[pid 14695] 15:04:12.554070 <... futex resumed>) = 0 <0.002997>
[pid 14693] 15:04:12.554454 <... nanosleep resumed>NULL) = 0 <0.002317>
[pid 14692] 15:04:12.555064 rt_sigprocmask(SIG_SETMASK, [KILL USR1 USR2 PIPE ALRM CONT STOP TSTP TTIN TTOU XCPU XFSZ VTALRM WINCH],  <unfinished ...>
[pid 14695] 15:04:12.555767 nanosleep({tv_sec=0, tv_nsec=3000},  <unfinished ...>
[pid 14692] 15:04:12.556741 <... rt_sigprocmask resumed>NULL, 8) = 0 <0.000848>
[pid 14693] 15:04:12.557377 nanosleep({tv_sec=0, tv_nsec=20000},  <unfinished ...>
[pid 14692] 15:04:12.558455 futex(0xc0004a6148, FUTEX_WAKE_PRIVATE, 1 <unfinished ...>
[pid 14695] 15:04:12.559293 <... nanosleep resumed>NULL) = 0 <0.002662>
[pid 14692] 15:04:12.559662 <... futex resumed>) = 1 <0.000796>
[pid 14700] 15:04:12.560020 <... futex resumed>) = 0 <0.006729>
[pid 14693] 15:04:12.560269 <... nanosleep resumed>NULL) = 0 <0.002458>
[pid 14692] 15:04:12.560514 futex(0x1b95aa0, FUTEX_WAIT_PRIVATE, 0, NULL <unfinished ...>
[pid 14700] 15:04:12.561127 futex(0xc0004a6148, FUTEX_WAIT_PRIVATE, 0, NULL <unfinished ...>
[pid 14695] 15:04:12.561750 futex(0xc0000a4148, FUTEX_WAKE_PRIVATE, 1 <unfinished ...>
[pid 14693] 15:04:12.562353 nanosleep({tv_sec=0, tv_nsec=20000},  <unfinished ...>
[pid 14696] 15:04:12.562956 <... futex resumed>) = 0 <0.012077>
[pid 14695] 15:04:12.563251 <... futex resumed>) = 1 <0.001233>
[pid 14696] 15:04:12.563554 futex(0xc0000a4148, FUTEX_WAIT_PRIVATE, 0, NULL <unfinished ...>
[pid 14693] 15:04:12.564048 <... nanosleep resumed>NULL) = 0 <0.001162>
[pid 14696] 15:04:12.564327 <... futex resumed>) = -1 EAGAIN (Resource temporarily unavailable) <0.000534>
[pid 14695] 15:04:12.564562 futex(0xc0000a4148, FUTEX_WAKE_PRIVATE, 1 <unfinished ...>
[pid 14696] 15:04:12.565059 nanosleep({tv_sec=0, tv_nsec=3000},  <unfinished ...>
[pid 14693] 15:04:12.565623 nanosleep({tv_sec=0, tv_nsec=20000},  <unfinished ...>
[pid 14696] 15:04:12.566083 <... nanosleep resumed>NULL) = 0 <0.000520>
[pid 14695] 15:04:12.566302 <... futex resumed>) = 0 <0.001522>
[pid 14696] 15:04:12.566576 futex(0xc0004a6148, FUTEX_WAKE_PRIVATE, 1 <unfinished ...>
[pid 14693] 15:04:12.567055 <... nanosleep resumed>NULL) = 0 <0.001003>
[pid 14700] 15:04:12.567335 <... futex resumed>) = 0 <0.005891>
[pid 14696] 15:04:12.567569 <... futex resumed>) = 1 <0.000749>
[pid 14695] 15:04:12.567859 futex(0xc000075948, FUTEX_WAIT_PRIVATE, 0, NULL <unfinished ...>
[pid 14700] 15:04:12.568322 futex(0xc0004a6148, FUTEX_WAIT_PRIVATE, 0, NULL <unfinished ...>
[pid 14696] 15:04:12.568765 futex(0x1b95aa0, FUTEX_WAKE_PRIVATE, 1 <unfinished ...>
[pid 14693] 15:04:12.569252 nanosleep({tv_sec=0, tv_nsec=20000},  <unfinished ...>
[pid 14692] 15:04:12.569946 <... futex resumed>) = 0 <0.008954>
[pid 14696] 15:04:12.570301 <... futex resumed>) = 1 <0.001327>
[pid 14692] 15:04:12.570674 futex(0xc0004a6148, FUTEX_WAKE_PRIVATE, 1 <unfinished ...>
[pid 14693] 15:04:12.571282 <... nanosleep resumed>NULL) = 0 <0.001343>
[pid 14692] 15:04:12.571652 <... futex resumed>) = 1 <0.000610>
[pid 14700] 15:04:12.572238 <... futex resumed>) = 0 <0.003700>
[pid 14696] 15:04:12.572593 futex(0xc0000a4148, FUTEX_WAIT_PRIVATE, 0, NULL <unfinished ...>
[pid 14692] 15:04:12.573383 rt_sigprocmask(SIG_SETMASK, [KILL USR1 USR2 PIPE ALRM CONT STOP TSTP TTIN TTOU XCPU XFSZ VTALRM WINCH IO],  <unfinished ...>
[pid 14700] 15:04:12.574765 nanosleep({tv_sec=0, tv_nsec=3000},  <unfinished ...>
[pid 14693] 15:04:12.575866 nanosleep({tv_sec=0, tv_nsec=20000},  <unfinished ...>
[pid 14692] 15:04:12.576546 <... rt_sigprocmask resumed>NULL, 8) = 0 <0.002449>
[pid 14700] 15:04:12.576867 <... nanosleep resumed>NULL) = 0 <0.001389>
[pid 14692] 15:04:12.577175 futex(0xc0000a4148, FUTEX_WAKE_PRIVATE, 1 <unfinished ...>
[pid 14693] 15:04:12.577913 <... nanosleep resumed>NULL) = 0 <0.001275>
[pid 14692] 15:04:12.578316 <... futex resumed>) = 1 <0.000842>
[pid 14700] 15:04:12.578730 futex(0xc000075948, FUTEX_WAKE_PRIVATE, 1 <unfinished ...>
[pid 14696] 15:04:12.579454 <... futex resumed>) = 0 <0.006291>
[pid 14692] 15:04:12.579740 futex(0x1b95aa0, FUTEX_WAIT_PRIVATE, 0, NULL <unfinished ...>
[pid 14700] 15:04:12.580269 <... futex resumed>) = 1 <0.000859>
[pid 14695] 15:04:12.580536 <... futex resumed>) = 0 <0.012465>
[pid 14693] 15:04:12.580843 nanosleep({tv_sec=0, tv_nsec=40000},  <unfinished ...>
[pid 14700] 15:04:12.581311 futex(0x1b95aa0, FUTEX_WAKE_PRIVATE, 1 <unfinished ...>
[pid 14696] 15:04:12.581819 futex(0xc0000a4148, FUTEX_WAIT_PRIVATE, 0, NULL <unfinished ...>
[pid 14695] 15:04:12.582298 futex(0xc000075948, FUTEX_WAIT_PRIVATE, 0, NULL <unfinished ...>
[pid 14692] 15:04:12.582779 <... futex resumed>) = 0 <0.002589>
[pid 14700] 15:04:12.583028 <... futex resumed>) = 1 <0.001503>
[pid 14693] 15:04:12.583297 <... nanosleep resumed>NULL) = 0 <0.002211>
[pid 14692] 15:04:12.583584 futex(0xc000075948, FUTEX_WAKE_PRIVATE, 1 <unfinished ...>
[pid 14700] 15:04:12.584079 futex(0xc0004a6148, FUTEX_WAIT_PRIVATE, 0, NULL <unfinished ...>
[pid 14692] 15:04:12.584556 <... futex resumed>) = 1 <0.000506>
[pid 14695] 15:04:12.584803 <... futex resumed>) = 0 <0.002271>
[pid 14693] 15:04:12.585080 nanosleep({tv_sec=0, tv_nsec=80000},  <unfinished ...>
[pid 14692] 15:04:12.585516 rt_sigprocmask(SIG_SETMASK, [KILL USR1 USR2 PIPE ALRM CONT STOP TSTP TTIN TTOU XCPU XFSZ VTALRM WINCH IO PWR],  <unfinished ...>
[pid 14695] 15:04:12.585991 nanosleep({tv_sec=0, tv_nsec=3000},  <unfinished ...>
[pid 14692] 15:04:12.586437 <... rt_sigprocmask resumed>NULL, 8) = 0 <0.000486>
[pid 14693] 15:04:12.586659 <... nanosleep resumed>NULL) = 0 <0.001340>
[pid 14692] 15:04:12.586981 futex(0xc0004a6148, FUTEX_WAKE_PRIVATE, 1 <unfinished ...>
[pid 14695] 15:04:12.587474 <... nanosleep resumed>NULL) = 0 <0.001060>
[pid 14692] 15:04:12.587821 <... futex resumed>) = 1 <0.000573>
[pid 14700] 15:04:12.588190 <... futex resumed>) = 0 <0.003868>
[pid 14693] 15:04:12.588547 nanosleep({tv_sec=0, tv_nsec=160000},  <unfinished ...>
[pid 14692] 15:04:12.589696 futex(0x1b95aa0, FUTEX_WAIT_PRIVATE, 0, NULL <unfinished ...>
[pid 14700] 15:04:12.590722 futex(0xc0004a6148, FUTEX_WAIT_PRIVATE, 0, NULL <unfinished ...>
[pid 14695] 15:04:12.592697 futex(0xc0000a4148, FUTEX_WAKE_PRIVATE, 1 <unfinished ...>
[pid 14693] 15:04:12.593456 <... nanosleep resumed>NULL) = 0 <0.004266>
[pid 14696] 15:04:12.593888 <... futex resumed>) = 0 <0.011814>
[pid 14695] 15:04:12.594176 <... futex resumed>) = 1 <0.001071>
[pid 14696] 15:04:12.594447 futex(0xc0000a4148, FUTEX_WAIT_PRIVATE, 0, NULL <unfinished ...>
[pid 14693] 15:04:12.594898 nanosleep({tv_sec=0, tv_nsec=320000},  <unfinished ...>
[pid 14696] 15:04:12.595457 <... futex resumed>) = -1 EAGAIN (Resource temporarily unavailable) <0.000559>
[pid 14695] 15:04:12.595715 futex(0xc0000a4148, FUTEX_WAKE_PRIVATE, 1 <unfinished ...>
[pid 14696] 15:04:12.596315 nanosleep({tv_sec=0, tv_nsec=3000},  <unfinished ...>
[pid 14693] 15:04:12.597089 <... nanosleep resumed>NULL) = 0 <0.001531>
[pid 14696] 15:04:12.597449 <... nanosleep resumed>NULL) = 0 <0.000765>
[pid 14695] 15:04:12.597764 <... futex resumed>) = 0 <0.001799>
[pid 14696] 15:04:12.598069 futex(0xc0004a6148, FUTEX_WAKE_PRIVATE, 1 <unfinished ...>
[pid 14693] 15:04:12.598507 nanosleep({tv_sec=0, tv_nsec=640000},  <unfinished ...>
[pid 14700] 15:04:12.599056 <... futex resumed>) = 0 <0.007145>
[pid 14696] 15:04:12.599275 <... futex resumed>) = 1 <0.000994>
[pid 14695] 15:04:12.599560 futex(0xc000075948, FUTEX_WAIT_PRIVATE, 0, NULL <unfinished ...>
[pid 14700] 15:04:12.600082 futex(0xc0004a6148, FUTEX_WAIT_PRIVATE, 0, NULL <unfinished ...>
[pid 14696] 15:04:12.600575 futex(0x1b95aa0, FUTEX_WAKE_PRIVATE, 1 <unfinished ...>
[pid 14693] 15:04:12.601044 <... nanosleep resumed>NULL) = 0 <0.002045>
[pid 14692] 15:04:12.601324 <... futex resumed>) = 0 <0.011251>
[pid 14696] 15:04:12.601611 <... futex resumed>) = 1 <0.000820>
[pid 14692] 15:04:12.601914 futex(0xc0004a6148, FUTEX_WAKE_PRIVATE, 1 <unfinished ...>
[pid 14693] 15:04:12.602386 nanosleep({tv_sec=0, tv_nsec=1280000},  <unfinished ...>
[pid 14692] 15:04:12.602880 <... futex resumed>) = 1 <0.000545>
[pid 14700] 15:04:12.603083 <... futex resumed>) = 0 <0.002779>
[pid 14696] 15:04:12.603373 futex(0xc0000a4148, FUTEX_WAIT_PRIVATE, 0, NULL <unfinished ...>
[pid 14692] 15:04:12.603835 rt_sigprocmask(SIG_SETMASK, [KILL USR1 USR2 PIPE ALRM CONT STOP TSTP TTIN TTOU XCPU XFSZ VTALRM WINCH IO PWR RT_3],  <unfinished ...>
[pid 14700] 15:04:12.604455 nanosleep({tv_sec=0, tv_nsec=3000},  <unfinished ...>
[pid 14692] 15:04:12.605100 <... rt_sigprocmask resumed>NULL, 8) = 0 <0.000771>
[pid 14693] 15:04:12.605531 <... nanosleep resumed>NULL) = 0 <0.002891>
[pid 14692] 15:04:12.605899 futex(0xc0000a4148, FUTEX_WAKE_PRIVATE, 1 <unfinished ...>
[pid 14700] 15:04:12.606713 <... nanosleep resumed>NULL) = 0 <0.001467>
[pid 14692] 15:04:12.607169 <... futex resumed>) = 1 <0.000981>
[pid 14696] 15:04:12.607596 <... futex resumed>) = 0 <0.003975>
[pid 14693] 15:04:12.608299 nanosleep({tv_sec=0, tv_nsec=2560000},  <unfinished ...>
[pid 14692] 15:04:12.609554 futex(0x1b95aa0, FUTEX_WAIT_PRIVATE, 0, NULL <unfinished ...>
[pid 14700] 15:04:12.610340 futex(0xc000075948, FUTEX_WAKE_PRIVATE, 1 <unfinished ...>
[pid 14696] 15:04:12.611055 futex(0xc0000a4148, FUTEX_WAIT_PRIVATE, 0, NULL <unfinished ...>
[pid 14700] 15:04:12.611593 <... futex resumed>) = 1 <0.000707>
[pid 14695] 15:04:12.611884 <... futex resumed>) = 0 <0.012058>
[pid 14700] 15:04:12.612177 futex(0x1b95aa0, FUTEX_WAKE_PRIVATE, 1 <unfinished ...>
[pid 14693] 15:04:12.612728 <... nanosleep resumed>NULL) = 0 <0.003457>
[pid 14692] 15:04:12.613093 <... futex resumed>) = 0 <0.003064>
[pid 14700] 15:04:12.613461 <... futex resumed>) = 1 <0.001039>
[pid 14695] 15:04:12.613851 futex(0xc000075948, FUTEX_WAIT_PRIVATE, 0, NULL <unfinished ...>
[pid 14692] 15:04:12.614438 futex(0xc000075948, FUTEX_WAKE_PRIVATE, 1 <unfinished ...>
[pid 14700] 15:04:12.614941 futex(0xc0004a6148, FUTEX_WAIT_PRIVATE, 0, NULL <unfinished ...>
[pid 14693] 15:04:12.615389 nanosleep({tv_sec=0, tv_nsec=5120000},  <unfinished ...>
[pid 14692] 15:04:12.615864 <... futex resumed>) = 0 <0.000990>
[pid 14695] 15:04:12.616125 <... futex resumed>) = -1 EAGAIN (Resource temporarily unavailable) <0.001993>
[pid 14692] 15:04:12.616373 rt_sigprocmask(SIG_SETMASK, [KILL USR1 USR2 PIPE ALRM CONT STOP TSTP TTIN TTOU XCPU XFSZ VTALRM WINCH IO PWR RT_3 RT_4],  <unfinished ...>
[pid 14695] 15:04:12.616839 nanosleep({tv_sec=0, tv_nsec=3000},  <unfinished ...>
[pid 14692] 15:04:12.617347 <... rt_sigprocmask resumed>NULL, 8) = 0 <0.000503>
[pid 14695] 15:04:12.617581 <... nanosleep resumed>NULL) = 0 <0.000483>
[pid 14692] 15:04:12.617910 futex(0xc0004a6148, FUTEX_WAKE_PRIVATE, 1 <unfinished ...>
[pid 14695] 15:04:12.618367 futex(0xc0000a4148, FUTEX_WAKE_PRIVATE, 1 <unfinished ...>
[pid 14692] 15:04:12.618795 <... futex resumed>) = 1 <0.000453>
[pid 14700] 15:04:12.619027 <... futex resumed>) = 0 <0.003888>
[pid 14692] 15:04:12.619267 futex(0x1b95aa0, FUTEX_WAIT_PRIVATE, 0, NULL <unfinished ...>
[pid 14696] 15:04:12.619801 <... futex resumed>) = 0 <0.008213>
[pid 14695] 15:04:12.620044 <... futex resumed>) = 1 <0.001486>
[pid 14700] 15:04:12.620267 futex(0xc0004a6148, FUTEX_WAIT_PRIVATE, 0, NULL <unfinished ...>
[pid 14696] 15:04:12.620732 futex(0xc0000a4148, FUTEX_WAIT_PRIVATE, 0, NULL <unfinished ...>
[pid 14695] 15:04:12.621313 futex(0xc0000a4148, FUTEX_WAKE_PRIVATE, 1 <unfinished ...>
[pid 14696] 15:04:12.621962 <... futex resumed>) = -1 EAGAIN (Resource temporarily unavailable) <0.000669>
[pid 14693] 15:04:12.622333 <... nanosleep resumed>NULL) = 0 <0.006719>
[pid 14696] 15:04:12.622621 nanosleep({tv_sec=0, tv_nsec=3000},  <unfinished ...>
[pid 14695] 15:04:12.623088 <... futex resumed>) = 0 <0.001219>
[pid 14696] 15:04:12.623369 <... nanosleep resumed>NULL) = 0 <0.000515>
[pid 14693] 15:04:12.623841 nanosleep({tv_sec=0, tv_nsec=10000000},  <unfinished ...>
[pid 14696] 15:04:12.625543 futex(0xc0000a4148, FUTEX_WAIT_PRIVATE, 0, NULL <unfinished ...>
[pid 14695] 15:04:12.627421 futex(0x1b95aa0, FUTEX_WAKE_PRIVATE, 1 <unfinished ...>
[pid 14692] 15:04:12.628461 <... futex resumed>) = 0 <0.008426>
[pid 14695] 15:04:12.628855 <... futex resumed>) = 1 <0.001041>
[pid 14692] 15:04:12.629398 futex(0xc0000a4148, FUTEX_WAKE_PRIVATE, 1 <unfinished ...>
[pid 14695] 15:04:12.630469 futex(0xc000075948, FUTEX_WAIT_PRIVATE, 0, NULL <unfinished ...>
[pid 14692] 15:04:12.631325 <... futex resumed>) = 1 <0.001198>
[pid 14696] 15:04:12.631687 <... futex resumed>) = 0 <0.004778>
[pid 14692] 15:04:12.632047 rt_sigprocmask(SIG_SETMASK, [KILL USR1 USR2 PIPE ALRM CONT STOP TSTP TTIN TTOU XCPU XFSZ VTALRM WINCH IO PWR RT_3 RT_4 RT_5],  <unfinished ...>
[pid 14696] 15:04:12.632756 nanosleep({tv_sec=0, tv_nsec=3000},  <unfinished ...>
[pid 14692] 15:04:12.633425 <... rt_sigprocmask resumed>NULL, 8) = 0 <0.000760>
[pid 14696] 15:04:12.633815 <... nanosleep resumed>NULL) = 0 <0.000732>
[pid 14692] 15:04:12.634145 futex(0xc000075948, FUTEX_WAKE_PRIVATE, 1 <unfinished ...>
[pid 14696] 15:04:12.634929 futex(0xc0004a6148, FUTEX_WAKE_PRIVATE, 1 <unfinished ...>
[pid 14692] 15:04:12.635622 <... futex resumed>) = 1 <0.000841>
[pid 14695] 15:04:12.635999 <... futex resumed>) = 0 <0.005066>
[pid 14693] 15:04:12.636386 <... nanosleep resumed>NULL) = 0 <0.012072>
[pid 14692] 15:04:12.636894 futex(0x1b95aa0, FUTEX_WAIT_PRIVATE, 0, NULL <unfinished ...>
[pid 14700] 15:04:12.638107 <... futex resumed>) = 0 <0.016737>
[pid 14696] 15:04:12.638574 <... futex resumed>) = 1 <0.003290>
[pid 14695] 15:04:12.639169 futex(0xc000075948, FUTEX_WAIT_PRIVATE, 0, NULL <unfinished ...>
[pid 14700] 15:04:12.639979 futex(0xc0004a6148, FUTEX_WAIT_PRIVATE, 0, NULL <unfinished ...>
[pid 14696] 15:04:12.640743 futex(0xc0004a6148, FUTEX_WAKE_PRIVATE, 1 <unfinished ...>
[pid 14693] 15:04:12.645187 nanosleep({tv_sec=0, tv_nsec=10000000},  <unfinished ...>
[pid 14700] 15:04:12.646516 <... futex resumed>) = -1 EAGAIN (Resource temporarily unavailable) <0.005421>
[pid 14696] 15:04:12.647215 <... futex resumed>) = 0 <0.002413>
[pid 14700] 15:04:12.647794 nanosleep({tv_sec=0, tv_nsec=3000},  <unfinished ...>
[pid 14696] 15:04:12.648603 futex(0x1b95aa0, FUTEX_WAKE_PRIVATE, 1 <unfinished ...>
[pid 14700] 15:04:12.649420 <... nanosleep resumed>NULL) = 0 <0.000718>
[pid 14692] 15:04:12.649832 <... futex resumed>) = 0 <0.012615>
[pid 14696] 15:04:12.650255 <... futex resumed>) = 1 <0.001296>
[pid 14692] 15:04:12.650590 futex(0xc0004a6148, FUTEX_WAKE_PRIVATE, 1 <unfinished ...>
[pid 14700] 15:04:12.651970 futex(0xc0004a6148, FUTEX_WAIT_PRIVATE, 0, NULL <unfinished ...>
[pid 14692] 15:04:12.653148 <... futex resumed>) = 0 <0.001363>
[pid 14696] 15:04:12.653593 futex(0xc0000a4148, FUTEX_WAIT_PRIVATE, 0, NULL <unfinished ...>
[pid 14692] 15:04:12.654269 rt_sigprocmask(SIG_SETMASK, [KILL USR1 USR2 PIPE ALRM CONT STOP TSTP TTIN TTOU XCPU XFSZ VTALRM WINCH IO PWR RT_3 RT_4 RT_5 RT_6],  <unfinished ...>
[pid 14700] 15:04:12.655220 <... futex resumed>) = -1 EAGAIN (Resource temporarily unavailable) <0.002117>
[pid 14692] 15:04:12.655676 <... rt_sigprocmask resumed>NULL, 8) = 0 <0.001019>
[pid 14700] 15:04:12.656185 nanosleep({tv_sec=0, tv_nsec=3000},  <unfinished ...>
[pid 14693] 15:04:12.662686 <... nanosleep resumed>NULL) = 0 <0.012041>
[pid 14692] 15:04:12.663518 futex(0xc0000a4148, FUTEX_WAKE_PRIVATE, 1 <unfinished ...>
[pid 14700] 15:04:12.664964 <... nanosleep resumed>NULL) = 0 <0.006437>
[pid 14692] 15:04:12.666358 <... futex resumed>) = 1 <0.002221>
[pid 14696] 15:04:12.666936 <... futex resumed>) = 0 <0.012991>
[pid 14693] 15:04:12.667512 nanosleep({tv_sec=0, tv_nsec=10000000},  <unfinished ...>
[pid 14692] 15:04:12.669098 futex(0x1b95aa0, FUTEX_WAIT_PRIVATE, 0, NULL <unfinished ...>
[pid 14700] 15:04:12.669814 futex(0xc000075948, FUTEX_WAKE_PRIVATE, 1 <unfinished ...>
[pid 14696] 15:04:12.670685 futex(0xc0000a4148, FUTEX_WAIT_PRIVATE, 0, NULL <unfinished ...>
[pid 14700] 15:04:12.702354 <... futex resumed>) = 1 <0.026163>
[pid 14695] 15:04:12.719878 <... futex resumed>) = 0 <0.080267>
[pid 14693] 15:04:12.721594 <... nanosleep resumed>NULL) = 0 <0.053043>
[pid 14700] 15:04:12.724163 futex(0x1b95aa0, FUTEX_WAKE_PRIVATE, 1 <unfinished ...>
[pid 14695] 15:04:12.725910 futex(0xc000075948, FUTEX_WAIT_PRIVATE, 0, NULL <unfinished ...>
[pid 14693] 15:04:12.726698 nanosleep({tv_sec=0, tv_nsec=10000000},  <unfinished ...>
[pid 14692] 15:04:12.730120 <... futex resumed>) = 0 <0.057690>
[pid 14700] 15:04:12.731683 <... futex resumed>) = 1 <0.006148>
[pid 14692] 15:04:12.732708 futex(0xc000075948, FUTEX_WAKE_PRIVATE, 1 <unfinished ...>
[pid 14700] 15:04:12.734006 futex(0xc0004a6148, FUTEX_WAIT_PRIVATE, 0, NULL <unfinished ...>
[pid 14692] 15:04:12.735889 <... futex resumed>) = 1 <0.001045>
[pid 14695] 15:04:12.736528 <... futex resumed>) = 0 <0.010239>
[pid 14692] 15:04:12.737028 rt_sigprocmask(SIG_SETMASK, [KILL USR1 USR2 PIPE ALRM CONT STOP TSTP TTIN TTOU XCPU XFSZ VTALRM WINCH IO PWR RT_3 RT_4 RT_5 RT_6 RT_7],  <unfinished ...>
[pid 14695] 15:04:12.737914 nanosleep({tv_sec=0, tv_nsec=3000},  <unfinished ...>
[pid 14692] 15:04:12.739178 <... rt_sigprocmask resumed>NULL, 8) = 0 <0.001444>
[pid 14693] 15:04:12.739545 <... nanosleep resumed>NULL) = 0 <0.012435>
[pid 14692] 15:04:12.740034 futex(0xc0004a6148, FUTEX_WAKE_PRIVATE, 1 <unfinished ...>
[pid 14695] 15:04:12.740792 <... nanosleep resumed>NULL) = 0 <0.001674>
[pid 14692] 15:04:12.741619 <... futex resumed>) = 1 <0.001222>
[pid 14700] 15:04:12.753957 <... futex resumed>) = 0 <0.019417>
[pid 14693] 15:04:12.754670 nanosleep({tv_sec=0, tv_nsec=10000000},  <unfinished ...>
[pid 14692] 15:04:12.756854 futex(0x1b95aa0, FUTEX_WAIT_PRIVATE, 0, NULL <unfinished ...>
[pid 14700] 15:04:12.758165 futex(0xc0004a6148, FUTEX_WAIT_PRIVATE, 0, NULL <unfinished ...>
[pid 14695] 15:04:12.760081 futex(0xc0000a4148, FUTEX_WAKE_PRIVATE, 1) = 1 <0.000212>
[pid 14696] 15:04:12.761364 <... futex resumed>) = 0 <0.065147>
[pid 14695] 15:04:12.763501 futex(0x1b95aa0, FUTEX_WAKE_PRIVATE, 1 <unfinished ...>
[pid 14696] 15:04:12.767792 futex(0xc0000a4148, FUTEX_WAIT_PRIVATE, 0, NULL <unfinished ...>
[pid 14693] 15:04:12.768535 <... nanosleep resumed>NULL) = 0 <0.012134>
[pid 14692] 15:04:12.769022 <... futex resumed>) = 0 <0.011777>
[pid 14695] 15:04:12.769465 <... futex resumed>) = 1 <0.002132>
[pid 14692] 15:04:12.769840 futex(0xc0000a4148, FUTEX_WAKE_PRIVATE, 1 <unfinished ...>
[pid 14693] 15:04:12.770521 nanosleep({tv_sec=0, tv_nsec=10000000},  <unfinished ...>
[pid 14692] 15:04:12.771328 <... futex resumed>) = 1 <0.000895>
[pid 14696] 15:04:12.775295 <... futex resumed>) = 0 <0.007125>
[pid 14695] 15:04:12.775962 futex(0xc000075948, FUTEX_WAIT_PRIVATE, 0, NULL <unfinished ...>
[pid 14692] 15:04:12.777391 rt_sigprocmask(SIG_SETMASK, [KILL USR1 USR2 PIPE ALRM CONT STOP TSTP TTIN TTOU XCPU XFSZ VTALRM WINCH IO PWR RT_3 RT_4 RT_5 RT_6 RT_7 RT_8],  <unfinished ...>
[pid 14696] 15:04:12.778453 nanosleep({tv_sec=0, tv_nsec=3000},  <unfinished ...>
[pid 14692] 15:04:12.785585 <... rt_sigprocmask resumed>NULL, 8) = 0 <0.005315>
[pid 14693] 15:04:12.786364 <... nanosleep resumed>NULL) = 0 <0.015322>
[pid 14692] 15:04:12.786999 futex(0xc000075948, FUTEX_WAKE_PRIVATE, 1 <unfinished ...>
[pid 14696] 15:04:12.787636 <... nanosleep resumed>NULL) = 0 <0.004240>
[pid 14692] 15:04:12.787971 <... futex resumed>) = 1 <0.000620>
[pid 14695] 15:04:12.788231 <... futex resumed>) = 0 <0.011949>
[pid 14693] 15:04:12.788743 nanosleep({tv_sec=0, tv_nsec=10000000},  <unfinished ...>
[pid 14692] 15:04:12.789626 futex(0x1b95aa0, FUTEX_WAIT_PRIVATE, 0, NULL <unfinished ...>
[pid 14696] 15:04:12.790322 futex(0xc0004a6148, FUTEX_WAKE_PRIVATE, 1 <unfinished ...>
[pid 14695] 15:04:12.790889 futex(0xc000075948, FUTEX_WAIT_PRIVATE, 0, NULL <unfinished ...>
[pid 14700] 15:04:12.791451 <... futex resumed>) = 0 <0.032106>
[pid 14696] 15:04:12.791736 <... futex resumed>) = 1 <0.001114>
[pid 14700] 15:04:12.792022 futex(0xc0004a6148, FUTEX_WAIT_PRIVATE, 0, NULL <unfinished ...>
[pid 14696] 15:04:12.792680 futex(0xc0004a6148, FUTEX_WAKE_PRIVATE, 1 <unfinished ...>
[pid 14700] 15:04:12.794814 <... futex resumed>) = -1 EAGAIN (Resource temporarily unavailable) <0.002184>
[pid 14696] 15:04:12.795109 <... futex resumed>) = 0 <0.000648>
[pid 14700] 15:04:12.795377 nanosleep({tv_sec=0, tv_nsec=3000},  <unfinished ...>
[pid 14696] 15:04:12.795883 futex(0x1b95aa0, FUTEX_WAKE_PRIVATE, 1 <unfinished ...>
[pid 14700] 15:04:12.799572 <... nanosleep resumed>NULL) = 0 <0.002094>
[pid 14692] 15:04:12.800252 <... futex resumed>) = 0 <0.010187>
[pid 14696] 15:04:12.800750 <... futex resumed>) = 1 <0.003072>
[pid 14693] 15:04:12.801138 <... nanosleep resumed>NULL) = 0 <0.012103>
[pid 14692] 15:04:12.802790 futex(0xc0004a6148, FUTEX_WAKE_PRIVATE, 1 <unfinished ...>
[pid 14700] 15:04:12.803538 futex(0xc0004a6148, FUTEX_WAIT_PRIVATE, 0, NULL <unfinished ...>
[pid 14696] 15:04:12.804315 futex(0xc0000a4148, FUTEX_WAIT_PRIVATE, 0, NULL <unfinished ...>
[pid 14692] 15:04:12.805226 <... futex resumed>) = 0 <0.001669>
[pid 14700] 15:04:12.805858 <... futex resumed>) = -1 EAGAIN (Resource temporarily unavailable) <0.001849>
[pid 14693] 15:04:12.806259 nanosleep({tv_sec=0, tv_nsec=10000000},  <unfinished ...>
[pid 14692] 15:04:12.806980 rt_sigprocmask(SIG_SETMASK, [KILL USR1 USR2 PIPE ALRM CONT STOP TSTP TTIN TTOU XCPU XFSZ VTALRM WINCH IO PWR RT_3 RT_4 RT_5 RT_6 RT_7 RT_8 RT_9],  <unfinished ...>
[pid 14700] 15:04:12.808321 nanosleep({tv_sec=0, tv_nsec=3000},  <unfinished ...>
[pid 14692] 15:04:12.809103 <... rt_sigprocmask resumed>NULL, 8) = 0 <0.000937>
[pid 14700] 15:04:12.809519 <... nanosleep resumed>NULL) = 0 <0.000810>
[pid 14692] 15:04:12.809984 futex(0xc0000a4148, FUTEX_WAKE_PRIVATE, 1 <unfinished ...>
[pid 14700] 15:04:12.810564 futex(0xc000075948, FUTEX_WAKE_PRIVATE, 1 <unfinished ...>
[pid 14692] 15:04:12.811276 <... futex resumed>) = 1 <0.000711>
[pid 14696] 15:04:12.811519 <... futex resumed>) = 0 <0.006707>
[pid 14692] 15:04:12.811970 futex(0x1b95aa0, FUTEX_WAIT_PRIVATE, 0, NULL <unfinished ...>
[pid 14700] 15:04:12.812771 <... futex resumed>) = 1 <0.001445>
[pid 14695] 15:04:12.813215 <... futex resumed>) = 0 <0.022055>
[pid 14700] 15:04:12.819266 futex(0x1b95aa0, FUTEX_WAKE_PRIVATE, 1 <unfinished ...>
[pid 14696] 15:04:12.820117 futex(0xc0000a4148, FUTEX_WAIT_PRIVATE, 0, NULL <unfinished ...>
[pid 14693] 15:04:12.820933 <... nanosleep resumed>NULL) = 0 <0.014041>
[pid 14692] 15:04:12.821225 <... futex resumed>) = 0 <0.008829>
[pid 14700] 15:04:12.821544 <... futex resumed>) = 1 <0.001789>
[pid 14695] 15:04:12.821842 futex(0xc000075948, FUTEX_WAIT_PRIVATE, 0, NULL <unfinished ...>
[pid 14692] 15:04:12.824070 futex(0xc000075948, FUTEX_WAKE_PRIVATE, 1 <unfinished ...>
[pid 14700] 15:04:12.825155 futex(0xc0004a6148, FUTEX_WAIT_PRIVATE, 0, NULL <unfinished ...>
[pid 14693] 15:04:12.825716 nanosleep({tv_sec=0, tv_nsec=10000000},  <unfinished ...>
[pid 14692] 15:04:12.826241 <... futex resumed>) = 0 <0.001348>
[pid 14695] 15:04:12.826535 <... futex resumed>) = -1 EAGAIN (Resource temporarily unavailable) <0.004255>
[pid 14692] 15:04:12.826864 rt_sigprocmask(SIG_SETMASK, [KILL USR1 USR2 PIPE ALRM CONT STOP TSTP TTIN TTOU XCPU XFSZ VTALRM WINCH IO PWR RT_3 RT_4 RT_5 RT_6 RT_7 RT_8 RT_9 RT_10],  <unfinished ...>
[pid 14695] 15:04:12.827486 nanosleep({tv_sec=0, tv_nsec=3000},  <unfinished ...>
[pid 14692] 15:04:12.828040 <... rt_sigprocmask resumed>NULL, 8) = 0 <0.000655>
[pid 14695] 15:04:12.828292 <... nanosleep resumed>NULL) = 0 <0.000513>
[pid 14692] 15:04:12.828518 futex(0xc0004a6148, FUTEX_WAKE_PRIVATE, 1 <unfinished ...>
[pid 14695] 15:04:12.828948 futex(0xc0000a4148, FUTEX_WAKE_PRIVATE, 1 <unfinished ...>
[pid 14692] 15:04:12.829424 <... futex resumed>) = 1 <0.000481>
[pid 14700] 15:04:12.829635 <... futex resumed>) = 0 <0.004187>
[pid 14692] 15:04:12.829882 futex(0x1b95aa0, FUTEX_WAIT_PRIVATE, 0, NULL <unfinished ...>
[pid 14696] 15:04:12.830320 <... futex resumed>) = 0 <0.009455>
[pid 14695] 15:04:12.830541 <... futex resumed>) = 1 <0.001361>
[pid 14700] 15:04:12.831064 futex(0xc0004a6148, FUTEX_WAIT_PRIVATE, 0, NULL <unfinished ...>
[pid 14696] 15:04:12.835071 futex(0xc0000a4148, FUTEX_WAIT_PRIVATE, 0, NULL <unfinished ...>
[pid 14695] 15:04:12.837074 futex(0xc0000a4148, FUTEX_WAKE_PRIVATE, 1 <unfinished ...>
[pid 14693] 15:04:12.837895 <... nanosleep resumed>NULL) = 0 <0.011560>
[pid 14696] 15:04:12.838250 <... futex resumed>) = -1 EAGAIN (Resource temporarily unavailable) <0.001990>
[pid 14695] 15:04:12.838590 <... futex resumed>) = 0 <0.001077>
[pid 14696] 15:04:12.839056 nanosleep({tv_sec=0, tv_nsec=3000},  <unfinished ...>
[pid 14693] 15:04:12.840201 nanosleep({tv_sec=0, tv_nsec=10000000},  <unfinished ...>
[pid 14696] 15:04:12.841129 <... nanosleep resumed>NULL) = 0 <0.001147>
[pid 14695] 15:04:12.841473 futex(0x1b95aa0, FUTEX_WAKE_PRIVATE, 1 <unfinished ...>
[pid 14696] 15:04:12.842900 futex(0xc0000a4148, FUTEX_WAIT_PRIVATE, 0, NULL <unfinished ...>
[pid 14692] 15:04:12.843591 <... futex resumed>) = 0 <0.013292>
[pid 14695] 15:04:12.843984 <... futex resumed>) = 1 <0.001787>
[pid 14692] 15:04:12.844412 futex(0xc0000a4148, FUTEX_WAKE_PRIVATE, 1 <unfinished ...>
[pid 14695] 15:04:12.845879 futex(0xc000075948, FUTEX_WAIT_PRIVATE, 0, NULL <unfinished ...>
[pid 14692] 15:04:12.846837 <... futex resumed>) = 1 <0.001567>
[pid 14696] 15:04:12.847201 <... futex resumed>) = 0 <0.003886>
[pid 14692] 15:04:12.847531 rt_sigprocmask(SIG_SETMASK, [KILL USR1 USR2 PIPE ALRM CONT STOP TSTP TTIN TTOU XCPU XFSZ VTALRM WINCH IO PWR RT_3 RT_4 RT_5 RT_6 RT_7 RT_8 RT_9 RT_10 RT_11],  <unfinished ...>
[pid 14696] 15:04:12.850217 nanosleep({tv_sec=0, tv_nsec=3000},  <unfinished ...>
[pid 14692] 15:04:12.854171 <... rt_sigprocmask resumed>NULL, 8) = 0 <0.005905>
[pid 14693] 15:04:12.854597 <... nanosleep resumed>NULL) = 0 <0.013799>
[pid 14692] 15:04:12.854906 futex(0xc000075948, FUTEX_WAKE_PRIVATE, 1 <unfinished ...>
[pid 14696] 15:04:12.855803 <... nanosleep resumed>NULL) = 0 <0.001765>
[pid 14692] 15:04:12.856224 <... futex resumed>) = 1 <0.000919>
[pid 14695] 15:04:12.856491 <... futex resumed>) = 0 <0.010133>
[pid 14693] 15:04:12.856785 nanosleep({tv_sec=0, tv_nsec=10000000},  <unfinished ...>
[pid 14692] 15:04:12.857633 futex(0x1b95aa0, FUTEX_WAIT_PRIVATE, 0, NULL <unfinished ...>
[pid 14696] 15:04:12.858843 futex(0xc0004a6148, FUTEX_WAKE_PRIVATE, 1 <unfinished ...>
[pid 14695] 15:04:12.859601 futex(0xc000075948, FUTEX_WAIT_PRIVATE, 0, NULL <unfinished ...>
[pid 14700] 15:04:12.861376 <... futex resumed>) = 0 <0.025574>
[pid 14696] 15:04:12.861924 <... futex resumed>) = 1 <0.002729>
[pid 14700] 15:04:12.862447 futex(0xc0004a6148, FUTEX_WAIT_PRIVATE, 0, NULL <unfinished ...>
[pid 14696] 15:04:12.864466 futex(0xc0004a6148, FUTEX_WAKE_PRIVATE, 1 <unfinished ...>
[pid 14700] 15:04:12.870492 <... futex resumed>) = -1 EAGAIN (Resource temporarily unavailable) <0.007168>
[pid 14693] 15:04:12.870945 <... nanosleep resumed>NULL) = 0 <0.013667>
[pid 14700] 15:04:12.871274 nanosleep({tv_sec=0, tv_nsec=3000},  <unfinished ...>
[pid 14696] 15:04:12.872203 <... futex resumed>) = 0 <0.001776>
[pid 14700] 15:04:12.872612 <... nanosleep resumed>NULL) = 0 <0.000773>
[pid 14693] 15:04:12.872945 nanosleep({tv_sec=0, tv_nsec=10000000},  <unfinished ...>
[pid 14700] 15:04:12.874309 futex(0xc0004a6148, FUTEX_WAIT_PRIVATE, 0, NULL <unfinished ...>
[pid 14696] 15:04:12.875079 futex(0x1b95aa0, FUTEX_WAKE_PRIVATE, 1 <unfinished ...>
[pid 14692] 15:04:12.876267 <... futex resumed>) = 0 <0.017469>
[pid 14696] 15:04:12.876741 <... futex resumed>) = 1 <0.001258>
[pid 14692] 15:04:12.877221 futex(0xc0004a6148, FUTEX_WAKE_PRIVATE, 1 <unfinished ...>
[pid 14696] 15:04:12.878009 futex(0xc0000a4148, FUTEX_WAIT_PRIVATE, 0, NULL <unfinished ...>
[pid 14692] 15:04:12.878820 <... futex resumed>) = 1 <0.000937>
[pid 14700] 15:04:12.879150 <... futex resumed>) = 0 <0.004464>
[pid 14692] 15:04:12.879494 rt_sigprocmask(SIG_SETMASK, [KILL USR1 USR2 PIPE ALRM CONT STOP TSTP TTIN TTOU XCPU XFSZ VTALRM WINCH IO PWR RT_3 RT_4 RT_5 RT_6 RT_7 RT_8 RT_9 RT_10 RT_11 RT_12],  <unfinished ...>
[pid 14700] 15:04:12.880260 nanosleep({tv_sec=0, tv_nsec=3000},  <unfinished ...>
[pid 14692] 15:04:12.881128 <... rt_sigprocmask resumed>NULL, 8) = 0 <0.000789>
[pid 14700] 15:04:12.881660 <... nanosleep resumed>NULL) = 0 <0.000971>
[pid 14692] 15:04:12.882010 futex(0xc0000a4148, FUTEX_WAKE_PRIVATE, 1) = 1 <0.000193>
[pid 14700] 15:04:12.882910 futex(0xc000075948, FUTEX_WAKE_PRIVATE, 1 <unfinished ...>
[pid 14696] 15:04:12.883656 <... futex resumed>) = 0 <0.004859>
[pid 14692] 15:04:12.884293 futex(0x1b95aa0, FUTEX_WAIT_PRIVATE, 0, NULL <unfinished ...>
[pid 14700] 15:04:12.885311 <... futex resumed>) = 1 <0.001605>
[pid 14695] 15:04:12.886089 <... futex resumed>) = 0 <0.026116>
[pid 14693] 15:04:12.886790 <... nanosleep resumed>NULL) = 0 <0.012893>
[pid 14700] 15:04:12.887300 futex(0x1b95aa0, FUTEX_WAKE_PRIVATE, 1 <unfinished ...>
[pid 14696] 15:04:12.887852 futex(0xc0000a4148, FUTEX_WAIT_PRIVATE, 0, NULL <unfinished ...>
[pid 14695] 15:04:12.888447 futex(0xc000075948, FUTEX_WAIT_PRIVATE, 0, NULL <unfinished ...>
[pid 14692] 15:04:12.889146 <... futex resumed>) = 0 <0.004026>
[pid 14700] 15:04:12.889484 <... futex resumed>) = 1 <0.001883>
[pid 14693] 15:04:12.889923 nanosleep({tv_sec=0, tv_nsec=10000000},  <unfinished ...>
