[pid 14754] 15:04:23.319695 futex(0xc00034f948, FUTEX_WAIT_PRIVATE, 0, NULL <unfinished ...>
[pid 14748] 15:04:23.320260 futex(0xc00034f948, FUTEX_WAKE_PRIVATE, 1 <unfinished ...>
[pid 14749] 15:04:23.320788 <... nanosleep resumed>NULL) = 0 <0.001459>
[pid 14748] 15:04:23.321103 <... futex resumed>) = 0 <0.000597>
[pid 14754] 15:04:23.321372 <... futex resumed>) = -1 EAGAIN (Resource temporarily unavailable) <0.001391>
[pid 14748] 15:04:23.321652 futex(0xc000570148, FUTEX_WAKE_PRIVATE, 1 <unfinished ...>
[pid 14749] 15:04:23.322896 nanosleep({tv_sec=0, tv_nsec=20000},  <unfinished ...>
[pid 14748] 15:04:23.323457 <... futex resumed>) = 1 <0.000656>
[pid 14755] 15:04:23.323728 <... futex resumed>) = 0 <0.007316>
[pid 14754] 15:04:23.323993 futex(0xc000075948, FUTEX_WAKE_PRIVATE, 1 <unfinished ...>
[pid 14748] 15:04:23.324661 futex(0x1b95aa0, FUTEX_WAIT_PRIVATE, 0, NULL <unfinished ...>
[pid 14755] 15:04:23.325193 futex(0xc000570148, FUTEX_WAIT_PRIVATE, 0, NULL <unfinished ...>
[pid 14749] 15:04:23.325868 <... nanosleep resumed>NULL) = 0 <0.002384>
[pid 14754] 15:04:23.326307 <... futex resumed>) = 1 <0.001990>
[pid 14751] 15:04:23.326616 <... futex resumed>) = 0 <0.011009>
[pid 14754] 15:04:23.326932 futex(0x1b95aa0, FUTEX_WAKE_PRIVATE, 1 <unfinished ...>
[pid 14749] 15:04:23.327443 nanosleep({tv_sec=0, tv_nsec=20000},  <unfinished ...>
[pid 14748] 15:04:23.327924 <... futex resumed>) = 0 <0.002815>
[pid 14754] 15:04:23.328177 <... futex resumed>) = 1 <0.000976>
[pid 14751] 15:04:23.328420 futex(0xc000075948, FUTEX_WAIT_PRIVATE, 0, NULL <unfinished ...>
[pid 14748] 15:04:23.328876 rt_sigprocmask(SIG_SETMASK, [KILL USR1 USR2 PIPE STOP],  <unfinished ...>
[pid 14754] 15:04:23.329330 futex(0xc00034f948, FUTEX_WAIT_PRIVATE, 0, NULL <unfinished ...>
[pid 14749] 15:04:23.329763 <... nanosleep resumed>NULL) = 0 <0.001888>
[pid 14748] 15:04:23.330019 <... rt_sigprocmask resumed>NULL, 8) = 0 <0.000907>
[pid 14749] 15:04:23.330333 nanosleep({tv_sec=0, tv_nsec=20000},  <unfinished ...>
[pid 14748] 15:04:23.330820 futex(0xc00034f948, FUTEX_WAKE_PRIVATE, 1 <unfinished ...>
[pid 14749] 15:04:23.331278 <... nanosleep resumed>NULL) = 0 <0.000474>
[pid 14748] 15:04:23.331521 <... futex resumed>) = 1 <0.000492>
[pid 14754] 15:04:23.331761 <... futex resumed>) = 0 <0.002214>
[pid 14748] 15:04:23.332018 futex(0xc000075948, FUTEX_WAKE_PRIVATE, 1 <unfinished ...>
[pid 14749] 15:04:23.332497 nanosleep({tv_sec=0, tv_nsec=20000},  <unfinished ...>
[pid 14748] 15:04:23.332989 <... futex resumed>) = 1 <0.000505>
[pid 14754] 15:04:23.333259 futex(0xc000570148, FUTEX_WAKE_PRIVATE, 1 <unfinished ...>
[pid 14751] 15:04:23.333722 <... futex resumed>) = 0 <0.004866>
[pid 14748] 15:04:23.333983 futex(0x1b95aa0, FUTEX_WAIT_PRIVATE, 0, NULL <unfinished ...>
[pid 14755] 15:04:23.334424 <... futex resumed>) = 0 <0.008707>
[pid 14754] 15:04:23.334686 <... futex resumed>) = 1 <0.001202>
[pid 14749] 15:04:23.334935 <... nanosleep resumed>NULL) = 0 <0.002208>
[pid 14755] 15:04:23.335195 futex(0xc000570148, FUTEX_WAIT_PRIVATE, 0, NULL <unfinished ...>
[pid 14754] 15:04:23.335716 futex(0xc000570148, FUTEX_WAKE_PRIVATE, 1 <unfinished ...>
[pid 14751] 15:04:23.336186 futex(0xc000075948, FUTEX_WAIT_PRIVATE, 0, NULL <unfinished ...>
[pid 14755] 15:04:23.336683 <... futex resumed>) = -1 EAGAIN (Resource temporarily unavailable) <0.001008>
[pid 14754] 15:04:23.336945 <... futex resumed>) = 0 <0.000980>
[pid 14749] 15:04:23.337182 nanosleep({tv_sec=0, tv_nsec=20000},  <unfinished ...>
[pid 14755] 15:04:23.337724 nanosleep({tv_sec=0, tv_nsec=3000},  <unfinished ...>
[pid 14754] 15:04:23.338216 futex(0x1b95aa0, FUTEX_WAKE_PRIVATE, 1 <unfinished ...>
[pid 14755] 15:04:23.338652 <... nanosleep resumed>NULL) = 0 <0.000475>
[pid 14749] 15:04:23.338907 <... nanosleep resumed>NULL) = 0 <0.001502>
[pid 14748] 15:04:23.339149 <... futex resumed>) = 0 <0.004958>
[pid 14755] 15:04:23.339404 futex(0xc000570148, FUTEX_WAIT_PRIVATE, 0, NULL <unfinished ...>
[pid 14754] 15:04:23.339806 <... futex resumed>) = 1 <0.001201>
[pid 14748] 15:04:23.340046 rt_sigprocmask(SIG_SETMASK, [KILL USR1 USR2 PIPE ALRM STOP],  <unfinished ...>
[pid 14749] 15:04:23.340493 nanosleep({tv_sec=0, tv_nsec=20000},  <unfinished ...>
[pid 14748] 15:04:23.340956 <... rt_sigprocmask resumed>NULL, 8) = 0 <0.000473>
[pid 14754] 15:04:23.341188 futex(0xc00034f948, FUTEX_WAIT_PRIVATE, 0, NULL <unfinished ...>
[pid 14748] 15:04:23.341621 futex(0xc00034f948, FUTEX_WAKE_PRIVATE, 1 <unfinished ...>
[pid 14749] 15:04:23.342034 <... nanosleep resumed>NULL) = 0 <0.001120>
[pid 14748] 15:04:23.342265 <... futex resumed>) = 0 <0.000448>
[pid 14754] 15:04:23.342541 <... futex resumed>) = -1 EAGAIN (Resource temporarily unavailable) <0.001147>
[pid 14748] 15:04:23.342791 futex(0xc000570148, FUTEX_WAKE_PRIVATE, 1 <unfinished ...>
[pid 14749] 15:04:23.343222 nanosleep({tv_sec=0, tv_nsec=20000},  <unfinished ...>
[pid 14748] 15:04:23.343669 <... futex resumed>) = 1 <0.000479>
[pid 14755] 15:04:23.343897 <... futex resumed>) = 0 <0.004296>
[pid 14754] 15:04:23.344117 futex(0xc000075948, FUTEX_WAKE_PRIVATE, 1 <unfinished ...>
[pid 14748] 15:04:23.344564 futex(0x1b95aa0, FUTEX_WAIT_PRIVATE, 0, NULL <unfinished ...>
[pid 14755] 15:04:23.345042 futex(0xc000570148, FUTEX_WAIT_PRIVATE, 0, NULL <unfinished ...>
[pid 14749] 15:04:23.345505 <... nanosleep resumed>NULL) = 0 <0.001842>
[pid 14754] 15:04:23.345760 <... futex resumed>) = 1 <0.001443>
[pid 14751] 15:04:23.345997 <... futex resumed>) = 0 <0.009588>
[pid 14754] 15:04:23.346243 futex(0x1b95aa0, FUTEX_WAKE_PRIVATE, 1 <unfinished ...>
[pid 14749] 15:04:23.346702 nanosleep({tv_sec=0, tv_nsec=20000},  <unfinished ...>
[pid 14748] 15:04:23.347171 <... futex resumed>) = 0 <0.002200>
[pid 14754] 15:04:23.347422 <... futex resumed>) = 1 <0.000948>
[pid 14751] 15:04:23.347719 futex(0xc000075948, FUTEX_WAIT_PRIVATE, 0, NULL <unfinished ...>
[pid 14748] 15:04:23.348181 rt_sigprocmask(SIG_SETMASK, [KILL USR1 USR2 PIPE ALRM STOP],  <unfinished ...>
[pid 14754] 15:04:23.348640 futex(0xc00034f948, FUTEX_WAIT_PRIVATE, 0, NULL <unfinished ...>
[pid 14749] 15:04:23.349084 <... nanosleep resumed>NULL) = 0 <0.001948>
[pid 14748] 15:04:23.349329 <... rt_sigprocmask resumed>NULL, 8) = 0 <0.000927>
[pid 14749] 15:04:23.349636 nanosleep({tv_sec=0, tv_nsec=20000},  <unfinished ...>
[pid 14748] 15:04:23.350101 futex(0xc00034f948, FUTEX_WAKE_PRIVATE, 1 <unfinished ...>
[pid 14749] 15:04:23.350576 <... nanosleep resumed>NULL) = 0 <0.000486>
[pid 14748] 15:04:23.350828 <... futex resumed>) = 1 <0.000502>
[pid 14754] 15:04:23.351068 <... futex resumed>) = 0 <0.002201>
[pid 14748] 15:04:23.351316 futex(0xc000075948, FUTEX_WAKE_PRIVATE, 1 <unfinished ...>
[pid 14749] 15:04:23.351767 nanosleep({tv_sec=0, tv_nsec=20000},  <unfinished ...>
[pid 14748] 15:04:23.352185 <... futex resumed>) = 1 <0.000492>
[pid 14754] 15:04:23.352414 futex(0xc000570148, FUTEX_WAKE_PRIVATE, 1 <unfinished ...>
[pid 14751] 15:04:23.352869 <... futex resumed>) = 0 <0.004708>
[pid 14748] 15:04:23.353122 futex(0x1b95aa0, FUTEX_WAIT_PRIVATE, 0, NULL <unfinished ...>
[pid 14755] 15:04:23.353827 <... futex resumed>) = 0 <0.008273>
[pid 14754] 15:04:23.354105 <... futex resumed>) = 1 <0.001480>
[pid 14749] 15:04:23.354361 <... nanosleep resumed>NULL) = 0 <0.002375>
[pid 14755] 15:04:23.354597 futex(0xc000570148, FUTEX_WAIT_PRIVATE, 0, NULL <unfinished ...>
[pid 14754] 15:04:23.355099 futex(0xc000570148, FUTEX_WAKE_PRIVATE, 1 <unfinished ...>
[pid 14751] 15:04:23.355563 futex(0xc000075948, FUTEX_WAIT_PRIVATE, 0, NULL <unfinished ...>
[pid 14755] 15:04:23.356014 <... futex resumed>) = -1 EAGAIN (Resource temporarily unavailable) <0.001004>
[pid 14754] 15:04:23.356266 <... futex resumed>) = 0 <0.000916>
[pid 14749] 15:04:23.356506 nanosleep({tv_sec=0, tv_nsec=20000},  <unfinished ...>
[pid 14755] 15:04:23.356967 nanosleep({tv_sec=0, tv_nsec=3000},  <unfinished ...>
[pid 14754] 15:04:23.357429 futex(0x1b95aa0, FUTEX_WAKE_PRIVATE, 1 <unfinished ...>
[pid 14755] 15:04:23.357864 <... nanosleep resumed>NULL) = 0 <0.000479>
[pid 14749] 15:04:23.358103 <... nanosleep resumed>NULL) = 0 <0.001389>
[pid 14748] 15:04:23.358410 <... futex resumed>) = 0 <0.004897>
[pid 14755] 15:04:23.358739 futex(0xc000570148, FUTEX_WAIT_PRIVATE, 0, NULL <unfinished ...>
[pid 14754] 15:04:23.359197 <... futex resumed>) = 1 <0.001334>
[pid 14748] 15:04:23.359459 rt_sigprocmask(SIG_SETMASK, [KILL USR1 USR2 PIPE ALRM CONT STOP],  <unfinished ...>
[pid 14749] 15:04:23.359936 nanosleep({tv_sec=0, tv_nsec=20000},  <unfinished ...>
[pid 14748] 15:04:23.360414 <... rt_sigprocmask resumed>NULL, 8) = 0 <0.000494>
[pid 14754] 15:04:23.360649 futex(0xc00034f948, FUTEX_WAIT_PRIVATE, 0, NULL <unfinished ...>
[pid 14748] 15:04:23.361078 futex(0xc00034f948, FUTEX_WAKE_PRIVATE, 1 <unfinished ...>
[pid 14749] 15:04:23.361528 <... nanosleep resumed>NULL) = 0 <0.001132>
[pid 14748] 15:04:23.361846 <... futex resumed>) = 0 <0.000571>
[pid 14754] 15:04:23.362086 <... futex resumed>) = -1 EAGAIN (Resource temporarily unavailable) <0.001222>
[pid 14748] 15:04:23.362337 futex(0xc000570148, FUTEX_WAKE_PRIVATE, 1 <unfinished ...>
[pid 14749] 15:04:23.362792 nanosleep({tv_sec=0, tv_nsec=20000},  <unfinished ...>
[pid 14748] 15:04:23.363274 <... futex resumed>) = 1 <0.000514>
[pid 14755] 15:04:23.363513 <... futex resumed>) = 0 <0.004573>
[pid 14754] 15:04:23.363776 futex(0xc000075948, FUTEX_WAKE_PRIVATE, 1 <unfinished ...>
[pid 14748] 15:04:23.364474 futex(0x1b95aa0, FUTEX_WAIT_PRIVATE, 0, NULL <unfinished ...>
[pid 14755] 15:04:23.365248 futex(0xc000570148, FUTEX_WAIT_PRIVATE, 0, NULL <unfinished ...>
[pid 14749] 15:04:23.365701 <... nanosleep resumed>NULL) = 0 <0.002471>
[pid 14754] 15:04:23.365981 <... futex resumed>) = 1 <0.001815>
[pid 14751] 15:04:23.366223 <... futex resumed>) = 0 <0.010459>
[pid 14754] 15:04:23.366461 futex(0x1b95aa0, FUTEX_WAKE_PRIVATE, 1 <unfinished ...>
[pid 14749] 15:04:23.366926 nanosleep({tv_sec=0, tv_nsec=20000},  <unfinished ...>
[pid 14748] 15:04:23.367335 <... futex resumed>) = 0 <0.002190>
[pid 14754] 15:04:23.367566 <... futex resumed>) = 1 <0.000891>
[pid 14751] 15:04:23.367798 futex(0xc000075948, FUTEX_WAIT_PRIVATE, 0, NULL <unfinished ...>
[pid 14748] 15:04:23.368260 rt_sigprocmask(SIG_SETMASK, [KILL USR1 USR2 PIPE ALRM CONT STOP TSTP],  <unfinished ...>
[pid 14754] 15:04:23.368679 futex(0xc00034f948, FUTEX_WAIT_PRIVATE, 0, NULL <unfinished ...>
[pid 14749] 15:04:23.369305 <... nanosleep resumed>NULL) = 0 <0.001800>
[pid 14748] 15:04:23.369713 <... rt_sigprocmask resumed>NULL, 8) = 0 <0.001234>
[pid 14749] 15:04:23.370160 nanosleep({tv_sec=0, tv_nsec=20000},  <unfinished ...>
[pid 14748] 15:04:23.371254 futex(0xc00034f948, FUTEX_WAKE_PRIVATE, 1 <unfinished ...>
[pid 14749] 15:04:23.373537 <... nanosleep resumed>NULL) = 0 <0.001567>
[pid 14748] 15:04:23.374030 <... futex resumed>) = 1 <0.001668>
[pid 14754] 15:04:23.374345 <... futex resumed>) = 0 <0.005433>
[pid 14748] 15:04:23.374694 futex(0xc000075948, FUTEX_WAKE_PRIVATE, 1 <unfinished ...>
[pid 14749] 15:04:23.375357 nanosleep({tv_sec=0, tv_nsec=20000},  <unfinished ...>
[pid 14748] 15:04:23.375984 <... futex resumed>) = 1 <0.000665>
[pid 14754] 15:04:23.376317 futex(0xc000570148, FUTEX_WAKE_PRIVATE, 1 <unfinished ...>
[pid 14751] 15:04:23.376953 <... futex resumed>) = 0 <0.008611>
[pid 14748] 15:04:23.377288 futex(0x1b95aa0, FUTEX_WAIT_PRIVATE, 0, NULL <unfinished ...>
[pid 14755] 15:04:23.377802 <... futex resumed>) = 0 <0.012090>
[pid 14754] 15:04:23.378087 <... futex resumed>) = 1 <0.001471>
[pid 14749] 15:04:23.378364 <... nanosleep resumed>NULL) = 0 <0.002701>
[pid 14755] 15:04:23.378639 futex(0xc000570148, FUTEX_WAIT_PRIVATE, 0, NULL <unfinished ...>
[pid 14754] 15:04:23.379091 futex(0xc000570148, FUTEX_WAKE_PRIVATE, 1 <unfinished ...>
[pid 14751] 15:04:23.379536 futex(0xc000075948, FUTEX_WAIT_PRIVATE, 0, NULL <unfinished ...>
[pid 14755] 15:04:23.380017 <... futex resumed>) = -1 EAGAIN (Resource temporarily unavailable) <0.000951>
[pid 14754] 15:04:23.380260 <... futex resumed>) = 0 <0.000965>
[pid 14749] 15:04:23.380545 nanosleep({tv_sec=0, tv_nsec=20000},  <unfinished ...>
[pid 14755] 15:04:23.381061 nanosleep({tv_sec=0, tv_nsec=3000},  <unfinished ...>
[pid 14754] 15:04:23.381705 futex(0x1b95aa0, FUTEX_WAKE_PRIVATE, 1 <unfinished ...>
[pid 14755] 15:04:23.382328 <... nanosleep resumed>NULL) = 0 <0.000661>
[pid 14749] 15:04:23.382738 <... nanosleep resumed>NULL) = 0 <0.001934>
[pid 14748] 15:04:23.383015 <... futex resumed>) = 0 <0.005485>
[pid 14755] 15:04:23.383351 futex(0xc000570148, FUTEX_WAIT_PRIVATE, 0, NULL <unfinished ...>
[pid 14754] 15:04:23.383971 <... futex resumed>) = 1 <0.001726>
[pid 14748] 15:04:23.384296 rt_sigprocmask(SIG_SETMASK, [KILL USR1 USR2 PIPE ALRM CONT STOP TSTP TTIN],  <unfinished ...>
[pid 14749] 15:04:23.384991 nanosleep({tv_sec=0, tv_nsec=20000},  <unfinished ...>
[pid 14748] 15:04:23.385937 <... rt_sigprocmask resumed>NULL, 8) = 0 <0.000767>
[pid 14754] 15:04:23.386310 futex(0xc00034f948, FUTEX_WAIT_PRIVATE, 0, NULL <unfinished ...>
[pid 14748] 15:04:23.387080 futex(0xc00034f948, FUTEX_WAKE_PRIVATE, 1 <unfinished ...>
[pid 14749] 15:04:23.387602 <... nanosleep resumed>NULL) = 0 <0.002032>
[pid 14748] 15:04:23.387939 <... futex resumed>) = 0 <0.000610>
[pid 14754] 15:04:23.388259 <... futex resumed>) = -1 EAGAIN (Resource temporarily unavailable) <0.001523>
[pid 14748] 15:04:23.388624 futex(0xc000570148, FUTEX_WAKE_PRIVATE, 1 <unfinished ...>
[pid 14749] 15:04:23.389651 nanosleep({tv_sec=0, tv_nsec=20000},  <unfinished ...>
[pid 14748] 15:04:23.390311 <... futex resumed>) = 1 <0.000694>
[pid 14755] 15:04:23.390606 <... futex resumed>) = 0 <0.006928>
[pid 14754] 15:04:23.390953 futex(0xc000075948, FUTEX_WAKE_PRIVATE, 1 <unfinished ...>
[pid 14748] 15:04:23.391557 futex(0x1b95aa0, FUTEX_WAIT_PRIVATE, 0, NULL <unfinished ...>
[pid 14755] 15:04:23.392181 futex(0xc000570148, FUTEX_WAIT_PRIVATE, 0, NULL <unfinished ...>
[pid 14749] 15:04:23.392789 <... nanosleep resumed>NULL) = 0 <0.002569>
[pid 14754] 15:04:23.393138 <... futex resumed>) = 1 <0.001912>
[pid 14751] 15:04:23.393422 <... futex resumed>) = 0 <0.013651>
[pid 14754] 15:04:23.393793 futex(0x1b95aa0, FUTEX_WAKE_PRIVATE, 1 <unfinished ...>
[pid 14749] 15:04:23.394416 nanosleep({tv_sec=0, tv_nsec=20000},  <unfinished ...>
[pid 14748] 15:04:23.395033 <... futex resumed>) = 0 <0.002909>
[pid 14754] 15:04:23.395335 <... futex resumed>) = 1 <0.001231>
[pid 14751] 15:04:23.395605 futex(0xc000075948, FUTEX_WAIT_PRIVATE, 0, NULL <unfinished ...>
[pid 14748] 15:04:23.396169 rt_sigprocmask(SIG_SETMASK, [KILL USR1 USR2 PIPE ALRM CONT STOP TSTP TTIN TTOU],  <unfinished ...>
[pid 14754] 15:04:23.396706 futex(0xc00034f948, FUTEX_WAIT_PRIVATE, 0, NULL <unfinished ...>
[pid 14749] 15:04:23.397201 <... nanosleep resumed>NULL) = 0 <0.002249>
[pid 14748] 15:04:23.397497 <... rt_sigprocmask resumed>NULL, 8) = 0 <0.001060>
[pid 14749] 15:04:23.397793 nanosleep({tv_sec=0, tv_nsec=20000},  <unfinished ...>
[pid 14748] 15:04:23.398380 futex(0xc00034f948, FUTEX_WAKE_PRIVATE, 1 <unfinished ...>
[pid 14749] 15:04:23.398950 <... nanosleep resumed>NULL) = 0 <0.000612>
[pid 14748] 15:04:23.399308 <... futex resumed>) = 1 <0.000630>
[pid 14754] 15:04:23.399652 <... futex resumed>) = 0 <0.002710>
[pid 14748] 15:04:23.399905 futex(0xc000075948, FUTEX_WAKE_PRIVATE, 1 <unfinished ...>
[pid 14749] 15:04:23.400392 nanosleep({tv_sec=0, tv_nsec=20000},  <unfinished ...>
[pid 14748] 15:04:23.400887 <... futex resumed>) = 1 <0.000477>
[pid 14754] 15:04:23.401183 futex(0xc000570148, FUTEX_WAKE_PRIVATE, 1 <unfinished ...>
[pid 14751] 15:04:23.401765 <... futex resumed>) = 0 <0.005643>
[pid 14748] 15:04:23.402104 futex(0x1b95aa0, FUTEX_WAIT_PRIVATE, 0, NULL <unfinished ...>
[pid 14755] 15:04:23.402816 <... futex resumed>) = 0 <0.010057>
[pid 14754] 15:04:23.403131 <... futex resumed>) = 1 <0.001646>
[pid 14751] 15:04:23.403426 futex(0xc000075948, FUTEX_WAIT_PRIVATE, 0, NULL <unfinished ...>
[pid 14749] 15:04:23.404000 <... nanosleep resumed>NULL) = 0 <0.003150>
[pid 14755] 15:04:23.404351 futex(0xc000570148, FUTEX_WAIT_PRIVATE, 0, NULL <unfinished ...>
[pid 14754] 15:04:23.404930 futex(0xc000570148, FUTEX_WAKE_PRIVATE, 1 <unfinished ...>
[pid 14755] 15:04:23.405489 <... futex resumed>) = -1 EAGAIN (Resource temporarily unavailable) <0.000612>
[pid 14749] 15:04:23.405829 nanosleep({tv_sec=0, tv_nsec=20000},  <unfinished ...>
[pid 14755] 15:04:23.406365 nanosleep({tv_sec=0, tv_nsec=3000},  <unfinished ...>
[pid 14754] 15:04:23.406941 <... futex resumed>) = 0 <0.001497>
[pid 14755] 15:04:23.407284 <... nanosleep resumed>NULL) = 0 <0.000617>
[pid 14749] 15:04:23.407627 <... nanosleep resumed>NULL) = 0 <0.001501>
[pid 14755] 15:04:23.407905 futex(0xc000570148, FUTEX_WAIT_PRIVATE, 0, NULL <unfinished ...>
[pid 14754] 15:04:23.408444 futex(0x1b95aa0, FUTEX_WAKE_PRIVATE, 1 <unfinished ...>
[pid 14749] 15:04:23.408944 nanosleep({tv_sec=0, tv_nsec=20000},  <unfinished ...>
[pid 14748] 15:04:23.409438 <... futex resumed>) = 0 <0.006730>
[pid 14754] 15:04:23.409682 <... futex resumed>) = 1 <0.001001>
[pid 14748] 15:04:23.409911 rt_sigprocmask(SIG_SETMASK, [KILL USR1 USR2 PIPE ALRM CONT STOP TSTP TTIN TTOU],  <unfinished ...>
[pid 14749] 15:04:23.410341 <... nanosleep resumed>NULL) = 0 <0.000958>
[pid 14748] 15:04:23.410598 <... rt_sigprocmask resumed>NULL, 8) = 0 <0.000463>
[pid 14754] 15:04:23.410827 futex(0xc00034f948, FUTEX_WAIT_PRIVATE, 0, NULL <unfinished ...>
[pid 14748] 15:04:23.411247 futex(0xc00034f948, FUTEX_WAKE_PRIVATE, 1 <unfinished ...>
[pid 14749] 15:04:23.411697 nanosleep({tv_sec=0, tv_nsec=20000},  <unfinished ...>
[pid 14748] 15:04:23.412174 <... futex resumed>) = 0 <0.000506>
[pid 14754] 15:04:23.412406 <... futex resumed>) = -1 EAGAIN (Resource temporarily unavailable) <0.001367>
[pid 14748] 15:04:23.412678 futex(0xc000570148, FUTEX_WAKE_PRIVATE, 1 <unfinished ...>
[pid 14749] 15:04:23.413134 <... nanosleep resumed>NULL) = 0 <0.000990>
[pid 14748] 15:04:23.413385 <... futex resumed>) = 1 <0.000493>
[pid 14755] 15:04:23.413648 <... futex resumed>) = 0 <0.005480>
[pid 14754] 15:04:23.413909 futex(0xc000075948, FUTEX_WAKE_PRIVATE, 1 <unfinished ...>
[pid 14748] 15:04:23.414384 futex(0x1b95aa0, FUTEX_WAIT_PRIVATE, 0, NULL <unfinished ...>
[pid 14755] 15:04:23.414845 futex(0xc000570148, FUTEX_WAIT_PRIVATE, 0, NULL <unfinished ...>
[pid 14749] 15:04:23.415295 nanosleep({tv_sec=0, tv_nsec=20000},  <unfinished ...>
[pid 14754] 15:04:23.415775 <... futex resumed>) = 1 <0.001424>
[pid 14751] 15:04:23.416057 <... futex resumed>) = 0 <0.012345>
[pid 14754] 15:04:23.416311 futex(0x1b95aa0, FUTEX_WAKE_PRIVATE, 1 <unfinished ...>
[pid 14749] 15:04:23.416763 <... nanosleep resumed>NULL) = 0 <0.001035>
[pid 14748] 15:04:23.417063 <... futex resumed>) = 0 <0.002444>
[pid 14754] 15:04:23.417302 <... futex resumed>) = 1 <0.000768>
[pid 14751] 15:04:23.417562 futex(0xc000075948, FUTEX_WAIT_PRIVATE, 0, NULL <unfinished ...>
[pid 14748] 15:04:23.418027 rt_sigprocmask(SIG_SETMASK, [KILL USR1 USR2 PIPE ALRM CONT STOP TSTP TTIN TTOU XCPU],  <unfinished ...>
[pid 14754] 15:04:23.418492 futex(0xc00034f948, FUTEX_WAIT_PRIVATE, 0, NULL <unfinished ...>
[pid 14749] 15:04:23.418943 nanosleep({tv_sec=0, tv_nsec=20000},  <unfinished ...>
[pid 14748] 15:04:23.419538 <... rt_sigprocmask resumed>NULL, 8) = 0 <0.001036>
[pid 14749] 15:04:23.419796 <... nanosleep resumed>NULL) = 0 <0.000542>
[pid 14748] 15:04:23.420076 futex(0xc00034f948, FUTEX_WAKE_PRIVATE, 1 <unfinished ...>
[pid 14749] 15:04:23.420601 nanosleep({tv_sec=0, tv_nsec=20000},  <unfinished ...>
[pid 14748] 15:04:23.421090 <... futex resumed>) = 1 <0.000543>
[pid 14754] 15:04:23.421343 <... futex resumed>) = 0 <0.002647>
[pid 14748] 15:04:23.421609 futex(0xc000075948, FUTEX_WAKE_PRIVATE, 1 <unfinished ...>
[pid 14749] 15:04:23.422127 <... nanosleep resumed>NULL) = 0 <0.001057>
[pid 14748] 15:04:23.422418 <... futex resumed>) = 1 <0.000555>
[pid 14754] 15:04:23.422659 futex(0xc000570148, FUTEX_WAKE_PRIVATE, 1 <unfinished ...>
[pid 14751] 15:04:23.423125 <... futex resumed>) = 0 <0.005143>
[pid 14748] 15:04:23.423375 futex(0x1b95aa0, FUTEX_WAIT_PRIVATE, 0, NULL <unfinished ...>
[pid 14755] 15:04:23.423818 <... futex resumed>) = 0 <0.008562>
[pid 14754] 15:04:23.424071 <... futex resumed>) = 1 <0.001182>
[pid 14749] 15:04:23.424304 nanosleep({tv_sec=0, tv_nsec=20000},  <unfinished ...>
[pid 14755] 15:04:23.424825 futex(0xc000570148, FUTEX_WAIT_PRIVATE, 0, NULL <unfinished ...>
[pid 14754] 15:04:23.425274 futex(0xc000570148, FUTEX_WAKE_PRIVATE, 1 <unfinished ...>
[pid 14751] 15:04:23.425723 futex(0xc000075948, FUTEX_WAIT_PRIVATE, 0, NULL <unfinished ...>
[pid 14755] 15:04:23.426169 <... futex resumed>) = -1 EAGAIN (Resource temporarily unavailable) <0.000939>
[pid 14754] 15:04:23.426435 <... futex resumed>) = 0 <0.000935>
[pid 14749] 15:04:23.426680 <... nanosleep resumed>NULL) = 0 <0.002131>
[pid 14755] 15:04:23.426925 nanosleep({tv_sec=0, tv_nsec=3000},  <unfinished ...>
[pid 14754] 15:04:23.427403 futex(0x1b95aa0, FUTEX_WAKE_PRIVATE, 1 <unfinished ...>
[pid 14755] 15:04:23.427853 <... nanosleep resumed>NULL) = 0 <0.000495>
[pid 14749] 15:04:23.428092 nanosleep({tv_sec=0, tv_nsec=20000},  <unfinished ...>
[pid 14748] 15:04:23.428672 <... futex resumed>) = 0 <0.004852>
[pid 14755] 15:04:23.428915 futex(0xc000570148, FUTEX_WAIT_PRIVATE, 0, NULL <unfinished ...>
[pid 14754] 15:04:23.429353 <... futex resumed>) = 1 <0.001535>
[pid 14748] 15:04:23.429620 rt_sigprocmask(SIG_SETMASK, [KILL USR1 USR2 PIPE ALRM CONT STOP TSTP TTIN TTOU XCPU XFSZ],  <unfinished ...>
[pid 14749] 15:04:23.430075 <... nanosleep resumed>NULL) = 0 <0.001498>
[pid 14748] 15:04:23.430325 <... rt_sigprocmask resumed>NULL, 8) = 0 <0.000482>
[pid 14754] 15:04:23.430621 futex(0xc00034f948, FUTEX_WAIT_PRIVATE, 0, NULL <unfinished ...>
[pid 14748] 15:04:23.431108 futex(0xc00034f948, FUTEX_WAKE_PRIVATE, 1 <unfinished ...>
[pid 14749] 15:04:23.431553 nanosleep({tv_sec=0, tv_nsec=20000},  <unfinished ...>
[pid 14754] 15:04:23.432043 <... futex resumed>) = -1 EAGAIN (Resource temporarily unavailable) <0.000964>
[pid 14748] 15:04:23.432305 <... futex resumed>) = 0 <0.000984>
[pid 14749] 15:04:23.432598 <... nanosleep resumed>NULL) = 0 <0.000805>
[pid 14748] 15:04:23.432865 futex(0xc000570148, FUTEX_WAKE_PRIVATE, 1 <unfinished ...>
[pid 14754] 15:04:23.433338 nanosleep({tv_sec=0, tv_nsec=3000},  <unfinished ...>
[pid 14748] 15:04:23.433810 <... futex resumed>) = 1 <0.000518>
[pid 14755] 15:04:23.434056 <... futex resumed>) = 0 <0.004935>
[pid 14749] 15:04:23.434315 nanosleep({tv_sec=0, tv_nsec=20000},  <unfinished ...>
[pid 14748] 15:04:23.434864 futex(0x1b95aa0, FUTEX_WAIT_PRIVATE, 0, NULL <unfinished ...>
[pid 14755] 15:04:23.435362 futex(0x1b95aa0, FUTEX_WAKE_PRIVATE, 1 <unfinished ...>
[pid 14754] 15:04:23.435992 <... nanosleep resumed>NULL) = 0 <0.002051>
[pid 14748] 15:04:23.436326 <... futex resumed>) = -1 EAGAIN (Resource temporarily unavailable) <0.001181>
[pid 14755] 15:04:23.436636 <... futex resumed>) = 0 <0.001042>
[pid 14749] 15:04:23.436927 <... nanosleep resumed>NULL) = 0 <0.002328>
[pid 14748] 15:04:23.437190 rt_sigprocmask(SIG_SETMASK, [KILL USR1 USR2 PIPE ALRM CONT STOP TSTP TTIN TTOU XCPU XFSZ VTALRM],  <unfinished ...>
[pid 14755] 15:04:23.437645 futex(0xc000570148, FUTEX_WAIT_PRIVATE, 0, NULL <unfinished ...>
[pid 14754] 15:04:23.438218 futex(0xc00034f948, FUTEX_WAIT_PRIVATE, 0, NULL <unfinished ...>
[pid 14748] 15:04:23.438655 <... rt_sigprocmask resumed>NULL, 8) = 0 <0.001051>
[pid 14749] 15:04:23.438888 nanosleep({tv_sec=0, tv_nsec=20000},  <unfinished ...>
[pid 14748] 15:04:23.439358 futex(0xc000570148, FUTEX_WAKE_PRIVATE, 1 <unfinished ...>
[pid 14749] 15:04:23.440066 <... nanosleep resumed>NULL) = 0 <0.000551>
[pid 14748] 15:04:23.440502 <... futex resumed>) = 1 <0.000862>
[pid 14755] 15:04:23.440839 <... futex resumed>) = 0 <0.002886>
[pid 14748] 15:04:23.441157 futex(0xc00034f948, FUTEX_WAKE_PRIVATE, 1 <unfinished ...>
[pid 14749] 15:04:23.441768 nanosleep({tv_sec=0, tv_nsec=20000},  <unfinished ...>
[pid 14748] 15:04:23.442392 <... futex resumed>) = 1 <0.000691>
[pid 14755] 15:04:23.442744 futex(0xc000075948, FUTEX_WAKE_PRIVATE, 1 <unfinished ...>
[pid 14754] 15:04:23.443396 <... futex resumed>) = 0 <0.004694>
[pid 14748] 15:04:23.443670 futex(0x1b95aa0, FUTEX_WAIT_PRIVATE, 0, NULL <unfinished ...>
[pid 14755] 15:04:23.444129 <... futex resumed>) = 1 <0.000821>
[pid 14751] 15:04:23.444361 <... futex resumed>) = 0 <0.018422>
[pid 14749] 15:04:23.444590 <... nanosleep resumed>NULL) = 0 <0.002495>
[pid 14755] 15:04:23.444839 futex(0x1b95aa0, FUTEX_WAKE_PRIVATE, 1 <unfinished ...>
[pid 14754] 15:04:23.445270 futex(0xc00034f948, FUTEX_WAIT_PRIVATE, 0, NULL <unfinished ...>
[pid 14751] 15:04:23.445694 futex(0xc000075948, FUTEX_WAIT_PRIVATE, 0, NULL <unfinished ...>
[pid 14748] 15:04:23.446141 <... futex resumed>) = 0 <0.002064>
[pid 14755] 15:04:23.446421 <... futex resumed>) = 1 <0.001372>
[pid 14749] 15:04:23.446686 nanosleep({tv_sec=0, tv_nsec=20000},  <unfinished ...>
[pid 14748] 15:04:23.447137 rt_sigprocmask(SIG_SETMASK, [KILL USR1 USR2 PIPE ALRM CONT STOP TSTP TTIN TTOU XCPU XFSZ VTALRM WINCH],  <unfinished ...>
[pid 14755] 15:04:23.447559 futex(0xc000570148, FUTEX_WAIT_PRIVATE, 0, NULL <unfinished ...>
[pid 14748] 15:04:23.447963 <... rt_sigprocmask resumed>NULL, 8) = 0 <0.000433>
[pid 14749] 15:04:23.448208 <... nanosleep resumed>NULL) = 0 <0.001303>
[pid 14748] 15:04:23.448428 futex(0xc000570148, FUTEX_WAKE_PRIVATE, 1 <unfinished ...>
[pid 14749] 15:04:23.448860 nanosleep({tv_sec=0, tv_nsec=40000},  <unfinished ...>
[pid 14748] 15:04:23.449268 <... futex resumed>) = 1 <0.000461>
[pid 14755] 15:04:23.449499 <... futex resumed>) = 0 <0.001738>
[pid 14748] 15:04:23.449746 futex(0xc000075948, FUTEX_WAKE_PRIVATE, 1 <unfinished ...>
[pid 14749] 15:04:23.450244 <... nanosleep resumed>NULL) = 0 <0.000916>
[pid 14748] 15:04:23.450564 <... futex resumed>) = 1 <0.000628>
[pid 14755] 15:04:23.450845 futex(0xc00034f948, FUTEX_WAKE_PRIVATE, 1 <unfinished ...>
[pid 14751] 15:04:23.451367 <... futex resumed>) = 0 <0.005214>
[pid 14748] 15:04:23.451702 futex(0x1b95aa0, FUTEX_WAIT_PRIVATE, 0, NULL <unfinished ...>
[pid 14755] 15:04:23.452221 <... futex resumed>) = 1 <0.000910>
[pid 14754] 15:04:23.452655 <... futex resumed>) = 0 <0.007163>
[pid 14749] 15:04:23.452964 nanosleep({tv_sec=0, tv_nsec=80000},  <unfinished ...>
[pid 14755] 15:04:23.453614 futex(0x1b95aa0, FUTEX_WAKE_PRIVATE, 1 <unfinished ...>
[pid 14754] 15:04:23.454342 futex(0xc00034f948, FUTEX_WAIT_PRIVATE, 0, NULL <unfinished ...>
[pid 14751] 15:04:23.454889 futex(0xc000075948, FUTEX_WAIT_PRIVATE, 0, NULL <unfinished ...>
[pid 14748] 15:04:23.455596 <... futex resumed>) = 0 <0.003308>
[pid 14755] 15:04:23.455896 <... futex resumed>) = 1 <0.001987>
[pid 14749] 15:04:23.456194 <... nanosleep resumed>NULL) = 0 <0.002961>
[pid 14748] 15:04:23.456496 rt_sigprocmask(SIG_SETMASK, [KILL USR1 USR2 PIPE ALRM CONT STOP TSTP TTIN TTOU XCPU XFSZ VTALRM WINCH IO],  <unfinished ...>
[pid 14755] 15:04:23.457072 futex(0xc000570148, FUTEX_WAIT_PRIVATE, 0, NULL <unfinished ...>
[pid 14748] 15:04:23.457622 <... rt_sigprocmask resumed>NULL, 8) = 0 <0.000583>
[pid 14749] 15:04:23.458049 nanosleep({tv_sec=0, tv_nsec=160000},  <unfinished ...>
[pid 14748] 15:04:23.458658 futex(0xc000570148, FUTEX_WAKE_PRIVATE, 1 <unfinished ...>
[pid 14749] 15:04:23.459196 <... nanosleep resumed>NULL) = 0 <0.000591>
[pid 14748] 15:04:23.459496 <... futex resumed>) = 1 <0.000576>
[pid 14755] 15:04:23.459770 <... futex resumed>) = 0 <0.002433>
[pid 14748] 15:04:23.460031 futex(0xc00034f948, FUTEX_WAKE_PRIVATE, 1 <unfinished ...>
[pid 14749] 15:04:23.460551 nanosleep({tv_sec=0, tv_nsec=320000},  <unfinished ...>
[pid 14748] 15:04:23.461031 <... futex resumed>) = 1 <0.000541>
[pid 14755] 15:04:23.461299 futex(0xc000075948, FUTEX_WAKE_PRIVATE, 1 <unfinished ...>
[pid 14754] 15:04:23.461781 <... futex resumed>) = 0 <0.006934>
[pid 14748] 15:04:23.462062 futex(0x1b95aa0, FUTEX_WAIT_PRIVATE, 0, NULL <unfinished ...>
[pid 14755] 15:04:23.462666 <... futex resumed>) = 1 <0.000887>
[pid 14751] 15:04:23.462966 <... futex resumed>) = 0 <0.007734>
[pid 14749] 15:04:23.463254 <... nanosleep resumed>NULL) = 0 <0.002457>
[pid 14755] 15:04:23.463538 futex(0x1b95aa0, FUTEX_WAKE_PRIVATE, 1 <unfinished ...>
[pid 14754] 15:04:23.464059 futex(0xc00034f948, FUTEX_WAIT_PRIVATE, 0, NULL <unfinished ...>
[pid 14751] 15:04:23.464532 futex(0xc000075948, FUTEX_WAIT_PRIVATE, 0, NULL <unfinished ...>
[pid 14748] 15:04:23.465143 <... futex resumed>) = 0 <0.002440>
[pid 14755] 15:04:23.465419 <... futex resumed>) = 1 <0.001622>
[pid 14749] 15:04:23.465694 nanosleep({tv_sec=0, tv_nsec=640000},  <unfinished ...>
[pid 14748] 15:04:23.466157 rt_sigprocmask(SIG_SETMASK, [KILL USR1 USR2 PIPE ALRM CONT STOP TSTP TTIN TTOU XCPU XFSZ VTALRM WINCH IO PWR],  <unfinished ...>
[pid 14755] 15:04:23.466632 futex(0xc000570148, FUTEX_WAIT_PRIVATE, 0, NULL <unfinished ...>
[pid 14748] 15:04:23.467101 <... rt_sigprocmask resumed>NULL, 8) = 0 <0.000486>
[pid 14749] 15:04:23.467378 <... nanosleep resumed>NULL) = 0 <0.001470>
[pid 14748] 15:04:23.467679 futex(0xc000570148, FUTEX_WAKE_PRIVATE, 1 <unfinished ...>
[pid 14749] 15:04:23.468275 nanosleep({tv_sec=0, tv_nsec=1280000},  <unfinished ...>
[pid 14748] 15:04:23.468840 <... futex resumed>) = 1 <0.000647>
[pid 14755] 15:04:23.469225 <... futex resumed>) = 0 <0.002375>
[pid 14748] 15:04:23.469551 futex(0xc000075948, FUTEX_WAKE_PRIVATE, 1 <unfinished ...>
[pid 14755] 15:04:23.470100 futex(0xc00034f948, FUTEX_WAKE_PRIVATE, 1 <unfinished ...>
[pid 14748] 15:04:23.470633 <... futex resumed>) = 1 <0.000584>
[pid 14751] 15:04:23.470936 <... futex resumed>) = 0 <0.006177>
[pid 14749] 15:04:23.471239 <... nanosleep resumed>NULL) = 0 <0.002673>
[pid 14748] 15:04:23.471544 futex(0x1b95aa0, FUTEX_WAIT_PRIVATE, 0, NULL <unfinished ...>
[pid 14755] 15:04:23.472059 <... futex resumed>) = 1 <0.001478>
[pid 14754] 15:04:23.472328 <... futex resumed>) = 0 <0.008039>
[pid 14751] 15:04:23.472580 futex(0xc000075948, FUTEX_WAIT_PRIVATE, 0, NULL <unfinished ...>
[pid 14755] 15:04:23.473058 futex(0x1b95aa0, FUTEX_WAKE_PRIVATE, 1 <unfinished ...>
[pid 14754] 15:04:23.473550 futex(0xc00034f948, FUTEX_WAIT_PRIVATE, 0, NULL <unfinished ...>
[pid 14749] 15:04:23.474096 nanosleep({tv_sec=0, tv_nsec=2560000},  <unfinished ...>
[pid 14748] 15:04:23.474680 <... futex resumed>) = 0 <0.002629>
[pid 14755] 15:04:23.475013 <... futex resumed>) = 1 <0.001733>
[pid 14748] 15:04:23.475334 rt_sigprocmask(SIG_SETMASK, [KILL USR1 USR2 PIPE ALRM CONT STOP TSTP TTIN TTOU XCPU XFSZ VTALRM WINCH IO PWR RT_3],  <unfinished ...>
[pid 14755] 15:04:23.475897 futex(0xc000570148, FUTEX_WAIT_PRIVATE, 0, NULL <unfinished ...>
[pid 14748] 15:04:23.476437 <... rt_sigprocmask resumed>NULL, 8) = 0 <0.000567>
[pid 14748] 15:04:23.476817 futex(0xc000570148, FUTEX_WAKE_PRIVATE, 1) = 1 <0.000151>
[pid 14755] 15:04:23.477583 <... futex resumed>) = 0 <0.001432>
[pid 14748] 15:04:23.477903 futex(0xc00034f948, FUTEX_WAKE_PRIVATE, 1 <unfinished ...>
[pid 14749] 15:04:23.478441 <... nanosleep resumed>NULL) = 0 <0.003795>
[pid 14748] 15:04:23.478760 <... futex resumed>) = 1 <0.000594>
[pid 14755] 15:04:23.479045 futex(0xc000075948, FUTEX_WAKE_PRIVATE, 1 <unfinished ...>
[pid 14754] 15:04:23.479589 <... futex resumed>) = 0 <0.005520>
[pid 14748] 15:04:23.479886 futex(0x1b95aa0, FUTEX_WAIT_PRIVATE, 0, NULL <unfinished ...>
[pid 14755] 15:04:23.480381 <... futex resumed>) = 1 <0.000870>
[pid 14751] 15:04:23.480626 <... futex resumed>) = 0 <0.007810>
[pid 14749] 15:04:23.480935 nanosleep({tv_sec=0, tv_nsec=5120000},  <unfinished ...>
[pid 14755] 15:04:23.481497 futex(0x1b95aa0, FUTEX_WAKE_PRIVATE, 1 <unfinished ...>
[pid 14754] 15:04:23.482010 futex(0xc00034f948, FUTEX_WAIT_PRIVATE, 0, NULL <unfinished ...>
[pid 14751] 15:04:23.482555 futex(0xc000075948, FUTEX_WAIT_PRIVATE, 0, NULL <unfinished ...>
[pid 14748] 15:04:23.483130 <... futex resumed>) = 0 <0.002709>
[pid 14755] 15:04:23.483397 <... futex resumed>) = 1 <0.001647>
[pid 14748] 15:04:23.483661 rt_sigprocmask(SIG_SETMASK, [KILL USR1 USR2 PIPE ALRM CONT STOP TSTP TTIN TTOU XCPU XFSZ VTALRM WINCH IO PWR RT_3 RT_4],  <unfinished ...>
[pid 14755] 15:04:23.484140 futex(0xc000570148, FUTEX_WAIT_PRIVATE, 0, NULL <unfinished ...>
[pid 14748] 15:04:23.484643 <... rt_sigprocmask resumed>NULL, 8) = 0 <0.000483>
[pid 14748] 15:04:23.485106 futex(0xc000570148, FUTEX_WAKE_PRIVATE, 1) = 1 <0.000103>
[pid 14755] 15:04:23.485786 <... futex resumed>) = 0 <0.001431>
[pid 14748] 15:04:23.486119 futex(0xc000075948, FUTEX_WAKE_PRIVATE, 1 <unfinished ...>
[pid 14755] 15:04:23.486698 futex(0xc00034f948, FUTEX_WAKE_PRIVATE, 1 <unfinished ...>
[pid 14748] 15:04:23.487214 <... futex resumed>) = 1 <0.000602>
[pid 14751] 15:04:23.487457 <... futex resumed>) = 0 <0.004645>
[pid 14749] 15:04:23.487711 <... nanosleep resumed>NULL) = 0 <0.006489>
[pid 14748] 15:04:23.487968 futex(0x1b95aa0, FUTEX_WAIT_PRIVATE, 0, NULL <unfinished ...>
[pid 14755] 15:04:23.488409 <... futex resumed>) = 1 <0.001228>
[pid 14754] 15:04:23.488633 <... futex resumed>) = 0 <0.006352>
[pid 14751] 15:04:23.488860 futex(0xc000075948, FUTEX_WAIT_PRIVATE, 0, NULL <unfinished ...>
[pid 14755] 15:04:23.489287 futex(0x1b95aa0, FUTEX_WAKE_PRIVATE, 1 <unfinished ...>
[pid 14754] 15:04:23.489706 futex(0xc00034f948, FUTEX_WAIT_PRIVATE, 0, NULL <unfinished ...>
[pid 14749] 15:04:23.490187 nanosleep({tv_sec=0, tv_nsec=10000000},  <unfinished ...>
[pid 14748] 15:04:23.490674 <... futex resumed>) = 0 <0.002305>
[pid 14755] 15:04:23.490943 <... futex resumed>) = 1 <0.001464>
[pid 14748] 15:04:23.491207 rt_sigprocmask(SIG_SETMASK, [KILL USR1 USR2 PIPE ALRM CONT STOP TSTP TTIN TTOU XCPU XFSZ VTALRM WINCH IO PWR RT_3 RT_4 RT_5],  <unfinished ...>
[pid 14755] 15:04:23.491728 futex(0xc000570148, FUTEX_WAIT_PRIVATE, 0, NULL <unfinished ...>
[pid 14748] 15:04:23.492209 <... rt_sigprocmask resumed>NULL, 8) = 0 <0.000561>
[pid 14748] 15:04:23.492526 futex(0xc000570148, FUTEX_WAKE_PRIVATE, 1) = 1 <0.000101>
[pid 14755] 15:04:23.493084 <... futex resumed>) = 0 <0.001109>
[pid 14748] 15:04:23.493334 futex(0xc00034f948, FUTEX_WAKE_PRIVATE, 1 <unfinished ...>
[pid 14755] 15:04:23.493792 futex(0xc000075948, FUTEX_WAKE_PRIVATE, 1 <unfinished ...>
[pid 14748] 15:04:23.494295 <... futex resumed>) = 1 <0.000520>
[pid 14754] 15:04:23.494529 <... futex resumed>) = 0 <0.004577>
[pid 14748] 15:04:23.494790 futex(0x1b95aa0, FUTEX_WAIT_PRIVATE, 0, NULL <unfinished ...>
[pid 14755] 15:04:23.495230 <... futex resumed>) = 1 <0.000993>
[pid 14751] 15:04:23.495464 <... futex resumed>) = 0 <0.006402>
[pid 14755] 15:04:23.495702 futex(0x1b95aa0, FUTEX_WAKE_PRIVATE, 1 <unfinished ...>
[pid 14754] 15:04:23.496124 futex(0xc00034f948, FUTEX_WAIT_PRIVATE, 0, NULL <unfinished ...>
[pid 14748] 15:04:23.496549 <... futex resumed>) = 0 <0.001355>
[pid 14755] 15:04:23.496791 <... futex resumed>) = 1 <0.000895>
[pid 14751] 15:04:23.497031 futex(0xc000075948, FUTEX_WAIT_PRIVATE, 0, NULL <unfinished ...>
[pid 14748] 15:04:23.497451 rt_sigprocmask(SIG_SETMASK, [KILL USR1 USR2 PIPE ALRM CONT STOP TSTP TTIN TTOU XCPU XFSZ VTALRM WINCH IO PWR RT_3 RT_4 RT_5 RT_6],  <unfinished ...>
[pid 14755] 15:04:23.497892 futex(0xc000570148, FUTEX_WAIT_PRIVATE, 0, NULL <unfinished ...>
[pid 14748] 15:04:23.498297 <... rt_sigprocmask resumed>NULL, 8) = 0 <0.000459>
[pid 14748] 15:04:23.498596 futex(0xc000570148, FUTEX_WAKE_PRIVATE, 1) = 1 <0.000094>
[pid 14755] 15:04:23.499120 <... futex resumed>) = 0 <0.001033>
[pid 14748] 15:04:23.499370 futex(0xc000075948, FUTEX_WAKE_PRIVATE, 1 <unfinished ...>
[pid 14755] 15:04:23.499799 futex(0xc00034f948, FUTEX_WAKE_PRIVATE, 1 <unfinished ...>
[pid 14748] 15:04:23.500251 <... futex resumed>) = 1 <0.000458>
[pid 14751] 15:04:23.500645 <... futex resumed>) = 0 <0.003409>
[pid 14748] 15:04:23.500920 futex(0x1b95aa0, FUTEX_WAIT_PRIVATE, 0, NULL <unfinished ...>
[pid 14755] 15:04:23.501446 <... futex resumed>) = 1 <0.001222>
[pid 14754] 15:04:23.501718 <... futex resumed>) = 0 <0.005398>
[pid 14749] 15:04:23.502032 <... nanosleep resumed>NULL) = 0 <0.011598>
[pid 14755] 15:04:23.502380 futex(0x1b95aa0, FUTEX_WAKE_PRIVATE, 1 <unfinished ...>
[pid 14754] 15:04:23.502849 futex(0xc00034f948, FUTEX_WAIT_PRIVATE, 0, NULL <unfinished ...>
[pid 14751] 15:04:23.503265 futex(0xc000075948, FUTEX_WAIT_PRIVATE, 0, NULL <unfinished ...>
[pid 14748] 15:04:23.503701 <... futex resumed>) = 0 <0.002334>
[pid 14755] 15:04:23.503972 <... futex resumed>) = 1 <0.001353>
[pid 14749] 15:04:23.504209 nanosleep({tv_sec=0, tv_nsec=10000000},  <unfinished ...>
[pid 14748] 15:04:23.504684 rt_sigprocmask(SIG_SETMASK, [KILL USR1 USR2 PIPE ALRM CONT STOP TSTP TTIN TTOU XCPU XFSZ VTALRM WINCH IO PWR RT_3 RT_4 RT_5 RT_6 RT_7],  <unfinished ...>
[pid 14755] 15:04:23.505221 futex(0xc000570148, FUTEX_WAIT_PRIVATE, 0, NULL <unfinished ...>
[pid 14748] 15:04:23.505827 <... rt_sigprocmask resumed>NULL, 8) = 0 <0.000576>
[pid 14748] 15:04:23.506162 futex(0xc000570148, FUTEX_WAKE_PRIVATE, 1) = 1 <0.000110>
[pid 14755] 15:04:23.506730 <... futex resumed>) = 0 <0.001220>
[pid 14748] 15:04:23.507022 futex(0xc00034f948, FUTEX_WAKE_PRIVATE, 1 <unfinished ...>
[pid 14755] 15:04:23.507490 futex(0xc000075948, FUTEX_WAKE_PRIVATE, 1 <unfinished ...>
[pid 14748] 15:04:23.507996 <... futex resumed>) = 1 <0.000491>
[pid 14754] 15:04:23.508250 <... futex resumed>) = 0 <0.005189>
[pid 14748] 15:04:23.508504 futex(0x1b95aa0, FUTEX_WAIT_PRIVATE, 0, NULL <unfinished ...>
[pid 14755] 15:04:23.508951 <... futex resumed>) = 1 <0.001034>
[pid 14751] 15:04:23.509193 <... futex resumed>) = 0 <0.005706>
[pid 14755] 15:04:23.509451 futex(0x1b95aa0, FUTEX_WAKE_PRIVATE, 1 <unfinished ...>
[pid 14754] 15:04:23.509906 futex(0xc00034f948, FUTEX_WAIT_PRIVATE, 0, NULL <unfinished ...>
[pid 14748] 15:04:23.510378 <... futex resumed>) = 0 <0.001431>
[pid 14755] 15:04:23.510618 <... futex resumed>) = 1 <0.000949>
[pid 14751] 15:04:23.510886 futex(0xc000075948, FUTEX_WAIT_PRIVATE, 0, NULL <unfinished ...>
[pid 14748] 15:04:23.511330 rt_sigprocmask(SIG_SETMASK, [KILL USR1 USR2 PIPE ALRM CONT STOP TSTP TTIN TTOU XCPU XFSZ VTALRM WINCH IO PWR RT_3 RT_4 RT_5 RT_6 RT_7 RT_8],  <unfinished ...>
[pid 14755] 15:04:23.511794 futex(0xc000570148, FUTEX_WAIT_PRIVATE, 0, NULL <unfinished ...>
[pid 14748] 15:04:23.512238 <... rt_sigprocmask resumed>NULL, 8) = 0 <0.000478>
[pid 14748] 15:04:23.512520 futex(0xc000570148, FUTEX_WAKE_PRIVATE, 1) = 1 <0.000096>
[pid 14755] 15:04:23.513064 <... futex resumed>) = 0 <0.001065>
[pid 14748] 15:04:23.513330 futex(0xc000075948, FUTEX_WAKE_PRIVATE, 1 <unfinished ...>
[pid 14755] 15:04:23.513787 futex(0xc00034f948, FUTEX_WAKE_PRIVATE, 1 <unfinished ...>
[pid 14748] 15:04:23.514268 <... futex resumed>) = 1 <0.000532>
[pid 14751] 15:04:23.514510 <... futex resumed>) = 0 <0.003420>
[pid 14748] 15:04:23.514801 futex(0x1b95aa0, FUTEX_WAIT_PRIVATE, 0, NULL <unfinished ...>
[pid 14755] 15:04:23.515254 <... futex resumed>) = 1 <0.001047>
[pid 14754] 15:04:23.515490 <... futex resumed>) = 0 <0.005375>
[pid 14749] 15:04:23.515703 <... nanosleep resumed>NULL) = 0 <0.011278>
[pid 14755] 15:04:23.515973 futex(0x1b95aa0, FUTEX_WAKE_PRIVATE, 1 <unfinished ...>
[pid 14754] 15:04:23.516425 futex(0xc00034f948, FUTEX_WAIT_PRIVATE, 0, NULL <unfinished ...>
[pid 14751] 15:04:23.516824 futex(0xc000075948, FUTEX_WAIT_PRIVATE, 0, NULL <unfinished ...>
[pid 14748] 15:04:23.517921 <... futex resumed>) = 0 <0.002570>
[pid 14755] 15:04:23.518303 <... futex resumed>) = 1 <0.002100>
[pid 14749] 15:04:23.518598 nanosleep({tv_sec=0, tv_nsec=10000000},  <unfinished ...>
[pid 14748] 15:04:23.519527 rt_sigprocmask(SIG_SETMASK, [KILL USR1 USR2 PIPE ALRM CONT STOP TSTP TTIN TTOU XCPU XFSZ VTALRM WINCH IO PWR RT_3 RT_4 RT_5 RT_6 RT_7 RT_8 RT_9],  <unfinished ...>
[pid 14755] 15:04:23.520242 futex(0xc000570148, FUTEX_WAIT_PRIVATE, 0, NULL <unfinished ...>
[pid 14748] 15:04:23.520845 <... rt_sigprocmask resumed>NULL, 8) = 0 <0.000707>
[pid 14748] 15:04:23.521204 futex(0xc000570148, FUTEX_WAKE_PRIVATE, 1) = 1 <0.000110>
[pid 14755] 15:04:23.521789 <... futex resumed>) = 0 <0.001193>
[pid 14748] 15:04:23.522077 futex(0xc00034f948, FUTEX_WAKE_PRIVATE, 1 <unfinished ...>
[pid 14755] 15:04:23.522575 futex(0xc000075948, FUTEX_WAKE_PRIVATE, 1 <unfinished ...>
[pid 14748] 15:04:23.523035 <... futex resumed>) = 1 <0.000503>
[pid 14754] 15:04:23.523280 <... futex resumed>) = 0 <0.006657>
[pid 14748] 15:04:23.523512 futex(0x1b95aa0, FUTEX_WAIT_PRIVATE, 0, NULL <unfinished ...>
[pid 14755] 15:04:23.523937 <... futex resumed>) = 1 <0.000957>
[pid 14751] 15:04:23.524170 <... futex resumed>) = 0 <0.006600>
[pid 14755] 15:04:23.524411 futex(0x1b95aa0, FUTEX_WAKE_PRIVATE, 1 <unfinished ...>
[pid 14754] 15:04:23.524849 futex(0xc00034f948, FUTEX_WAIT_PRIVATE, 0, NULL <unfinished ...>
[pid 14748] 15:04:23.525295 <... futex resumed>) = 0 <0.001367>
[pid 14755] 15:04:23.525529 <... futex resumed>) = 1 <0.000895>
[pid 14751] 15:04:23.525749 futex(0xc000075948, FUTEX_WAIT_PRIVATE, 0, NULL <unfinished ...>
[pid 14748] 15:04:23.526203 rt_sigprocmask(SIG_SETMASK, [KILL USR1 USR2 PIPE ALRM CONT STOP TSTP TTIN TTOU XCPU XFSZ VTALRM WINCH IO PWR RT_3 RT_4 RT_5 RT_6 RT_7 RT_8 RT_9 RT_10],  <unfinished ...>
[pid 14755] 15:04:23.526635 futex(0xc000570148, FUTEX_WAIT_PRIVATE, 0, NULL <unfinished ...>
[pid 14748] 15:04:23.527061 <... rt_sigprocmask resumed>NULL, 8) = 0 <0.000445>
[pid 14748] 15:04:23.527376 futex(0xc000570148, FUTEX_WAKE_PRIVATE, 1) = 1 <0.000116>
[pid 14755] 15:04:23.527920 <... futex resumed>) = 0 <0.001072>
[pid 14748] 15:04:23.528147 futex(0xc000075948, FUTEX_WAKE_PRIVATE, 1 <unfinished ...>
[pid 14755] 15:04:23.528571 futex(0xc00034f948, FUTEX_WAKE_PRIVATE, 1 <unfinished ...>
[pid 14748] 15:04:23.529017 <... futex resumed>) = 1 <0.000453>
[pid 14751] 15:04:23.529272 <... futex resumed>) = 0 <0.003311>
[pid 14748] 15:04:23.529516 futex(0x1b95aa0, FUTEX_WAIT_PRIVATE, 0, NULL <unfinished ...>
[pid 14755] 15:04:23.530021 <... futex resumed>) = 1 <0.001027>
[pid 14754] 15:04:23.530266 <... futex resumed>) = 0 <0.005195>
[pid 14749] 15:04:23.530545 <... nanosleep resumed>NULL) = 0 <0.011678>
[pid 14755] 15:04:23.530804 futex(0x1b95aa0, FUTEX_WAKE_PRIVATE, 1 <unfinished ...>
[pid 14754] 15:04:23.531305 futex(0xc00034f948, FUTEX_WAIT_PRIVATE, 0, NULL <unfinished ...>
[pid 14751] 15:04:23.531874 futex(0xc000075948, FUTEX_WAIT_PRIVATE, 0, NULL <unfinished ...>
[pid 14748] 15:04:23.532357 <... futex resumed>) = 0 <0.002394>
[pid 14755] 15:04:23.532622 <... futex resumed>) = 1 <0.001589>
[pid 14749] 15:04:23.532860 nanosleep({tv_sec=0, tv_nsec=10000000},  <unfinished ...>
[pid 14748] 15:04:23.533326 rt_sigprocmask(SIG_SETMASK, [KILL USR1 USR2 PIPE ALRM CONT STOP TSTP TTIN TTOU XCPU XFSZ VTALRM WINCH IO PWR RT_3 RT_4 RT_5 RT_6 RT_7 RT_8 RT_9 RT_10 RT_11],  <unfinished ...>
[pid 14755] 15:04:23.533823 futex(0xc000570148, FUTEX_WAIT_PRIVATE, 0, NULL <unfinished ...>
[pid 14748] 15:04:23.534258 <... rt_sigprocmask resumed>NULL, 8) = 0 <0.000506>
[pid 14748] 15:04:23.534569 futex(0xc000570148, FUTEX_WAKE_PRIVATE, 1) = 1 <0.000098>
[pid 14755] 15:04:23.535098 <... futex resumed>) = 0 <0.001070>
[pid 14748] 15:04:23.535320 futex(0xc00034f948, FUTEX_WAKE_PRIVATE, 1 <unfinished ...>
[pid 14755] 15:04:23.535732 futex(0xc000075948, FUTEX_WAKE_PRIVATE, 1 <unfinished ...>
[pid 14748] 15:04:23.536213 <... futex resumed>) = 1 <0.000495>
[pid 14754] 15:04:23.536474 <... futex resumed>) = 0 <0.004861>
[pid 14748] 15:04:23.536751 futex(0x1b95aa0, FUTEX_WAIT_PRIVATE, 0, NULL <unfinished ...>
[pid 14755] 15:04:23.537191 <... futex resumed>) = 1 <0.001042>
[pid 14751] 15:04:23.537435 <... futex resumed>) = 0 <0.005314>
[pid 14755] 15:04:23.537683 futex(0x1b95aa0, FUTEX_WAKE_PRIVATE, 1 <unfinished ...>
[pid 14754] 15:04:23.538134 futex(0xc00034f948, FUTEX_WAIT_PRIVATE, 0, NULL <unfinished ...>
[pid 14748] 15:04:23.538684 <... futex resumed>) = 0 <0.001439>
[pid 14755] 15:04:23.538916 <... futex resumed>) = 1 <0.001016>
[pid 14751] 15:04:23.539139 futex(0xc000075948, FUTEX_WAIT_PRIVATE, 0, NULL <unfinished ...>
[pid 14748] 15:04:23.539563 rt_sigprocmask(SIG_SETMASK, [KILL USR1 USR2 PIPE ALRM CONT STOP TSTP TTIN TTOU XCPU XFSZ VTALRM WINCH IO PWR RT_3 RT_4 RT_5 RT_6 RT_7 RT_8 RT_9 RT_10 RT_11 RT_12],  <unfinished ...>
[pid 14755] 15:04:23.540042 futex(0xc000570148, FUTEX_WAIT_PRIVATE, 0, NULL <unfinished ...>
[pid 14748] 15:04:23.540468 <... rt_sigprocmask resumed>NULL, 8) = 0 <0.000468>
[pid 14748] 15:04:23.540749 futex(0xc000570148, FUTEX_WAKE_PRIVATE, 1) = 1 <0.000107>
[pid 14755] 15:04:23.541362 <... futex resumed>) = 0 <0.001118>
[pid 14748] 15:04:23.541655 futex(0xc000075948, FUTEX_WAKE_PRIVATE, 1 <unfinished ...>
[pid 14755] 15:04:23.542176 futex(0xc00034f948, FUTEX_WAKE_PRIVATE, 1 <unfinished ...>
[pid 14748] 15:04:23.542634 <... futex resumed>) = 1 <0.000539>
[pid 14751] 15:04:23.542859 <... futex resumed>) = 0 <0.003524>
[pid 14748] 15:04:23.543110 futex(0x1b95aa0, FUTEX_WAIT_PRIVATE, 0, NULL <unfinished ...>
[pid 14755] 15:04:23.543531 <... futex resumed>) = 1 <0.000942>
[pid 14754] 15:04:23.543746 <... futex resumed>) = 0 <0.005372>
[pid 14755] 15:04:23.544002 futex(0x1b95aa0, FUTEX_WAKE_PRIVATE, 1 <unfinished ...>
[pid 14751] 15:04:23.544429 futex(0xc000075948, FUTEX_WAIT_PRIVATE, 0, NULL <unfinished ...>
[pid 14749] 15:04:23.544942 <... nanosleep resumed>NULL) = 0 <0.011591>
[pid 14748] 15:04:23.545189 <... futex resumed>) = 0 <0.001874>
[pid 14755] 15:04:23.545417 <... futex resumed>) = 1 <0.001218>
[pid 14754] 15:04:23.545632 futex(0xc00034f948, FUTEX_WAIT_PRIVATE, 0, NULL <unfinished ...>
[pid 14748] 15:04:23.546145 rt_sigprocmask(SIG_SETMASK, [KILL USR1 USR2 PIPE ALRM CONT STOP TSTP TTIN TTOU XCPU XFSZ VTALRM WINCH IO PWR RT_3 RT_4 RT_5 RT_6 RT_7 RT_8 RT_9 RT_10 RT_11 RT_12 RT_13],  <unfinished ...>
[pid 14755] 15:04:23.546641 futex(0xc000570148, FUTEX_WAIT_PRIVATE, 0, NULL <unfinished ...>
[pid 14749] 15:04:23.547066 nanosleep({tv_sec=0, tv_nsec=10000000},  <unfinished ...>
[pid 14748] 15:04:23.547554 <... rt_sigprocmask resumed>NULL, 8) = 0 <0.000935>
[pid 14748] 15:04:23.547843 futex(0xc000570148, FUTEX_WAKE_PRIVATE, 1) = 1 <0.000113>
[pid 14755] 15:04:23.548408 <... futex resumed>) = 0 <0.001566>
[pid 14748] 15:04:23.548680 futex(0xc00034f948, FUTEX_WAKE_PRIVATE, 1 <unfinished ...>
[pid 14755] 15:04:23.549135 futex(0xc000075948, FUTEX_WAKE_PRIVATE, 1 <unfinished ...>
[pid 14748] 15:04:23.549688 <... futex resumed>) = 1 <0.000519>
[pid 14754] 15:04:23.549981 <... futex resumed>) = 0 <0.004123>
[pid 14748] 15:04:23.550277 futex(0x1b95aa0, FUTEX_WAIT_PRIVATE, 0, NULL <unfinished ...>
[pid 14755] 15:04:23.550766 <... futex resumed>) = 1 <0.001183>
[pid 14751] 15:04:23.551018 <... futex resumed>) = 0 <0.006356>
[pid 14755] 15:04:23.551300 futex(0x1b95aa0, FUTEX_WAKE_PRIVATE, 1 <unfinished ...>
[pid 14754] 15:04:23.551757 futex(0xc00034f948, FUTEX_WAIT_PRIVATE, 0, NULL <unfinished ...>
[pid 14748] 15:04:23.552243 <... futex resumed>) = 0 <0.001502>
[pid 14755] 15:04:23.552516 <... futex resumed>) = 1 <0.000994>
[pid 14751] 15:04:23.552776 futex(0xc000075948, FUTEX_WAIT_PRIVATE, 0, NULL <unfinished ...>
[pid 14748] 15:04:23.553244 rt_sigprocmask(SIG_SETMASK, [KILL USR1 USR2 PIPE ALRM CONT STOP TSTP TTIN TTOU XCPU XFSZ VTALRM WINCH IO PWR RT_3 RT_4 RT_5 RT_6 RT_7 RT_8 RT_9 RT_10 RT_11 RT_12 RT_13 RT_14],  <unfinished ...>
[pid 14755] 15:04:23.553710 futex(0xc000570148, FUTEX_WAIT_PRIVATE, 0, NULL <unfinished ...>
[pid 14748] 15:04:23.554147 <... rt_sigprocmask resumed>NULL, 8) = 0 <0.000469>
[pid 14748] 15:04:23.554448 futex(0xc000570148, FUTEX_WAKE_PRIVATE, 1) = 1 <0.000101>
[pid 14755] 15:04:23.554993 <... futex resumed>) = 0 <0.001073>
[pid 14748] 15:04:23.555246 futex(0xc000075948, FUTEX_WAKE_PRIVATE, 1 <unfinished ...>
[pid 14755] 15:04:23.555699 futex(0xc00034f948, FUTEX_WAKE_PRIVATE, 1 <unfinished ...>
[pid 14748] 15:04:23.556394 <... futex resumed>) = 1 <0.000555>
[pid 14751] 15:04:23.556748 <... futex resumed>) = 0 <0.003747>
[pid 14748] 15:04:23.557072 futex(0x1b95aa0, FUTEX_WAIT_PRIVATE, 0, NULL <unfinished ...>
[pid 14755] 15:04:23.557635 <... futex resumed>) = 1 <0.001406>
[pid 14754] 15:04:23.558027 <... futex resumed>) = 0 <0.006032>
[pid 14755] 15:04:23.558397 futex(0x1b95aa0, FUTEX_WAKE_PRIVATE, 1 <unfinished ...>
[pid 14751] 15:04:23.559012 futex(0xc000075948, FUTEX_WAIT_PRIVATE, 0, NULL <unfinished ...>
[pid 14749] 15:04:23.559446 <... nanosleep resumed>NULL) = 0 <0.011933>
[pid 14748] 15:04:23.559673 <... futex resumed>) = 0 <0.002324>
[pid 14755] 15:04:23.559906 <... futex resumed>) = 1 <0.001173>
[pid 14754] 15:04:23.560143 futex(0xc00034f948, FUTEX_WAIT_PRIVATE, 0, NULL <unfinished ...>
[pid 14748] 15:04:23.560607 rt_sigprocmask(SIG_SETMASK, [KILL USR1 USR2 PIPE ALRM CONT STOP TSTP TTIN TTOU XCPU XFSZ VTALRM WINCH IO PWR RT_3 RT_4 RT_5 RT_6 RT_7 RT_8 RT_9 RT_10 RT_11 RT_12 RT_13 RT_14 RT_15],  <unfinished ...>
[pid 14755] 15:04:23.561052 futex(0xc000570148, FUTEX_WAIT_PRIVATE, 0, NULL <unfinished ...>
[pid 14749] 15:04:23.561481 nanosleep({tv_sec=0, tv_nsec=10000000},  <unfinished ...>
[pid 14748] 15:04:23.561994 <... rt_sigprocmask resumed>NULL, 8) = 0 <0.000910>
[pid 14748] 15:04:23.562326 futex(0xc000570148, FUTEX_WAKE_PRIVATE, 1) = 1 <0.000115>
[pid 14755] 15:04:23.563075 <... futex resumed>) = 0 <0.001814>
[pid 14748] 15:04:23.563367 futex(0xc00034f948, FUTEX_WAKE_PRIVATE, 1 <unfinished ...>
[pid 14755] 15:04:23.563891 futex(0xc000075948, FUTEX_WAKE_PRIVATE, 1 <unfinished ...>
[pid 14748] 15:04:23.564398 <... futex resumed>) = 1 <0.000560>
[pid 14754] 15:04:23.564672 <... futex resumed>) = 0 <0.004298>
[pid 14748] 15:04:23.564970 futex(0x1b95aa0, FUTEX_WAIT_PRIVATE, 0, NULL <unfinished ...>
[pid 14755] 15:04:23.565487 <... futex resumed>) = 1 <0.001130>
[pid 14751] 15:04:23.565756 <... futex resumed>) = 0 <0.006533>
[pid 14755] 15:04:23.566033 futex(0x1b95aa0, FUTEX_WAKE_PRIVATE, 1 <unfinished ...>
