[pid 14692] 15:04:12.890452 futex(0xc000075948, FUTEX_WAKE_PRIVATE, 1 <unfinished ...>
[pid 14700] 15:04:12.890956 futex(0xc0004a6148, FUTEX_WAIT_PRIVATE, 0, NULL <unfinished ...>
[pid 14692] 15:04:12.891461 <... futex resumed>) = 1 <0.000512>
[pid 14695] 15:04:12.891764 <... futex resumed>) = 0 <0.002954>
[pid 14692] 15:04:12.892025 rt_sigprocmask(SIG_SETMASK, [KILL USR1 USR2 PIPE ALRM CONT STOP TSTP TTIN TTOU XCPU XFSZ VTALRM WINCH IO PWR RT_3 RT_4 RT_5 RT_6 RT_7 RT_8 RT_9 RT_10 RT_11 RT_12 RT_13],  <unfinished ...>
[pid 14695] 15:04:12.892558 nanosleep({tv_sec=0, tv_nsec=3000},  <unfinished ...>
[pid 14692] 15:04:12.893026 <... rt_sigprocmask resumed>NULL, 8) = 0 <0.000527>
[pid 14695] 15:04:12.893291 <... nanosleep resumed>NULL) = 0 <0.000506>
[pid 14692] 15:04:12.893586 futex(0xc0004a6148, FUTEX_WAKE_PRIVATE, 1 <unfinished ...>
[pid 14695] 15:04:12.894078 futex(0xc0000a4148, FUTEX_WAKE_PRIVATE, 1 <unfinished ...>
[pid 14692] 15:04:12.894508 <... futex resumed>) = 1 <0.000468>
[pid 14700] 15:04:12.894754 <... futex resumed>) = 0 <0.003568>
[pid 14692] 15:04:12.895008 futex(0x1b95aa0, FUTEX_WAIT_PRIVATE, 0, NULL <unfinished ...>
[pid 14696] 15:04:12.895440 <... futex resumed>) = 0 <0.007130>
[pid 14695] 15:04:12.895659 <... futex resumed>) = 1 <0.001374>
[pid 14700] 15:04:12.895942 futex(0xc0004a6148, FUTEX_WAIT_PRIVATE, 0, NULL <unfinished ...>
[pid 14696] 15:04:12.896459 futex(0xc0000a4148, FUTEX_WAIT_PRIVATE, 0, NULL <unfinished ...>
[pid 14695] 15:04:12.897163 futex(0xc0000a4148, FUTEX_WAKE_PRIVATE, 1 <unfinished ...>
[pid 14696] 15:04:12.897836 <... futex resumed>) = -1 EAGAIN (Resource temporarily unavailable) <0.000669>
[pid 14695] 15:04:12.898139 <... futex resumed>) = 0 <0.000670>
[pid 14696] 15:04:12.898420 nanosleep({tv_sec=0, tv_nsec=3000},  <unfinished ...>
[pid 14695] 15:04:12.898973 futex(0x1b95aa0, FUTEX_WAKE_PRIVATE, 1 <unfinished ...>
[pid 14696] 15:04:12.899442 <... nanosleep resumed>NULL) = 0 <0.000534>
[pid 14692] 15:04:12.899829 <... futex resumed>) = 0 <0.004620>
[pid 14695] 15:04:12.900203 <... futex resumed>) = 1 <0.001003>
[pid 14692] 15:04:12.900582 futex(0xc0000a4148, FUTEX_WAKE_PRIVATE, 1 <unfinished ...>
[pid 14696] 15:04:12.901254 futex(0xc0000a4148, FUTEX_WAIT_PRIVATE, 0, NULL <unfinished ...>
[pid 14693] 15:04:12.902628 <... nanosleep resumed>NULL) = 0 <0.011543>
[pid 14692] 15:04:12.903498 <... futex resumed>) = 0 <0.002525>
[pid 14696] 15:04:12.903981 <... futex resumed>) = -1 EAGAIN (Resource temporarily unavailable) <0.002265>
[pid 14695] 15:04:12.904468 futex(0xc000075948, FUTEX_WAIT_PRIVATE, 0, NULL <unfinished ...>
[pid 14692] 15:04:12.905272 rt_sigprocmask(SIG_SETMASK, [KILL USR1 USR2 PIPE ALRM CONT STOP TSTP TTIN TTOU XCPU XFSZ VTALRM WINCH IO PWR RT_3 RT_4 RT_5 RT_6 RT_7 RT_8 RT_9 RT_10 RT_11 RT_12 RT_13 RT_14],  <unfinished ...>
[pid 14696] 15:04:12.905916 nanosleep({tv_sec=0, tv_nsec=3000},  <unfinished ...>
[pid 14693] 15:04:12.906568 nanosleep({tv_sec=0, tv_nsec=10000000},  <unfinished ...>
[pid 14692] 15:04:12.907250 <... rt_sigprocmask resumed>NULL, 8) = 0 <0.001352>
[pid 14696] 15:04:12.907534 <... nanosleep resumed>NULL) = 0 <0.001270>
[pid 14692] 15:04:12.907869 futex(0xc000075948, FUTEX_WAKE_PRIVATE, 1 <unfinished ...>
[pid 14696] 15:04:12.908326 futex(0xc0004a6148, FUTEX_WAKE_PRIVATE, 1 <unfinished ...>
[pid 14692] 15:04:12.908769 <... futex resumed>) = 1 <0.000509>
[pid 14695] 15:04:12.909023 <... futex resumed>) = 0 <0.004115>
[pid 14692] 15:04:12.909269 futex(0x1b95aa0, FUTEX_WAIT_PRIVATE, 0, NULL <unfinished ...>
[pid 14700] 15:04:12.909793 <... futex resumed>) = 0 <0.013393>
[pid 14696] 15:04:12.910077 <... futex resumed>) = 1 <0.001528>
[pid 14700] 15:04:12.910329 futex(0xc0004a6148, FUTEX_WAIT_PRIVATE, 0, NULL <unfinished ...>
[pid 14695] 15:04:12.910800 futex(0xc000075948, FUTEX_WAIT_PRIVATE, 0, NULL <unfinished ...>
[pid 14700] 15:04:12.911267 <... futex resumed>) = -1 EAGAIN (Resource temporarily unavailable) <0.000431>
[pid 14696] 15:04:12.911586 futex(0xc0004a6148, FUTEX_WAKE_PRIVATE, 1 <unfinished ...>
[pid 14700] 15:04:12.912050 nanosleep({tv_sec=0, tv_nsec=3000},  <unfinished ...>
[pid 14696] 15:04:12.912603 <... futex resumed>) = 0 <0.000521>
[pid 14700] 15:04:12.912981 <... nanosleep resumed>NULL) = 0 <0.000651>
[pid 14696] 15:04:12.913404 futex(0x1b95aa0, FUTEX_WAKE_PRIVATE, 1 <unfinished ...>
[pid 14700] 15:04:12.914116 futex(0xc0004a6148, FUTEX_WAIT_PRIVATE, 0, NULL <unfinished ...>
[pid 14692] 15:04:12.914743 <... futex resumed>) = 0 <0.004970>
[pid 14696] 15:04:12.915027 <... futex resumed>) = 1 <0.001304>
[pid 14692] 15:04:12.915333 futex(0xc0004a6148, FUTEX_WAKE_PRIVATE, 1 <unfinished ...>
[pid 14696] 15:04:12.915858 futex(0xc0000a4148, FUTEX_WAIT_PRIVATE, 0, NULL <unfinished ...>
[pid 14692] 15:04:12.916328 <... futex resumed>) = 1 <0.000521>
[pid 14700] 15:04:12.916556 <... futex resumed>) = 0 <0.002120>
[pid 14692] 15:04:12.916891 rt_sigprocmask(SIG_SETMASK, [KILL USR1 USR2 PIPE ALRM CONT STOP TSTP TTIN TTOU XCPU XFSZ VTALRM WINCH IO PWR RT_3 RT_4 RT_5 RT_6 RT_7 RT_8 RT_9 RT_10 RT_11 RT_12 RT_13 RT_14 RT_15],  <unfinished ...>
[pid 14700] 15:04:12.917900 nanosleep({tv_sec=0, tv_nsec=3000},  <unfinished ...>
[pid 14693] 15:04:12.919708 <... nanosleep resumed>NULL) = 0 <0.012263>
[pid 14692] 15:04:12.920383 <... rt_sigprocmask resumed>NULL, 8) = 0 <0.002817>
[pid 14700] 15:04:12.920737 <... nanosleep resumed>NULL) = 0 <0.001555>
[pid 14692] 15:04:12.921206 futex(0xc0000a4148, FUTEX_WAKE_PRIVATE, 1 <unfinished ...>
[pid 14693] 15:04:12.921900 nanosleep({tv_sec=0, tv_nsec=10000000},  <unfinished ...>
[pid 14692] 15:04:12.922641 <... futex resumed>) = 1 <0.000771>
[pid 14700] 15:04:12.922904 futex(0xc000075948, FUTEX_WAKE_PRIVATE, 1 <unfinished ...>
[pid 14696] 15:04:12.923401 <... futex resumed>) = 0 <0.007081>
[pid 14692] 15:04:12.923810 futex(0x1b95aa0, FUTEX_WAIT_PRIVATE, 0, NULL <unfinished ...>
[pid 14700] 15:04:12.924528 <... futex resumed>) = 1 <0.001104>
[pid 14695] 15:04:12.924972 <... futex resumed>) = 0 <0.013967>
[pid 14700] 15:04:12.925295 futex(0x1b95aa0, FUTEX_WAKE_PRIVATE, 1 <unfinished ...>
[pid 14696] 15:04:12.925759 futex(0xc0000a4148, FUTEX_WAIT_PRIVATE, 0, NULL <unfinished ...>
[pid 14692] 15:04:12.926268 <... futex resumed>) = 0 <0.001913>
[pid 14700] 15:04:12.926506 <... futex resumed>) = 1 <0.000970>
[pid 14695] 15:04:12.926777 futex(0xc000075948, FUTEX_WAIT_PRIVATE, 0, NULL <unfinished ...>
[pid 14692] 15:04:12.927228 futex(0xc000075948, FUTEX_WAKE_PRIVATE, 1 <unfinished ...>
[pid 14700] 15:04:12.927754 futex(0xc0004a6148, FUTEX_WAIT_PRIVATE, 0, NULL <unfinished ...>
[pid 14692] 15:04:12.928252 <... futex resumed>) = 0 <0.000536>
[pid 14695] 15:04:12.928519 <... futex resumed>) = -1 EAGAIN (Resource temporarily unavailable) <0.001507>
[pid 14692] 15:04:12.928815 rt_sigprocmask(SIG_SETMASK, [KILL USR1 USR2 PIPE ALRM CONT STOP TSTP TTIN TTOU XCPU XFSZ VTALRM WINCH IO PWR RT_3 RT_4 RT_5 RT_6 RT_7 RT_8 RT_9 RT_10 RT_11 RT_12 RT_13 RT_14 RT_15 RT_16],  <unfinished ...>
[pid 14695] 15:04:12.929251 nanosleep({tv_sec=0, tv_nsec=3000},  <unfinished ...>
[pid 14692] 15:04:12.929770 <... rt_sigprocmask resumed>NULL, 8) = 0 <0.000523>
[pid 14695] 15:04:12.930028 <... nanosleep resumed>NULL) = 0 <0.000495>
[pid 14692] 15:04:12.930252 futex(0xc0004a6148, FUTEX_WAKE_PRIVATE, 1 <unfinished ...>
[pid 14695] 15:04:12.930779 futex(0xc0000a4148, FUTEX_WAKE_PRIVATE, 1 <unfinished ...>
[pid 14692] 15:04:12.931272 <... futex resumed>) = 1 <0.000542>
[pid 14700] 15:04:12.931620 <... futex resumed>) = 0 <0.003604>
[pid 14692] 15:04:12.932005 futex(0x1b95aa0, FUTEX_WAIT_PRIVATE, 0, NULL <unfinished ...>
[pid 14696] 15:04:12.932616 <... futex resumed>) = 0 <0.006320>
[pid 14695] 15:04:12.932942 <... futex resumed>) = 1 <0.001960>
[pid 14700] 15:04:12.933299 futex(0xc0004a6148, FUTEX_WAIT_PRIVATE, 0, NULL <unfinished ...>
[pid 14696] 15:04:12.933811 futex(0xc0000a4148, FUTEX_WAIT_PRIVATE, 0, NULL <unfinished ...>
[pid 14693] 15:04:12.934522 <... nanosleep resumed>NULL) = 0 <0.011749>
[pid 14696] 15:04:12.935088 <... futex resumed>) = -1 EAGAIN (Resource temporarily unavailable) <0.001038>
[pid 14695] 15:04:12.935475 futex(0xc0000a4148, FUTEX_WAKE_PRIVATE, 1 <unfinished ...>
[pid 14696] 15:04:12.936369 nanosleep({tv_sec=0, tv_nsec=3000},  <unfinished ...>
[pid 14693] 15:04:12.937852 nanosleep({tv_sec=0, tv_nsec=10000000},  <unfinished ...>
[pid 14696] 15:04:12.938597 <... nanosleep resumed>NULL) = 0 <0.000922>
[pid 14695] 15:04:12.938975 <... futex resumed>) = 0 <0.003040>
[pid 14696] 15:04:12.939312 futex(0xc0004a6148, FUTEX_WAKE_PRIVATE, 1 <unfinished ...>
[pid 14695] 15:04:12.939926 futex(0xc000075948, FUTEX_WAIT_PRIVATE, 0, NULL <unfinished ...>
[pid 14700] 15:04:12.940612 <... futex resumed>) = 0 <0.006718>
[pid 14696] 15:04:12.941031 <... futex resumed>) = 1 <0.001450>
[pid 14700] 15:04:12.941344 futex(0xc0004a6148, FUTEX_WAIT_PRIVATE, 0, NULL <unfinished ...>
[pid 14696] 15:04:12.941899 futex(0x1b95aa0, FUTEX_WAKE_PRIVATE, 1 <unfinished ...>
[pid 14692] 15:04:12.942486 <... futex resumed>) = 0 <0.009926>
[pid 14696] 15:04:12.942794 <... futex resumed>) = 1 <0.000647>
[pid 14692] 15:04:12.943057 futex(0xc0004a6148, FUTEX_WAKE_PRIVATE, 1 <unfinished ...>
[pid 14696] 15:04:12.943527 futex(0xc0000a4148, FUTEX_WAIT_PRIVATE, 0, NULL <unfinished ...>
[pid 14692] 15:04:12.943986 <... futex resumed>) = 1 <0.000461>
[pid 14700] 15:04:12.944251 <... futex resumed>) = 0 <0.002614>
[pid 14692] 15:04:12.944506 rt_sigprocmask(SIG_SETMASK, [KILL USR1 USR2 PIPE ALRM CONT STOP TSTP TTIN TTOU XCPU XFSZ VTALRM WINCH IO PWR RT_3 RT_4 RT_5 RT_6 RT_7 RT_8 RT_9 RT_10 RT_11 RT_12 RT_13 RT_14 RT_15 RT_16 RT_17],  <unfinished ...>
[pid 14700] 15:04:12.944987 nanosleep({tv_sec=0, tv_nsec=3000},  <unfinished ...>
[pid 14692] 15:04:12.945422 <... rt_sigprocmask resumed>NULL, 8) = 0 <0.000469>
[pid 14700] 15:04:12.945683 <... nanosleep resumed>NULL) = 0 <0.000478>
[pid 14692] 15:04:12.945958 futex(0xc0000a4148, FUTEX_WAKE_PRIVATE, 1 <unfinished ...>
[pid 14700] 15:04:12.946413 futex(0xc000075948, FUTEX_WAKE_PRIVATE, 1 <unfinished ...>
[pid 14692] 15:04:12.946954 <... futex resumed>) = 1 <0.000497>
[pid 14696] 15:04:12.947245 <... futex resumed>) = 0 <0.003523>
[pid 14692] 15:04:12.947456 futex(0x1b95aa0, FUTEX_WAIT_PRIVATE, 0, NULL <unfinished ...>
[pid 14700] 15:04:12.947929 <... futex resumed>) = 1 <0.001071>
[pid 14695] 15:04:12.948190 <... futex resumed>) = 0 <0.007968>
[pid 14700] 15:04:12.948602 futex(0x1b95aa0, FUTEX_WAKE_PRIVATE, 1 <unfinished ...>
[pid 14696] 15:04:12.949286 futex(0xc0000a4148, FUTEX_WAIT_PRIVATE, 0, NULL <unfinished ...>
[pid 14693] 15:04:12.949881 <... nanosleep resumed>NULL) = 0 <0.011438>
[pid 14692] 15:04:12.950121 <... futex resumed>) = 0 <0.002442>
[pid 14700] 15:04:12.950408 <... futex resumed>) = 1 <0.001435>
[pid 14695] 15:04:12.950653 futex(0xc000075948, FUTEX_WAIT_PRIVATE, 0, NULL <unfinished ...>
[pid 14692] 15:04:12.951353 futex(0xc000075948, FUTEX_WAKE_PRIVATE, 1 <unfinished ...>
[pid 14700] 15:04:12.952352 futex(0xc0004a6148, FUTEX_WAIT_PRIVATE, 0, NULL <unfinished ...>
[pid 14693] 15:04:12.955339 nanosleep({tv_sec=0, tv_nsec=10000000},  <unfinished ...>
[pid 14692] 15:04:12.956170 <... futex resumed>) = 0 <0.003867>
[pid 14695] 15:04:12.956617 <... futex resumed>) = -1 EAGAIN (Resource temporarily unavailable) <0.005734>
[pid 14692] 15:04:12.957249 rt_sigprocmask(SIG_SETMASK, [KILL USR1 USR2 PIPE ALRM CONT STOP TSTP TTIN TTOU XCPU XFSZ VTALRM WINCH IO PWR RT_3 RT_4 RT_5 RT_6 RT_7 RT_8 RT_9 RT_10 RT_11 RT_12 RT_13 RT_14 RT_15 RT_16 RT_17 RT_18],  <unfinished ...>
[pid 14695] 15:04:12.958130 nanosleep({tv_sec=0, tv_nsec=3000},  <unfinished ...>
[pid 14692] 15:04:12.958737 <... rt_sigprocmask resumed>NULL, 8) = 0 <0.000819>
[pid 14695] 15:04:12.959022 <... nanosleep resumed>NULL) = 0 <0.000558>
[pid 14692] 15:04:12.959276 futex(0xc0004a6148, FUTEX_WAKE_PRIVATE, 1 <unfinished ...>
[pid 14695] 15:04:12.959754 futex(0xc0000a4148, FUTEX_WAKE_PRIVATE, 1 <unfinished ...>
[pid 14692] 15:04:12.960159 <... futex resumed>) = 1 <0.000464>
[pid 14700] 15:04:12.960418 <... futex resumed>) = 0 <0.005577>
[pid 14692] 15:04:12.960670 futex(0x1b95aa0, FUTEX_WAIT_PRIVATE, 0, NULL <unfinished ...>
[pid 14696] 15:04:12.961089 <... futex resumed>) = 0 <0.011276>
[pid 14695] 15:04:12.961339 <... futex resumed>) = 1 <0.001395>
[pid 14700] 15:04:12.961612 futex(0xc0004a6148, FUTEX_WAIT_PRIVATE, 0, NULL <unfinished ...>
[pid 14696] 15:04:12.962046 futex(0xc0000a4148, FUTEX_WAIT_PRIVATE, 0, NULL <unfinished ...>
[pid 14695] 15:04:12.962539 futex(0xc0000a4148, FUTEX_WAKE_PRIVATE, 1 <unfinished ...>
[pid 14696] 15:04:12.963000 <... futex resumed>) = -1 EAGAIN (Resource temporarily unavailable) <0.000493>
[pid 14695] 15:04:12.963249 <... futex resumed>) = 0 <0.000488>
[pid 14696] 15:04:12.963549 nanosleep({tv_sec=0, tv_nsec=3000},  <unfinished ...>
[pid 14695] 15:04:12.964050 futex(0x1b95aa0, FUTEX_WAKE_PRIVATE, 1 <unfinished ...>
[pid 14696] 15:04:12.964514 <... nanosleep resumed>NULL) = 0 <0.000542>
[pid 14692] 15:04:12.964776 <... futex resumed>) = 0 <0.003897>
[pid 14695] 15:04:12.965133 <... futex resumed>) = 1 <0.000859>
[pid 14692] 15:04:12.965459 futex(0xc0000a4148, FUTEX_WAKE_PRIVATE, 1 <unfinished ...>
[pid 14696] 15:04:12.966111 futex(0xc0000a4148, FUTEX_WAIT_PRIVATE, 0, NULL <unfinished ...>
[pid 14692] 15:04:12.966685 <... futex resumed>) = 0 <0.000647>
[pid 14695] 15:04:12.966930 futex(0xc000075948, FUTEX_WAIT_PRIVATE, 0, NULL <unfinished ...>
[pid 14693] 15:04:12.967399 <... nanosleep resumed>NULL) = 0 <0.011406>
[pid 14692] 15:04:12.967855 rt_sigprocmask(SIG_SETMASK, [KILL USR1 USR2 PIPE ALRM CONT STOP TSTP TTIN TTOU XCPU XFSZ VTALRM WINCH IO PWR RT_3 RT_4 RT_5 RT_6 RT_7 RT_8 RT_9 RT_10 RT_11 RT_12 RT_13 RT_14 RT_15 RT_16 RT_17 RT_18 RT_19],  <unfinished ...>
[pid 14696] 15:04:12.968674 <... futex resumed>) = -1 EAGAIN (Resource temporarily unavailable) <0.001791>
[pid 14692] 15:04:12.971386 <... rt_sigprocmask resumed>NULL, 8) = 0 <0.003210>
[pid 14693] 15:04:12.972325 nanosleep({tv_sec=0, tv_nsec=10000000},  <unfinished ...>
[pid 14692] 15:04:12.973264 futex(0xc000075948, FUTEX_WAKE_PRIVATE, 1 <unfinished ...>
[pid 14696] 15:04:12.974117 nanosleep({tv_sec=0, tv_nsec=3000},  <unfinished ...>
[pid 14692] 15:04:12.974787 <... futex resumed>) = 1 <0.000774>
[pid 14695] 15:04:12.975087 <... futex resumed>) = 0 <0.007915>
[pid 14692] 15:04:12.975403 futex(0x1b95aa0, FUTEX_WAIT_PRIVATE, 0, NULL <unfinished ...>
[pid 14696] 15:04:12.975888 <... nanosleep resumed>NULL) = 0 <0.001187>
[pid 14692] 15:04:12.976189 <... futex resumed>) = -1 EAGAIN (Resource temporarily unavailable) <0.000554>
[pid 14695] 15:04:12.976421 futex(0x1b95aa0, FUTEX_WAKE_PRIVATE, 1 <unfinished ...>
[pid 14692] 15:04:12.976900 futex(0xc0000a4148, FUTEX_WAKE_PRIVATE, 1 <unfinished ...>
[pid 14696] 15:04:12.977315 futex(0xc0000a4148, FUTEX_WAIT_PRIVATE, 0, NULL <unfinished ...>
[pid 14692] 15:04:12.977753 <... futex resumed>) = 0 <0.000445>
[pid 14695] 15:04:12.977998 <... futex resumed>) = 0 <0.001340>
[pid 14692] 15:04:12.978244 rt_sigprocmask(SIG_SETMASK, [KILL USR1 USR2 PIPE ALRM CONT STOP TSTP TTIN TTOU XCPU XFSZ VTALRM WINCH IO PWR RT_3 RT_4 RT_5 RT_6 RT_7 RT_8 RT_9 RT_10 RT_11 RT_12 RT_13 RT_14 RT_15 RT_16 RT_17 RT_18 RT_19 RT_20],  <unfinished ...>
[pid 14696] 15:04:12.978747 <... futex resumed>) = -1 EAGAIN (Resource temporarily unavailable) <0.001007>
[pid 14692] 15:04:12.979013 <... rt_sigprocmask resumed>NULL, 8) = 0 <0.000509>
[pid 14695] 15:04:12.979262 futex(0xc000075948, FUTEX_WAIT_PRIVATE, 0, NULL <unfinished ...>
[pid 14692] 15:04:12.979706 futex(0xc000075948, FUTEX_WAKE_PRIVATE, 1 <unfinished ...>
[pid 14696] 15:04:12.980141 nanosleep({tv_sec=0, tv_nsec=3000},  <unfinished ...>
[pid 14692] 15:04:12.980614 <... futex resumed>) = 0 <0.000527>
[pid 14695] 15:04:12.980833 <... futex resumed>) = -1 EAGAIN (Resource temporarily unavailable) <0.001336>
[pid 14692] 15:04:12.981102 futex(0x1b95aa0, FUTEX_WAIT_PRIVATE, 0, NULL <unfinished ...>
[pid 14696] 15:04:12.981623 <... nanosleep resumed>NULL) = 0 <0.000977>
[pid 14692] 15:04:12.981906 <... futex resumed>) = -1 EAGAIN (Resource temporarily unavailable) <0.000547>
[pid 14695] 15:04:12.982245 futex(0x1b95aa0, FUTEX_WAKE_PRIVATE, 1 <unfinished ...>
[pid 14692] 15:04:12.982830 futex(0xc0000a4148, FUTEX_WAKE_PRIVATE, 1 <unfinished ...>
[pid 14696] 15:04:12.983704 futex(0xc0000a4148, FUTEX_WAIT_PRIVATE, 0, NULL <unfinished ...>
[pid 14692] 15:04:12.984315 <... futex resumed>) = 0 <0.000972>
[pid 14695] 15:04:12.984630 <... futex resumed>) = 0 <0.002135>
[pid 14693] 15:04:12.984944 <... nanosleep resumed>NULL) = 0 <0.012202>
[pid 14692] 15:04:12.985267 rt_sigprocmask(SIG_SETMASK, [KILL USR1 USR2 PIPE ALRM CONT STOP TSTP TTIN TTOU XCPU XFSZ VTALRM WINCH IO PWR RT_3 RT_4 RT_5 RT_6 RT_7 RT_8 RT_9 RT_10 RT_11 RT_12 RT_13 RT_14 RT_15 RT_16 RT_17 RT_18 RT_19 RT_20 RT_21],  <unfinished ...>
[pid 14696] 15:04:12.985964 <... futex resumed>) = -1 EAGAIN (Resource temporarily unavailable) <0.001521>
[pid 14695] 15:04:12.986589 futex(0xc000075948, FUTEX_WAIT_PRIVATE, 0, NULL <unfinished ...>
[pid 14692] 15:04:12.987696 <... rt_sigprocmask resumed>NULL, 8) = 0 <0.001825>
[pid 14696] 15:04:12.988632 nanosleep({tv_sec=0, tv_nsec=3000},  <unfinished ...>
[pid 14693] 15:04:12.990273 nanosleep({tv_sec=0, tv_nsec=10000000},  <unfinished ...>
[pid 14692] 15:04:12.991901 futex(0xc000075948, FUTEX_WAKE_PRIVATE, 1 <unfinished ...>
[pid 14696] 15:04:12.992654 <... nanosleep resumed>NULL) = 0 <0.002869>
[pid 14692] 15:04:12.993054 <... futex resumed>) = 1 <0.000781>
[pid 14695] 15:04:12.993517 <... futex resumed>) = 0 <0.006237>
[pid 14692] 15:04:12.993863 futex(0x1b95aa0, FUTEX_WAIT_PRIVATE, 0, NULL <unfinished ...>
[pid 14696] 15:04:12.994474 futex(0xc0004a6148, FUTEX_WAKE_PRIVATE, 1 <unfinished ...>
[pid 14695] 15:04:12.995079 futex(0xc000075948, FUTEX_WAIT_PRIVATE, 0, NULL <unfinished ...>
[pid 14700] 15:04:12.995648 <... futex resumed>) = 0 <0.033634>
[pid 14696] 15:04:12.995996 <... futex resumed>) = 1 <0.001221>
[pid 14700] 15:04:12.996332 futex(0xc0004a6148, FUTEX_WAIT_PRIVATE, 0, NULL <unfinished ...>
[pid 14696] 15:04:12.996909 futex(0xc0004a6148, FUTEX_WAKE_PRIVATE, 1 <unfinished ...>
[pid 14700] 15:04:12.997389 <... futex resumed>) = -1 EAGAIN (Resource temporarily unavailable) <0.000563>
[pid 14696] 15:04:12.997741 <... futex resumed>) = 0 <0.000607>
[pid 14700] 15:04:12.998052 nanosleep({tv_sec=0, tv_nsec=3000},  <unfinished ...>
[pid 14696] 15:04:12.998754 futex(0x1b95aa0, FUTEX_WAKE_PRIVATE, 1 <unfinished ...>
[pid 14700] 15:04:12.999383 <... nanosleep resumed>NULL) = 0 <0.000698>
[pid 14692] 15:04:12.999953 <... futex resumed>) = 0 <0.005780>
[pid 14696] 15:04:13.000846 <... futex resumed>) = 1 <0.001801>
[pid 14692] 15:04:13.001640 futex(0xc0004a6148, FUTEX_WAKE_PRIVATE, 1 <unfinished ...>
[pid 14700] 15:04:13.003859 futex(0xc0004a6148, FUTEX_WAIT_PRIVATE, 0, NULL <unfinished ...>
[pid 14693] 15:04:13.004799 <... nanosleep resumed>NULL) = 0 <0.013395>
[pid 14692] 15:04:13.005296 <... futex resumed>) = 0 <0.002556>
[pid 14700] 15:04:13.005650 <... futex resumed>) = -1 EAGAIN (Resource temporarily unavailable) <0.001227>
[pid 14696] 15:04:13.005958 futex(0xc0000a4148, FUTEX_WAIT_PRIVATE, 0, NULL <unfinished ...>
[pid 14692] 15:04:13.006582 rt_sigprocmask(SIG_SETMASK, [KILL USR1 USR2 PIPE ALRM CONT STOP TSTP TTIN TTOU XCPU XFSZ VTALRM WINCH IO PWR RT_3 RT_4 RT_5 RT_6 RT_7 RT_8 RT_9 RT_10 RT_11 RT_12 RT_13 RT_14 RT_15 RT_16 RT_17 RT_18 RT_19 RT_20 RT_21 RT_22],  <unfinished ...>
[pid 14700] 15:04:13.007379 nanosleep({tv_sec=0, tv_nsec=3000},  <unfinished ...>
[pid 14693] 15:04:13.009691 nanosleep({tv_sec=0, tv_nsec=10000000},  <unfinished ...>
[pid 14692] 15:04:13.011314 <... rt_sigprocmask resumed>NULL, 8) = 0 <0.003873>
[pid 14700] 15:04:13.011771 <... nanosleep resumed>NULL) = 0 <0.003929>
[pid 14692] 15:04:13.012148 futex(0xc0000a4148, FUTEX_WAKE_PRIVATE, 1 <unfinished ...>
[pid 14700] 15:04:13.012841 futex(0xc000075948, FUTEX_WAKE_PRIVATE, 1 <unfinished ...>
[pid 14692] 15:04:13.013497 <... futex resumed>) = 1 <0.000723>
[pid 14696] 15:04:13.013872 <... futex resumed>) = 0 <0.007597>
[pid 14692] 15:04:13.014224 futex(0x1b95aa0, FUTEX_WAIT_PRIVATE, 0, NULL <unfinished ...>
[pid 14700] 15:04:13.014786 <... futex resumed>) = 1 <0.001358>
[pid 14695] 15:04:13.015202 <... futex resumed>) = 0 <0.019806>
[pid 14700] 15:04:13.015603 futex(0x1b95aa0, FUTEX_WAKE_PRIVATE, 1 <unfinished ...>
[pid 14696] 15:04:13.016235 futex(0xc0000a4148, FUTEX_WAIT_PRIVATE, 0, NULL <unfinished ...>
[pid 14692] 15:04:13.029773 <... futex resumed>) = 0 <0.012263>
[pid 14700] 15:04:13.030270 <... futex resumed>) = 1 <0.014351>
[pid 14695] 15:04:13.030802 futex(0xc000075948, FUTEX_WAIT_PRIVATE, 0, NULL <unfinished ...>
[pid 14693] 15:04:13.032483 <... nanosleep resumed>NULL) = 0 <0.020344>
[pid 14692] 15:04:13.046416 futex(0xc000075948, FUTEX_WAKE_PRIVATE, 1 <unfinished ...>
[pid 14700] 15:04:13.048347 futex(0xc0004a6148, FUTEX_WAIT_PRIVATE, 0, NULL <unfinished ...>
[pid 14695] 15:04:13.049072 <... futex resumed>) = -1 EAGAIN (Resource temporarily unavailable) <0.017554>
[pid 14692] 15:04:13.050926 <... futex resumed>) = 0 <0.003006>
[pid 14693] 15:04:13.051552 nanosleep({tv_sec=0, tv_nsec=10000000},  <unfinished ...>
[pid 14692] 15:04:13.052301 rt_sigprocmask(SIG_SETMASK, [KILL USR1 USR2 PIPE ALRM CONT STOP TSTP TTIN TTOU XCPU XFSZ VTALRM WINCH IO PWR RT_3 RT_4 RT_5 RT_6 RT_7 RT_8 RT_9 RT_10 RT_11 RT_12 RT_13 RT_14 RT_15 RT_16 RT_17 RT_18 RT_19 RT_20 RT_21 RT_22 RT_23],  <unfinished ...>
[pid 14695] 15:04:13.052972 nanosleep({tv_sec=0, tv_nsec=3000},  <unfinished ...>
[pid 14692] 15:04:13.053599 <... rt_sigprocmask resumed>NULL, 8) = 0 <0.000670>
[pid 14695] 15:04:13.053934 <... nanosleep resumed>NULL) = 0 <0.000688>
[pid 14692] 15:04:13.054261 futex(0xc0004a6148, FUTEX_WAKE_PRIVATE, 1 <unfinished ...>
[pid 14695] 15:04:13.054876 futex(0xc0000a4148, FUTEX_WAKE_PRIVATE, 1 <unfinished ...>
[pid 14692] 15:04:13.062872 <... futex resumed>) = 1 <0.004958>
[pid 14700] 15:04:13.063259 <... futex resumed>) = 0 <0.014534>
[pid 14692] 15:04:13.063610 futex(0x1b95aa0, FUTEX_WAIT_PRIVATE, 0, NULL <unfinished ...>
[pid 14696] 15:04:13.064131 <... futex resumed>) = 0 <0.037165>
[pid 14695] 15:04:13.064462 <... futex resumed>) = 1 <0.005036>
[pid 14693] 15:04:13.064796 <... nanosleep resumed>NULL) = 0 <0.012875>
[pid 14700] 15:04:13.065134 futex(0xc0004a6148, FUTEX_WAIT_PRIVATE, 0, NULL <unfinished ...>
[pid 14696] 15:04:13.066012 futex(0xc0000a4148, FUTEX_WAIT_PRIVATE, 0, NULL <unfinished ...>
[pid 14695] 15:04:13.066732 futex(0xc0000a4148, FUTEX_WAKE_PRIVATE, 1 <unfinished ...>
[pid 14696] 15:04:13.067442 <... futex resumed>) = -1 EAGAIN (Resource temporarily unavailable) <0.000772>
[pid 14693] 15:04:13.067885 nanosleep({tv_sec=0, tv_nsec=10000000},  <unfinished ...>
[pid 14696] 15:04:13.068615 nanosleep({tv_sec=0, tv_nsec=3000},  <unfinished ...>
[pid 14695] 15:04:13.069489 <... futex resumed>) = 0 <0.002025>
[pid 14696] 15:04:13.069869 <... nanosleep resumed>NULL) = 0 <0.000839>
[pid 14695] 15:04:13.070185 futex(0x1b95aa0, FUTEX_WAKE_PRIVATE, 1 <unfinished ...>
[pid 14696] 15:04:13.070721 futex(0xc0000a4148, FUTEX_WAIT_PRIVATE, 0, NULL <unfinished ...>
[pid 14692] 15:04:13.071305 <... futex resumed>) = 0 <0.007209>
[pid 14695] 15:04:13.071551 <... futex resumed>) = 1 <0.001085>
[pid 14692] 15:04:13.071825 futex(0xc0000a4148, FUTEX_WAKE_PRIVATE, 1 <unfinished ...>
[pid 14695] 15:04:13.072442 futex(0xc000075948, FUTEX_WAIT_PRIVATE, 0, NULL <unfinished ...>
[pid 14692] 15:04:13.076263 <... futex resumed>) = 1 <0.000961>
[pid 14696] 15:04:13.078743 <... futex resumed>) = 0 <0.007627>
[pid 14692] 15:04:13.079641 rt_sigprocmask(SIG_SETMASK, [KILL USR1 USR2 PIPE ALRM CONT STOP TSTP TTIN TTOU XCPU XFSZ VTALRM WINCH IO PWR RT_3 RT_4 RT_5 RT_6 RT_7 RT_8 RT_9 RT_10 RT_11 RT_12 RT_13 RT_14 RT_15 RT_16 RT_17 RT_18 RT_19 RT_20 RT_21 RT_22 RT_23 RT_24],  <unfinished ...>
[pid 14693] 15:04:13.080268 <... nanosleep resumed>NULL) = 0 <0.011755>
[pid 14692] 15:04:13.080576 <... rt_sigprocmask resumed>NULL, 8) = 0 <0.000595>
[pid 14696] 15:04:13.080877 nanosleep({tv_sec=0, tv_nsec=3000},  <unfinished ...>
[pid 14692] 15:04:13.081354 futex(0xc000075948, FUTEX_WAKE_PRIVATE, 1 <unfinished ...>
[pid 14693] 15:04:13.081831 nanosleep({tv_sec=0, tv_nsec=10000000},  <unfinished ...>
[pid 14692] 15:04:13.082440 <... futex resumed>) = 1 <0.000555>
[pid 14696] 15:04:13.082678 <... nanosleep resumed>NULL) = 0 <0.001557>
[pid 14695] 15:04:13.082926 <... futex resumed>) = 0 <0.009952>
[pid 14692] 15:04:13.083213 futex(0x1b95aa0, FUTEX_WAIT_PRIVATE, 0, NULL <unfinished ...>
[pid 14696] 15:04:13.083710 futex(0xc0004a6148, FUTEX_WAKE_PRIVATE, 1 <unfinished ...>
[pid 14695] 15:04:13.084183 futex(0xc000075948, FUTEX_WAIT_PRIVATE, 0, NULL <unfinished ...>
[pid 14700] 15:04:13.084652 <... futex resumed>) = 0 <0.018970>
[pid 14696] 15:04:13.084926 <... futex resumed>) = 1 <0.000999>
[pid 14700] 15:04:13.085341 futex(0xc0004a6148, FUTEX_WAIT_PRIVATE, 0, NULL <unfinished ...>
[pid 14696] 15:04:13.086060 futex(0xc0004a6148, FUTEX_WAKE_PRIVATE, 1 <unfinished ...>
[pid 14700] 15:04:13.086744 <... futex resumed>) = -1 EAGAIN (Resource temporarily unavailable) <0.000702>
[pid 14696] 15:04:13.087072 <... futex resumed>) = 0 <0.000667>
[pid 14700] 15:04:13.087331 nanosleep({tv_sec=0, tv_nsec=3000},  <unfinished ...>
[pid 14696] 15:04:13.087848 futex(0x1b95aa0, FUTEX_WAKE_PRIVATE, 1 <unfinished ...>
[pid 14700] 15:04:13.088374 <... nanosleep resumed>NULL) = 0 <0.000516>
[pid 14692] 15:04:13.088632 <... futex resumed>) = 0 <0.005174>
[pid 14696] 15:04:13.088886 <... futex resumed>) = 1 <0.000811>
[pid 14692] 15:04:13.089150 futex(0xc0004a6148, FUTEX_WAKE_PRIVATE, 1 <unfinished ...>
[pid 14700] 15:04:13.089893 futex(0xc0004a6148, FUTEX_WAIT_PRIVATE, 0, NULL <unfinished ...>
[pid 14692] 15:04:13.090599 <... futex resumed>) = 0 <0.000935>
[pid 14696] 15:04:13.091071 futex(0xc0000a4148, FUTEX_WAIT_PRIVATE, 0, NULL <unfinished ...>
[pid 14692] 15:04:13.091946 rt_sigprocmask(SIG_SETMASK, [KILL USR1 USR2 PIPE ALRM CONT STOP TSTP TTIN TTOU XCPU XFSZ VTALRM WINCH IO PWR RT_3 RT_4 RT_5 RT_6 RT_7 RT_8 RT_9 RT_10 RT_11 RT_12 RT_13 RT_14 RT_15 RT_16 RT_17 RT_18 RT_19 RT_20 RT_21 RT_22 RT_23 RT_24 RT_25],  <unfinished ...>
[pid 14700] 15:04:13.093888 <... futex resumed>) = -1 EAGAIN (Resource temporarily unavailable) <0.002213>
[pid 14692] 15:04:13.094726 <... rt_sigprocmask resumed>NULL, 8) = 0 <0.002253>
[pid 14693] 15:04:13.095299 <... nanosleep resumed>NULL) = 0 <0.013210>
[pid 14692] 15:04:13.095774 futex(0xc0000a4148, FUTEX_WAKE_PRIVATE, 1 <unfinished ...>
[pid 14700] 15:04:13.096345 nanosleep({tv_sec=0, tv_nsec=3000},  <unfinished ...>
[pid 14692] 15:04:13.096926 <... futex resumed>) = 1 <0.000562>
[pid 14696] 15:04:13.097234 <... futex resumed>) = 0 <0.005806>
[pid 14693] 15:04:13.097647 nanosleep({tv_sec=0, tv_nsec=10000000},  <unfinished ...>
[pid 14692] 15:04:13.098279 futex(0x1b95aa0, FUTEX_WAIT_PRIVATE, 0, NULL <unfinished ...>
[pid 14700] 15:04:13.098947 <... nanosleep resumed>NULL) = 0 <0.002040>
[pid 14696] 15:04:13.099258 futex(0x1b95aa0, FUTEX_WAKE_PRIVATE, 1 <unfinished ...>
[pid 14692] 15:04:13.100069 <... futex resumed>) = -1 EAGAIN (Resource temporarily unavailable) <0.001022>
[pid 14700] 15:04:13.100534 futex(0xc0004a6148, FUTEX_WAIT_PRIVATE, 0, NULL <unfinished ...>
[pid 14692] 15:04:13.101292 futex(0xc0004a6148, FUTEX_WAKE_PRIVATE, 1 <unfinished ...>
[pid 14696] 15:04:13.103278 <... futex resumed>) = 0 <0.003187>
[pid 14692] 15:04:13.103694 <... futex resumed>) = 0 <0.000946>
[pid 14700] 15:04:13.104518 <... futex resumed>) = -1 EAGAIN (Resource temporarily unavailable) <0.003643>
[pid 14692] 15:04:13.105762 rt_sigprocmask(SIG_SETMASK, [KILL USR1 USR2 PIPE ALRM CONT STOP TSTP TTIN TTOU XCPU XFSZ VTALRM WINCH IO PWR RT_3 RT_4 RT_5 RT_6 RT_7 RT_8 RT_9 RT_10 RT_11 RT_12 RT_13 RT_14 RT_15 RT_16 RT_17 RT_18 RT_19 RT_20 RT_21 RT_22 RT_23 RT_24 RT_25 RT_26],  <unfinished ...>
[pid 14696] 15:04:13.106361 futex(0xc0000a4148, FUTEX_WAIT_PRIVATE, 0, NULL <unfinished ...>
[pid 14692] 15:04:13.107075 <... rt_sigprocmask resumed>NULL, 8) = 0 <0.000496>
[pid 14700] 15:04:13.107468 nanosleep({tv_sec=0, tv_nsec=3000},  <unfinished ...>
[pid 14692] 15:04:13.108194 futex(0xc0000a4148, FUTEX_WAKE_PRIVATE, 1 <unfinished ...>
[pid 14700] 15:04:13.108830 <... nanosleep resumed>NULL) = 0 <0.000713>
[pid 14693] 15:04:13.109156 <... nanosleep resumed>NULL) = 0 <0.011171>
[pid 14692] 15:04:13.109509 <... futex resumed>) = 1 <0.001026>
[pid 14700] 15:04:13.111770 futex(0xc000075948, FUTEX_WAKE_PRIVATE, 1 <unfinished ...>
[pid 14696] 15:04:13.112774 <... futex resumed>) = 0 <0.005676>
[pid 14692] 15:04:13.113279 futex(0x1b95aa0, FUTEX_WAIT_PRIVATE, 0, NULL <unfinished ...>
[pid 14700] 15:04:13.113972 <... futex resumed>) = 1 <0.001460>
[pid 14695] 15:04:13.114835 <... futex resumed>) = 0 <0.030427>
[pid 14693] 15:04:13.116033 nanosleep({tv_sec=0, tv_nsec=10000000},  <unfinished ...>
[pid 14700] 15:04:13.116617 futex(0x1b95aa0, FUTEX_WAKE_PRIVATE, 1 <unfinished ...>
[pid 14696] 15:04:13.117199 futex(0xc0000a4148, FUTEX_WAIT_PRIVATE, 0, NULL <unfinished ...>
[pid 14695] 15:04:13.117684 futex(0xc000075948, FUTEX_WAIT_PRIVATE, 0, NULL <unfinished ...>
[pid 14692] 15:04:13.118150 <... futex resumed>) = 0 <0.004304>
[pid 14700] 15:04:13.118560 <... futex resumed>) = 1 <0.001645>
[pid 14692] 15:04:13.118880 futex(0xc000075948, FUTEX_WAKE_PRIVATE, 1 <unfinished ...>
[pid 14700] 15:04:13.119540 futex(0xc0004a6148, FUTEX_WAIT_PRIVATE, 0, NULL <unfinished ...>
[pid 14692] 15:04:13.120126 <... futex resumed>) = 1 <0.000716>
[pid 14695] 15:04:13.120400 <... futex resumed>) = 0 <0.002520>
[pid 14692] 15:04:13.120679 rt_sigprocmask(SIG_SETMASK, [KILL USR1 USR2 PIPE ALRM CONT STOP TSTP TTIN TTOU XCPU XFSZ VTALRM WINCH IO PWR RT_3 RT_4 RT_5 RT_6 RT_7 RT_8 RT_9 RT_10 RT_11 RT_12 RT_13 RT_14 RT_15 RT_16 RT_17 RT_18 RT_19 RT_20 RT_21 RT_22 RT_23 RT_24 RT_25 RT_26 RT_27],  <unfinished ...>
[pid 14695] 15:04:13.121274 nanosleep({tv_sec=0, tv_nsec=3000},  <unfinished ...>
[pid 14692] 15:04:13.121709 <... rt_sigprocmask resumed>NULL, 8) = 0 <0.000559>
[pid 14695] 15:04:13.122025 <... nanosleep resumed>NULL) = 0 <0.000510>
[pid 14692] 15:04:13.122268 futex(0xc0004a6148, FUTEX_WAKE_PRIVATE, 1 <unfinished ...>
[pid 14695] 15:04:13.122749 futex(0xc0000a4148, FUTEX_WAKE_PRIVATE, 1 <unfinished ...>
[pid 14692] 15:04:13.123234 <... futex resumed>) = 1 <0.000501>
[pid 14700] 15:04:13.123477 <... futex resumed>) = 0 <0.003619>
[pid 14692] 15:04:13.123731 futex(0x1b95aa0, FUTEX_WAIT_PRIVATE, 0, NULL <unfinished ...>
[pid 14696] 15:04:13.124621 <... futex resumed>) = 0 <0.006547>
[pid 14695] 15:04:13.125036 <... futex resumed>) = 1 <0.002069>
[pid 14700] 15:04:13.125441 futex(0xc0004a6148, FUTEX_WAIT_PRIVATE, 0, NULL <unfinished ...>
[pid 14696] 15:04:13.126108 futex(0xc0000a4148, FUTEX_WAIT_PRIVATE, 0, NULL <unfinished ...>
[pid 14695] 15:04:13.128731 futex(0xc0000a4148, FUTEX_WAKE_PRIVATE, 1 <unfinished ...>
[pid 14696] 15:04:13.129446 <... futex resumed>) = -1 EAGAIN (Resource temporarily unavailable) <0.002528>
[pid 14693] 15:04:13.130045 <... nanosleep resumed>NULL) = 0 <0.013689>
[pid 14696] 15:04:13.130416 nanosleep({tv_sec=0, tv_nsec=3000},  <unfinished ...>
[pid 14695] 15:04:13.131207 <... futex resumed>) = 0 <0.001840>
[pid 14696] 15:04:13.131614 <... nanosleep resumed>NULL) = 0 <0.000704>
[pid 14693] 15:04:13.131902 nanosleep({tv_sec=0, tv_nsec=10000000},  <unfinished ...>
[pid 14696] 15:04:13.132465 futex(0xc0000a4148, FUTEX_WAIT_PRIVATE, 0, NULL <unfinished ...>
[pid 14695] 15:04:13.133009 futex(0x1b95aa0, FUTEX_WAKE_PRIVATE, 1 <unfinished ...>
[pid 14692] 15:04:13.133654 <... futex resumed>) = 0 <0.009446>
[pid 14695] 15:04:13.133932 <... futex resumed>) = 1 <0.000623>
[pid 14692] 15:04:13.134289 futex(0xc0000a4148, FUTEX_WAKE_PRIVATE, 1 <unfinished ...>
[pid 14695] 15:04:13.134954 futex(0xc000075948, FUTEX_WAIT_PRIVATE, 0, NULL <unfinished ...>
[pid 14692] 15:04:13.135787 <... futex resumed>) = 1 <0.000822>
[pid 14696] 15:04:13.136345 <... futex resumed>) = 0 <0.003601>
[pid 14692] 15:04:13.138465 rt_sigprocmask(SIG_SETMASK, ~[HUP INT QUIT ILL TRAP ABRT BUS FPE SEGV TERM STKFLT CHLD URG PROF SYS RTMIN RT_1 RT_2 RT_29 RT_30 RT_31 RT_32],  <unfinished ...>
[pid 14696] 15:04:13.139308 nanosleep({tv_sec=0, tv_nsec=3000},  <unfinished ...>
[pid 14692] 15:04:13.140057 <... rt_sigprocmask resumed>NULL, 8) = 0 <0.000812>
[pid 14696] 15:04:13.140450 <... nanosleep resumed>NULL) = 0 <0.000791>
[pid 14692] 15:04:13.140901 futex(0xc000075948, FUTEX_WAKE_PRIVATE, 1 <unfinished ...>
[pid 14696] 15:04:13.143383 futex(0xc0004a6148, FUTEX_WAKE_PRIVATE, 1 <unfinished ...>
[pid 14692] 15:04:13.144456 <... futex resumed>) = 1 <0.002912>
[pid 14695] 15:04:13.144806 <... futex resumed>) = 0 <0.009488>
[pid 14693] 15:04:13.145484 <... nanosleep resumed>NULL) = 0 <0.013301>
[pid 14692] 15:04:13.145981 futex(0x1b95aa0, FUTEX_WAIT_PRIVATE, 0, NULL <unfinished ...>
[pid 14700] 15:04:13.147235 <... futex resumed>) = 0 <0.021178>
[pid 14696] 15:04:13.147557 <... futex resumed>) = 1 <0.003506>
[pid 14695] 15:04:13.147936 futex(0xc000075948, FUTEX_WAIT_PRIVATE, 0, NULL <unfinished ...>
[pid 14700] 15:04:13.148505 futex(0xc0004a6148, FUTEX_WAIT_PRIVATE, 0, NULL <unfinished ...>
[pid 14696] 15:04:13.149010 futex(0xc0004a6148, FUTEX_WAKE_PRIVATE, 1 <unfinished ...>
[pid 14693] 15:04:13.149436 nanosleep({tv_sec=0, tv_nsec=10000000},  <unfinished ...>
[pid 14700] 15:04:13.149985 <... futex resumed>) = -1 EAGAIN (Resource temporarily unavailable) <0.000972>
[pid 14696] 15:04:13.150331 <... futex resumed>) = 0 <0.001095>
[pid 14700] 15:04:13.150699 nanosleep({tv_sec=0, tv_nsec=3000},  <unfinished ...>
[pid 14696] 15:04:13.151366 futex(0x1b95aa0, FUTEX_WAKE_PRIVATE, 1 <unfinished ...>
[pid 14700] 15:04:13.151910 <... nanosleep resumed>NULL) = 0 <0.000636>
[pid 14692] 15:04:13.152331 <... futex resumed>) = 0 <0.005426>
[pid 14696] 15:04:13.152662 <... futex resumed>) = 1 <0.001047>
[pid 14692] 15:04:13.153207 futex(0xc0004a6148, FUTEX_WAKE_PRIVATE, 1 <unfinished ...>
[pid 14700] 15:04:13.154520 futex(0xc0004a6148, FUTEX_WAIT_PRIVATE, 0, NULL <unfinished ...>
[pid 14692] 15:04:13.155294 <... futex resumed>) = 0 <0.000845>
[pid 14696] 15:04:13.155759 futex(0xc0000a4148, FUTEX_WAIT_PRIVATE, 0, NULL <unfinished ...>
[pid 14692] 15:04:13.156450 rt_sigprocmask(SIG_SETMASK, ~[HUP INT QUIT ILL TRAP ABRT BUS FPE SEGV TERM STKFLT CHLD URG PROF SYS RTMIN RT_1 RT_2 RT_30 RT_31 RT_32],  <unfinished ...>
[pid 14700] 15:04:13.157164 <... futex resumed>) = -1 EAGAIN (Resource temporarily unavailable) <0.002007>
[pid 14692] 15:04:13.157576 <... rt_sigprocmask resumed>NULL, 8) = 0 <0.000715>
[pid 14700] 15:04:13.157934 nanosleep({tv_sec=0, tv_nsec=3000},  <unfinished ...>
[pid 14692] 15:04:13.160132 futex(0xc0000a4148, FUTEX_WAKE_PRIVATE, 1 <unfinished ...>
[pid 14700] 15:04:13.160907 <... nanosleep resumed>NULL) = 0 <0.002174>
[pid 14693] 15:04:13.161212 <... nanosleep resumed>NULL) = 0 <0.011500>
[pid 14692] 15:04:13.161670 <... futex resumed>) = 1 <0.001142>
[pid 14700] 15:04:13.164079 futex(0xc000075948, FUTEX_WAKE_PRIVATE, 1 <unfinished ...>
[pid 14696] 15:04:13.164789 <... futex resumed>) = 0 <0.008392>
[pid 14692] 15:04:13.165276 futex(0x1b95aa0, FUTEX_WAIT_PRIVATE, 0, NULL <unfinished ...>
[pid 14700] 15:04:13.165855 <... futex resumed>) = 1 <0.001142>
[pid 14695] 15:04:13.166156 <... futex resumed>) = 0 <0.017922>
[pid 14693] 15:04:13.167138 nanosleep({tv_sec=0, tv_nsec=10000000},  <unfinished ...>
[pid 14700] 15:04:13.167802 futex(0x1b95aa0, FUTEX_WAKE_PRIVATE, 1 <unfinished ...>
[pid 14696] 15:04:13.168266 futex(0xc0000a4148, FUTEX_WAIT_PRIVATE, 0, NULL <unfinished ...>
[pid 14695] 15:04:13.168763 futex(0xc000075948, FUTEX_WAIT_PRIVATE, 0, NULL <unfinished ...>
[pid 14692] 15:04:13.169243 <... futex resumed>) = 0 <0.003458>
[pid 14700] 15:04:13.169500 <... futex resumed>) = 1 <0.001423>
[pid 14692] 15:04:13.169750 futex(0xc000075948, FUTEX_WAKE_PRIVATE, 1 <unfinished ...>
[pid 14700] 15:04:13.170408 futex(0xc0004a6148, FUTEX_WAIT_PRIVATE, 0, NULL <unfinished ...>
[pid 14692] 15:04:13.171043 <... futex resumed>) = 1 <0.000676>
[pid 14695] 15:04:13.171411 <... futex resumed>) = 0 <0.002409>
[pid 14692] 15:04:13.171718 rt_sigprocmask(SIG_SETMASK, ~[HUP INT QUIT ILL TRAP ABRT BUS FPE SEGV TERM STKFLT CHLD URG PROF SYS RTMIN RT_1 RT_2 RT_31 RT_32],  <unfinished ...>
[pid 14695] 15:04:13.172235 nanosleep({tv_sec=0, tv_nsec=3000},  <unfinished ...>
[pid 14692] 15:04:13.172718 <... rt_sigprocmask resumed>NULL, 8) = 0 <0.000516>
[pid 14695] 15:04:13.172992 <... nanosleep resumed>NULL) = 0 <0.000522>
[pid 14692] 15:04:13.173279 futex(0xc0004a6148, FUTEX_WAKE_PRIVATE, 1 <unfinished ...>
[pid 14695] 15:04:13.173813 futex(0xc0000a4148, FUTEX_WAKE_PRIVATE, 1 <unfinished ...>
[pid 14692] 15:04:13.174350 <... futex resumed>) = 1 <0.000583>
[pid 14700] 15:04:13.174627 <... futex resumed>) = 0 <0.003925>
[pid 14692] 15:04:13.174875 futex(0x1b95aa0, FUTEX_WAIT_PRIVATE, 0, NULL <unfinished ...>
[pid 14696] 15:04:13.175340 <... futex resumed>) = 0 <0.006645>
[pid 14695] 15:04:13.175623 <... futex resumed>) = 1 <0.001541>
[pid 14700] 15:04:13.175958 futex(0xc0004a6148, FUTEX_WAIT_PRIVATE, 0, NULL <unfinished ...>
[pid 14696] 15:04:13.176656 futex(0xc0000a4148, FUTEX_WAIT_PRIVATE, 0, NULL <unfinished ...>
[pid 14695] 15:04:13.177380 futex(0xc0000a4148, FUTEX_WAKE_PRIVATE, 1 <unfinished ...>
[pid 14696] 15:04:13.178174 <... futex resumed>) = -1 EAGAIN (Resource temporarily unavailable) <0.000632>
[pid 14695] 15:04:13.181679 <... futex resumed>) = 0 <0.004006>
[pid 14693] 15:04:13.182113 <... nanosleep resumed>NULL) = 0 <0.014541>
[pid 14696] 15:04:13.182549 nanosleep({tv_sec=0, tv_nsec=3000},  <unfinished ...>
[pid 14695] 15:04:13.183089 futex(0x1b95aa0, FUTEX_WAKE_PRIVATE, 1 <unfinished ...>
[pid 14696] 15:04:13.183551 <... nanosleep resumed>NULL) = 0 <0.000481>
[pid 14693] 15:04:13.183832 nanosleep({tv_sec=0, tv_nsec=10000000},  <unfinished ...>
[pid 14692] 15:04:13.184335 <... futex resumed>) = 0 <0.008993>
[pid 14696] 15:04:13.184584 futex(0xc0000a4148, FUTEX_WAIT_PRIVATE, 0, NULL <unfinished ...>
[pid 14695] 15:04:13.185065 <... futex resumed>) = 1 <0.001496>
[pid 14692] 15:04:13.185297 futex(0xc0000a4148, FUTEX_WAKE_PRIVATE, 1 <unfinished ...>
[pid 14696] 15:04:13.185744 <... futex resumed>) = -1 EAGAIN (Resource temporarily unavailable) <0.000735>
[pid 14692] 15:04:13.186025 <... futex resumed>) = 0 <0.000530>
[pid 14695] 15:04:13.186290 futex(0xc000075948, FUTEX_WAIT_PRIVATE, 0, NULL <unfinished ...>
[pid 14692] 15:04:13.186858 rt_sigprocmask(SIG_SETMASK, ~[HUP INT QUIT ILL TRAP ABRT BUS FPE SEGV TERM STKFLT CHLD URG PROF SYS RTMIN RT_1 RT_2 RT_32],  <unfinished ...>
[pid 14696] 15:04:13.187419 nanosleep({tv_sec=0, tv_nsec=3000},  <unfinished ...>
[pid 14692] 15:04:13.188115 <... rt_sigprocmask resumed>NULL, 8) = 0 <0.000627>
[pid 14696] 15:04:13.188380 <... nanosleep resumed>NULL) = 0 <0.000628>
[pid 14692] 15:04:13.188656 futex(0xc000075948, FUTEX_WAKE_PRIVATE, 1 <unfinished ...>
[pid 14696] 15:04:13.189145 futex(0xc0004a6148, FUTEX_WAKE_PRIVATE, 1 <unfinished ...>
[pid 14692] 15:04:13.189664 <... futex resumed>) = 1 <0.000575>
[pid 14695] 15:04:13.189912 <... futex resumed>) = 0 <0.003390>
[pid 14692] 15:04:13.190213 futex(0x1b95aa0, FUTEX_WAIT_PRIVATE, 0, NULL <unfinished ...>
[pid 14700] 15:04:13.190682 <... futex resumed>) = 0 <0.014169>
[pid 14696] 15:04:13.190927 <... futex resumed>) = 1 <0.001502>
[pid 14700] 15:04:13.191205 futex(0xc0004a6148, FUTEX_WAIT_PRIVATE, 0, NULL <unfinished ...>
[pid 14695] 15:04:13.191633 futex(0xc000075948, FUTEX_WAIT_PRIVATE, 0, NULL <unfinished ...>
[pid 14700] 15:04:13.192106 <... futex resumed>) = -1 EAGAIN (Resource temporarily unavailable) <0.000467>
[pid 14696] 15:04:13.192353 futex(0xc0004a6148, FUTEX_WAKE_PRIVATE, 1 <unfinished ...>
[pid 14700] 15:04:13.192818 nanosleep({tv_sec=0, tv_nsec=3000},  <unfinished ...>
[pid 14696] 15:04:13.193695 <... futex resumed>) = 0 <0.000529>
[pid 14700] 15:04:13.194099 <... nanosleep resumed>NULL) = 0 <0.001055>
[pid 14696] 15:04:13.194484 futex(0x1b95aa0, FUTEX_WAKE_PRIVATE, 1 <unfinished ...>
[pid 14693] 15:04:13.197108 <... nanosleep resumed>NULL) = 0 <0.011197>
[pid 14692] 15:04:13.197907 <... futex resumed>) = 0 <0.007438>
[pid 14700] 15:04:13.198504 futex(0xc0004a6148, FUTEX_WAIT_PRIVATE, 0, NULL <unfinished ...>
[pid 14696] 15:04:13.199261 <... futex resumed>) = 1 <0.003757>
[pid 14692] 15:04:13.199688 futex(0xc0004a6148, FUTEX_WAKE_PRIVATE, 1 <unfinished ...>
[pid 14700] 15:04:13.200184 <... futex resumed>) = -1 EAGAIN (Resource temporarily unavailable) <0.001059>
[pid 14693] 15:04:13.200470 nanosleep({tv_sec=0, tv_nsec=10000000},  <unfinished ...>
[pid 14692] 15:04:13.200974 <... futex resumed>) = 0 <0.000780>
[pid 14700] 15:04:13.201294 nanosleep({tv_sec=0, tv_nsec=3000},  <unfinished ...>
[pid 14696] 15:04:13.201791 futex(0xc0000a4148, FUTEX_WAIT_PRIVATE, 0, NULL <unfinished ...>
[pid 14692] 15:04:13.202277 rt_sigprocmask(SIG_SETMASK, ~[HUP INT QUIT ILL TRAP ABRT BUS FPE SEGV TERM STKFLT CHLD URG PROF SYS RTMIN RT_1 RT_2],  <unfinished ...>
[pid 14700] 15:04:13.202750 <... nanosleep resumed>NULL) = 0 <0.001002>
[pid 14692] 15:04:13.203038 <... rt_sigprocmask resumed>NULL, 8) = 0 <0.000514>
[pid 14700] 15:04:13.203370 futex(0xc0000a4148, FUTEX_WAKE_PRIVATE, 1 <unfinished ...>
[pid 14692] 15:04:13.203834 futex(0x1b95aa0, FUTEX_WAIT_PRIVATE, 0, NULL <unfinished ...>
[pid 14700] 15:04:13.204320 <... futex resumed>) = 1 <0.000514>
[pid 14696] 15:04:13.204541 <... futex resumed>) = 0 <0.002519>
[pid 14700] 15:04:13.204839 futex(0xc000075948, FUTEX_WAKE_PRIVATE, 1 <unfinished ...>
[pid 14696] 15:04:13.205445 futex(0xc000100148, FUTEX_WAKE_PRIVATE, 1 <unfinished ...>
[pid 14700] 15:04:13.206135 <... futex resumed>) = 1 <0.000754>
[pid 14695] 15:04:13.206580 <... futex resumed>) = 0 <0.014704>
[pid 14700] 15:04:13.206981 futex(0x1bf8ee0, FUTEX_WAIT_PRIVATE, 0, NULL <unfinished ...>
[pid 14697] 15:04:13.207477 <... futex resumed>) = 0 <0.897699>
[pid 14696] 15:04:13.207725 <... futex resumed>) = 1 <0.001944>
[pid 14697] 15:04:13.207974 futex(0xc000100148, FUTEX_WAIT_PRIVATE, 0, NULL <unfinished ...>
[pid 14695] 15:04:13.208462 futex(0x1b95aa0, FUTEX_WAKE_PRIVATE, 1 <unfinished ...>
[pid 14697] 15:04:13.208982 <... futex resumed>) = -1 EAGAIN (Resource temporarily unavailable) <0.000551>
[pid 14696] 15:04:13.209296 futex(0xc000100148, FUTEX_WAKE_PRIVATE, 1 <unfinished ...>
[pid 14692] 15:04:13.209761 <... futex resumed>) = 0 <0.005466>
[pid 14697] 15:04:13.210011 nanosleep({tv_sec=0, tv_nsec=3000},  <unfinished ...>
[pid 14695] 15:04:13.210547 <... futex resumed>) = 1 <0.001596>
[pid 14692] 15:04:13.210990 futex(0x1b95aa0, FUTEX_WAIT_PRIVATE, 0, NULL <unfinished ...>
[pid 14697] 15:04:13.211753 <... nanosleep resumed>NULL) = 0 <0.001118>
[pid 14696] 15:04:13.212021 <... futex resumed>) = 0 <0.002507>
[pid 14693] 15:04:13.212808 <... nanosleep resumed>NULL) = 0 <0.012100>
[pid 14697] 15:04:13.213350 futex(0xc000075948, FUTEX_WAKE_PRIVATE, 1 <unfinished ...>
[pid 14696] 15:04:13.215230 write(6, "\0", 1 <unfinished ...>
[pid 14695] 15:04:13.216050 futex(0xc000075948, FUTEX_WAIT_PRIVATE, 0, NULL <unfinished ...>
[pid 14693] 15:04:13.216614 nanosleep({tv_sec=0, tv_nsec=10000000},  <unfinished ...>
[pid 14697] 15:04:13.217146 <... futex resumed>) = 0 <0.002226>
[pid 14696] 15:04:13.217424 <... write resumed>) = 1 <0.001805>
[pid 14695] 15:04:13.217773 <... futex resumed>) = -1 EAGAIN (Resource temporarily unavailable) <0.001432>
[pid 14694] 15:04:13.218025 <... epoll_pwait resumed>[{events=EPOLLIN, data={u32=29327296, u64=29327296}}], 128, 28393, NULL, 0) = 1 <0.940089>
[pid 14697] 15:04:13.218276 futex(0xc000100148, FUTEX_WAIT_PRIVATE, 0, NULL <unfinished ...>
[pid 14696] 15:04:13.218802 futex(0x1b95aa0, FUTEX_WAKE_PRIVATE, 1 <unfinished ...>
[pid 14695] 15:04:13.219300 futex(0xc000100148, FUTEX_WAKE_PRIVATE, 1 <unfinished ...>
[pid 14692] 15:04:13.219789 <... futex resumed>) = 0 <0.008256>
[pid 14697] 15:04:13.220031 <... futex resumed>) = -1 EAGAIN (Resource temporarily unavailable) <0.001536>
[pid 14696] 15:04:13.220290 <... futex resumed>) = 1 <0.001260>
[pid 14695] 15:04:13.220615 <... futex resumed>) = 0 <0.001047>
[pid 14694] 15:04:13.220928 read(5,  <unfinished ...>
[pid 14692] 15:04:13.221452 rt_sigprocmask(SIG_SETMASK, ~[HUP INT QUIT ILL TRAP ABRT BUS FPE SEGV TERM STKFLT CHLD URG PROF SYS RTMIN RT_1 RT_2],  <unfinished ...>
[pid 14697] 15:04:13.222093 futex(0xc000361148, FUTEX_WAKE_PRIVATE, 1 <unfinished ...>
[pid 14696] 15:04:13.222566 futex(0xc0000a4148, FUTEX_WAIT_PRIVATE, 0, NULL <unfinished ...>
[pid 14695] 15:04:13.223028 futex(0xc000075948, FUTEX_WAIT_PRIVATE, 0, NULL <unfinished ...>
[pid 14692] 15:04:13.223453 <... rt_sigprocmask resumed>NULL, 8) = 0 <0.001478>
[pid 14699] 15:04:13.223749 <... futex resumed>) = 0 <2.062324>
[pid 14697] 15:04:13.224024 <... futex resumed>) = 1 <0.001699>
[pid 14694] 15:04:13.224280 <... read resumed>"\0", 16) = 1 <0.003076>
[pid 14692] 15:04:13.224593 futex(0xc000075948, FUTEX_WAKE_PRIVATE, 1 <unfinished ...>
[pid 14699] 15:04:13.225061 futex(0xc0000a4148, FUTEX_WAKE_PRIVATE, 1 <unfinished ...>
[pid 14697] 15:04:13.225506 futex(0xc000100148, FUTEX_WAIT_PRIVATE, 0, NULL <unfinished ...>
[pid 14692] 15:04:13.225982 <... futex resumed>) = 1 <0.000970>
[pid 14699] 15:04:13.226214 <... futex resumed>) = 1 <0.000928>
[pid 14696] 15:04:13.226549 <... futex resumed>) = 0 <0.003785>
[pid 14695] 15:04:13.226826 <... futex resumed>) = 0 <0.003570>
[pid 14694] 15:04:13.227077 epoll_pwait(4,  <unfinished ...>
[pid 14692] 15:04:13.227560 futex(0x1b95aa0, FUTEX_WAIT_PRIVATE, 0, NULL <unfinished ...>
[pid 14699] 15:04:13.228623 futex(0x1b95aa0, FUTEX_WAKE_PRIVATE, 1 <unfinished ...>
[pid 14696] 15:04:13.229578 epoll_pwait(4,  <unfinished ...>
[pid 14695] 15:04:13.231127 epoll_pwait(4,  <unfinished ...>
[pid 14693] 15:04:13.231824 <... nanosleep resumed>NULL) = 0 <0.014645>
[pid 14692] 15:04:13.232155 <... futex resumed>) = -1 EAGAIN (Resource temporarily unavailable) <0.003847>
[pid 14699] 15:04:13.232447 <... futex resumed>) = 0 <0.003174>
[pid 14696] 15:04:13.232680 <... epoll_pwait resumed>[], 128, 0, NULL, 0) = 0 <0.002629>
[pid 14695] 15:04:13.232926 <... epoll_pwait resumed>[], 128, 0, NULL, 0) = 0 <0.001412>
[pid 14694] 15:04:13.233141 <... epoll_pwait resumed>[], 128, 0, NULL, 0) = 0 <0.005831>
[pid 14692] 15:04:13.233404 rt_sigprocmask(SIG_SETMASK, ~[HUP INT QUIT ILL TRAP ABRT BUS FPE SEGV TERM STKFLT CHLD URG PROF SYS RTMIN RT_1 RT_2],  <unfinished ...>
[pid 14699] 15:04:13.233880 futex(0xc000361148, FUTEX_WAIT_PRIVATE, 0, NULL <unfinished ...>
[pid 14696] 15:04:13.234353 epoll_pwait(4,  <unfinished ...>
[pid 14695] 15:04:13.234833 futex(0xc000075948, FUTEX_WAIT_PRIVATE, 0, NULL <unfinished ...>
[pid 14693] 15:04:13.235318 nanosleep({tv_sec=0, tv_nsec=10000000},  <unfinished ...>
[pid 14692] 15:04:13.235783 <... rt_sigprocmask resumed>NULL, 8) = 0 <0.001929>
[pid 14694] 15:04:13.236094 futex(0xc000075148, FUTEX_WAIT_PRIVATE, 0, NULL <unfinished ...>
[pid 14692] 15:04:13.236554 futex(0xc000075148, FUTEX_WAKE_PRIVATE, 1 <unfinished ...>
[pid 14694] 15:04:13.236989 <... futex resumed>) = -1 EAGAIN (Resource temporarily unavailable) <0.000476>
[pid 14692] 15:04:13.237235 <... futex resumed>) = 0 <0.000469>
[pid 14694] 15:04:13.237485 nanosleep({tv_sec=0, tv_nsec=3000},  <unfinished ...>
[pid 14692] 15:04:13.238010 futex(0xc000075948, FUTEX_WAKE_PRIVATE, 1 <unfinished ...>
[pid 14694] 15:04:13.238553 <... nanosleep resumed>NULL) = 0 <0.000525>
[pid 14692] 15:04:13.238818 <... futex resumed>) = 1 <0.000574>
[pid 14695] 15:04:13.239058 <... futex resumed>) = 0 <0.003979>
[pid 14692] 15:04:13.239403 futex(0x1b95aa0, FUTEX_WAIT_PRIVATE, 0, NULL <unfinished ...>
[pid 14694] 15:04:13.239857 futex(0xc000361148, FUTEX_WAKE_PRIVATE, 1 <unfinished ...>
[pid 14695] 15:04:13.240334 futex(0xc000075948, FUTEX_WAIT_PRIVATE, 0, NULL <unfinished ...>
[pid 14699] 15:04:13.240784 <... futex resumed>) = 0 <0.006380>
[pid 14694] 15:04:13.241029 <... futex resumed>) = 1 <0.000960>
[pid 14699] 15:04:13.241319 futex(0xc000361148, FUTEX_WAIT_PRIVATE, 0, NULL <unfinished ...>
[pid 14694] 15:04:13.241767 futex(0xc000361148, FUTEX_WAKE_PRIVATE, 1 <unfinished ...>
[pid 14699] 15:04:13.242245 <... futex resumed>) = -1 EAGAIN (Resource temporarily unavailable) <0.000437>
[pid 14694] 15:04:13.242675 <... futex resumed>) = 0 <0.000707>
[pid 14699] 15:04:13.243124 nanosleep({tv_sec=0, tv_nsec=3000},  <unfinished ...>
[pid 14694] 15:04:13.243923 exit_group(0 <unfinished ...>
[pid 14699] 15:04:13.244619 <... nanosleep resumed>NULL) = 0 <0.000723>
[pid 14692] 15:04:13.244990 <... futex resumed>) = ?
[pid 14700] 15:04:13.245737 <... futex resumed>) = ?
[pid 14698] 15:04:13.246198 <... futex resumed>) = ?
[pid 14697] 15:04:13.246879 <... futex resumed>) = ?
[pid 14696] 15:04:13.248338 <... epoll_pwait resumed> <unfinished ...>) = ?
[pid 14695] 15:04:13.248876 <... futex resumed>) = ?
[pid 14694] 15:04:13.249261 <... exit_group resumed>) = ?
[pid 14693] 15:04:13.249638 <... nanosleep resumed> <unfinished ...>) = ?
[pid 14700] 15:04:13.250068 +++ exited with 0 +++
[pid 14699] 15:04:13.250334 +++ exited with 0 +++
[pid 14698] 15:04:13.250755 +++ exited with 0 +++
[pid 14697] 15:04:13.251352 +++ exited with 0 +++
[pid 14696] 15:04:13.251617 +++ exited with 0 +++
[pid 14695] 15:04:13.251842 +++ exited with 0 +++
[pid 14694] 15:04:13.252045 +++ exited with 0 +++
[pid 14693] 15:04:13.252303 +++ exited with 0 +++
15:04:13.252514 +++ exited with 0 +++
