[pid 14693] 15:04:10.853458 <... nanosleep resumed>NULL) = 0 <0.001420>
[pid 14692] 15:04:10.853651 <... rt_sigprocmask resumed>NULL, 8) = 0 <0.000726>
[pid 14693] 15:04:10.853834 nanosleep({tv_sec=0, tv_nsec=20000},  <unfinished ...>
[pid 14692] 15:04:10.854191 futex(0xc000100148, FUTEX_WAKE_PRIVATE, 1 <unfinished ...>
[pid 14693] 15:04:10.854553 <... nanosleep resumed>NULL) = 0 <0.000389>
[pid 14692] 15:04:10.854745 <... futex resumed>) = 1 <0.000387>
[pid 14697] 15:04:10.854922 <... futex resumed>) = 0 <0.001665>
[pid 14692] 15:04:10.855117 futex(0xc000075948, FUTEX_WAKE_PRIVATE, 1 <unfinished ...>
[pid 14693] 15:04:10.855464 nanosleep({tv_sec=0, tv_nsec=20000},  <unfinished ...>
[pid 14692] 15:04:10.855820 <... futex resumed>) = 1 <0.000392>
[pid 14697] 15:04:10.856010 futex(0xc000361148, FUTEX_WAKE_PRIVATE, 1 <unfinished ...>
[pid 14695] 15:04:10.856349 <... futex resumed>) = 0 <0.003611>
[pid 14692] 15:04:10.856556 futex(0x1b95aa0, FUTEX_WAIT_PRIVATE, 0, NULL <unfinished ...>
[pid 14699] 15:04:10.856922 <... futex resumed>) = 0 <0.009631>
[pid 14697] 15:04:10.857101 <... futex resumed>) = 1 <0.000931>
[pid 14693] 15:04:10.857292 <... nanosleep resumed>NULL) = 0 <0.001656>
[pid 14699] 15:04:10.857482 futex(0xc000361148, FUTEX_WAIT_PRIVATE, 0, NULL <unfinished ...>
[pid 14697] 15:04:10.857839 futex(0xc000361148, FUTEX_WAKE_PRIVATE, 1 <unfinished ...>
[pid 14695] 15:04:10.858173 futex(0xc000075948, FUTEX_WAIT_PRIVATE, 0, NULL <unfinished ...>
[pid 14699] 15:04:10.858512 <... futex resumed>) = -1 EAGAIN (Resource temporarily unavailable) <0.000688>
[pid 14697] 15:04:10.858710 <... futex resumed>) = 0 <0.000716>
[pid 14693] 15:04:10.858900 nanosleep({tv_sec=0, tv_nsec=20000},  <unfinished ...>
[pid 14699] 15:04:10.859264 nanosleep({tv_sec=0, tv_nsec=3000},  <unfinished ...>
[pid 14697] 15:04:10.859617 futex(0x1b95aa0, FUTEX_WAKE_PRIVATE, 1 <unfinished ...>
[pid 14699] 15:04:10.859977 <... nanosleep resumed>NULL) = 0 <0.000370>
[pid 14693] 15:04:10.860170 <... nanosleep resumed>NULL) = 0 <0.001107>
[pid 14692] 15:04:10.860356 <... futex resumed>) = 0 <0.003633>
[pid 14699] 15:04:10.860568 futex(0xc000361148, FUTEX_WAIT_PRIVATE, 0, NULL <unfinished ...>
[pid 14697] 15:04:10.860910 <... futex resumed>) = 1 <0.000977>
[pid 14692] 15:04:10.861092 rt_sigprocmask(SIG_SETMASK, [KILL STOP XFSZ VTALRM WINCH IO PWR RT_3 RT_4 RT_5 RT_6 RT_7 RT_8 RT_9 RT_10 RT_11 RT_12 RT_13 RT_14 RT_15 RT_16 RT_17 RT_18 RT_19 RT_20 RT_21 RT_22 RT_23 RT_24 RT_25 RT_26 RT_27 RT_28 RT_29 RT_30 RT_31 RT_32],  <unfinished ...>
[pid 14693] 15:04:10.861452 nanosleep({tv_sec=0, tv_nsec=20000},  <unfinished ...>
[pid 14692] 15:04:10.861815 <... rt_sigprocmask resumed>NULL, 8) = 0 <0.000371>
[pid 14697] 15:04:10.861996 futex(0xc000100148, FUTEX_WAIT_PRIVATE, 0, NULL <unfinished ...>
[pid 14692] 15:04:10.862340 futex(0xc000100148, FUTEX_WAKE_PRIVATE, 1 <unfinished ...>
[pid 14693] 15:04:10.862735 <... nanosleep resumed>NULL) = 0 <0.000921>
[pid 14692] 15:04:10.862920 <... futex resumed>) = 0 <0.000409>
[pid 14697] 15:04:10.863112 <... futex resumed>) = -1 EAGAIN (Resource temporarily unavailable) <0.000945>
[pid 14692] 15:04:10.863305 futex(0xc000361148, FUTEX_WAKE_PRIVATE, 1 <unfinished ...>
[pid 14693] 15:04:10.863648 nanosleep({tv_sec=0, tv_nsec=40000},  <unfinished ...>
[pid 14692] 15:04:10.864124 <... futex resumed>) = 1 <0.000390>
[pid 14699] 15:04:10.864350 <... futex resumed>) = 0 <0.003608>
[pid 14697] 15:04:10.864550 futex(0xc000075948, FUTEX_WAKE_PRIVATE, 1 <unfinished ...>
[pid 14692] 15:04:10.864957 futex(0x1b95aa0, FUTEX_WAIT_PRIVATE, 0, NULL <unfinished ...>
[pid 14699] 15:04:10.865300 futex(0xc000361148, FUTEX_WAIT_PRIVATE, 0, NULL <unfinished ...>
[pid 14693] 15:04:10.865636 <... nanosleep resumed>NULL) = 0 <0.001653>
[pid 14697] 15:04:10.865837 <... futex resumed>) = 1 <0.001113>
[pid 14695] 15:04:10.866378 <... futex resumed>) = 0 <0.008045>
[pid 14697] 15:04:10.866936 futex(0x1b95aa0, FUTEX_WAKE_PRIVATE, 1 <unfinished ...>
[pid 14693] 15:04:10.867985 nanosleep({tv_sec=0, tv_nsec=80000},  <unfinished ...>
[pid 14692] 15:04:10.868710 <... futex resumed>) = 0 <0.003290>
[pid 14697] 15:04:10.869010 <... futex resumed>) = 1 <0.001508>
[pid 14695] 15:04:10.869239 futex(0xc000075948, FUTEX_WAIT_PRIVATE, 0, NULL <unfinished ...>
[pid 14692] 15:04:10.869628 rt_sigprocmask(SIG_SETMASK, [KILL STOP VTALRM WINCH IO PWR RT_3 RT_4 RT_5 RT_6 RT_7 RT_8 RT_9 RT_10 RT_11 RT_12 RT_13 RT_14 RT_15 RT_16 RT_17 RT_18 RT_19 RT_20 RT_21 RT_22 RT_23 RT_24 RT_25 RT_26 RT_27 RT_28 RT_29 RT_30 RT_31 RT_32],  <unfinished ...>
[pid 14697] 15:04:10.869996 futex(0xc000100148, FUTEX_WAIT_PRIVATE, 0, NULL <unfinished ...>
[pid 14693] 15:04:10.870345 <... nanosleep resumed>NULL) = 0 <0.001827>
[pid 14692] 15:04:10.870537 <... rt_sigprocmask resumed>NULL, 8) = 0 <0.000720>
[pid 14693] 15:04:10.870740 nanosleep({tv_sec=0, tv_nsec=160000},  <unfinished ...>
[pid 14692] 15:04:10.871095 futex(0xc000100148, FUTEX_WAKE_PRIVATE, 1 <unfinished ...>
[pid 14693] 15:04:10.871464 <... nanosleep resumed>NULL) = 0 <0.000391>
[pid 14692] 15:04:10.871669 <... futex resumed>) = 1 <0.000376>
[pid 14697] 15:04:10.871863 <... futex resumed>) = 0 <0.001698>
[pid 14692] 15:04:10.872051 futex(0xc000075948, FUTEX_WAKE_PRIVATE, 1 <unfinished ...>
[pid 14693] 15:04:10.872395 nanosleep({tv_sec=0, tv_nsec=320000},  <unfinished ...>
[pid 14692] 15:04:10.872753 <... futex resumed>) = 1 <0.000380>
[pid 14697] 15:04:10.872939 futex(0xc000361148, FUTEX_WAKE_PRIVATE, 1 <unfinished ...>
[pid 14695] 15:04:10.873315 <... futex resumed>) = 0 <0.003729>
[pid 14692] 15:04:10.873513 futex(0x1b95aa0, FUTEX_WAIT_PRIVATE, 0, NULL <unfinished ...>
[pid 14699] 15:04:10.873863 <... futex resumed>) = 0 <0.008238>
[pid 14697] 15:04:10.874048 <... futex resumed>) = 1 <0.000918>
[pid 14693] 15:04:10.874237 <... nanosleep resumed>NULL) = 0 <0.001670>
[pid 14699] 15:04:10.874438 futex(0xc000361148, FUTEX_WAIT_PRIVATE, 0, NULL <unfinished ...>
[pid 14697] 15:04:10.874792 futex(0xc000361148, FUTEX_WAKE_PRIVATE, 1 <unfinished ...>
[pid 14695] 15:04:10.875138 futex(0xc000075948, FUTEX_WAIT_PRIVATE, 0, NULL <unfinished ...>
[pid 14699] 15:04:10.875486 <... futex resumed>) = -1 EAGAIN (Resource temporarily unavailable) <0.000726>
[pid 14697] 15:04:10.875677 <... futex resumed>) = 0 <0.000715>
[pid 14693] 15:04:10.875878 nanosleep({tv_sec=0, tv_nsec=640000},  <unfinished ...>
[pid 14699] 15:04:10.876228 nanosleep({tv_sec=0, tv_nsec=3000},  <unfinished ...>
[pid 14697] 15:04:10.876589 futex(0x1b95aa0, FUTEX_WAKE_PRIVATE, 1 <unfinished ...>
[pid 14699] 15:04:10.876971 <... nanosleep resumed>NULL) = 0 <0.000390>
[pid 14692] 15:04:10.877164 <... futex resumed>) = 0 <0.003489>
[pid 14697] 15:04:10.877370 <... futex resumed>) = 1 <0.000605>
[pid 14693] 15:04:10.877556 <... nanosleep resumed>NULL) = 0 <0.001503>
[pid 14692] 15:04:10.877748 rt_sigprocmask(SIG_SETMASK, [KILL STOP WINCH IO PWR RT_3 RT_4 RT_5 RT_6 RT_7 RT_8 RT_9 RT_10 RT_11 RT_12 RT_13 RT_14 RT_15 RT_16 RT_17 RT_18 RT_19 RT_20 RT_21 RT_22 RT_23 RT_24 RT_25 RT_26 RT_27 RT_28 RT_29 RT_30 RT_31 RT_32],  <unfinished ...>
[pid 14699] 15:04:10.878107 futex(0xc000361148, FUTEX_WAIT_PRIVATE, 0, NULL <unfinished ...>
[pid 14697] 15:04:10.878446 futex(0xc000100148, FUTEX_WAIT_PRIVATE, 0, NULL <unfinished ...>
[pid 14692] 15:04:10.878789 <... rt_sigprocmask resumed>NULL, 8) = 0 <0.000702>
[pid 14693] 15:04:10.878987 nanosleep({tv_sec=0, tv_nsec=1280000},  <unfinished ...>
[pid 14692] 15:04:10.879379 futex(0xc000100148, FUTEX_WAKE_PRIVATE, 1) = 1 <0.000093>
[pid 14697] 15:04:10.879822 <... futex resumed>) = 0 <0.001216>
[pid 14692] 15:04:10.880034 futex(0xc000361148, FUTEX_WAKE_PRIVATE, 1 <unfinished ...>
[pid 14697] 15:04:10.880397 futex(0xc000075948, FUTEX_WAKE_PRIVATE, 1 <unfinished ...>
[pid 14692] 15:04:10.880764 <... futex resumed>) = 1 <0.000383>
[pid 14699] 15:04:10.880951 <... futex resumed>) = 0 <0.002682>
[pid 14692] 15:04:10.881155 futex(0x1b95aa0, FUTEX_WAIT_PRIVATE, 0, NULL <unfinished ...>
[pid 14697] 15:04:10.881501 <... futex resumed>) = 1 <0.000787>
[pid 14695] 15:04:10.881688 <... futex resumed>) = 0 <0.006381>
[pid 14693] 15:04:10.881883 <... nanosleep resumed>NULL) = 0 <0.002683>
[pid 14699] 15:04:10.882109 futex(0xc000361148, FUTEX_WAIT_PRIVATE, 0, NULL <unfinished ...>
[pid 14697] 15:04:10.882534 futex(0x1b95aa0, FUTEX_WAKE_PRIVATE, 1 <unfinished ...>
[pid 14695] 15:04:10.882951 futex(0xc000075948, FUTEX_WAIT_PRIVATE, 0, NULL <unfinished ...>
[pid 14692] 15:04:10.883378 <... futex resumed>) = 0 <0.001873>
[pid 14697] 15:04:10.883596 <... futex resumed>) = 1 <0.000864>
[pid 14693] 15:04:10.883817 nanosleep({tv_sec=0, tv_nsec=2560000},  <unfinished ...>
[pid 14692] 15:04:10.884239 rt_sigprocmask(SIG_SETMASK, [KILL STOP IO PWR RT_3 RT_4 RT_5 RT_6 RT_7 RT_8 RT_9 RT_10 RT_11 RT_12 RT_13 RT_14 RT_15 RT_16 RT_17 RT_18 RT_19 RT_20 RT_21 RT_22 RT_23 RT_24 RT_25 RT_26 RT_27 RT_28 RT_29 RT_30 RT_31 RT_32],  <unfinished ...>
[pid 14697] 15:04:10.884644 futex(0xc000100148, FUTEX_WAIT_PRIVATE, 0, NULL <unfinished ...>
[pid 14692] 15:04:10.885058 <... rt_sigprocmask resumed>NULL, 8) = 0 <0.000421>
[pid 14692] 15:04:10.885349 futex(0xc000100148, FUTEX_WAKE_PRIVATE, 1) = 1 <0.000096>
[pid 14697] 15:04:10.885814 <... futex resumed>) = 0 <0.000983>
[pid 14692] 15:04:10.886019 futex(0xc000075948, FUTEX_WAKE_PRIVATE, 1 <unfinished ...>
[pid 14697] 15:04:10.886401 futex(0xc000361148, FUTEX_WAKE_PRIVATE, 1 <unfinished ...>
[pid 14692] 15:04:10.886792 <... futex resumed>) = 1 <0.000394>
[pid 14695] 15:04:10.886989 <... futex resumed>) = 0 <0.003825>
[pid 14692] 15:04:10.887188 futex(0x1b95aa0, FUTEX_WAIT_PRIVATE, 0, NULL <unfinished ...>
[pid 14699] 15:04:10.887551 <... futex resumed>) = 0 <0.005070>
[pid 14697] 15:04:10.887739 <... futex resumed>) = 1 <0.001167>
[pid 14693] 15:04:10.887931 <... nanosleep resumed>NULL) = 0 <0.003911>
[pid 14699] 15:04:10.888130 futex(0xc000361148, FUTEX_WAIT_PRIVATE, 0, NULL <unfinished ...>
[pid 14697] 15:04:10.888486 futex(0xc000361148, FUTEX_WAKE_PRIVATE, 1 <unfinished ...>
[pid 14695] 15:04:10.888831 futex(0xc000075948, FUTEX_WAIT_PRIVATE, 0, NULL <unfinished ...>
[pid 14699] 15:04:10.889181 <... futex resumed>) = -1 EAGAIN (Resource temporarily unavailable) <0.000712>
[pid 14697] 15:04:10.889376 <... futex resumed>) = 0 <0.000725>
[pid 14693] 15:04:10.889570 nanosleep({tv_sec=0, tv_nsec=5120000},  <unfinished ...>
[pid 14699] 15:04:10.889932 nanosleep({tv_sec=0, tv_nsec=3000},  <unfinished ...>
[pid 14697] 15:04:10.890280 futex(0x1b95aa0, FUTEX_WAKE_PRIVATE, 1 <unfinished ...>
[pid 14699] 15:04:10.890635 <... nanosleep resumed>NULL) = 0 <0.000377>
[pid 14692] 15:04:10.890827 <... futex resumed>) = 0 <0.003452>
[pid 14697] 15:04:10.891021 <... futex resumed>) = 1 <0.000568>
[pid 14692] 15:04:10.891212 rt_sigprocmask(SIG_SETMASK, [KILL STOP PWR RT_3 RT_4 RT_5 RT_6 RT_7 RT_8 RT_9 RT_10 RT_11 RT_12 RT_13 RT_14 RT_15 RT_16 RT_17 RT_18 RT_19 RT_20 RT_21 RT_22 RT_23 RT_24 RT_25 RT_26 RT_27 RT_28 RT_29 RT_30 RT_31 RT_32],  <unfinished ...>
[pid 14699] 15:04:10.891572 futex(0xc000361148, FUTEX_WAIT_PRIVATE, 0, NULL <unfinished ...>
[pid 14692] 15:04:10.891923 <... rt_sigprocmask resumed>NULL, 8) = 0 <0.000379>
[pid 14697] 15:04:10.892116 futex(0xc000100148, FUTEX_WAIT_PRIVATE, 0, NULL <unfinished ...>
[pid 14692] 15:04:10.892474 futex(0xc000100148, FUTEX_WAKE_PRIVATE, 1 <unfinished ...>
[pid 14697] 15:04:10.892821 <... futex resumed>) = -1 EAGAIN (Resource temporarily unavailable) <0.000379>
[pid 14692] 15:04:10.893020 <... futex resumed>) = 0 <0.000382>
[pid 14697] 15:04:10.893214 nanosleep({tv_sec=0, tv_nsec=3000},  <unfinished ...>
[pid 14692] 15:04:10.893629 futex(0xc000361148, FUTEX_WAKE_PRIVATE, 1 <unfinished ...>
[pid 14697] 15:04:10.893979 <... nanosleep resumed>NULL) = 0 <0.000427>
[pid 14692] 15:04:10.894171 <... futex resumed>) = 1 <0.000376>
[pid 14699] 15:04:10.894386 <... futex resumed>) = 0 <0.002643>
[pid 14692] 15:04:10.894589 futex(0x1b95aa0, FUTEX_WAIT_PRIVATE, 0, NULL <unfinished ...>
[pid 14697] 15:04:10.894936 futex(0xc000075948, FUTEX_WAKE_PRIVATE, 1 <unfinished ...>
[pid 14699] 15:04:10.895309 futex(0xc000361148, FUTEX_WAIT_PRIVATE, 0, NULL <unfinished ...>
[pid 14693] 15:04:10.895658 <... nanosleep resumed>NULL) = 0 <0.005753>
[pid 14697] 15:04:10.895848 <... futex resumed>) = 1 <0.000725>
[pid 14695] 15:04:10.896042 <... futex resumed>) = 0 <0.007047>
[pid 14697] 15:04:10.896236 futex(0x1b95aa0, FUTEX_WAKE_PRIVATE, 1 <unfinished ...>
[pid 14693] 15:04:10.896617 nanosleep({tv_sec=0, tv_nsec=10000000},  <unfinished ...>
[pid 14692] 15:04:10.896983 <... futex resumed>) = 0 <0.002065>
[pid 14697] 15:04:10.897192 <... futex resumed>) = 1 <0.000780>
[pid 14695] 15:04:10.897378 futex(0xc000075948, FUTEX_WAIT_PRIVATE, 0, NULL <unfinished ...>
[pid 14692] 15:04:10.897733 rt_sigprocmask(SIG_SETMASK, [KILL STOP RT_3 RT_4 RT_5 RT_6 RT_7 RT_8 RT_9 RT_10 RT_11 RT_12 RT_13 RT_14 RT_15 RT_16 RT_17 RT_18 RT_19 RT_20 RT_21 RT_22 RT_23 RT_24 RT_25 RT_26 RT_27 RT_28 RT_29 RT_30 RT_31 RT_32],  <unfinished ...>
[pid 14697] 15:04:10.898087 futex(0xc000100148, FUTEX_WAIT_PRIVATE, 0, NULL <unfinished ...>
[pid 14692] 15:04:10.898439 <... rt_sigprocmask resumed>NULL, 8) = 0 <0.000375>
[pid 14692] 15:04:10.898718 futex(0xc000100148, FUTEX_WAKE_PRIVATE, 1) = 1 <0.000107>
[pid 14697] 15:04:10.899268 <... futex resumed>) = 0 <0.001011>
[pid 14692] 15:04:10.899495 futex(0xc000075948, FUTEX_WAKE_PRIVATE, 1 <unfinished ...>
[pid 14697] 15:04:10.899887 futex(0xc000361148, FUTEX_WAKE_PRIVATE, 1 <unfinished ...>
[pid 14692] 15:04:10.900295 <... futex resumed>) = 1 <0.000426>
[pid 14695] 15:04:10.900482 <... futex resumed>) = 0 <0.002938>
[pid 14692] 15:04:10.900693 futex(0x1b95aa0, FUTEX_WAIT_PRIVATE, 0, NULL <unfinished ...>
[pid 14699] 15:04:10.901036 <... futex resumed>) = 0 <0.005405>
[pid 14697] 15:04:10.901226 <... futex resumed>) = 1 <0.001169>
[pid 14699] 15:04:10.901418 futex(0xc000361148, FUTEX_WAIT_PRIVATE, 0, NULL <unfinished ...>
[pid 14695] 15:04:10.901767 futex(0xc000075948, FUTEX_WAIT_PRIVATE, 0, NULL <unfinished ...>
[pid 14699] 15:04:10.902124 <... futex resumed>) = -1 EAGAIN (Resource temporarily unavailable) <0.000379>
[pid 14697] 15:04:10.902318 futex(0xc000361148, FUTEX_WAKE_PRIVATE, 1 <unfinished ...>
[pid 14699] 15:04:10.902667 nanosleep({tv_sec=0, tv_nsec=3000},  <unfinished ...>
[pid 14697] 15:04:10.903027 <... futex resumed>) = 0 <0.000389>
[pid 14699] 15:04:10.903220 <... nanosleep resumed>NULL) = 0 <0.000374>
[pid 14697] 15:04:10.903412 futex(0x1b95aa0, FUTEX_WAKE_PRIVATE, 1 <unfinished ...>
[pid 14699] 15:04:10.903783 futex(0xc000361148, FUTEX_WAIT_PRIVATE, 0, NULL <unfinished ...>
[pid 14692] 15:04:10.904135 <... futex resumed>) = 0 <0.003124>
[pid 14697] 15:04:10.904326 <... futex resumed>) = 1 <0.000744>
[pid 14692] 15:04:10.904512 rt_sigprocmask(SIG_SETMASK, [KILL STOP RT_4 RT_5 RT_6 RT_7 RT_8 RT_9 RT_10 RT_11 RT_12 RT_13 RT_14 RT_15 RT_16 RT_17 RT_18 RT_19 RT_20 RT_21 RT_22 RT_23 RT_24 RT_25 RT_26 RT_27 RT_28 RT_29 RT_30 RT_31 RT_32],  <unfinished ...>
[pid 14697] 15:04:10.904869 futex(0xc000100148, FUTEX_WAIT_PRIVATE, 0, NULL <unfinished ...>
[pid 14692] 15:04:10.905218 <... rt_sigprocmask resumed>NULL, 8) = 0 <0.000378>
[pid 14692] 15:04:10.905450 futex(0xc000100148, FUTEX_WAKE_PRIVATE, 1) = 1 <0.000088>
[pid 14697] 15:04:10.905891 <... futex resumed>) = 0 <0.000853>
[pid 14692] 15:04:10.906083 futex(0xc000361148, FUTEX_WAKE_PRIVATE, 1 <unfinished ...>
[pid 14697] 15:04:10.906444 futex(0xc000075948, FUTEX_WAKE_PRIVATE, 1 <unfinished ...>
[pid 14692] 15:04:10.906794 <... futex resumed>) = 1 <0.000379>
[pid 14699] 15:04:10.907011 <... futex resumed>) = 0 <0.003055>
[pid 14692] 15:04:10.907212 futex(0x1b95aa0, FUTEX_WAIT_PRIVATE, 0, NULL <unfinished ...>
[pid 14697] 15:04:10.907557 <... futex resumed>) = 1 <0.000796>
[pid 14695] 15:04:10.907748 <... futex resumed>) = 0 <0.005808>
[pid 14693] 15:04:10.907937 <... nanosleep resumed>NULL) = 0 <0.011140>
[pid 14699] 15:04:10.908135 futex(0xc000361148, FUTEX_WAIT_PRIVATE, 0, NULL <unfinished ...>
[pid 14697] 15:04:10.908479 futex(0x1b95aa0, FUTEX_WAKE_PRIVATE, 1 <unfinished ...>
[pid 14695] 15:04:10.908821 futex(0xc000075948, FUTEX_WAIT_PRIVATE, 0, NULL <unfinished ...>
[pid 14692] 15:04:10.909183 <... futex resumed>) = 0 <0.001648>
[pid 14697] 15:04:10.909367 <... futex resumed>) = 1 <0.000726>
[pid 14693] 15:04:10.909561 nanosleep({tv_sec=0, tv_nsec=10000000},  <unfinished ...>
[pid 14692] 15:04:10.909918 rt_sigprocmask(SIG_SETMASK, [KILL STOP RT_5 RT_6 RT_7 RT_8 RT_9 RT_10 RT_11 RT_12 RT_13 RT_14 RT_15 RT_16 RT_17 RT_18 RT_19 RT_20 RT_21 RT_22 RT_23 RT_24 RT_25 RT_26 RT_27 RT_28 RT_29 RT_30 RT_31 RT_32],  <unfinished ...>
[pid 14697] 15:04:10.910308 futex(0xc000100148, FUTEX_WAIT_PRIVATE, 0, NULL <unfinished ...>
[pid 14692] 15:04:10.910679 <... rt_sigprocmask resumed>NULL, 8) = 0 <0.000433>
[pid 14692] 15:04:10.910912 futex(0xc000100148, FUTEX_WAKE_PRIVATE, 1) = 1 <0.000094>
[pid 14697] 15:04:10.911365 <... futex resumed>) = 0 <0.000861>
[pid 14692] 15:04:10.911561 futex(0xc000075948, FUTEX_WAKE_PRIVATE, 1 <unfinished ...>
[pid 14697] 15:04:10.911925 futex(0xc000361148, FUTEX_WAKE_PRIVATE, 1 <unfinished ...>
[pid 14692] 15:04:10.912291 <... futex resumed>) = 1 <0.000398>
[pid 14695] 15:04:10.912477 <... futex resumed>) = 0 <0.003478>
[pid 14692] 15:04:10.912677 futex(0x1b95aa0, FUTEX_WAIT_PRIVATE, 0, NULL <unfinished ...>
[pid 14699] 15:04:10.913023 <... futex resumed>) = 0 <0.004565>
[pid 14697] 15:04:10.913220 <... futex resumed>) = 1 <0.001116>
[pid 14699] 15:04:10.913412 futex(0xc000361148, FUTEX_WAIT_PRIVATE, 0, NULL <unfinished ...>
[pid 14695] 15:04:10.913753 futex(0xc000075948, FUTEX_WAIT_PRIVATE, 0, NULL <unfinished ...>
[pid 14699] 15:04:10.914103 <... futex resumed>) = -1 EAGAIN (Resource temporarily unavailable) <0.000360>
[pid 14697] 15:04:10.914561 futex(0xc000361148, FUTEX_WAKE_PRIVATE, 1 <unfinished ...>
[pid 14699] 15:04:10.914957 nanosleep({tv_sec=0, tv_nsec=3000},  <unfinished ...>
[pid 14697] 15:04:10.915353 <... futex resumed>) = 0 <0.000422>
[pid 14699] 15:04:10.915552 <... nanosleep resumed>NULL) = 0 <0.000404>
[pid 14697] 15:04:10.915779 futex(0x1b95aa0, FUTEX_WAKE_PRIVATE, 1 <unfinished ...>
[pid 14699] 15:04:10.916129 futex(0xc000361148, FUTEX_WAIT_PRIVATE, 0, NULL <unfinished ...>
[pid 14692] 15:04:10.916485 <... futex resumed>) = 0 <0.003484>
[pid 14697] 15:04:10.916669 <... futex resumed>) = 1 <0.000725>
[pid 14692] 15:04:10.916886 rt_sigprocmask(SIG_SETMASK, [KILL STOP RT_6 RT_7 RT_8 RT_9 RT_10 RT_11 RT_12 RT_13 RT_14 RT_15 RT_16 RT_17 RT_18 RT_19 RT_20 RT_21 RT_22 RT_23 RT_24 RT_25 RT_26 RT_27 RT_28 RT_29 RT_30 RT_31 RT_32],  <unfinished ...>
[pid 14697] 15:04:10.917251 futex(0xc000100148, FUTEX_WAIT_PRIVATE, 0, NULL <unfinished ...>
[pid 14692] 15:04:10.917599 <... rt_sigprocmask resumed>NULL, 8) = 0 <0.000370>
[pid 14692] 15:04:10.917830 futex(0xc000100148, FUTEX_WAKE_PRIVATE, 1) = 1 <0.000093>
[pid 14697] 15:04:10.918285 <... futex resumed>) = 0 <0.000874>
[pid 14692] 15:04:10.918478 futex(0xc000361148, FUTEX_WAKE_PRIVATE, 1 <unfinished ...>
[pid 14697] 15:04:10.918839 futex(0xc000075948, FUTEX_WAKE_PRIVATE, 1 <unfinished ...>
[pid 14692] 15:04:10.919184 <... futex resumed>) = 1 <0.000379>
[pid 14699] 15:04:10.919391 <... futex resumed>) = 0 <0.003090>
[pid 14692] 15:04:10.919591 futex(0x1b95aa0, FUTEX_WAIT_PRIVATE, 0, NULL <unfinished ...>
[pid 14697] 15:04:10.919933 <... futex resumed>) = 1 <0.000777>
[pid 14695] 15:04:10.920114 <... futex resumed>) = 0 <0.006197>
[pid 14699] 15:04:10.920310 futex(0xc000361148, FUTEX_WAIT_PRIVATE, 0, NULL <unfinished ...>
[pid 14697] 15:04:10.920657 futex(0x1b95aa0, FUTEX_WAKE_PRIVATE, 1 <unfinished ...>
[pid 14693] 15:04:10.921000 <... nanosleep resumed>NULL) = 0 <0.011109>
[pid 14692] 15:04:10.921190 <... futex resumed>) = 0 <0.001435>
[pid 14697] 15:04:10.921394 <... futex resumed>) = 1 <0.000574>
[pid 14695] 15:04:10.921584 futex(0xc000075948, FUTEX_WAIT_PRIVATE, 0, NULL <unfinished ...>
[pid 14692] 15:04:10.921929 rt_sigprocmask(SIG_SETMASK, [KILL STOP RT_7 RT_8 RT_9 RT_10 RT_11 RT_12 RT_13 RT_14 RT_15 RT_16 RT_17 RT_18 RT_19 RT_20 RT_21 RT_22 RT_23 RT_24 RT_25 RT_26 RT_27 RT_28 RT_29 RT_30 RT_31 RT_32],  <unfinished ...>
[pid 14697] 15:04:10.922280 futex(0xc000100148, FUTEX_WAIT_PRIVATE, 0, NULL <unfinished ...>
[pid 14693] 15:04:10.922624 nanosleep({tv_sec=0, tv_nsec=10000000},  <unfinished ...>
[pid 14692] 15:04:10.922971 <... rt_sigprocmask resumed>NULL, 8) = 0 <0.000709>
[pid 14692] 15:04:10.923202 futex(0xc000100148, FUTEX_WAKE_PRIVATE, 1) = 1 <0.000106>
[pid 14697] 15:04:10.923655 <... futex resumed>) = 0 <0.001210>
[pid 14692] 15:04:10.923845 futex(0xc000075948, FUTEX_WAKE_PRIVATE, 1 <unfinished ...>
[pid 14697] 15:04:10.924201 futex(0xc000361148, FUTEX_WAKE_PRIVATE, 1 <unfinished ...>
[pid 14692] 15:04:10.924558 <... futex resumed>) = 1 <0.000374>
[pid 14695] 15:04:10.924748 <... futex resumed>) = 0 <0.002995>
[pid 14692] 15:04:10.924941 futex(0x1b95aa0, FUTEX_WAIT_PRIVATE, 0, NULL <unfinished ...>
[pid 14699] 15:04:10.925295 <... futex resumed>) = 0 <0.004668>
[pid 14697] 15:04:10.925477 <... futex resumed>) = 1 <0.001115>
[pid 14699] 15:04:10.925674 futex(0xc000361148, FUTEX_WAIT_PRIVATE, 0, NULL <unfinished ...>
[pid 14695] 15:04:10.926052 futex(0xc000075948, FUTEX_WAIT_PRIVATE, 0, NULL <unfinished ...>
[pid 14699] 15:04:10.926394 <... futex resumed>) = -1 EAGAIN (Resource temporarily unavailable) <0.000366>
[pid 14697] 15:04:10.926585 futex(0xc000361148, FUTEX_WAKE_PRIVATE, 1 <unfinished ...>
[pid 14699] 15:04:10.926976 nanosleep({tv_sec=0, tv_nsec=3000},  <unfinished ...>
[pid 14697] 15:04:10.927330 <... futex resumed>) = 0 <0.000381>
[pid 14699] 15:04:10.927523 <... nanosleep resumed>NULL) = 0 <0.000375>
[pid 14697] 15:04:10.927749 futex(0x1b95aa0, FUTEX_WAKE_PRIVATE, 1 <unfinished ...>
[pid 14699] 15:04:10.928099 futex(0xc000361148, FUTEX_WAIT_PRIVATE, 0, NULL <unfinished ...>
[pid 14692] 15:04:10.928447 <... futex resumed>) = 0 <0.003168>
[pid 14697] 15:04:10.928643 <... futex resumed>) = 1 <0.000729>
[pid 14692] 15:04:10.928840 rt_sigprocmask(SIG_SETMASK, [KILL STOP RT_8 RT_9 RT_10 RT_11 RT_12 RT_13 RT_14 RT_15 RT_16 RT_17 RT_18 RT_19 RT_20 RT_21 RT_22 RT_23 RT_24 RT_25 RT_26 RT_27 RT_28 RT_29 RT_30 RT_31 RT_32],  <unfinished ...>
[pid 14697] 15:04:10.929204 futex(0xc000100148, FUTEX_WAIT_PRIVATE, 0, NULL <unfinished ...>
[pid 14692] 15:04:10.929551 <... rt_sigprocmask resumed>NULL, 8) = 0 <0.000380>
[pid 14692] 15:04:10.929823 futex(0xc000100148, FUTEX_WAKE_PRIVATE, 1) = 1 <0.000095>
[pid 14697] 15:04:10.930281 <... futex resumed>) = 0 <0.000908>
[pid 14692] 15:04:10.930464 futex(0xc000361148, FUTEX_WAKE_PRIVATE, 1 <unfinished ...>
[pid 14697] 15:04:10.930898 futex(0xc000075948, FUTEX_WAKE_PRIVATE, 1 <unfinished ...>
[pid 14692] 15:04:10.931362 <... futex resumed>) = 1 <0.000536>
[pid 14699] 15:04:10.931565 <... futex resumed>) = 0 <0.003298>
[pid 14692] 15:04:10.931776 futex(0x1b95aa0, FUTEX_WAIT_PRIVATE, 0, NULL <unfinished ...>
[pid 14697] 15:04:10.932120 <... futex resumed>) = 1 <0.000841>
[pid 14695] 15:04:10.932341 <... futex resumed>) = 0 <0.006129>
[pid 14699] 15:04:10.932558 futex(0xc000361148, FUTEX_WAIT_PRIVATE, 0, NULL <unfinished ...>
[pid 14697] 15:04:10.932895 futex(0x1b95aa0, FUTEX_WAKE_PRIVATE, 1 <unfinished ...>
[pid 14695] 15:04:10.933259 futex(0xc000075948, FUTEX_WAIT_PRIVATE, 0, NULL <unfinished ...>
[pid 14692] 15:04:10.933615 <... futex resumed>) = 0 <0.001520>
[pid 14697] 15:04:10.933802 <... futex resumed>) = 1 <0.000741>
[pid 14693] 15:04:10.933989 <... nanosleep resumed>NULL) = 0 <0.011198>
[pid 14692] 15:04:10.934175 rt_sigprocmask(SIG_SETMASK, [KILL STOP RT_9 RT_10 RT_11 RT_12 RT_13 RT_14 RT_15 RT_16 RT_17 RT_18 RT_19 RT_20 RT_21 RT_22 RT_23 RT_24 RT_25 RT_26 RT_27 RT_28 RT_29 RT_30 RT_31 RT_32],  <unfinished ...>
[pid 14697] 15:04:10.934532 futex(0xc000100148, FUTEX_WAIT_PRIVATE, 0, NULL <unfinished ...>
[pid 14692] 15:04:10.934872 <... rt_sigprocmask resumed>NULL, 8) = 0 <0.000363>
[pid 14693] 15:04:10.935057 nanosleep({tv_sec=0, tv_nsec=10000000},  <unfinished ...>
[pid 14692] 15:04:10.935410 futex(0xc000100148, FUTEX_WAKE_PRIVATE, 1) = 1 <0.000094>
[pid 14697] 15:04:10.935852 <... futex resumed>) = 0 <0.001160>
[pid 14692] 15:04:10.936033 futex(0xc000075948, FUTEX_WAKE_PRIVATE, 1 <unfinished ...>
[pid 14697] 15:04:10.936378 futex(0xc000361148, FUTEX_WAKE_PRIVATE, 1 <unfinished ...>
[pid 14692] 15:04:10.936738 <... futex resumed>) = 1 <0.000383>
[pid 14695] 15:04:10.936959 <... futex resumed>) = 0 <0.003521>
[pid 14692] 15:04:10.937153 futex(0x1b95aa0, FUTEX_WAIT_PRIVATE, 0, NULL <unfinished ...>
[pid 14699] 15:04:10.937494 <... futex resumed>) = 0 <0.004620>
[pid 14697] 15:04:10.937683 <... futex resumed>) = 1 <0.001130>
[pid 14699] 15:04:10.937877 futex(0xc000361148, FUTEX_WAIT_PRIVATE, 0, NULL <unfinished ...>
[pid 14695] 15:04:10.938219 futex(0xc000075948, FUTEX_WAIT_PRIVATE, 0, NULL <unfinished ...>
[pid 14699] 15:04:10.938562 <... futex resumed>) = -1 EAGAIN (Resource temporarily unavailable) <0.000366>
[pid 14697] 15:04:10.938765 futex(0xc000361148, FUTEX_WAKE_PRIVATE, 1 <unfinished ...>
[pid 14699] 15:04:10.939113 nanosleep({tv_sec=0, tv_nsec=3000},  <unfinished ...>
[pid 14697] 15:04:10.939475 <... futex resumed>) = 0 <0.000380>
[pid 14699] 15:04:10.939679 <... nanosleep resumed>NULL) = 0 <0.000391>
[pid 14697] 15:04:10.939869 futex(0x1b95aa0, FUTEX_WAKE_PRIVATE, 1 <unfinished ...>
[pid 14699] 15:04:10.940225 futex(0xc000361148, FUTEX_WAIT_PRIVATE, 0, NULL <unfinished ...>
[pid 14692] 15:04:10.940569 <... futex resumed>) = 0 <0.003098>
[pid 14697] 15:04:10.940763 <... futex resumed>) = 1 <0.000726>
[pid 14692] 15:04:10.940954 rt_sigprocmask(SIG_SETMASK, [KILL STOP RT_10 RT_11 RT_12 RT_13 RT_14 RT_15 RT_16 RT_17 RT_18 RT_19 RT_20 RT_21 RT_22 RT_23 RT_24 RT_25 RT_26 RT_27 RT_28 RT_29 RT_30 RT_31 RT_32],  <unfinished ...>
[pid 14697] 15:04:10.941323 futex(0xc000100148, FUTEX_WAIT_PRIVATE, 0, NULL <unfinished ...>
[pid 14692] 15:04:10.941664 <... rt_sigprocmask resumed>NULL, 8) = 0 <0.000360>
[pid 14692] 15:04:10.941922 futex(0xc000100148, FUTEX_WAKE_PRIVATE, 1) = 1 <0.000093>
[pid 14697] 15:04:10.942401 <... futex resumed>) = 0 <0.000918>
[pid 14692] 15:04:10.942593 futex(0xc000361148, FUTEX_WAKE_PRIVATE, 1 <unfinished ...>
[pid 14697] 15:04:10.942969 futex(0xc000075948, FUTEX_WAKE_PRIVATE, 1 <unfinished ...>
[pid 14692] 15:04:10.943331 <... futex resumed>) = 1 <0.000399>
[pid 14699] 15:04:10.943522 <... futex resumed>) = 0 <0.003129>
[pid 14692] 15:04:10.943715 futex(0x1b95aa0, FUTEX_WAIT_PRIVATE, 0, NULL <unfinished ...>
[pid 14697] 15:04:10.944065 <... futex resumed>) = 1 <0.000773>
[pid 14695] 15:04:10.944249 <... futex resumed>) = 0 <0.005869>
[pid 14699] 15:04:10.944446 futex(0xc000361148, FUTEX_WAIT_PRIVATE, 0, NULL <unfinished ...>
[pid 14697] 15:04:10.944805 futex(0x1b95aa0, FUTEX_WAKE_PRIVATE, 1 <unfinished ...>
[pid 14695] 15:04:10.945162 futex(0xc000075948, FUTEX_WAIT_PRIVATE, 0, NULL <unfinished ...>
[pid 14692] 15:04:10.945506 <... futex resumed>) = 0 <0.001463>
[pid 14697] 15:04:10.945714 <... futex resumed>) = 1 <0.000744>
[pid 14692] 15:04:10.945909 rt_sigprocmask(SIG_SETMASK, [KILL STOP RT_11 RT_12 RT_13 RT_14 RT_15 RT_16 RT_17 RT_18 RT_19 RT_20 RT_21 RT_22 RT_23 RT_24 RT_25 RT_26 RT_27 RT_28 RT_29 RT_30 RT_31 RT_32],  <unfinished ...>
[pid 14693] 15:04:10.946266 <... nanosleep resumed>NULL) = 0 <0.010879>
[pid 14692] 15:04:10.946462 <... rt_sigprocmask resumed>NULL, 8) = 0 <0.000374>
[pid 14697] 15:04:10.946656 futex(0xc000100148, FUTEX_WAIT_PRIVATE, 0, NULL <unfinished ...>
[pid 14692] 15:04:10.947085 futex(0xc000100148, FUTEX_WAKE_PRIVATE, 1 <unfinished ...>
[pid 14693] 15:04:10.947479 nanosleep({tv_sec=0, tv_nsec=10000000},  <unfinished ...>
[pid 14692] 15:04:10.947875 <... futex resumed>) = 0 <0.000424>
[pid 14697] 15:04:10.948088 <... futex resumed>) = -1 EAGAIN (Resource temporarily unavailable) <0.001238>
[pid 14692] 15:04:10.948301 futex(0xc000075948, FUTEX_WAKE_PRIVATE, 1 <unfinished ...>
[pid 14697] 15:04:10.948707 futex(0xc000361148, FUTEX_WAKE_PRIVATE, 1 <unfinished ...>
[pid 14692] 15:04:10.949175 <... futex resumed>) = 1 <0.000463>
[pid 14695] 15:04:10.949402 <... futex resumed>) = 0 <0.004072>
[pid 14692] 15:04:10.949608 futex(0x1b95aa0, FUTEX_WAIT_PRIVATE, 0, NULL <unfinished ...>
[pid 14699] 15:04:10.950013 <... futex resumed>) = 0 <0.005197>
[pid 14697] 15:04:10.950202 <... futex resumed>) = 1 <0.001290>
[pid 14699] 15:04:10.950401 futex(0xc000361148, FUTEX_WAIT_PRIVATE, 0, NULL <unfinished ...>
[pid 14695] 15:04:10.950749 futex(0xc000075948, FUTEX_WAIT_PRIVATE, 0, NULL <unfinished ...>
[pid 14699] 15:04:10.951100 <... futex resumed>) = -1 EAGAIN (Resource temporarily unavailable) <0.000368>
[pid 14697] 15:04:10.951289 futex(0xc000361148, FUTEX_WAKE_PRIVATE, 1 <unfinished ...>
[pid 14699] 15:04:10.951634 nanosleep({tv_sec=0, tv_nsec=3000},  <unfinished ...>
[pid 14697] 15:04:10.951987 <... futex resumed>) = 0 <0.000371>
[pid 14699] 15:04:10.952187 <... nanosleep resumed>NULL) = 0 <0.000383>
[pid 14697] 15:04:10.952380 futex(0x1b95aa0, FUTEX_WAKE_PRIVATE, 1 <unfinished ...>
[pid 14699] 15:04:10.952749 futex(0xc000361148, FUTEX_WAIT_PRIVATE, 0, NULL <unfinished ...>
[pid 14692] 15:04:10.953096 <... futex resumed>) = 0 <0.003154>
[pid 14697] 15:04:10.953282 <... futex resumed>) = 1 <0.000716>
[pid 14692] 15:04:10.953474 rt_sigprocmask(SIG_SETMASK, [KILL STOP RT_12 RT_13 RT_14 RT_15 RT_16 RT_17 RT_18 RT_19 RT_20 RT_21 RT_22 RT_23 RT_24 RT_25 RT_26 RT_27 RT_28 RT_29 RT_30 RT_31 RT_32],  <unfinished ...>
[pid 14697] 15:04:10.953842 futex(0xc000100148, FUTEX_WAIT_PRIVATE, 0, NULL <unfinished ...>
[pid 14692] 15:04:10.954191 <... rt_sigprocmask resumed>NULL, 8) = 0 <0.000376>
[pid 14692] 15:04:10.954436 futex(0xc000100148, FUTEX_WAKE_PRIVATE, 1) = 1 <0.000093>
[pid 14697] 15:04:10.954877 <... futex resumed>) = 0 <0.000874>
[pid 14692] 15:04:10.955072 futex(0xc000361148, FUTEX_WAKE_PRIVATE, 1 <unfinished ...>
[pid 14697] 15:04:10.955453 futex(0xc000075948, FUTEX_WAKE_PRIVATE, 1 <unfinished ...>
[pid 14692] 15:04:10.955801 <... futex resumed>) = 1 <0.000379>
[pid 14699] 15:04:10.955985 <... futex resumed>) = 0 <0.003074>
[pid 14692] 15:04:10.956200 futex(0x1b95aa0, FUTEX_WAIT_PRIVATE, 0, NULL <unfinished ...>
[pid 14697] 15:04:10.956543 <... futex resumed>) = 1 <0.000774>
[pid 14695] 15:04:10.956732 <... futex resumed>) = 0 <0.005821>
[pid 14699] 15:04:10.956948 futex(0xc000361148, FUTEX_WAIT_PRIVATE, 0, NULL <unfinished ...>
[pid 14697] 15:04:10.957294 futex(0x1b95aa0, FUTEX_WAKE_PRIVATE, 1 <unfinished ...>
[pid 14695] 15:04:10.957645 futex(0xc000075948, FUTEX_WAIT_PRIVATE, 0, NULL <unfinished ...>
[pid 14692] 15:04:10.958001 <... futex resumed>) = 0 <0.001475>
[pid 14697] 15:04:10.958192 <... futex resumed>) = 1 <0.000738>
[pid 14692] 15:04:10.958385 rt_sigprocmask(SIG_SETMASK, [KILL STOP RT_13 RT_14 RT_15 RT_16 RT_17 RT_18 RT_19 RT_20 RT_21 RT_22 RT_23 RT_24 RT_25 RT_26 RT_27 RT_28 RT_29 RT_30 RT_31 RT_32],  <unfinished ...>
[pid 14693] 15:04:10.958736 <... nanosleep resumed>NULL) = 0 <0.010904>
[pid 14692] 15:04:10.958931 <... rt_sigprocmask resumed>NULL, 8) = 0 <0.000373>
[pid 14697] 15:04:10.959122 futex(0xc000100148, FUTEX_WAIT_PRIVATE, 0, NULL <unfinished ...>
[pid 14692] 15:04:10.959488 futex(0xc000100148, FUTEX_WAKE_PRIVATE, 1 <unfinished ...>
[pid 14693] 15:04:10.959831 nanosleep({tv_sec=0, tv_nsec=10000000},  <unfinished ...>
[pid 14692] 15:04:10.960221 <... futex resumed>) = 0 <0.000407>
[pid 14697] 15:04:10.960409 <... futex resumed>) = -1 EAGAIN (Resource temporarily unavailable) <0.001102>
[pid 14692] 15:04:10.960612 futex(0xc000075948, FUTEX_WAKE_PRIVATE, 1 <unfinished ...>
[pid 14697] 15:04:10.960964 futex(0xc000361148, FUTEX_WAKE_PRIVATE, 1 <unfinished ...>
[pid 14692] 15:04:10.961311 <... futex resumed>) = 1 <0.000373>
[pid 14695] 15:04:10.961504 <... futex resumed>) = 0 <0.003691>
[pid 14692] 15:04:10.961704 futex(0x1b95aa0, FUTEX_WAIT_PRIVATE, 0, NULL <unfinished ...>
[pid 14699] 15:04:10.962047 <... futex resumed>) = 0 <0.004780>
[pid 14697] 15:04:10.962239 <... futex resumed>) = 1 <0.001113>
[pid 14699] 15:04:10.962446 futex(0xc000361148, FUTEX_WAIT_PRIVATE, 0, NULL <unfinished ...>
[pid 14695] 15:04:10.962783 futex(0xc000075948, FUTEX_WAIT_PRIVATE, 0, NULL <unfinished ...>
[pid 14699] 15:04:10.963132 <... futex resumed>) = -1 EAGAIN (Resource temporarily unavailable) <0.000358>
[pid 14697] 15:04:10.963320 futex(0xc000361148, FUTEX_WAKE_PRIVATE, 1 <unfinished ...>
[pid 14699] 15:04:10.963808 nanosleep({tv_sec=0, tv_nsec=3000},  <unfinished ...>
[pid 14697] 15:04:10.964312 <... futex resumed>) = 0 <0.000612>
[pid 14699] 15:04:10.964554 <... nanosleep resumed>NULL) = 0 <0.000466>
[pid 14697] 15:04:10.964752 futex(0x1b95aa0, FUTEX_WAKE_PRIVATE, 1 <unfinished ...>
[pid 14699] 15:04:10.965113 futex(0xc000361148, FUTEX_WAIT_PRIVATE, 0, NULL <unfinished ...>
[pid 14692] 15:04:10.965462 <... futex resumed>) = 0 <0.003442>
[pid 14697] 15:04:10.965654 <... futex resumed>) = 1 <0.000732>
[pid 14692] 15:04:10.965847 rt_sigprocmask(SIG_SETMASK, [KILL STOP RT_14 RT_15 RT_16 RT_17 RT_18 RT_19 RT_20 RT_21 RT_22 RT_23 RT_24 RT_25 RT_26 RT_27 RT_28 RT_29 RT_30 RT_31 RT_32],  <unfinished ...>
[pid 14697] 15:04:10.966225 futex(0xc000100148, FUTEX_WAIT_PRIVATE, 0, NULL <unfinished ...>
[pid 14692] 15:04:10.966588 <... rt_sigprocmask resumed>NULL, 8) = 0 <0.000380>
[pid 14692] 15:04:10.966847 futex(0xc000100148, FUTEX_WAKE_PRIVATE, 1) = 1 <0.000093>
[pid 14697] 15:04:10.967291 <... futex resumed>) = 0 <0.000898>
[pid 14692] 15:04:10.967483 futex(0xc000361148, FUTEX_WAKE_PRIVATE, 1 <unfinished ...>
[pid 14697] 15:04:10.967877 futex(0xc000075948, FUTEX_WAKE_PRIVATE, 1 <unfinished ...>
[pid 14692] 15:04:10.968236 <... futex resumed>) = 1 <0.000419>
[pid 14699] 15:04:10.968428 <... futex resumed>) = 0 <0.003144>
[pid 14692] 15:04:10.968633 futex(0x1b95aa0, FUTEX_WAIT_PRIVATE, 0, NULL <unfinished ...>
[pid 14697] 15:04:10.968973 <... futex resumed>) = 1 <0.000776>
[pid 14695] 15:04:10.969156 <... futex resumed>) = 0 <0.006208>
[pid 14699] 15:04:10.969350 futex(0xc000361148, FUTEX_WAIT_PRIVATE, 0, NULL <unfinished ...>
[pid 14697] 15:04:10.969699 futex(0x1b95aa0, FUTEX_WAKE_PRIVATE, 1 <unfinished ...>
[pid 14695] 15:04:10.970041 futex(0xc000075948, FUTEX_WAIT_PRIVATE, 0, NULL <unfinished ...>
[pid 14692] 15:04:10.970395 <... futex resumed>) = 0 <0.001430>
[pid 14697] 15:04:10.970584 <... futex resumed>) = 1 <0.000725>
[pid 14692] 15:04:10.970776 rt_sigprocmask(SIG_SETMASK, [KILL STOP RT_15 RT_16 RT_17 RT_18 RT_19 RT_20 RT_21 RT_22 RT_23 RT_24 RT_25 RT_26 RT_27 RT_28 RT_29 RT_30 RT_31 RT_32],  <unfinished ...>
[pid 14693] 15:04:10.971130 <... nanosleep resumed>NULL) = 0 <0.010937>
[pid 14692] 15:04:10.971325 <... rt_sigprocmask resumed>NULL, 8) = 0 <0.000374>
[pid 14697] 15:04:10.971512 futex(0xc000100148, FUTEX_WAIT_PRIVATE, 0, NULL <unfinished ...>
[pid 14692] 15:04:10.971867 futex(0xc000100148, FUTEX_WAKE_PRIVATE, 1 <unfinished ...>
[pid 14693] 15:04:10.972207 nanosleep({tv_sec=0, tv_nsec=10000000},  <unfinished ...>
[pid 14692] 15:04:10.972558 <... futex resumed>) = 0 <0.000368>
[pid 14697] 15:04:10.972743 <... futex resumed>) = -1 EAGAIN (Resource temporarily unavailable) <0.001062>
[pid 14692] 15:04:10.972972 futex(0xc000075948, FUTEX_WAKE_PRIVATE, 1 <unfinished ...>
[pid 14697] 15:04:10.973331 futex(0xc000361148, FUTEX_WAKE_PRIVATE, 1 <unfinished ...>
[pid 14692] 15:04:10.973700 <... futex resumed>) = 1 <0.000379>
[pid 14695] 15:04:10.973902 <... futex resumed>) = 0 <0.003697>
[pid 14692] 15:04:10.974775 futex(0x1b95aa0, FUTEX_WAIT_PRIVATE, 0, NULL <unfinished ...>
[pid 14699] 15:04:10.975263 <... futex resumed>) = 0 <0.005551>
[pid 14697] 15:04:10.975524 <... futex resumed>) = 1 <0.002032>
[pid 14699] 15:04:10.975774 futex(0xc000361148, FUTEX_WAIT_PRIVATE, 0, NULL <unfinished ...>
[pid 14695] 15:04:10.976242 futex(0xc000075948, FUTEX_WAIT_PRIVATE, 0, NULL <unfinished ...>
[pid 14699] 15:04:10.976746 <... futex resumed>) = -1 EAGAIN (Resource temporarily unavailable) <0.000542>
[pid 14697] 15:04:10.977019 futex(0xc000361148, FUTEX_WAKE_PRIVATE, 1 <unfinished ...>
[pid 14699] 15:04:10.977518 nanosleep({tv_sec=0, tv_nsec=3000},  <unfinished ...>
[pid 14697] 15:04:10.977996 <... futex resumed>) = 0 <0.000517>
[pid 14699] 15:04:10.978284 <... nanosleep resumed>NULL) = 0 <0.000515>
[pid 14697] 15:04:10.984618 futex(0x1b95aa0, FUTEX_WAKE_PRIVATE, 1 <unfinished ...>
[pid 14693] 15:04:10.985367 <... nanosleep resumed>NULL) = 0 <0.012709>
[pid 14692] 15:04:10.985639 <... futex resumed>) = 0 <0.010601>
[pid 14699] 15:04:10.985878 futex(0xc000361148, FUTEX_WAIT_PRIVATE, 0, NULL <unfinished ...>
[pid 14697] 15:04:10.986294 <... futex resumed>) = 1 <0.001051>
[pid 14692] 15:04:10.986557 rt_sigprocmask(SIG_SETMASK, [KILL STOP RT_16 RT_17 RT_18 RT_19 RT_20 RT_21 RT_22 RT_23 RT_24 RT_25 RT_26 RT_27 RT_28 RT_29 RT_30 RT_31 RT_32],  <unfinished ...>
[pid 14693] 15:04:10.987057 nanosleep({tv_sec=0, tv_nsec=10000000},  <unfinished ...>
[pid 14692] 15:04:10.987666 <... rt_sigprocmask resumed>NULL, 8) = 0 <0.000616>
[pid 14697] 15:04:10.987923 futex(0xc000100148, FUTEX_WAIT_PRIVATE, 0, NULL <unfinished ...>
[pid 14692] 15:04:10.988363 futex(0xc000100148, FUTEX_WAKE_PRIVATE, 1 <unfinished ...>
[pid 14697] 15:04:10.988784 <... futex resumed>) = -1 EAGAIN (Resource temporarily unavailable) <0.000454>
[pid 14692] 15:04:10.989015 <... futex resumed>) = 0 <0.000462>
[pid 14697] 15:04:10.989219 nanosleep({tv_sec=0, tv_nsec=3000},  <unfinished ...>
[pid 14692] 15:04:10.989744 futex(0xc000361148, FUTEX_WAKE_PRIVATE, 1 <unfinished ...>
[pid 14697] 15:04:10.990163 <... nanosleep resumed>NULL) = 0 <0.000458>
[pid 14692] 15:04:10.990390 <... futex resumed>) = 1 <0.000459>
[pid 14699] 15:04:10.990608 <... futex resumed>) = 0 <0.004529>
[pid 14692] 15:04:10.990839 futex(0x1b95aa0, FUTEX_WAIT_PRIVATE, 0, NULL <unfinished ...>
[pid 14697] 15:04:10.991269 futex(0xc000075948, FUTEX_WAKE_PRIVATE, 1 <unfinished ...>
[pid 14699] 15:04:10.991699 futex(0xc000361148, FUTEX_WAIT_PRIVATE, 0, NULL <unfinished ...>
[pid 14697] 15:04:10.992087 <... futex resumed>) = 1 <0.000438>
[pid 14695] 15:04:10.992306 <... futex resumed>) = 0 <0.015800>
[pid 14697] 15:04:10.992534 futex(0x1b95aa0, FUTEX_WAKE_PRIVATE, 1 <unfinished ...>
[pid 14695] 15:04:10.992958 futex(0xc000075948, FUTEX_WAIT_PRIVATE, 0, NULL <unfinished ...>
[pid 14692] 15:04:10.993370 <... futex resumed>) = 0 <0.002149>
[pid 14697] 15:04:10.993583 <... futex resumed>) = 1 <0.000840>
[pid 14692] 15:04:10.993814 rt_sigprocmask(SIG_SETMASK, [KILL STOP RT_17 RT_18 RT_19 RT_20 RT_21 RT_22 RT_23 RT_24 RT_25 RT_26 RT_27 RT_28 RT_29 RT_30 RT_31 RT_32],  <unfinished ...>
[pid 14697] 15:04:10.994260 futex(0xc000100148, FUTEX_WAIT_PRIVATE, 0, NULL <unfinished ...>
[pid 14692] 15:04:10.994642 <... rt_sigprocmask resumed>NULL, 8) = 0 <0.000454>
[pid 14692] 15:04:10.994879 futex(0xc000100148, FUTEX_WAKE_PRIVATE, 1) = 1 <0.000088>
[pid 14697] 15:04:10.995323 <... futex resumed>) = 0 <0.000878>
[pid 14692] 15:04:10.995525 futex(0xc000075948, FUTEX_WAKE_PRIVATE, 1 <unfinished ...>
[pid 14697] 15:04:10.995899 futex(0xc000361148, FUTEX_WAKE_PRIVATE, 1 <unfinished ...>
[pid 14692] 15:04:10.996248 <... futex resumed>) = 1 <0.000380>
[pid 14695] 15:04:10.996444 <... futex resumed>) = 0 <0.003290>
[pid 14692] 15:04:10.996657 futex(0x1b95aa0, FUTEX_WAIT_PRIVATE, 0, NULL <unfinished ...>
[pid 14699] 15:04:10.997091 <... futex resumed>) = 0 <0.005038>
[pid 14697] 15:04:10.997289 <... futex resumed>) = 1 <0.001224>
[pid 14699] 15:04:10.997485 futex(0xc000361148, FUTEX_WAIT_PRIVATE, 0, NULL <unfinished ...>
[pid 14695] 15:04:10.997849 futex(0xc000075948, FUTEX_WAIT_PRIVATE, 0, NULL <unfinished ...>
[pid 14699] 15:04:10.998199 <... futex resumed>) = -1 EAGAIN (Resource temporarily unavailable) <0.000372>
[pid 14697] 15:04:10.998403 futex(0xc000361148, FUTEX_WAKE_PRIVATE, 1 <unfinished ...>
[pid 14693] 15:04:10.998753 <... nanosleep resumed>NULL) = 0 <0.011224>
[pid 14699] 15:04:10.998952 nanosleep({tv_sec=0, tv_nsec=3000},  <unfinished ...>
[pid 14697] 15:04:10.999305 <... futex resumed>) = 0 <0.000574>
[pid 14699] 15:04:10.999508 <... nanosleep resumed>NULL) = 0 <0.000381>
[pid 14693] 15:04:10.999695 nanosleep({tv_sec=0, tv_nsec=10000000},  <unfinished ...>
[pid 14699] 15:04:11.000056 futex(0xc000361148, FUTEX_WAIT_PRIVATE, 0, NULL <unfinished ...>
[pid 14697] 15:04:11.000414 futex(0x1b95aa0, FUTEX_WAKE_PRIVATE, 1 <unfinished ...>
[pid 14692] 15:04:11.000831 <... futex resumed>) = 0 <0.003771>
[pid 14697] 15:04:11.001043 <... futex resumed>) = 1 <0.000459>
[pid 14692] 15:04:11.001240 rt_sigprocmask(SIG_SETMASK, [KILL STOP RT_18 RT_19 RT_20 RT_21 RT_22 RT_23 RT_24 RT_25 RT_26 RT_27 RT_28 RT_29 RT_30 RT_31 RT_32],  <unfinished ...>
[pid 14697] 15:04:11.001644 futex(0xc000100148, FUTEX_WAIT_PRIVATE, 0, NULL <unfinished ...>
[pid 14692] 15:04:11.001998 <... rt_sigprocmask resumed>NULL, 8) = 0 <0.000380>
[pid 14692] 15:04:11.002227 futex(0xc000100148, FUTEX_WAKE_PRIVATE, 1) = 1 <0.000099>
[pid 14697] 15:04:11.002681 <... futex resumed>) = 0 <0.000870>
[pid 14692] 15:04:11.002883 futex(0xc000361148, FUTEX_WAKE_PRIVATE, 1 <unfinished ...>
[pid 14697] 15:04:11.003246 futex(0xc000075948, FUTEX_WAKE_PRIVATE, 1 <unfinished ...>
[pid 14692] 15:04:11.003615 <... futex resumed>) = 1 <0.000392>
[pid 14699] 15:04:11.003813 <... futex resumed>) = 0 <0.003585>
[pid 14692] 15:04:11.004008 futex(0x1b95aa0, FUTEX_WAIT_PRIVATE, 0, NULL <unfinished ...>
[pid 14697] 15:04:11.004360 <... futex resumed>) = 1 <0.000787>
[pid 14695] 15:04:11.004574 <... futex resumed>) = 0 <0.006561>
[pid 14699] 15:04:11.004771 futex(0xc000361148, FUTEX_WAIT_PRIVATE, 0, NULL <unfinished ...>
[pid 14697] 15:04:11.005123 futex(0x1b95aa0, FUTEX_WAKE_PRIVATE, 1 <unfinished ...>
[pid 14695] 15:04:11.005472 futex(0xc000075948, FUTEX_WAIT_PRIVATE, 0, NULL <unfinished ...>
[pid 14692] 15:04:11.005832 <... futex resumed>) = 0 <0.001496>
[pid 14697] 15:04:11.006028 <... futex resumed>) = 1 <0.000740>
[pid 14692] 15:04:11.006221 rt_sigprocmask(SIG_SETMASK, [KILL STOP RT_19 RT_20 RT_21 RT_22 RT_23 RT_24 RT_25 RT_26 RT_27 RT_28 RT_29 RT_30 RT_31 RT_32],  <unfinished ...>
[pid 14697] 15:04:11.006586 futex(0xc000100148, FUTEX_WAIT_PRIVATE, 0, NULL <unfinished ...>
[pid 14692] 15:04:11.006974 <... rt_sigprocmask resumed>NULL, 8) = 0 <0.000411>
[pid 14692] 15:04:11.007203 futex(0xc000100148, FUTEX_WAKE_PRIVATE, 1) = 1 <0.000088>
[pid 14697] 15:04:11.007668 <... futex resumed>) = 0 <0.000881>
[pid 14692] 15:04:11.007870 futex(0xc000075948, FUTEX_WAKE_PRIVATE, 1 <unfinished ...>
[pid 14697] 15:04:11.008228 futex(0xc000361148, FUTEX_WAKE_PRIVATE, 1 <unfinished ...>
[pid 14692] 15:04:11.008591 <... futex resumed>) = 1 <0.000390>
[pid 14695] 15:04:11.008792 <... futex resumed>) = 0 <0.003141>
[pid 14692] 15:04:11.008988 futex(0x1b95aa0, FUTEX_WAIT_PRIVATE, 0, NULL <unfinished ...>
[pid 14699] 15:04:11.009339 <... futex resumed>) = 0 <0.004240>
[pid 14697] 15:04:11.009536 <... futex resumed>) = 1 <0.001134>
[pid 14699] 15:04:11.009736 futex(0xc000361148, FUTEX_WAIT_PRIVATE, 0, NULL <unfinished ...>
[pid 14695] 15:04:11.010098 futex(0xc000075948, FUTEX_WAIT_PRIVATE, 0, NULL <unfinished ...>
[pid 14699] 15:04:11.010466 <... futex resumed>) = -1 EAGAIN (Resource temporarily unavailable) <0.000397>
[pid 14697] 15:04:11.010665 futex(0xc000361148, FUTEX_WAKE_PRIVATE, 1 <unfinished ...>
[pid 14693] 15:04:11.011019 <... nanosleep resumed>NULL) = 0 <0.010983>
[pid 14699] 15:04:11.011212 nanosleep({tv_sec=0, tv_nsec=3000},  <unfinished ...>
[pid 14697] 15:04:11.011586 <... futex resumed>) = 0 <0.000583>
[pid 14699] 15:04:11.011807 <... nanosleep resumed>NULL) = 0 <0.000412>
[pid 14693] 15:04:11.011996 nanosleep({tv_sec=0, tv_nsec=10000000},  <unfinished ...>
[pid 14699] 15:04:11.012364 futex(0xc000361148, FUTEX_WAIT_PRIVATE, 0, NULL <unfinished ...>
[pid 14697] 15:04:11.012715 futex(0x1b95aa0, FUTEX_WAKE_PRIVATE, 1 <unfinished ...>
[pid 14692] 15:04:11.013245 <... futex resumed>) = 0 <0.003854>
[pid 14697] 15:04:11.013600 <... futex resumed>) = 1 <0.000690>
[pid 14692] 15:04:11.013894 rt_sigprocmask(SIG_SETMASK, [KILL STOP RT_20 RT_21 RT_22 RT_23 RT_24 RT_25 RT_26 RT_27 RT_28 RT_29 RT_30 RT_31 RT_32],  <unfinished ...>
[pid 14697] 15:04:11.014564 futex(0xc000100148, FUTEX_WAIT_PRIVATE, 0, NULL <unfinished ...>
[pid 14692] 15:04:11.015180 <... rt_sigprocmask resumed>NULL, 8) = 0 <0.000589>
[pid 14692] 15:04:11.015551 futex(0xc000100148, FUTEX_WAKE_PRIVATE, 1) = 1 <0.000103>
[pid 14697] 15:04:11.016154 <... futex resumed>) = 0 <0.001330>
[pid 14692] 15:04:11.016377 futex(0xc000361148, FUTEX_WAKE_PRIVATE, 1 <unfinished ...>
[pid 14697] 15:04:11.016765 futex(0xc000075948, FUTEX_WAKE_PRIVATE, 1 <unfinished ...>
[pid 14692] 15:04:11.017145 <... futex resumed>) = 1 <0.000429>
[pid 14699] 15:04:11.017345 <... futex resumed>) = 0 <0.004806>
[pid 14692] 15:04:11.017543 futex(0x1b95aa0, FUTEX_WAIT_PRIVATE, 0, NULL <unfinished ...>
[pid 14697] 15:04:11.017899 <... futex resumed>) = 1 <0.000795>
[pid 14695] 15:04:11.018109 <... futex resumed>) = 0 <0.007827>
[pid 14699] 15:04:11.018309 futex(0xc000361148, FUTEX_WAIT_PRIVATE, 0, NULL <unfinished ...>
[pid 14697] 15:04:11.018679 futex(0x1b95aa0, FUTEX_WAKE_PRIVATE, 1 <unfinished ...>
[pid 14695] 15:04:11.019031 futex(0xc000075948, FUTEX_WAIT_PRIVATE, 0, NULL <unfinished ...>
[pid 14692] 15:04:11.019399 <... futex resumed>) = 0 <0.001526>
[pid 14697] 15:04:11.019595 <... futex resumed>) = 1 <0.000749>
[pid 14692] 15:04:11.019789 rt_sigprocmask(SIG_SETMASK, [KILL STOP RT_21 RT_22 RT_23 RT_24 RT_25 RT_26 RT_27 RT_28 RT_29 RT_30 RT_31 RT_32],  <unfinished ...>
[pid 14697] 15:04:11.020160 futex(0xc000100148, FUTEX_WAIT_PRIVATE, 0, NULL <unfinished ...>
[pid 14692] 15:04:11.020513 <... rt_sigprocmask resumed>NULL, 8) = 0 <0.000385>
[pid 14692] 15:04:11.020753 futex(0xc000100148, FUTEX_WAKE_PRIVATE, 1) = 1 <0.000088>
[pid 14697] 15:04:11.021206 <... futex resumed>) = 0 <0.000871>
[pid 14692] 15:04:11.021407 futex(0xc000075948, FUTEX_WAKE_PRIVATE, 1 <unfinished ...>
[pid 14697] 15:04:11.021765 futex(0xc000361148, FUTEX_WAKE_PRIVATE, 1 <unfinished ...>
[pid 14692] 15:04:11.022123 <... futex resumed>) = 1 <0.000391>
[pid 14695] 15:04:11.022320 <... futex resumed>) = 0 <0.003101>
[pid 14692] 15:04:11.022530 futex(0x1b95aa0, FUTEX_WAIT_PRIVATE, 0, NULL <unfinished ...>
[pid 14699] 15:04:11.022879 <... futex resumed>) = 0 <0.004223>
[pid 14697] 15:04:11.023074 <... futex resumed>) = 1 <0.001137>
[pid 14693] 15:04:11.023267 <... nanosleep resumed>NULL) = 0 <0.011089>
[pid 14699] 15:04:11.023470 futex(0xc000361148, FUTEX_WAIT_PRIVATE, 0, NULL <unfinished ...>
[pid 14697] 15:04:11.023822 futex(0xc000361148, FUTEX_WAKE_PRIVATE, 1 <unfinished ...>
[pid 14695] 15:04:11.024170 futex(0xc000075948, FUTEX_WAIT_PRIVATE, 0, NULL <unfinished ...>
[pid 14699] 15:04:11.024531 <... futex resumed>) = -1 EAGAIN (Resource temporarily unavailable) <0.000731>
[pid 14697] 15:04:11.024721 <... futex resumed>) = 0 <0.000736>
[pid 14693] 15:04:11.024919 nanosleep({tv_sec=0, tv_nsec=10000000},  <unfinished ...>
[pid 14699] 15:04:11.025280 nanosleep({tv_sec=0, tv_nsec=3000},  <unfinished ...>
[pid 14697] 15:04:11.025628 futex(0x1b95aa0, FUTEX_WAKE_PRIVATE, 1 <unfinished ...>
[pid 14699] 15:04:11.025987 <... nanosleep resumed>NULL) = 0 <0.000375>
[pid 14692] 15:04:11.026188 <... futex resumed>) = 0 <0.003485>
[pid 14697] 15:04:11.026424 <... futex resumed>) = 1 <0.000624>
[pid 14692] 15:04:11.026637 rt_sigprocmask(SIG_SETMASK, [KILL STOP RT_22 RT_23 RT_24 RT_25 RT_26 RT_27 RT_28 RT_29 RT_30 RT_31 RT_32],  <unfinished ...>
[pid 14699] 15:04:11.026994 futex(0xc000361148, FUTEX_WAIT_PRIVATE, 0, NULL <unfinished ...>
[pid 14692] 15:04:11.027352 <... rt_sigprocmask resumed>NULL, 8) = 0 <0.000378>
[pid 14697] 15:04:11.027542 futex(0xc000100148, FUTEX_WAIT_PRIVATE, 0, NULL <unfinished ...>
[pid 14692] 15:04:11.027900 futex(0xc000100148, FUTEX_WAKE_PRIVATE, 1 <unfinished ...>
[pid 14697] 15:04:11.028251 <... futex resumed>) = -1 EAGAIN (Resource temporarily unavailable) <0.000379>
[pid 14692] 15:04:11.028457 <... futex resumed>) = 0 <0.000386>
[pid 14697] 15:04:11.028650 nanosleep({tv_sec=0, tv_nsec=3000},  <unfinished ...>
[pid 14692] 15:04:11.029026 futex(0xc000361148, FUTEX_WAKE_PRIVATE, 1 <unfinished ...>
[pid 14697] 15:04:11.029400 <... nanosleep resumed>NULL) = 0 <0.000394>
[pid 14692] 15:04:11.029674 <... futex resumed>) = 1 <0.000473>
[pid 14699] 15:04:11.029910 <... futex resumed>) = 0 <0.002745>
[pid 14692] 15:04:11.030140 futex(0x1b95aa0, FUTEX_WAIT_PRIVATE, 0, NULL <unfinished ...>
[pid 14697] 15:04:11.030511 futex(0xc000075948, FUTEX_WAKE_PRIVATE, 1 <unfinished ...>
[pid 14699] 15:04:11.030895 futex(0xc000361148, FUTEX_WAIT_PRIVATE, 0, NULL <unfinished ...>
[pid 14697] 15:04:11.031267 <... futex resumed>) = 1 <0.000387>
[pid 14695] 15:04:11.031482 <... futex resumed>) = 0 <0.007139>
[pid 14697] 15:04:11.031677 futex(0x1b95aa0, FUTEX_WAKE_PRIVATE, 1 <unfinished ...>
[pid 14695] 15:04:11.032038 futex(0xc000075948, FUTEX_WAIT_PRIVATE, 0, NULL <unfinished ...>
[pid 14692] 15:04:11.032392 <... futex resumed>) = 0 <0.001921>
[pid 14697] 15:04:11.032608 <... futex resumed>) = 1 <0.000756>
[pid 14692] 15:04:11.032800 rt_sigprocmask(SIG_SETMASK, [KILL STOP RT_23 RT_24 RT_25 RT_26 RT_27 RT_28 RT_29 RT_30 RT_31 RT_32],  <unfinished ...>
[pid 14697] 15:04:11.033163 futex(0xc000100148, FUTEX_WAIT_PRIVATE, 0, NULL <unfinished ...>
[pid 14692] 15:04:11.033513 <... rt_sigprocmask resumed>NULL, 8) = 0 <0.000377>
[pid 14692] 15:04:11.033753 futex(0xc000100148, FUTEX_WAKE_PRIVATE, 1) = 1 <0.000088>
[pid 14697] 15:04:11.034194 <... futex resumed>) = 0 <0.000860>
[pid 14692] 15:04:11.034394 futex(0xc000075948, FUTEX_WAKE_PRIVATE, 1 <unfinished ...>
[pid 14697] 15:04:11.034761 futex(0xc000361148, FUTEX_WAKE_PRIVATE, 1 <unfinished ...>
[pid 14692] 15:04:11.035121 <... futex resumed>) = 1 <0.000398>
