[pid 14754] 15:04:23.566540 futex(0xc00034f948, FUTEX_WAIT_PRIVATE, 0, NULL <unfinished ...>
[pid 14748] 15:04:23.567222 <... futex resumed>) = 0 <0.001590>
[pid 14755] 15:04:23.567562 <... futex resumed>) = 1 <0.001268>
[pid 14751] 15:04:23.567884 futex(0xc000075948, FUTEX_WAIT_PRIVATE, 0, NULL <unfinished ...>
[pid 14748] 15:04:23.568437 rt_sigprocmask(SIG_SETMASK, [KILL USR1 USR2 PIPE ALRM CONT STOP TSTP TTIN TTOU XCPU XFSZ VTALRM WINCH IO PWR RT_3 RT_4 RT_5 RT_6 RT_7 RT_8 RT_9 RT_10 RT_11 RT_12 RT_13 RT_14 RT_15 RT_16],  <unfinished ...>
[pid 14755] 15:04:23.569008 futex(0xc000570148, FUTEX_WAIT_PRIVATE, 0, NULL <unfinished ...>
[pid 14748] 15:04:23.569560 <... rt_sigprocmask resumed>NULL, 8) = 0 <0.000605>
[pid 14748] 15:04:23.569930 futex(0xc000570148, FUTEX_WAKE_PRIVATE, 1) = 1 <0.000128>
[pid 14755] 15:04:23.570618 <... futex resumed>) = 0 <0.001343>
[pid 14748] 15:04:23.570910 futex(0xc000075948, FUTEX_WAKE_PRIVATE, 1 <unfinished ...>
[pid 14755] 15:04:23.571426 futex(0xc00034f948, FUTEX_WAKE_PRIVATE, 1 <unfinished ...>
[pid 14748] 15:04:23.571962 <... futex resumed>) = 1 <0.000584>
[pid 14751] 15:04:23.572257 <... futex resumed>) = 0 <0.004099>
[pid 14748] 15:04:23.572530 futex(0x1b95aa0, FUTEX_WAIT_PRIVATE, 0, NULL <unfinished ...>
[pid 14755] 15:04:23.572995 <... futex resumed>) = 1 <0.001094>
[pid 14754] 15:04:23.573366 <... futex resumed>) = 0 <0.006588>
[pid 14749] 15:04:23.573938 <... nanosleep resumed>NULL) = 0 <0.012219>
[pid 14755] 15:04:23.574257 futex(0x1b95aa0, FUTEX_WAKE_PRIVATE, 1 <unfinished ...>
[pid 14754] 15:04:23.574734 futex(0xc00034f948, FUTEX_WAIT_PRIVATE, 0, NULL <unfinished ...>
[pid 14751] 15:04:23.575315 futex(0xc000075948, FUTEX_WAIT_PRIVATE, 0, NULL <unfinished ...>
[pid 14748] 15:04:23.575843 <... futex resumed>) = 0 <0.002871>
[pid 14755] 15:04:23.576102 <... futex resumed>) = 1 <0.001622>
[pid 14749] 15:04:23.576384 nanosleep({tv_sec=0, tv_nsec=10000000},  <unfinished ...>
[pid 14748] 15:04:23.576884 rt_sigprocmask(SIG_SETMASK, [KILL USR1 USR2 PIPE ALRM CONT STOP TSTP TTIN TTOU XCPU XFSZ VTALRM WINCH IO PWR RT_3 RT_4 RT_5 RT_6 RT_7 RT_8 RT_9 RT_10 RT_11 RT_12 RT_13 RT_14 RT_15 RT_16 RT_17],  <unfinished ...>
[pid 14755] 15:04:23.577392 futex(0xc000570148, FUTEX_WAIT_PRIVATE, 0, NULL <unfinished ...>
[pid 14748] 15:04:23.577886 <... rt_sigprocmask resumed>NULL, 8) = 0 <0.000527>
[pid 14748] 15:04:23.578209 futex(0xc000570148, FUTEX_WAKE_PRIVATE, 1) = 1 <0.000108>
[pid 14755] 15:04:23.578803 <... futex resumed>) = 0 <0.001172>
[pid 14748] 15:04:23.579074 futex(0xc00034f948, FUTEX_WAKE_PRIVATE, 1 <unfinished ...>
[pid 14755] 15:04:23.579560 futex(0xc000075948, FUTEX_WAKE_PRIVATE, 1 <unfinished ...>
[pid 14748] 15:04:23.580035 <... futex resumed>) = 1 <0.000528>
[pid 14754] 15:04:23.580274 <... futex resumed>) = 0 <0.005249>
[pid 14748] 15:04:23.580532 futex(0x1b95aa0, FUTEX_WAIT_PRIVATE, 0, NULL <unfinished ...>
[pid 14755] 15:04:23.580966 <... futex resumed>) = 1 <0.000982>
[pid 14751] 15:04:23.581227 <... futex resumed>) = 0 <0.005638>
[pid 14755] 15:04:23.581512 futex(0x1b95aa0, FUTEX_WAKE_PRIVATE, 1 <unfinished ...>
[pid 14754] 15:04:23.582006 futex(0xc00034f948, FUTEX_WAIT_PRIVATE, 0, NULL <unfinished ...>
[pid 14748] 15:04:23.582555 <... futex resumed>) = 0 <0.001558>
[pid 14755] 15:04:23.582832 <... futex resumed>) = 1 <0.001090>
[pid 14751] 15:04:23.583099 futex(0xc000075948, FUTEX_WAIT_PRIVATE, 0, NULL <unfinished ...>
[pid 14748] 15:04:23.583688 rt_sigprocmask(SIG_SETMASK, [KILL USR1 USR2 PIPE ALRM CONT STOP TSTP TTIN TTOU XCPU XFSZ VTALRM WINCH IO PWR RT_3 RT_4 RT_5 RT_6 RT_7 RT_8 RT_9 RT_10 RT_11 RT_12 RT_13 RT_14 RT_15 RT_16 RT_17 RT_18],  <unfinished ...>
[pid 14755] 15:04:23.584993 futex(0xc000570148, FUTEX_WAIT_PRIVATE, 0, NULL <unfinished ...>
[pid 14748] 15:04:23.585482 <... rt_sigprocmask resumed>NULL, 8) = 0 <0.001084>
[pid 14748] 15:04:23.585796 futex(0xc000570148, FUTEX_WAKE_PRIVATE, 1) = 1 <0.000110>
[pid 14755] 15:04:23.586370 <... futex resumed>) = 0 <0.001115>
[pid 14748] 15:04:23.586673 futex(0xc000075948, FUTEX_WAKE_PRIVATE, 1 <unfinished ...>
[pid 14755] 15:04:23.587192 futex(0xc00034f948, FUTEX_WAKE_PRIVATE, 1 <unfinished ...>
[pid 14749] 15:04:23.587685 <... nanosleep resumed>NULL) = 0 <0.010798>
[pid 14748] 15:04:23.587966 <... futex resumed>) = 1 <0.001029>
[pid 14755] 15:04:23.588247 <... futex resumed>) = 1 <0.000835>
[pid 14754] 15:04:23.588501 <... futex resumed>) = 0 <0.006234>
[pid 14751] 15:04:23.588751 <... futex resumed>) = 0 <0.005404>
[pid 14748] 15:04:23.589047 futex(0x1b95aa0, FUTEX_WAIT_PRIVATE, 0, NULL <unfinished ...>
[pid 14755] 15:04:23.589533 futex(0x1b95aa0, FUTEX_WAKE_PRIVATE, 1 <unfinished ...>
[pid 14754] 15:04:23.590007 futex(0xc00034f948, FUTEX_WAIT_PRIVATE, 0, NULL <unfinished ...>
[pid 14749] 15:04:23.590480 nanosleep({tv_sec=0, tv_nsec=10000000},  <unfinished ...>
[pid 14748] 15:04:23.591321 <... futex resumed>) = -1 EAGAIN (Resource temporarily unavailable) <0.001798>
[pid 14755] 15:04:23.591601 <... futex resumed>) = 0 <0.001826>
[pid 14751] 15:04:23.591881 futex(0xc000075948, FUTEX_WAIT_PRIVATE, 0, NULL <unfinished ...>
[pid 14748] 15:04:23.592408 rt_sigprocmask(SIG_SETMASK, [KILL USR1 USR2 PIPE ALRM CONT STOP TSTP TTIN TTOU XCPU XFSZ VTALRM WINCH IO PWR RT_3 RT_4 RT_5 RT_6 RT_7 RT_8 RT_9 RT_10 RT_11 RT_12 RT_13 RT_14 RT_15 RT_16 RT_17 RT_18 RT_19],  <unfinished ...>
[pid 14755] 15:04:23.592898 futex(0xc000570148, FUTEX_WAIT_PRIVATE, 0, NULL <unfinished ...>
[pid 14748] 15:04:23.593361 <... rt_sigprocmask resumed>NULL, 8) = 0 <0.000501>
[pid 14748] 15:04:23.593665 futex(0xc000570148, FUTEX_WAKE_PRIVATE, 1) = 1 <0.000141>
[pid 14755] 15:04:23.594283 <... futex resumed>) = 0 <0.001155>
[pid 14748] 15:04:23.594546 futex(0xc000075948, FUTEX_WAKE_PRIVATE, 1 <unfinished ...>
[pid 14755] 15:04:23.595094 futex(0xc00034f948, FUTEX_WAKE_PRIVATE, 1 <unfinished ...>
[pid 14748] 15:04:23.595591 <... futex resumed>) = 1 <0.000585>
[pid 14751] 15:04:23.595827 <... futex resumed>) = 0 <0.003674>
[pid 14748] 15:04:23.596101 futex(0x1b95aa0, FUTEX_WAIT_PRIVATE, 0, NULL <unfinished ...>
[pid 14755] 15:04:23.596531 <... futex resumed>) = 1 <0.001006>
[pid 14754] 15:04:23.596769 <... futex resumed>) = 0 <0.006538>
[pid 14755] 15:04:23.597015 futex(0x1b95aa0, FUTEX_WAKE_PRIVATE, 1 <unfinished ...>
[pid 14751] 15:04:23.597870 futex(0xc000075948, FUTEX_WAIT_PRIVATE, 0, NULL <unfinished ...>
[pid 14748] 15:04:23.598354 <... futex resumed>) = 0 <0.001822>
[pid 14755] 15:04:23.598634 <... futex resumed>) = 1 <0.001405>
[pid 14754] 15:04:23.598879 futex(0xc00034f948, FUTEX_WAIT_PRIVATE, 0, NULL <unfinished ...>
[pid 14748] 15:04:23.599309 rt_sigprocmask(SIG_SETMASK, [KILL USR1 USR2 PIPE ALRM CONT STOP TSTP TTIN TTOU XCPU XFSZ VTALRM WINCH IO PWR RT_3 RT_4 RT_5 RT_6 RT_7 RT_8 RT_9 RT_10 RT_11 RT_12 RT_13 RT_14 RT_15 RT_16 RT_17 RT_18 RT_19 RT_20],  <unfinished ...>
[pid 14755] 15:04:23.599741 futex(0xc000570148, FUTEX_WAIT_PRIVATE, 0, NULL <unfinished ...>
[pid 14748] 15:04:23.600178 <... rt_sigprocmask resumed>NULL, 8) = 0 <0.000456>
[pid 14748] 15:04:23.600906 futex(0xc000570148, FUTEX_WAKE_PRIVATE, 1) = 1 <0.000118>
[pid 14755] 15:04:23.601577 <... futex resumed>) = 0 <0.001628>
[pid 14748] 15:04:23.601828 futex(0xc00034f948, FUTEX_WAKE_PRIVATE, 1 <unfinished ...>
[pid 14749] 15:04:23.602298 <... nanosleep resumed>NULL) = 0 <0.011025>
[pid 14748] 15:04:23.602548 <... futex resumed>) = 1 <0.000507>
[pid 14755] 15:04:23.602774 futex(0xc000075948, FUTEX_WAKE_PRIVATE, 1 <unfinished ...>
[pid 14754] 15:04:23.603219 <... futex resumed>) = 0 <0.003907>
[pid 14748] 15:04:23.603467 futex(0x1b95aa0, FUTEX_WAIT_PRIVATE, 0, NULL <unfinished ...>
[pid 14755] 15:04:23.603927 <... futex resumed>) = 1 <0.000746>
[pid 14751] 15:04:23.604194 <... futex resumed>) = 0 <0.006099>
[pid 14749] 15:04:23.604483 nanosleep({tv_sec=0, tv_nsec=10000000},  <unfinished ...>
[pid 14755] 15:04:23.605187 futex(0x1b95aa0, FUTEX_WAKE_PRIVATE, 1 <unfinished ...>
[pid 14754] 15:04:23.605821 futex(0xc00034f948, FUTEX_WAIT_PRIVATE, 0, NULL <unfinished ...>
[pid 14751] 15:04:23.606360 futex(0xc000075948, FUTEX_WAIT_PRIVATE, 0, NULL <unfinished ...>
[pid 14748] 15:04:23.606918 <... futex resumed>) = 0 <0.002998>
[pid 14755] 15:04:23.607217 <... futex resumed>) = 1 <0.001702>
[pid 14748] 15:04:23.607521 rt_sigprocmask(SIG_SETMASK, [KILL USR1 USR2 PIPE ALRM CONT STOP TSTP TTIN TTOU XCPU XFSZ VTALRM WINCH IO PWR RT_3 RT_4 RT_5 RT_6 RT_7 RT_8 RT_9 RT_10 RT_11 RT_12 RT_13 RT_14 RT_15 RT_16 RT_17 RT_18 RT_19 RT_20 RT_21],  <unfinished ...>
[pid 14755] 15:04:23.608234 futex(0xc000570148, FUTEX_WAIT_PRIVATE, 0, NULL <unfinished ...>
[pid 14748] 15:04:23.608865 <... rt_sigprocmask resumed>NULL, 8) = 0 <0.000783>
[pid 14748] 15:04:23.609244 futex(0xc000570148, FUTEX_WAKE_PRIVATE, 1) = 1 <0.000107>
[pid 14755] 15:04:23.609884 <... futex resumed>) = 0 <0.001354>
[pid 14748] 15:04:23.610191 futex(0xc000075948, FUTEX_WAKE_PRIVATE, 1 <unfinished ...>
[pid 14755] 15:04:23.610681 futex(0xc00034f948, FUTEX_WAKE_PRIVATE, 1 <unfinished ...>
[pid 14748] 15:04:23.611147 <... futex resumed>) = 1 <0.000524>
[pid 14751] 15:04:23.611400 <... futex resumed>) = 0 <0.004764>
[pid 14748] 15:04:23.611677 futex(0x1b95aa0, FUTEX_WAIT_PRIVATE, 0, NULL <unfinished ...>
[pid 14755] 15:04:23.612147 <... futex resumed>) = 1 <0.001039>
[pid 14754] 15:04:23.612379 <... futex resumed>) = 0 <0.006285>
[pid 14755] 15:04:23.612621 futex(0x1b95aa0, FUTEX_WAKE_PRIVATE, 1 <unfinished ...>
[pid 14751] 15:04:23.613116 futex(0xc000075948, FUTEX_WAIT_PRIVATE, 0, NULL <unfinished ...>
[pid 14748] 15:04:23.613586 <... futex resumed>) = 0 <0.001468>
[pid 14755] 15:04:23.613839 <... futex resumed>) = 1 <0.000972>
[pid 14754] 15:04:23.614087 futex(0xc00034f948, FUTEX_WAIT_PRIVATE, 0, NULL <unfinished ...>
[pid 14748] 15:04:23.614595 rt_sigprocmask(SIG_SETMASK, [KILL USR1 USR2 PIPE ALRM CONT STOP TSTP TTIN TTOU XCPU XFSZ VTALRM WINCH IO PWR RT_3 RT_4 RT_5 RT_6 RT_7 RT_8 RT_9 RT_10 RT_11 RT_12 RT_13 RT_14 RT_15 RT_16 RT_17 RT_18 RT_19 RT_20 RT_21 RT_22],  <unfinished ...>
[pid 14755] 15:04:23.615112 futex(0xc000570148, FUTEX_WAIT_PRIVATE, 0, NULL <unfinished ...>
[pid 14748] 15:04:23.615589 <... rt_sigprocmask resumed>NULL, 8) = 0 <0.000521>
[pid 14749] 15:04:23.615886 <... nanosleep resumed>NULL) = 0 <0.011047>
[pid 14748] 15:04:23.616168 futex(0xc000570148, FUTEX_WAKE_PRIVATE, 1 <unfinished ...>
[pid 14749] 15:04:23.616697 nanosleep({tv_sec=0, tv_nsec=10000000},  <unfinished ...>
[pid 14748] 15:04:23.617297 <... futex resumed>) = 1 <0.000637>
[pid 14755] 15:04:23.617565 <... futex resumed>) = 0 <0.002222>
[pid 14748] 15:04:23.617861 futex(0xc00034f948, FUTEX_WAKE_PRIVATE, 1 <unfinished ...>
[pid 14755] 15:04:23.618376 futex(0xc000075948, FUTEX_WAKE_PRIVATE, 1 <unfinished ...>
[pid 14748] 15:04:23.618888 <... futex resumed>) = 1 <0.000562>
[pid 14754] 15:04:23.619170 <... futex resumed>) = 0 <0.004841>
[pid 14748] 15:04:23.619430 futex(0x1b95aa0, FUTEX_WAIT_PRIVATE, 0, NULL <unfinished ...>
[pid 14755] 15:04:23.619885 <... futex resumed>) = 1 <0.001052>
[pid 14751] 15:04:23.620130 <... futex resumed>) = 0 <0.006782>
[pid 14755] 15:04:23.620397 futex(0x1b95aa0, FUTEX_WAKE_PRIVATE, 1 <unfinished ...>
[pid 14754] 15:04:23.621091 futex(0xc00034f948, FUTEX_WAIT_PRIVATE, 0, NULL <unfinished ...>
[pid 14748] 15:04:23.621659 <... futex resumed>) = 0 <0.001761>
[pid 14755] 15:04:23.621948 <... futex resumed>) = 1 <0.001242>
[pid 14751] 15:04:23.622337 futex(0xc000075948, FUTEX_WAIT_PRIVATE, 0, NULL <unfinished ...>
[pid 14748] 15:04:23.623195 rt_sigprocmask(SIG_SETMASK, [KILL USR1 USR2 PIPE ALRM CONT STOP TSTP TTIN TTOU XCPU XFSZ VTALRM WINCH IO PWR RT_3 RT_4 RT_5 RT_6 RT_7 RT_8 RT_9 RT_10 RT_11 RT_12 RT_13 RT_14 RT_15 RT_16 RT_17 RT_18 RT_19 RT_20 RT_21 RT_22 RT_23],  <unfinished ...>
[pid 14755] 15:04:23.624027 futex(0xc000570148, FUTEX_WAIT_PRIVATE, 0, NULL <unfinished ...>
[pid 14748] 15:04:23.624544 <... rt_sigprocmask resumed>NULL, 8) = 0 <0.000595>
[pid 14748] 15:04:23.624988 futex(0xc000570148, FUTEX_WAKE_PRIVATE, 1) = 1 <0.000115>
[pid 14755] 15:04:23.625986 <... futex resumed>) = 0 <0.001699>
[pid 14748] 15:04:23.626308 futex(0xc000075948, FUTEX_WAKE_PRIVATE, 1 <unfinished ...>
[pid 14755] 15:04:23.626869 futex(0xc00034f948, FUTEX_WAKE_PRIVATE, 1 <unfinished ...>
[pid 14748] 15:04:23.627506 <... futex resumed>) = 1 <0.000679>
[pid 14751] 15:04:23.627824 <... futex resumed>) = 0 <0.004950>
[pid 14748] 15:04:23.628140 futex(0x1b95aa0, FUTEX_WAIT_PRIVATE, 0, NULL <unfinished ...>
[pid 14755] 15:04:23.628634 <... futex resumed>) = 1 <0.001229>
[pid 14754] 15:04:23.628905 <... futex resumed>) = 0 <0.007535>
[pid 14749] 15:04:23.629162 <... nanosleep resumed>NULL) = 0 <0.012162>
[pid 14755] 15:04:23.629470 futex(0x1b95aa0, FUTEX_WAKE_PRIVATE, 1 <unfinished ...>
[pid 14754] 15:04:23.629962 futex(0xc00034f948, FUTEX_WAIT_PRIVATE, 0, NULL <unfinished ...>
[pid 14751] 15:04:23.630442 futex(0xc000075948, FUTEX_WAIT_PRIVATE, 0, NULL <unfinished ...>
[pid 14748] 15:04:23.630917 <... futex resumed>) = 0 <0.002325>
[pid 14755] 15:04:23.631204 <... futex resumed>) = 1 <0.001495>
[pid 14749] 15:04:23.631468 nanosleep({tv_sec=0, tv_nsec=10000000},  <unfinished ...>
[pid 14748] 15:04:23.631943 rt_sigprocmask(SIG_SETMASK, [KILL USR1 USR2 PIPE ALRM CONT STOP TSTP TTIN TTOU XCPU XFSZ VTALRM WINCH IO PWR RT_3 RT_4 RT_5 RT_6 RT_7 RT_8 RT_9 RT_10 RT_11 RT_12 RT_13 RT_14 RT_15 RT_16 RT_17 RT_18 RT_19 RT_20 RT_21 RT_22 RT_23 RT_24],  <unfinished ...>
[pid 14755] 15:04:23.632390 futex(0xc000570148, FUTEX_WAIT_PRIVATE, 0, NULL <unfinished ...>
[pid 14748] 15:04:23.632861 <... rt_sigprocmask resumed>NULL, 8) = 0 <0.000462>
[pid 14748] 15:04:23.633189 futex(0xc000570148, FUTEX_WAKE_PRIVATE, 1) = 1 <0.000100>
[pid 14755] 15:04:23.633779 <... futex resumed>) = 0 <0.001168>
[pid 14748] 15:04:23.634068 futex(0xc00034f948, FUTEX_WAKE_PRIVATE, 1 <unfinished ...>
[pid 14755] 15:04:23.634550 futex(0xc000075948, FUTEX_WAKE_PRIVATE, 1 <unfinished ...>
[pid 14748] 15:04:23.635148 <... futex resumed>) = 1 <0.000523>
[pid 14754] 15:04:23.635430 <... futex resumed>) = 0 <0.005235>
[pid 14748] 15:04:23.635716 futex(0x1b95aa0, FUTEX_WAIT_PRIVATE, 0, NULL <unfinished ...>
[pid 14755] 15:04:23.636187 <... futex resumed>) = 1 <0.001212>
[pid 14751] 15:04:23.636412 <... futex resumed>) = 0 <0.005734>
[pid 14755] 15:04:23.636636 futex(0x1b95aa0, FUTEX_WAKE_PRIVATE, 1 <unfinished ...>
[pid 14754] 15:04:23.637048 futex(0xc00034f948, FUTEX_WAIT_PRIVATE, 0, NULL <unfinished ...>
[pid 14748] 15:04:23.637453 <... futex resumed>) = 0 <0.001318>
[pid 14755] 15:04:23.637667 <... futex resumed>) = 1 <0.000825>
[pid 14751] 15:04:23.637878 futex(0xc000075948, FUTEX_WAIT_PRIVATE, 0, NULL <unfinished ...>
[pid 14748] 15:04:23.638276 rt_sigprocmask(SIG_SETMASK, [KILL USR1 USR2 PIPE ALRM CONT STOP TSTP TTIN TTOU XCPU XFSZ VTALRM WINCH IO PWR RT_3 RT_4 RT_5 RT_6 RT_7 RT_8 RT_9 RT_10 RT_11 RT_12 RT_13 RT_14 RT_15 RT_16 RT_17 RT_18 RT_19 RT_20 RT_21 RT_22 RT_23 RT_24 RT_25],  <unfinished ...>
[pid 14755] 15:04:23.638669 futex(0xc000570148, FUTEX_WAIT_PRIVATE, 0, NULL <unfinished ...>
[pid 14748] 15:04:23.639056 <... rt_sigprocmask resumed>NULL, 8) = 0 <0.000409>
[pid 14748] 15:04:23.639322 futex(0xc000570148, FUTEX_WAKE_PRIVATE, 1) = 1 <0.000100>
[pid 14755] 15:04:23.639808 <... futex resumed>) = 0 <0.000948>
[pid 14748] 15:04:23.640030 futex(0xc000075948, FUTEX_WAKE_PRIVATE, 1 <unfinished ...>
[pid 14755] 15:04:23.640423 futex(0xc00034f948, FUTEX_WAKE_PRIVATE, 1 <unfinished ...>
[pid 14748] 15:04:23.640820 <... futex resumed>) = 1 <0.000424>
[pid 14751] 15:04:23.641038 <... futex resumed>) = 0 <0.002971>
[pid 14748] 15:04:23.641253 futex(0x1b95aa0, FUTEX_WAIT_PRIVATE, 0, NULL <unfinished ...>
[pid 14755] 15:04:23.641735 <... futex resumed>) = 1 <0.000932>
[pid 14754] 15:04:23.641954 <... futex resumed>) = 0 <0.004714>
[pid 14755] 15:04:23.642182 futex(0x1b95aa0, FUTEX_WAKE_PRIVATE, 1 <unfinished ...>
[pid 14751] 15:04:23.642606 futex(0xc000075948, FUTEX_WAIT_PRIVATE, 0, NULL <unfinished ...>
[pid 14749] 15:04:23.643161 <... nanosleep resumed>NULL) = 0 <0.011181>
[pid 14748] 15:04:23.643437 <... futex resumed>) = 0 <0.001915>
[pid 14755] 15:04:23.643668 <... futex resumed>) = 1 <0.001278>
[pid 14754] 15:04:23.643889 futex(0xc00034f948, FUTEX_WAIT_PRIVATE, 0, NULL <unfinished ...>
[pid 14748] 15:04:23.644305 rt_sigprocmask(SIG_SETMASK, [KILL USR1 USR2 PIPE ALRM CONT STOP TSTP TTIN TTOU XCPU XFSZ VTALRM WINCH IO PWR RT_3 RT_4 RT_5 RT_6 RT_7 RT_8 RT_9 RT_10 RT_11 RT_12 RT_13 RT_14 RT_15 RT_16 RT_17 RT_18 RT_19 RT_20 RT_21 RT_22 RT_23 RT_24 RT_25 RT_26],  <unfinished ...>
[pid 14755] 15:04:23.644757 futex(0xc000570148, FUTEX_WAIT_PRIVATE, 0, NULL <unfinished ...>
[pid 14749] 15:04:23.645173 nanosleep({tv_sec=0, tv_nsec=10000000},  <unfinished ...>
[pid 14748] 15:04:23.645597 <... rt_sigprocmask resumed>NULL, 8) = 0 <0.000896>
[pid 14748] 15:04:23.645859 futex(0xc000570148, FUTEX_WAKE_PRIVATE, 1) = 1 <0.000107>
[pid 14755] 15:04:23.646365 <... futex resumed>) = 0 <0.001398>
[pid 14748] 15:04:23.646596 futex(0xc00034f948, FUTEX_WAKE_PRIVATE, 1 <unfinished ...>
[pid 14755] 15:04:23.647003 futex(0xc000075948, FUTEX_WAKE_PRIVATE, 1 <unfinished ...>
[pid 14748] 15:04:23.647405 <... futex resumed>) = 1 <0.000437>
[pid 14754] 15:04:23.647617 <... futex resumed>) = 0 <0.003523>
[pid 14748] 15:04:23.647846 futex(0x1b95aa0, FUTEX_WAIT_PRIVATE, 0, NULL <unfinished ...>
[pid 14755] 15:04:23.648238 <... futex resumed>) = 1 <0.000866>
[pid 14751] 15:04:23.648446 <... futex resumed>) = 0 <0.005588>
[pid 14755] 15:04:23.648665 futex(0x1b95aa0, FUTEX_WAKE_PRIVATE, 1 <unfinished ...>
[pid 14754] 15:04:23.649072 futex(0xc00034f948, FUTEX_WAIT_PRIVATE, 0, NULL <unfinished ...>
[pid 14748] 15:04:23.649480 <... futex resumed>) = 0 <0.001275>
[pid 14755] 15:04:23.649688 <... futex resumed>) = 1 <0.000829>
[pid 14751] 15:04:23.649916 futex(0xc000075948, FUTEX_WAIT_PRIVATE, 0, NULL <unfinished ...>
[pid 14748] 15:04:23.650340 rt_sigprocmask(SIG_SETMASK, [KILL USR1 USR2 PIPE ALRM CONT STOP TSTP TTIN TTOU XCPU XFSZ VTALRM WINCH IO PWR RT_3 RT_4 RT_5 RT_6 RT_7 RT_8 RT_9 RT_10 RT_11 RT_12 RT_13 RT_14 RT_15 RT_16 RT_17 RT_18 RT_19 RT_20 RT_21 RT_22 RT_23 RT_24 RT_25 RT_26 RT_27],  <unfinished ...>
[pid 14755] 15:04:23.650861 futex(0xc000570148, FUTEX_WAIT_PRIVATE, 0, NULL <unfinished ...>
[pid 14748] 15:04:23.651311 <... rt_sigprocmask resumed>NULL, 8) = 0 <0.000482>
[pid 14748] 15:04:23.651602 futex(0xc000570148, FUTEX_WAKE_PRIVATE, 1) = 1 <0.000108>
[pid 14755] 15:04:23.652152 <... futex resumed>) = 0 <0.001078>
[pid 14748] 15:04:23.652409 futex(0xc000075948, FUTEX_WAKE_PRIVATE, 1 <unfinished ...>
[pid 14755] 15:04:23.652881 futex(0xc00034f948, FUTEX_WAKE_PRIVATE, 1 <unfinished ...>
[pid 14748] 15:04:23.653322 <... futex resumed>) = 1 <0.000504>
[pid 14751] 15:04:23.653553 <... futex resumed>) = 0 <0.003452>
[pid 14748] 15:04:23.653781 futex(0x1b95aa0, FUTEX_WAIT_PRIVATE, 0, NULL <unfinished ...>
[pid 14755] 15:04:23.654181 <... futex resumed>) = 1 <0.000909>
[pid 14754] 15:04:23.654402 <... futex resumed>) = 0 <0.005131>
[pid 14755] 15:04:23.654644 futex(0x1b95aa0, FUTEX_WAKE_PRIVATE, 1 <unfinished ...>
[pid 14751] 15:04:23.655064 futex(0xc000075948, FUTEX_WAIT_PRIVATE, 0, NULL <unfinished ...>
[pid 14748] 15:04:23.655470 <... futex resumed>) = 0 <0.001303>
[pid 14755] 15:04:23.655676 <... futex resumed>) = 1 <0.000835>
[pid 14754] 15:04:23.655898 futex(0xc00034f948, FUTEX_WAIT_PRIVATE, 0, NULL <unfinished ...>
[pid 14748] 15:04:23.656291 rt_sigprocmask(SIG_SETMASK, ~[HUP INT QUIT ILL TRAP ABRT BUS FPE SEGV TERM STKFLT CHLD URG PROF SYS RTMIN RT_1 RT_2 RT_29 RT_30 RT_31 RT_32],  <unfinished ...>
[pid 14755] 15:04:23.656709 futex(0xc000570148, FUTEX_WAIT_PRIVATE, 0, NULL <unfinished ...>
[pid 14749] 15:04:23.657129 <... nanosleep resumed>NULL) = 0 <0.011528>
[pid 14748] 15:04:23.657344 <... rt_sigprocmask resumed>NULL, 8) = 0 <0.000859>
[pid 14749] 15:04:23.657568 nanosleep({tv_sec=0, tv_nsec=10000000},  <unfinished ...>
[pid 14748] 15:04:23.657965 futex(0xc000570148, FUTEX_WAKE_PRIVATE, 1) = 1 <0.000096>
[pid 14755] 15:04:23.658448 <... futex resumed>) = 0 <0.001558>
[pid 14748] 15:04:23.658672 futex(0xc00034f948, FUTEX_WAKE_PRIVATE, 1 <unfinished ...>
[pid 14755] 15:04:23.659074 futex(0xc000075948, FUTEX_WAKE_PRIVATE, 1 <unfinished ...>
[pid 14748] 15:04:23.659465 <... futex resumed>) = 1 <0.000427>
[pid 14754] 15:04:23.659690 <... futex resumed>) = 0 <0.003609>
[pid 14748] 15:04:23.659908 futex(0x1b95aa0, FUTEX_WAIT_PRIVATE, 0, NULL <unfinished ...>
[pid 14755] 15:04:23.660374 <... futex resumed>) = 1 <0.000933>
[pid 14751] 15:04:23.660586 <... futex resumed>) = 0 <0.005337>
[pid 14755] 15:04:23.660815 futex(0x1b95aa0, FUTEX_WAKE_PRIVATE, 1 <unfinished ...>
[pid 14754] 15:04:23.661205 futex(0xc00034f948, FUTEX_WAIT_PRIVATE, 0, NULL <unfinished ...>
[pid 14748] 15:04:23.661586 <... futex resumed>) = 0 <0.001251>
[pid 14755] 15:04:23.661801 <... futex resumed>) = 1 <0.000797>
[pid 14751] 15:04:23.662016 futex(0xc000075948, FUTEX_WAIT_PRIVATE, 0, NULL <unfinished ...>
[pid 14748] 15:04:23.662393 rt_sigprocmask(SIG_SETMASK, ~[HUP INT QUIT ILL TRAP ABRT BUS FPE SEGV TERM STKFLT CHLD URG PROF SYS RTMIN RT_1 RT_2 RT_30 RT_31 RT_32],  <unfinished ...>
[pid 14755] 15:04:23.662799 futex(0xc000570148, FUTEX_WAIT_PRIVATE, 0, NULL <unfinished ...>
[pid 14748] 15:04:23.663209 <... rt_sigprocmask resumed>NULL, 8) = 0 <0.000429>
[pid 14748] 15:04:23.663471 futex(0xc000570148, FUTEX_WAKE_PRIVATE, 1) = 1 <0.000093>
[pid 14755] 15:04:23.664011 <... futex resumed>) = 0 <0.001024>
[pid 14748] 15:04:23.664257 futex(0xc000075948, FUTEX_WAKE_PRIVATE, 1 <unfinished ...>
[pid 14755] 15:04:23.664702 futex(0xc00034f948, FUTEX_WAKE_PRIVATE, 1 <unfinished ...>
[pid 14748] 15:04:23.665211 <... futex resumed>) = 1 <0.000523>
[pid 14751] 15:04:23.665484 <... futex resumed>) = 0 <0.003277>
[pid 14748] 15:04:23.665739 futex(0x1b95aa0, FUTEX_WAIT_PRIVATE, 0, NULL <unfinished ...>
[pid 14755] 15:04:23.666177 <... futex resumed>) = 1 <0.001047>
[pid 14754] 15:04:23.666418 <... futex resumed>) = 0 <0.005026>
[pid 14755] 15:04:23.666671 futex(0x1b95aa0, FUTEX_WAKE_PRIVATE, 1 <unfinished ...>
[pid 14751] 15:04:23.667390 futex(0xc000075948, FUTEX_WAIT_PRIVATE, 0, NULL <unfinished ...>
[pid 14748] 15:04:23.667924 <... futex resumed>) = 0 <0.001741>
[pid 14755] 15:04:23.668241 <... futex resumed>) = 1 <0.001354>
[pid 14754] 15:04:23.668537 futex(0xc00034f948, FUTEX_WAIT_PRIVATE, 0, NULL <unfinished ...>
[pid 14748] 15:04:23.669089 rt_sigprocmask(SIG_SETMASK, ~[HUP INT QUIT ILL TRAP ABRT BUS FPE SEGV TERM STKFLT CHLD URG PROF SYS RTMIN RT_1 RT_2 RT_31 RT_32],  <unfinished ...>
[pid 14755] 15:04:23.669636 futex(0xc000570148, FUTEX_WAIT_PRIVATE, 0, NULL <unfinished ...>
[pid 14749] 15:04:23.670178 <... nanosleep resumed>NULL) = 0 <0.012163>
[pid 14748] 15:04:23.670478 <... rt_sigprocmask resumed>NULL, 8) = 0 <0.001141>
[pid 14749] 15:04:23.670806 nanosleep({tv_sec=0, tv_nsec=10000000},  <unfinished ...>
[pid 14748] 15:04:23.671445 futex(0xc000570148, FUTEX_WAKE_PRIVATE, 1) = 1 <0.000117>
[pid 14755] 15:04:23.672056 <... futex resumed>) = 0 <0.002155>
[pid 14748] 15:04:23.672363 futex(0xc00034f948, FUTEX_WAKE_PRIVATE, 1 <unfinished ...>
[pid 14755] 15:04:23.672895 futex(0xc000075948, FUTEX_WAKE_PRIVATE, 1 <unfinished ...>
[pid 14748] 15:04:23.673398 <... futex resumed>) = 1 <0.000579>
[pid 14754] 15:04:23.673713 <... futex resumed>) = 0 <0.004917>
[pid 14748] 15:04:23.674000 futex(0x1b95aa0, FUTEX_WAIT_PRIVATE, 0, NULL <unfinished ...>
[pid 14755] 15:04:23.674537 <... futex resumed>) = 1 <0.001179>
[pid 14751] 15:04:23.674862 <... futex resumed>) = 0 <0.007208>
[pid 14755] 15:04:23.675163 futex(0x1b95aa0, FUTEX_WAKE_PRIVATE, 1 <unfinished ...>
[pid 14754] 15:04:23.675669 futex(0xc00034f948, FUTEX_WAIT_PRIVATE, 0, NULL <unfinished ...>
[pid 14748] 15:04:23.676280 <... futex resumed>) = 0 <0.001761>
[pid 14755] 15:04:23.676526 <... futex resumed>) = 1 <0.001113>
[pid 14751] 15:04:23.676760 futex(0xc000075948, FUTEX_WAIT_PRIVATE, 0, NULL <unfinished ...>
[pid 14748] 15:04:23.677192 rt_sigprocmask(SIG_SETMASK, ~[HUP INT QUIT ILL TRAP ABRT BUS FPE SEGV TERM STKFLT CHLD URG PROF SYS RTMIN RT_1 RT_2 RT_32],  <unfinished ...>
[pid 14755] 15:04:23.677750 futex(0xc000570148, FUTEX_WAIT_PRIVATE, 0, NULL <unfinished ...>
[pid 14748] 15:04:23.678260 <... rt_sigprocmask resumed>NULL, 8) = 0 <0.000539>
[pid 14748] 15:04:23.678575 futex(0xc000570148, FUTEX_WAKE_PRIVATE, 1) = 1 <0.000117>
[pid 14755] 15:04:23.679209 <... futex resumed>) = 0 <0.001216>
[pid 14748] 15:04:23.679526 futex(0xc000075948, FUTEX_WAKE_PRIVATE, 1 <unfinished ...>
[pid 14755] 15:04:23.680044 futex(0xc00034f948, FUTEX_WAKE_PRIVATE, 1 <unfinished ...>
[pid 14748] 15:04:23.680581 <... futex resumed>) = 1 <0.000534>
[pid 14751] 15:04:23.680926 <... futex resumed>) = 0 <0.003952>
[pid 14748] 15:04:23.681220 futex(0x1b95aa0, FUTEX_WAIT_PRIVATE, 0, NULL <unfinished ...>
[pid 14755] 15:04:23.681708 <... futex resumed>) = 1 <0.001194>
[pid 14754] 15:04:23.681965 <... futex resumed>) = 0 <0.005955>
[pid 14755] 15:04:23.682262 futex(0x1b95aa0, FUTEX_WAKE_PRIVATE, 1 <unfinished ...>
[pid 14751] 15:04:23.682789 futex(0xc000075948, FUTEX_WAIT_PRIVATE, 0, NULL <unfinished ...>
[pid 14749] 15:04:23.683273 <... nanosleep resumed>NULL) = 0 <0.011907>
[pid 14748] 15:04:23.683563 <... futex resumed>) = 0 <0.002116>
[pid 14755] 15:04:23.683944 <... futex resumed>) = 1 <0.001431>
[pid 14754] 15:04:23.684266 futex(0xc00034f948, FUTEX_WAIT_PRIVATE, 0, NULL <unfinished ...>
[pid 14748] 15:04:23.684801 rt_sigprocmask(SIG_SETMASK, ~[HUP INT QUIT ILL TRAP ABRT BUS FPE SEGV TERM STKFLT CHLD URG PROF SYS RTMIN RT_1 RT_2],  <unfinished ...>
[pid 14755] 15:04:23.685349 futex(0xc000570148, FUTEX_WAIT_PRIVATE, 0, NULL <unfinished ...>
[pid 14749] 15:04:23.685976 nanosleep({tv_sec=0, tv_nsec=10000000},  <unfinished ...>
[pid 14748] 15:04:23.686501 <... rt_sigprocmask resumed>NULL, 8) = 0 <0.001205>
[pid 14748] 15:04:23.686839 futex(0xc000570148, FUTEX_WAKE_PRIVATE, 1) = 1 <0.000117>
[pid 14755] 15:04:23.687500 <... futex resumed>) = 0 <0.001862>
[pid 14748] 15:04:23.687816 futex(0xc00034f948, FUTEX_WAKE_PRIVATE, 1 <unfinished ...>
[pid 14755] 15:04:23.688312 futex(0xc000075948, FUTEX_WAKE_PRIVATE, 1 <unfinished ...>
[pid 14748] 15:04:23.688902 <... futex resumed>) = 1 <0.000603>
[pid 14754] 15:04:23.689217 <... futex resumed>) = 0 <0.004674>
[pid 14748] 15:04:23.689491 futex(0x1b95aa0, FUTEX_WAIT_PRIVATE, 0, NULL <unfinished ...>
[pid 14755] 15:04:23.690017 <... futex resumed>) = 1 <0.001166>
[pid 14751] 15:04:23.690286 <... futex resumed>) = 0 <0.007241>
[pid 14755] 15:04:23.690569 futex(0xc00034f948, FUTEX_WAKE_PRIVATE, 1 <unfinished ...>
[pid 14754] 15:04:23.691028 futex(0xc00034f948, FUTEX_WAIT_PRIVATE, 0, NULL <unfinished ...>
[pid 14755] 15:04:23.691513 <... futex resumed>) = 0 <0.000497>
[pid 14751] 15:04:23.691770 futex(0xc000570948, FUTEX_WAKE_PRIVATE, 1 <unfinished ...>
[pid 14755] 15:04:23.692293 futex(0x1bf8ee0, FUTEX_WAIT_PRIVATE, 0, NULL <unfinished ...>
[pid 14754] 15:04:23.692751 <... futex resumed>) = -1 EAGAIN (Resource temporarily unavailable) <0.001280>
[pid 14760] 15:04:23.693020 <... futex resumed>) = 0 <0.439812>
[pid 14751] 15:04:23.693250 <... futex resumed>) = 1 <0.001214>
[pid 14760] 15:04:23.693528 futex(0xc000570948, FUTEX_WAIT_PRIVATE, 0, NULL <unfinished ...>
[pid 14754] 15:04:23.693977 futex(0xc00034f948, FUTEX_WAIT_PRIVATE, 0, NULL <unfinished ...>
[pid 14760] 15:04:23.694477 <... futex resumed>) = -1 EAGAIN (Resource temporarily unavailable) <0.000502>
[pid 14751] 15:04:23.694798 futex(0xc000570948, FUTEX_WAKE_PRIVATE, 1 <unfinished ...>
[pid 14760] 15:04:23.695264 nanosleep({tv_sec=0, tv_nsec=3000},  <unfinished ...>
[pid 14751] 15:04:23.695737 <... futex resumed>) = 0 <0.000502>
[pid 14760] 15:04:23.696006 <... nanosleep resumed>NULL) = 0 <0.000507>
[pid 14751] 15:04:23.696272 write(6, "\0", 1 <unfinished ...>
[pid 14760] 15:04:23.696846 futex(0xc00034f948, FUTEX_WAKE_PRIVATE, 1 <unfinished ...>
[pid 14749] 15:04:23.697366 <... nanosleep resumed>NULL) = 0 <0.010935>
[pid 14760] 15:04:23.697649 <... futex resumed>) = 1 <0.000546>
[pid 14754] 15:04:23.697897 <... futex resumed>) = 0 <0.003678>
[pid 14751] 15:04:23.698138 <... write resumed>) = 1 <0.001610>
[pid 14750] 15:04:23.698385 <... epoll_pwait resumed>[{events=EPOLLIN, data={u32=29327296, u64=29327296}}], 128, 28078, NULL, 0) = 1 <0.468790>
[pid 14760] 15:04:23.698668 futex(0xc000570948, FUTEX_WAIT_PRIVATE, 0, NULL <unfinished ...>
[pid 14754] 15:04:23.699158 futex(0xc00034f948, FUTEX_WAIT_PRIVATE, 0, NULL <unfinished ...>
[pid 14751] 15:04:23.699631 futex(0xc00034f948, FUTEX_WAKE_PRIVATE, 1 <unfinished ...>
[pid 14749] 15:04:23.700079 nanosleep({tv_sec=0, tv_nsec=10000000},  <unfinished ...>
[pid 14754] 15:04:23.700619 <... futex resumed>) = -1 EAGAIN (Resource temporarily unavailable) <0.000980>
[pid 14751] 15:04:23.700895 <... futex resumed>) = 0 <0.001036>
[pid 14750] 15:04:23.701179 read(5,  <unfinished ...>
[pid 14754] 15:04:23.701670 nanosleep({tv_sec=0, tv_nsec=3000},  <unfinished ...>
[pid 14751] 15:04:23.702172 futex(0x1b95aa0, FUTEX_WAKE_PRIVATE, 1 <unfinished ...>
[pid 14754] 15:04:23.702687 <... nanosleep resumed>NULL) = 0 <0.000526>
[pid 14750] 15:04:23.702954 <... read resumed>"\0", 16) = 1 <0.001534>
[pid 14748] 15:04:23.703227 <... futex resumed>) = 0 <0.013489>
[pid 14754] 15:04:23.703492 futex(0xc000570948, FUTEX_WAKE_PRIVATE, 1 <unfinished ...>
[pid 14751] 15:04:23.703984 <... futex resumed>) = 1 <0.001354>
[pid 14748] 15:04:23.704264 rt_sigprocmask(SIG_SETMASK, ~[HUP INT QUIT ILL TRAP ABRT BUS FPE SEGV TERM STKFLT CHLD URG PROF SYS RTMIN RT_1 RT_2],  <unfinished ...>
[pid 14760] 15:04:23.704789 <... futex resumed>) = 0 <0.005653>
[pid 14754] 15:04:23.705048 <... futex resumed>) = 1 <0.001313>
[pid 14750] 15:04:23.705280 epoll_pwait(4,  <unfinished ...>
[pid 14748] 15:04:23.705780 <... rt_sigprocmask resumed>NULL, 8) = 0 <0.001034>
[pid 14760] 15:04:23.706041 epoll_pwait(4,  <unfinished ...>
[pid 14754] 15:04:23.706531 epoll_pwait(4,  <unfinished ...>
[pid 14751] 15:04:23.706989 futex(0xc000075948, FUTEX_WAIT_PRIVATE, 0, NULL <unfinished ...>
[pid 14748] 15:04:23.707571 futex(0xc000075948, FUTEX_WAKE_PRIVATE, 1 <unfinished ...>
[pid 14760] 15:04:23.708079 <... epoll_pwait resumed>[], 128, 0, NULL, 0) = 0 <0.001618>
[pid 14754] 15:04:23.708345 <... epoll_pwait resumed>[], 128, 0, NULL, 0) = 0 <0.001585>
[pid 14750] 15:04:23.708608 <... epoll_pwait resumed>[], 128, 0, NULL, 0) = 0 <0.003083>
[pid 14748] 15:04:23.708902 <... futex resumed>) = 0 <0.001061>
[pid 14760] 15:04:23.709181 epoll_pwait(4,  <unfinished ...>
[pid 14754] 15:04:23.709670 futex(0x1b95aa0, FUTEX_WAKE_PRIVATE, 1 <unfinished ...>
[pid 14751] 15:04:23.710137 <... futex resumed>) = -1 EAGAIN (Resource temporarily unavailable) <0.002722>
[pid 14748] 15:04:23.710413 rt_sigprocmask(SIG_SETMASK, ~[HUP INT QUIT ILL TRAP ABRT BUS FPE SEGV TERM STKFLT CHLD URG PROF SYS RTMIN RT_1 RT_2],  <unfinished ...>
[pid 14760] 15:04:23.710965 <... epoll_pwait resumed>[], 128, 0, NULL, 0) = 0 <0.001269>
[pid 14754] 15:04:23.711251 <... futex resumed>) = 0 <0.001353>
[pid 14750] 15:04:23.711525 epoll_pwait(4,  <unfinished ...>
[pid 14748] 15:04:23.712034 <... rt_sigprocmask resumed>NULL, 8) = 0 <0.001177>
[pid 14760] 15:04:23.712312 futex(0xc000570948, FUTEX_WAIT_PRIVATE, 0, NULL <unfinished ...>
[pid 14754] 15:04:23.712789 futex(0xc00034f948, FUTEX_WAIT_PRIVATE, 0, NULL <unfinished ...>
[pid 14751] 15:04:23.713218 futex(0xc000075948, FUTEX_WAIT_PRIVATE, 0, NULL <unfinished ...>
[pid 14749] 15:04:23.713664 <... nanosleep resumed>NULL) = 0 <0.013142>
[pid 14748] 15:04:23.713918 futex(0xc00034f948, FUTEX_WAKE_PRIVATE, 1 <unfinished ...>
[pid 14754] 15:04:23.714449 <... futex resumed>) = -1 EAGAIN (Resource temporarily unavailable) <0.001220>
[pid 14748] 15:04:23.714736 <... futex resumed>) = 0 <0.000545>
[pid 14749] 15:04:23.715029 nanosleep({tv_sec=0, tv_nsec=10000000},  <unfinished ...>
[pid 14748] 15:04:23.715569 futex(0xc000570948, FUTEX_WAKE_PRIVATE, 1 <unfinished ...>
[pid 14754] 15:04:23.716079 nanosleep({tv_sec=0, tv_nsec=3000},  <unfinished ...>
[pid 14748] 15:04:23.716594 <... futex resumed>) = 1 <0.000536>
[pid 14760] 15:04:23.716841 <... futex resumed>) = 0 <0.004284>
[pid 14748] 15:04:23.717265 futex(0x1b95aa0, FUTEX_WAIT_PRIVATE, 0, NULL <unfinished ...>
[pid 14754] 15:04:23.717777 <... nanosleep resumed>NULL) = 0 <0.001248>
[pid 14760] 15:04:23.718040 exit_group(0 <unfinished ...>
[pid 14754] 15:04:23.718612 nanosleep({tv_sec=0, tv_nsec=3000},  <unfinished ...>
[pid 14748] 15:04:23.719178 <... futex resumed>) = ?
[pid 14760] 15:04:23.719415 <... exit_group resumed>) = ?
[pid 14755] 15:04:23.719704 <... futex resumed>) = ?
[pid 14753] 15:04:23.720058 <... futex resumed>) = ?
[pid 14752] 15:04:23.720327 <... futex resumed>) = ?
[pid 14751] 15:04:23.720621 <... futex resumed>) = ?
[pid 14750] 15:04:23.720922 <... epoll_pwait resumed> <unfinished ...>) = ?
[pid 14749] 15:04:23.721209 <... nanosleep resumed> <unfinished ...>) = ?
[pid 14760] 15:04:23.721505 +++ exited with 0 +++
[pid 14755] 15:04:23.722655 +++ exited with 0 +++
[pid 14754] 15:04:23.722929 +++ exited with 0 +++
[pid 14753] 15:04:23.723155 +++ exited with 0 +++
[pid 14752] 15:04:23.723404 +++ exited with 0 +++
[pid 14751] 15:04:23.723617 +++ exited with 0 +++
[pid 14750] 15:04:23.723869 +++ exited with 0 +++
[pid 14749] 15:04:23.724103 +++ exited with 0 +++
15:04:23.724323 +++ exited with 0 +++
