[pid  4250] 16:24:16.124578 <... nanosleep resumed>NULL) = 0 <0.006879>
[pid  4249] 16:24:16.124851 <... rt_sigprocmask resumed>NULL, 8) = 0 <0.000551>
[pid  4253] 16:24:16.125174 futex(0xc0000a0148, FUTEX_WAIT_PRIVATE, 0, NULL <unfinished ...>
[pid  4249] 16:24:16.125693 futex(0xc0000a0148, FUTEX_WAKE_PRIVATE, 1 <unfinished ...>
[pid  4253] 16:24:16.126182 <... futex resumed>) = -1 EAGAIN (Resource temporarily unavailable) <0.000547>
[pid  4250] 16:24:16.126440 nanosleep({tv_sec=0, tv_nsec=20000},  <unfinished ...>
[pid  4249] 16:24:16.126988 <... futex resumed>) = 0 <0.000861>
[pid  4253] 16:24:16.127301 nanosleep({tv_sec=0, tv_nsec=3000},  <unfinished ...>
[pid  4249] 16:24:16.127823 futex(0xc000075948, FUTEX_WAKE_PRIVATE, 1 <unfinished ...>
[pid  4250] 16:24:16.128277 <... nanosleep resumed>NULL) = 0 <0.001340>
[pid  4249] 16:24:16.128528 <... futex resumed>) = 1 <0.000488>
[pid  4253] 16:24:16.128774 <... nanosleep resumed>NULL) = 0 <0.001224>
[pid  4252] 16:24:16.129038 <... futex resumed>) = 0 <0.009754>
[pid  4249] 16:24:16.129289 futex(0x1b95aa0, FUTEX_WAIT_PRIVATE, 0, NULL <unfinished ...>
[pid  4253] 16:24:16.129723 futex(0xc000198148, FUTEX_WAKE_PRIVATE, 1 <unfinished ...>
[pid  4250] 16:24:16.130200 nanosleep({tv_sec=0, tv_nsec=20000},  <unfinished ...>
[pid  4255] 16:24:16.130677 <... futex resumed>) = 0 <0.013862>
[pid  4253] 16:24:16.130929 <... futex resumed>) = 1 <0.000972>
[pid  4252] 16:24:16.131179 futex(0xc000075948, FUTEX_WAIT_PRIVATE, 0, NULL <unfinished ...>
[pid  4255] 16:24:16.131637 futex(0xc000198148, FUTEX_WAIT_PRIVATE, 0, NULL <unfinished ...>
[pid  4253] 16:24:16.132078 futex(0xc000198148, FUTEX_WAKE_PRIVATE, 1 <unfinished ...>
[pid  4250] 16:24:16.132513 <... nanosleep resumed>NULL) = 0 <0.001879>
[pid  4255] 16:24:16.132769 <... futex resumed>) = -1 EAGAIN (Resource temporarily unavailable) <0.000916>
[pid  4253] 16:24:16.133051 <... futex resumed>) = 0 <0.000766>
[pid  4255] 16:24:16.133296 nanosleep({tv_sec=0, tv_nsec=3000},  <unfinished ...>
[pid  4250] 16:24:16.133808 nanosleep({tv_sec=0, tv_nsec=20000},  <unfinished ...>
[pid  4255] 16:24:16.134265 <... nanosleep resumed>NULL) = 0 <0.000521>
[pid  4253] 16:24:16.134919 futex(0x1b95aa0, FUTEX_WAKE_PRIVATE, 1 <unfinished ...>
[pid  4255] 16:24:16.135421 futex(0xc000198148, FUTEX_WAIT_PRIVATE, 0, NULL <unfinished ...>
[pid  4250] 16:24:16.135893 <... nanosleep resumed>NULL) = 0 <0.001651>
[pid  4249] 16:24:16.136156 <... futex resumed>) = 0 <0.006649>
[pid  4253] 16:24:16.136401 <... futex resumed>) = 1 <0.001224>
[pid  4249] 16:24:16.136650 rt_sigprocmask(SIG_SETMASK, [KILL USR1 USR2 PIPE ALRM STOP],  <unfinished ...>
[pid  4250] 16:24:16.137210 nanosleep({tv_sec=0, tv_nsec=20000},  <unfinished ...>
[pid  4249] 16:24:16.137691 <... rt_sigprocmask resumed>NULL, 8) = 0 <0.000555>
[pid  4253] 16:24:16.137951 futex(0xc0000a0148, FUTEX_WAIT_PRIVATE, 0, NULL <unfinished ...>
[pid  4249] 16:24:16.138436 futex(0xc0000a0148, FUTEX_WAKE_PRIVATE, 1 <unfinished ...>
[pid  4250] 16:24:16.138899 <... nanosleep resumed>NULL) = 0 <0.001234>
[pid  4249] 16:24:16.139153 <... futex resumed>) = 0 <0.000499>
[pid  4253] 16:24:16.139399 <... futex resumed>) = -1 EAGAIN (Resource temporarily unavailable) <0.001218>
[pid  4249] 16:24:16.139644 futex(0xc000198148, FUTEX_WAKE_PRIVATE, 1 <unfinished ...>
[pid  4250] 16:24:16.140115 nanosleep({tv_sec=0, tv_nsec=20000},  <unfinished ...>
[pid  4249] 16:24:16.140600 <... futex resumed>) = 1 <0.000523>
[pid  4255] 16:24:16.140864 <... futex resumed>) = 0 <0.005217>
[pid  4253] 16:24:16.141198 futex(0xc000075948, FUTEX_WAKE_PRIVATE, 1 <unfinished ...>
[pid  4249] 16:24:16.141707 futex(0x1b95aa0, FUTEX_WAIT_PRIVATE, 0, NULL <unfinished ...>
[pid  4255] 16:24:16.142160 futex(0xc000198148, FUTEX_WAIT_PRIVATE, 0, NULL <unfinished ...>
[pid  4250] 16:24:16.142602 <... nanosleep resumed>NULL) = 0 <0.002052>
[pid  4253] 16:24:16.142863 <... futex resumed>) = 1 <0.001395>
[pid  4252] 16:24:16.143127 <... futex resumed>) = 0 <0.011729>
[pid  4253] 16:24:16.143386 futex(0x1b95aa0, FUTEX_WAKE_PRIVATE, 1 <unfinished ...>
[pid  4250] 16:24:16.143882 nanosleep({tv_sec=0, tv_nsec=20000},  <unfinished ...>
[pid  4249] 16:24:16.144385 <... futex resumed>) = 0 <0.002244>
[pid  4253] 16:24:16.144674 <... futex resumed>) = 1 <0.001047>
[pid  4252] 16:24:16.144935 futex(0xc000075948, FUTEX_WAIT_PRIVATE, 0, NULL <unfinished ...>
[pid  4249] 16:24:16.145404 rt_sigprocmask(SIG_SETMASK, [KILL USR1 USR2 PIPE ALRM STOP],  <unfinished ...>
[pid  4253] 16:24:16.145893 futex(0xc0000a0148, FUTEX_WAIT_PRIVATE, 0, NULL <unfinished ...>
[pid  4250] 16:24:16.146357 <... nanosleep resumed>NULL) = 0 <0.002025>
[pid  4249] 16:24:16.146608 <... rt_sigprocmask resumed>NULL, 8) = 0 <0.000962>
[pid  4250] 16:24:16.146883 nanosleep({tv_sec=0, tv_nsec=20000},  <unfinished ...>
[pid  4249] 16:24:16.147414 futex(0xc0000a0148, FUTEX_WAKE_PRIVATE, 1 <unfinished ...>
[pid  4250] 16:24:16.147866 <... nanosleep resumed>NULL) = 0 <0.000534>
[pid  4249] 16:24:16.148115 <... futex resumed>) = 1 <0.000489>
[pid  4253] 16:24:16.148353 <... futex resumed>) = 0 <0.002227>
[pid  4249] 16:24:16.148605 futex(0xc000075948, FUTEX_WAKE_PRIVATE, 1 <unfinished ...>
[pid  4250] 16:24:16.149067 nanosleep({tv_sec=0, tv_nsec=20000},  <unfinished ...>
[pid  4249] 16:24:16.151300 <... futex resumed>) = 1 <0.002211>
[pid  4253] 16:24:16.151555 futex(0xc000198148, FUTEX_WAKE_PRIVATE, 1 <unfinished ...>
[pid  4252] 16:24:16.152059 <... futex resumed>) = 0 <0.006668>
[pid  4249] 16:24:16.152340 futex(0x1b95aa0, FUTEX_WAIT_PRIVATE, 0, NULL <unfinished ...>
[pid  4255] 16:24:16.152810 <... futex resumed>) = 0 <0.010235>
[pid  4253] 16:24:16.153098 <... futex resumed>) = 1 <0.001302>
[pid  4250] 16:24:16.153357 <... nanosleep resumed>NULL) = 0 <0.002373>
[pid  4255] 16:24:16.153608 futex(0xc000198148, FUTEX_WAIT_PRIVATE, 0, NULL <unfinished ...>
[pid  4253] 16:24:16.154085 futex(0xc000198148, FUTEX_WAKE_PRIVATE, 1 <unfinished ...>
[pid  4252] 16:24:16.154539 futex(0xc000075948, FUTEX_WAIT_PRIVATE, 0, NULL <unfinished ...>
[pid  4255] 16:24:16.155000 <... futex resumed>) = -1 EAGAIN (Resource temporarily unavailable) <0.000937>
[pid  4253] 16:24:16.155254 <... futex resumed>) = 0 <0.000946>
[pid  4250] 16:24:16.155509 nanosleep({tv_sec=0, tv_nsec=20000},  <unfinished ...>
[pid  4255] 16:24:16.156106 nanosleep({tv_sec=0, tv_nsec=3000},  <unfinished ...>
[pid  4253] 16:24:16.156627 futex(0x1b95aa0, FUTEX_WAKE_PRIVATE, 1 <unfinished ...>
[pid  4255] 16:24:16.157084 <... nanosleep resumed>NULL) = 0 <0.000542>
[pid  4250] 16:24:16.157389 <... nanosleep resumed>NULL) = 0 <0.001644>
[pid  4249] 16:24:16.157646 <... futex resumed>) = 0 <0.005070>
[pid  4255] 16:24:16.157893 futex(0xc000198148, FUTEX_WAIT_PRIVATE, 0, NULL <unfinished ...>
[pid  4253] 16:24:16.158327 <... futex resumed>) = 1 <0.001282>
[pid  4249] 16:24:16.158579 rt_sigprocmask(SIG_SETMASK, [KILL USR1 USR2 PIPE ALRM CONT STOP],  <unfinished ...>
[pid  4250] 16:24:16.159035 nanosleep({tv_sec=0, tv_nsec=20000},  <unfinished ...>
[pid  4249] 16:24:16.159554 <... rt_sigprocmask resumed>NULL, 8) = 0 <0.000525>
[pid  4253] 16:24:16.159807 futex(0xc0000a0148, FUTEX_WAIT_PRIVATE, 0, NULL <unfinished ...>
[pid  4249] 16:24:16.160276 futex(0xc0000a0148, FUTEX_WAKE_PRIVATE, 1 <unfinished ...>
[pid  4250] 16:24:16.160783 <... nanosleep resumed>NULL) = 0 <0.001267>
[pid  4249] 16:24:16.161073 <... futex resumed>) = 0 <0.000551>
[pid  4253] 16:24:16.161355 <... futex resumed>) = -1 EAGAIN (Resource temporarily unavailable) <0.001317>
[pid  4249] 16:24:16.161659 futex(0xc000198148, FUTEX_WAKE_PRIVATE, 1 <unfinished ...>
[pid  4250] 16:24:16.162158 nanosleep({tv_sec=0, tv_nsec=20000},  <unfinished ...>
[pid  4249] 16:24:16.162678 <... futex resumed>) = 1 <0.000544>
[pid  4255] 16:24:16.162940 <... futex resumed>) = 0 <0.004832>
[pid  4253] 16:24:16.163210 futex(0xc000075948, FUTEX_WAKE_PRIVATE, 1 <unfinished ...>
[pid  4249] 16:24:16.163726 futex(0x1b95aa0, FUTEX_WAIT_PRIVATE, 0, NULL <unfinished ...>
[pid  4255] 16:24:16.164227 futex(0xc000198148, FUTEX_WAIT_PRIVATE, 0, NULL <unfinished ...>
[pid  4250] 16:24:16.164721 <... nanosleep resumed>NULL) = 0 <0.002095>
[pid  4253] 16:24:16.165013 <... futex resumed>) = 1 <0.001566>
[pid  4252] 16:24:16.165291 <... futex resumed>) = 0 <0.010537>
[pid  4253] 16:24:16.165604 futex(0x1b95aa0, FUTEX_WAKE_PRIVATE, 1 <unfinished ...>
[pid  4250] 16:24:16.166945 nanosleep({tv_sec=0, tv_nsec=20000},  <unfinished ...>
[pid  4249] 16:24:16.167551 <... futex resumed>) = 0 <0.003321>
[pid  4253] 16:24:16.167849 <... futex resumed>) = 1 <0.001252>
[pid  4252] 16:24:16.168163 futex(0xc000075948, FUTEX_WAIT_PRIVATE, 0, NULL <unfinished ...>
[pid  4249] 16:24:16.168741 rt_sigprocmask(SIG_SETMASK, [KILL USR1 USR2 PIPE ALRM CONT STOP TSTP],  <unfinished ...>
[pid  4253] 16:24:16.169280 futex(0xc0000a0148, FUTEX_WAIT_PRIVATE, 0, NULL <unfinished ...>
[pid  4250] 16:24:16.169805 <... nanosleep resumed>NULL) = 0 <0.002312>
[pid  4249] 16:24:16.170145 <... rt_sigprocmask resumed>NULL, 8) = 0 <0.001126>
[pid  4250] 16:24:16.170456 nanosleep({tv_sec=0, tv_nsec=20000},  <unfinished ...>
[pid  4249] 16:24:16.171022 futex(0xc0000a0148, FUTEX_WAKE_PRIVATE, 1 <unfinished ...>
[pid  4250] 16:24:16.171534 <... nanosleep resumed>NULL) = 0 <0.000546>
[pid  4249] 16:24:16.171868 <... futex resumed>) = 1 <0.000603>
[pid  4253] 16:24:16.172146 <... futex resumed>) = 0 <0.002613>
[pid  4249] 16:24:16.172461 futex(0xc000075948, FUTEX_WAKE_PRIVATE, 1 <unfinished ...>
[pid  4250] 16:24:16.173052 nanosleep({tv_sec=0, tv_nsec=20000},  <unfinished ...>
[pid  4249] 16:24:16.173696 <... futex resumed>) = 1 <0.000667>
[pid  4253] 16:24:16.173983 futex(0xc000198148, FUTEX_WAKE_PRIVATE, 1 <unfinished ...>
[pid  4252] 16:24:16.174523 <... futex resumed>) = 0 <0.005829>
[pid  4249] 16:24:16.174824 futex(0x1b95aa0, FUTEX_WAIT_PRIVATE, 0, NULL <unfinished ...>
[pid  4255] 16:24:16.175324 <... futex resumed>) = 0 <0.010631>
[pid  4253] 16:24:16.175645 <... futex resumed>) = 1 <0.001393>
[pid  4250] 16:24:16.175915 <... nanosleep resumed>NULL) = 0 <0.002528>
[pid  4255] 16:24:16.176213 futex(0xc000198148, FUTEX_WAIT_PRIVATE, 0, NULL <unfinished ...>
[pid  4253] 16:24:16.176842 futex(0xc000198148, FUTEX_WAKE_PRIVATE, 1 <unfinished ...>
[pid  4252] 16:24:16.177446 futex(0xc000075948, FUTEX_WAIT_PRIVATE, 0, NULL <unfinished ...>
[pid  4255] 16:24:16.178006 <... futex resumed>) = -1 EAGAIN (Resource temporarily unavailable) <0.001305>
[pid  4253] 16:24:16.178333 <... futex resumed>) = 0 <0.001198>
[pid  4250] 16:24:16.178613 nanosleep({tv_sec=0, tv_nsec=20000},  <unfinished ...>
[pid  4255] 16:24:16.179130 nanosleep({tv_sec=0, tv_nsec=3000},  <unfinished ...>
[pid  4253] 16:24:16.179610 futex(0x1b95aa0, FUTEX_WAKE_PRIVATE, 1 <unfinished ...>
[pid  4255] 16:24:16.180068 <... nanosleep resumed>NULL) = 0 <0.000493>
[pid  4250] 16:24:16.180302 <... nanosleep resumed>NULL) = 0 <0.001444>
[pid  4249] 16:24:16.180552 <... futex resumed>) = 0 <0.005483>
[pid  4255] 16:24:16.180789 futex(0xc000198148, FUTEX_WAIT_PRIVATE, 0, NULL <unfinished ...>
[pid  4253] 16:24:16.181206 <... futex resumed>) = 1 <0.001192>
[pid  4249] 16:24:16.181446 rt_sigprocmask(SIG_SETMASK, [KILL USR1 USR2 PIPE ALRM CONT STOP TSTP TTIN],  <unfinished ...>
[pid  4250] 16:24:16.181876 nanosleep({tv_sec=0, tv_nsec=20000},  <unfinished ...>
[pid  4249] 16:24:16.182303 <... rt_sigprocmask resumed>NULL, 8) = 0 <0.000438>
[pid  4253] 16:24:16.182532 futex(0xc0000a0148, FUTEX_WAIT_PRIVATE, 0, NULL <unfinished ...>
[pid  4249] 16:24:16.182931 futex(0xc0000a0148, FUTEX_WAKE_PRIVATE, 1 <unfinished ...>
[pid  4250] 16:24:16.183360 <... nanosleep resumed>NULL) = 0 <0.001098>
[pid  4249] 16:24:16.183597 <... futex resumed>) = 0 <0.000453>
[pid  4253] 16:24:16.183830 <... futex resumed>) = -1 EAGAIN (Resource temporarily unavailable) <0.001104>
[pid  4249] 16:24:16.184115 futex(0xc000198148, FUTEX_WAKE_PRIVATE, 1 <unfinished ...>
[pid  4250] 16:24:16.184591 nanosleep({tv_sec=0, tv_nsec=20000},  <unfinished ...>
[pid  4249] 16:24:16.185101 <... futex resumed>) = 1 <0.000516>
[pid  4255] 16:24:16.185371 <... futex resumed>) = 0 <0.004372>
[pid  4253] 16:24:16.185629 futex(0xc000075948, FUTEX_WAKE_PRIVATE, 1 <unfinished ...>
[pid  4249] 16:24:16.186081 futex(0x1b95aa0, FUTEX_WAIT_PRIVATE, 0, NULL <unfinished ...>
[pid  4255] 16:24:16.186593 futex(0xc000198148, FUTEX_WAIT_PRIVATE, 0, NULL <unfinished ...>
[pid  4250] 16:24:16.187050 <... nanosleep resumed>NULL) = 0 <0.002026>
[pid  4253] 16:24:16.187299 <... futex resumed>) = 1 <0.001462>
[pid  4252] 16:24:16.187586 <... futex resumed>) = 0 <0.009844>
[pid  4253] 16:24:16.187854 futex(0x1b95aa0, FUTEX_WAKE_PRIVATE, 1 <unfinished ...>
[pid  4250] 16:24:16.188419 nanosleep({tv_sec=0, tv_nsec=20000},  <unfinished ...>
[pid  4249] 16:24:16.188977 <... futex resumed>) = 0 <0.002366>
[pid  4253] 16:24:16.189297 <... futex resumed>) = 1 <0.001126>
[pid  4252] 16:24:16.189577 futex(0xc000075948, FUTEX_WAIT_PRIVATE, 0, NULL <unfinished ...>
[pid  4249] 16:24:16.190182 rt_sigprocmask(SIG_SETMASK, [KILL USR1 USR2 PIPE ALRM CONT STOP TSTP TTIN TTOU],  <unfinished ...>
[pid  4253] 16:24:16.190684 futex(0xc0000a0148, FUTEX_WAIT_PRIVATE, 0, NULL <unfinished ...>
[pid  4250] 16:24:16.191149 <... nanosleep resumed>NULL) = 0 <0.002247>
[pid  4249] 16:24:16.191407 <... rt_sigprocmask resumed>NULL, 8) = 0 <0.000964>
[pid  4250] 16:24:16.191668 nanosleep({tv_sec=0, tv_nsec=20000},  <unfinished ...>
[pid  4249] 16:24:16.192134 futex(0xc0000a0148, FUTEX_WAKE_PRIVATE, 1 <unfinished ...>
[pid  4250] 16:24:16.192591 <... nanosleep resumed>NULL) = 0 <0.000483>
[pid  4249] 16:24:16.192853 <... futex resumed>) = 1 <0.000510>
[pid  4253] 16:24:16.193093 <... futex resumed>) = 0 <0.002183>
[pid  4249] 16:24:16.193338 futex(0xc000075948, FUTEX_WAKE_PRIVATE, 1 <unfinished ...>
[pid  4250] 16:24:16.193836 nanosleep({tv_sec=0, tv_nsec=20000},  <unfinished ...>
[pid  4249] 16:24:16.194384 <... futex resumed>) = 1 <0.000568>
[pid  4253] 16:24:16.194671 futex(0xc000198148, FUTEX_WAKE_PRIVATE, 1 <unfinished ...>
[pid  4252] 16:24:16.195201 <... futex resumed>) = 0 <0.005040>
[pid  4249] 16:24:16.195516 futex(0x1b95aa0, FUTEX_WAIT_PRIVATE, 0, NULL <unfinished ...>
[pid  4255] 16:24:16.196071 <... futex resumed>) = 0 <0.008990>
[pid  4253] 16:24:16.196356 <... futex resumed>) = 1 <0.001424>
[pid  4250] 16:24:16.196645 <... nanosleep resumed>NULL) = 0 <0.002535>
[pid  4255] 16:24:16.196933 futex(0xc000198148, FUTEX_WAIT_PRIVATE, 0, NULL <unfinished ...>
[pid  4253] 16:24:16.197484 futex(0xc000198148, FUTEX_WAKE_PRIVATE, 1 <unfinished ...>
[pid  4252] 16:24:16.197997 futex(0xc000075948, FUTEX_WAIT_PRIVATE, 0, NULL <unfinished ...>
[pid  4255] 16:24:16.198545 <... futex resumed>) = -1 EAGAIN (Resource temporarily unavailable) <0.001070>
[pid  4253] 16:24:16.198836 <... futex resumed>) = 0 <0.001094>
[pid  4250] 16:24:16.199129 nanosleep({tv_sec=0, tv_nsec=20000},  <unfinished ...>
[pid  4255] 16:24:16.199640 nanosleep({tv_sec=0, tv_nsec=3000},  <unfinished ...>
[pid  4253] 16:24:16.200191 futex(0x1b95aa0, FUTEX_WAKE_PRIVATE, 1 <unfinished ...>
[pid  4255] 16:24:16.200690 <... nanosleep resumed>NULL) = 0 <0.000575>
[pid  4250] 16:24:16.200965 <... nanosleep resumed>NULL) = 0 <0.001587>
[pid  4249] 16:24:16.201264 <... futex resumed>) = 0 <0.005481>
[pid  4255] 16:24:16.201542 futex(0xc000198148, FUTEX_WAIT_PRIVATE, 0, NULL <unfinished ...>
[pid  4253] 16:24:16.202039 <... futex resumed>) = 1 <0.001373>
[pid  4249] 16:24:16.202312 rt_sigprocmask(SIG_SETMASK, [KILL USR1 USR2 PIPE ALRM CONT STOP TSTP TTIN TTOU],  <unfinished ...>
[pid  4250] 16:24:16.202807 nanosleep({tv_sec=0, tv_nsec=20000},  <unfinished ...>
[pid  4249] 16:24:16.203370 <... rt_sigprocmask resumed>NULL, 8) = 0 <0.000537>
[pid  4253] 16:24:16.203681 futex(0xc0000a0148, FUTEX_WAIT_PRIVATE, 0, NULL <unfinished ...>
[pid  4249] 16:24:16.204187 futex(0xc0000a0148, FUTEX_WAKE_PRIVATE, 1 <unfinished ...>
[pid  4250] 16:24:16.204682 <... nanosleep resumed>NULL) = 0 <0.001390>
[pid  4249] 16:24:16.204956 <... futex resumed>) = 0 <0.000535>
[pid  4253] 16:24:16.205227 <... futex resumed>) = -1 EAGAIN (Resource temporarily unavailable) <0.001293>
[pid  4249] 16:24:16.205500 futex(0xc000198148, FUTEX_WAKE_PRIVATE, 1 <unfinished ...>
[pid  4250] 16:24:16.205996 nanosleep({tv_sec=0, tv_nsec=20000},  <unfinished ...>
[pid  4249] 16:24:16.206567 <... futex resumed>) = 1 <0.000538>
[pid  4255] 16:24:16.206883 <... futex resumed>) = 0 <0.005104>
[pid  4253] 16:24:16.207151 futex(0xc000075948, FUTEX_WAKE_PRIVATE, 1 <unfinished ...>
[pid  4249] 16:24:16.207729 futex(0x1b95aa0, FUTEX_WAIT_PRIVATE, 0, NULL <unfinished ...>
[pid  4255] 16:24:16.208194 futex(0xc000198148, FUTEX_WAIT_PRIVATE, 0, NULL <unfinished ...>
[pid  4250] 16:24:16.208665 <... nanosleep resumed>NULL) = 0 <0.002206>
[pid  4253] 16:24:16.208934 <... futex resumed>) = 1 <0.001466>
[pid  4252] 16:24:16.209197 <... futex resumed>) = 0 <0.010928>
[pid  4253] 16:24:16.209465 futex(0x1b95aa0, FUTEX_WAKE_PRIVATE, 1 <unfinished ...>
[pid  4250] 16:24:16.209956 nanosleep({tv_sec=0, tv_nsec=20000},  <unfinished ...>
[pid  4249] 16:24:16.210445 <... futex resumed>) = 0 <0.002273>
[pid  4253] 16:24:16.210717 <... futex resumed>) = 1 <0.001012>
[pid  4252] 16:24:16.210990 futex(0xc000075948, FUTEX_WAIT_PRIVATE, 0, NULL <unfinished ...>
[pid  4249] 16:24:16.211492 rt_sigprocmask(SIG_SETMASK, [KILL USR1 USR2 PIPE ALRM CONT STOP TSTP TTIN TTOU XCPU],  <unfinished ...>
[pid  4253] 16:24:16.212020 futex(0xc0000a0148, FUTEX_WAIT_PRIVATE, 0, NULL <unfinished ...>
[pid  4250] 16:24:16.212482 <... nanosleep resumed>NULL) = 0 <0.002077>
[pid  4249] 16:24:16.212787 <... rt_sigprocmask resumed>NULL, 8) = 0 <0.001008>
[pid  4250] 16:24:16.213080 nanosleep({tv_sec=0, tv_nsec=20000},  <unfinished ...>
[pid  4249] 16:24:16.213728 futex(0xc0000a0148, FUTEX_WAKE_PRIVATE, 1 <unfinished ...>
[pid  4250] 16:24:16.214281 <... nanosleep resumed>NULL) = 0 <0.000606>
[pid  4249] 16:24:16.214574 <... futex resumed>) = 1 <0.000584>
[pid  4253] 16:24:16.214909 <... futex resumed>) = 0 <0.002660>
[pid  4249] 16:24:16.215197 futex(0xc000075948, FUTEX_WAKE_PRIVATE, 1 <unfinished ...>
[pid  4250] 16:24:16.215680 nanosleep({tv_sec=0, tv_nsec=20000},  <unfinished ...>
[pid  4249] 16:24:16.216161 <... futex resumed>) = 1 <0.000533>
[pid  4253] 16:24:16.216398 futex(0xc000198148, FUTEX_WAKE_PRIVATE, 1 <unfinished ...>
[pid  4252] 16:24:16.216869 <... futex resumed>) = 0 <0.005440>
[pid  4249] 16:24:16.217125 futex(0x1b95aa0, FUTEX_WAIT_PRIVATE, 0, NULL <unfinished ...>
[pid  4255] 16:24:16.217577 <... futex resumed>) = 0 <0.008970>
[pid  4253] 16:24:16.217836 <... futex resumed>) = 1 <0.001196>
[pid  4250] 16:24:16.218067 <... nanosleep resumed>NULL) = 0 <0.002156>
[pid  4255] 16:24:16.218307 futex(0xc000198148, FUTEX_WAIT_PRIVATE, 0, NULL <unfinished ...>
[pid  4253] 16:24:16.218820 futex(0xc000198148, FUTEX_WAKE_PRIVATE, 1 <unfinished ...>
[pid  4252] 16:24:16.219290 futex(0xc000075948, FUTEX_WAIT_PRIVATE, 0, NULL <unfinished ...>
[pid  4255] 16:24:16.219790 <... futex resumed>) = -1 EAGAIN (Resource temporarily unavailable) <0.001039>
[pid  4253] 16:24:16.220043 <... futex resumed>) = 0 <0.000977>
[pid  4250] 16:24:16.220312 nanosleep({tv_sec=0, tv_nsec=20000},  <unfinished ...>
[pid  4255] 16:24:16.220831 nanosleep({tv_sec=0, tv_nsec=3000},  <unfinished ...>
[pid  4253] 16:24:16.221351 futex(0x1b95aa0, FUTEX_WAKE_PRIVATE, 1 <unfinished ...>
[pid  4255] 16:24:16.221822 <... nanosleep resumed>NULL) = 0 <0.000499>
[pid  4250] 16:24:16.222087 <... nanosleep resumed>NULL) = 0 <0.001519>
[pid  4249] 16:24:16.222345 <... futex resumed>) = 0 <0.004983>
[pid  4255] 16:24:16.222623 futex(0xc000198148, FUTEX_WAIT_PRIVATE, 0, NULL <unfinished ...>
[pid  4253] 16:24:16.223056 <... futex resumed>) = 1 <0.001285>
[pid  4249] 16:24:16.223407 rt_sigprocmask(SIG_SETMASK, [KILL USR1 USR2 PIPE ALRM CONT STOP TSTP TTIN TTOU XCPU XFSZ],  <unfinished ...>
[pid  4250] 16:24:16.223927 nanosleep({tv_sec=0, tv_nsec=20000},  <unfinished ...>
[pid  4249] 16:24:16.224406 <... rt_sigprocmask resumed>NULL, 8) = 0 <0.000522>
[pid  4253] 16:24:16.224661 futex(0xc0000a0148, FUTEX_WAIT_PRIVATE, 0, NULL <unfinished ...>
[pid  4249] 16:24:16.225100 futex(0xc0000a0148, FUTEX_WAKE_PRIVATE, 1 <unfinished ...>
[pid  4250] 16:24:16.225532 <... nanosleep resumed>NULL) = 0 <0.001180>
[pid  4249] 16:24:16.225781 <... futex resumed>) = 0 <0.000471>
[pid  4253] 16:24:16.226029 <... futex resumed>) = -1 EAGAIN (Resource temporarily unavailable) <0.001153>
[pid  4249] 16:24:16.226285 futex(0xc000198148, FUTEX_WAKE_PRIVATE, 1 <unfinished ...>
[pid  4250] 16:24:16.226719 nanosleep({tv_sec=0, tv_nsec=20000},  <unfinished ...>
[pid  4249] 16:24:16.227261 <... futex resumed>) = 1 <0.000493>
[pid  4255] 16:24:16.227520 <... futex resumed>) = 0 <0.004690>
[pid  4253] 16:24:16.227767 futex(0xc000075948, FUTEX_WAKE_PRIVATE, 1 <unfinished ...>
[pid  4249] 16:24:16.228206 futex(0x1b95aa0, FUTEX_WAIT_PRIVATE, 0, NULL <unfinished ...>
[pid  4255] 16:24:16.228668 futex(0xc000198148, FUTEX_WAIT_PRIVATE, 0, NULL <unfinished ...>
[pid  4250] 16:24:16.229134 <... nanosleep resumed>NULL) = 0 <0.001995>
[pid  4253] 16:24:16.229400 <... futex resumed>) = 1 <0.001421>
[pid  4252] 16:24:16.229658 <... futex resumed>) = 0 <0.010135>
[pid  4253] 16:24:16.229918 futex(0x1b95aa0, FUTEX_WAKE_PRIVATE, 1 <unfinished ...>
[pid  4250] 16:24:16.230367 nanosleep({tv_sec=0, tv_nsec=20000},  <unfinished ...>
[pid  4249] 16:24:16.230794 <... futex resumed>) = 0 <0.002198>
[pid  4253] 16:24:16.231036 <... futex resumed>) = 1 <0.000898>
[pid  4252] 16:24:16.231279 futex(0xc000075948, FUTEX_WAIT_PRIVATE, 0, NULL <unfinished ...>
[pid  4249] 16:24:16.231695 rt_sigprocmask(SIG_SETMASK, [KILL USR1 USR2 PIPE ALRM CONT STOP TSTP TTIN TTOU XCPU XFSZ VTALRM],  <unfinished ...>
[pid  4253] 16:24:16.232157 futex(0xc0000a0148, FUTEX_WAIT_PRIVATE, 0, NULL <unfinished ...>
[pid  4250] 16:24:16.232564 <... nanosleep resumed>NULL) = 0 <0.001793>
[pid  4249] 16:24:16.232813 <... rt_sigprocmask resumed>NULL, 8) = 0 <0.000888>
[pid  4250] 16:24:16.233053 nanosleep({tv_sec=0, tv_nsec=20000},  <unfinished ...>
[pid  4249] 16:24:16.233483 futex(0xc0000a0148, FUTEX_WAKE_PRIVATE, 1 <unfinished ...>
[pid  4250] 16:24:16.233906 <... nanosleep resumed>NULL) = 0 <0.000428>
[pid  4249] 16:24:16.234153 <... futex resumed>) = 1 <0.000465>
[pid  4253] 16:24:16.234378 <... futex resumed>) = 0 <0.002019>
[pid  4249] 16:24:16.234670 futex(0xc000075948, FUTEX_WAKE_PRIVATE, 1 <unfinished ...>
[pid  4253] 16:24:16.235108 futex(0xc000198148, FUTEX_WAKE_PRIVATE, 1 <unfinished ...>
[pid  4250] 16:24:16.235531 nanosleep({tv_sec=0, tv_nsec=20000},  <unfinished ...>
[pid  4249] 16:24:16.235967 <... futex resumed>) = 1 <0.000885>
[pid  4255] 16:24:16.236241 <... futex resumed>) = 0 <0.007338>
[pid  4253] 16:24:16.236470 <... futex resumed>) = 1 <0.001148>
[pid  4252] 16:24:16.236725 <... futex resumed>) = 0 <0.005248>
[pid  4249] 16:24:16.236969 futex(0x1b95aa0, FUTEX_WAIT_PRIVATE, 0, NULL <unfinished ...>
[pid  4255] 16:24:16.237429 futex(0xc000198148, FUTEX_WAIT_PRIVATE, 0, NULL <unfinished ...>
[pid  4253] 16:24:16.237943 futex(0xc000198148, FUTEX_WAKE_PRIVATE, 1 <unfinished ...>
[pid  4250] 16:24:16.238402 <... nanosleep resumed>NULL) = 0 <0.002451>
[pid  4255] 16:24:16.238632 <... futex resumed>) = -1 EAGAIN (Resource temporarily unavailable) <0.000966>
[pid  4253] 16:24:16.238870 <... futex resumed>) = 0 <0.000696>
[pid  4252] 16:24:16.239113 nanosleep({tv_sec=0, tv_nsec=3000},  <unfinished ...>
[pid  4255] 16:24:16.239656 nanosleep({tv_sec=0, tv_nsec=3000},  <unfinished ...>
[pid  4253] 16:24:16.240219 futex(0x1b95aa0, FUTEX_WAKE_PRIVATE, 1 <unfinished ...>
[pid  4250] 16:24:16.240673 nanosleep({tv_sec=0, tv_nsec=20000},  <unfinished ...>
[pid  4249] 16:24:16.241190 <... futex resumed>) = 0 <0.003752>
[pid  4255] 16:24:16.241437 <... nanosleep resumed>NULL) = 0 <0.001474>
[pid  4253] 16:24:16.241731 <... futex resumed>) = 1 <0.001245>
[pid  4252] 16:24:16.241996 <... nanosleep resumed>NULL) = 0 <0.002634>
[pid  4249] 16:24:16.242278 rt_sigprocmask(SIG_SETMASK, [KILL USR1 USR2 PIPE ALRM CONT STOP TSTP TTIN TTOU XCPU XFSZ VTALRM WINCH],  <unfinished ...>
[pid  4255] 16:24:16.242805 futex(0xc000198148, FUTEX_WAIT_PRIVATE, 0, NULL <unfinished ...>
[pid  4253] 16:24:16.243283 futex(0xc0000a0148, FUTEX_WAIT_PRIVATE, 0, NULL <unfinished ...>
[pid  4250] 16:24:16.243885 <... nanosleep resumed>NULL) = 0 <0.002723>
[pid  4249] 16:24:16.244193 <... rt_sigprocmask resumed>NULL, 8) = 0 <0.001664>
[pid  4252] 16:24:16.244493 futex(0xc000075948, FUTEX_WAIT_PRIVATE, 0, NULL <unfinished ...>
[pid  4249] 16:24:16.245029 futex(0xc000075948, FUTEX_WAKE_PRIVATE, 1 <unfinished ...>
[pid  4250] 16:24:16.245533 nanosleep({tv_sec=0, tv_nsec=40000},  <unfinished ...>
[pid  4249] 16:24:16.246064 <... futex resumed>) = 0 <0.000565>
[pid  4252] 16:24:16.246346 <... futex resumed>) = -1 EAGAIN (Resource temporarily unavailable) <0.001577>
[pid  4249] 16:24:16.246674 futex(0xc0000a0148, FUTEX_WAKE_PRIVATE, 1 <unfinished ...>
[pid  4250] 16:24:16.247224 <... nanosleep resumed>NULL) = 0 <0.001157>
[pid  4249] 16:24:16.247542 <... futex resumed>) = 1 <0.000620>
[pid  4253] 16:24:16.247875 <... futex resumed>) = 0 <0.004317>
[pid  4252] 16:24:16.248187 futex(0xc000198148, FUTEX_WAKE_PRIVATE, 1 <unfinished ...>
[pid  4249] 16:24:16.248661 futex(0x1b95aa0, FUTEX_WAIT_PRIVATE, 0, NULL <unfinished ...>
[pid  4253] 16:24:16.249130 futex(0xc0000a0148, FUTEX_WAIT_PRIVATE, 0, NULL <unfinished ...>
[pid  4250] 16:24:16.249583 nanosleep({tv_sec=0, tv_nsec=80000},  <unfinished ...>
[pid  4255] 16:24:16.250071 <... futex resumed>) = 0 <0.006829>
[pid  4252] 16:24:16.250328 <... futex resumed>) = 1 <0.001911>
[pid  4255] 16:24:16.250594 futex(0xc000198148, FUTEX_WAIT_PRIVATE, 0, NULL <unfinished ...>
[pid  4250] 16:24:16.251169 <... nanosleep resumed>NULL) = 0 <0.001138>
[pid  4255] 16:24:16.251408 <... futex resumed>) = -1 EAGAIN (Resource temporarily unavailable) <0.000473>
[pid  4252] 16:24:16.251656 futex(0xc000198148, FUTEX_WAKE_PRIVATE, 1 <unfinished ...>
[pid  4255] 16:24:16.252093 nanosleep({tv_sec=0, tv_nsec=3000},  <unfinished ...>
[pid  4250] 16:24:16.252547 nanosleep({tv_sec=0, tv_nsec=160000},  <unfinished ...>
[pid  4255] 16:24:16.252982 <... nanosleep resumed>NULL) = 0 <0.000482>
[pid  4252] 16:24:16.253217 <... futex resumed>) = 0 <0.001355>
[pid  4255] 16:24:16.253463 futex(0xc0000a0148, FUTEX_WAKE_PRIVATE, 1 <unfinished ...>
[pid  4250] 16:24:16.254000 <... nanosleep resumed>NULL) = 0 <0.000981>
[pid  4255] 16:24:16.254335 <... futex resumed>) = 1 <0.000624>
[pid  4253] 16:24:16.254648 <... futex resumed>) = 0 <0.005300>
[pid  4252] 16:24:16.254899 futex(0xc000075948, FUTEX_WAIT_PRIVATE, 0, NULL <unfinished ...>
[pid  4255] 16:24:16.255330 futex(0x1b95aa0, FUTEX_WAKE_PRIVATE, 1 <unfinished ...>
[pid  4253] 16:24:16.255738 futex(0xc0000a0148, FUTEX_WAIT_PRIVATE, 0, NULL <unfinished ...>
[pid  4250] 16:24:16.256159 nanosleep({tv_sec=0, tv_nsec=320000},  <unfinished ...>
[pid  4249] 16:24:16.256731 <... futex resumed>) = 0 <0.007524>
[pid  4255] 16:24:16.257006 <... futex resumed>) = 1 <0.001480>
[pid  4249] 16:24:16.257296 rt_sigprocmask(SIG_SETMASK, [KILL USR1 USR2 PIPE ALRM CONT STOP TSTP TTIN TTOU XCPU XFSZ VTALRM WINCH IO],  <unfinished ...>
[pid  4250] 16:24:16.257737 <... nanosleep resumed>NULL) = 0 <0.001172>
[pid  4249] 16:24:16.257963 <... rt_sigprocmask resumed>NULL, 8) = 0 <0.000446>
[pid  4255] 16:24:16.258177 futex(0xc000198148, FUTEX_WAIT_PRIVATE, 0, NULL <unfinished ...>
[pid  4249] 16:24:16.258530 futex(0xc000198148, FUTEX_WAKE_PRIVATE, 1 <unfinished ...>
[pid  4250] 16:24:16.258905 nanosleep({tv_sec=0, tv_nsec=640000},  <unfinished ...>
[pid  4249] 16:24:16.259308 <... futex resumed>) = 0 <0.000408>
[pid  4255] 16:24:16.259518 <... futex resumed>) = -1 EAGAIN (Resource temporarily unavailable) <0.001166>
[pid  4249] 16:24:16.259731 futex(0xc0000a0148, FUTEX_WAKE_PRIVATE, 1 <unfinished ...>
[pid  4255] 16:24:16.260110 futex(0xc000075948, FUTEX_WAKE_PRIVATE, 1 <unfinished ...>
[pid  4250] 16:24:16.260502 <... nanosleep resumed>NULL) = 0 <0.001223>
[pid  4249] 16:24:16.260718 <... futex resumed>) = 1 <0.000817>
[pid  4255] 16:24:16.260925 <... futex resumed>) = 1 <0.000627>
[pid  4253] 16:24:16.261129 <... futex resumed>) = 0 <0.005184>
[pid  4252] 16:24:16.261328 <... futex resumed>) = 0 <0.006222>
[pid  4249] 16:24:16.261540 futex(0x1b95aa0, FUTEX_WAIT_PRIVATE, 0, NULL <unfinished ...>
[pid  4255] 16:24:16.261922 futex(0x1b95aa0, FUTEX_WAKE_PRIVATE, 1 <unfinished ...>
[pid  4253] 16:24:16.262282 futex(0xc0000a0148, FUTEX_WAIT_PRIVATE, 0, NULL <unfinished ...>
[pid  4250] 16:24:16.262664 nanosleep({tv_sec=0, tv_nsec=1280000},  <unfinished ...>
[pid  4249] 16:24:16.263063 <... futex resumed>) = -1 EAGAIN (Resource temporarily unavailable) <0.001157>
[pid  4255] 16:24:16.263277 <... futex resumed>) = 0 <0.001175>
[pid  4252] 16:24:16.263477 futex(0xc000075948, FUTEX_WAIT_PRIVATE, 0, NULL <unfinished ...>
[pid  4249] 16:24:16.263863 rt_sigprocmask(SIG_SETMASK, [KILL USR1 USR2 PIPE ALRM CONT STOP TSTP TTIN TTOU XCPU XFSZ VTALRM WINCH IO PWR],  <unfinished ...>
[pid  4255] 16:24:16.264246 futex(0xc000198148, FUTEX_WAIT_PRIVATE, 0, NULL <unfinished ...>
[pid  4249] 16:24:16.264668 <... rt_sigprocmask resumed>NULL, 8) = 0 <0.000434>
[pid  4250] 16:24:16.264873 <... nanosleep resumed>NULL) = 0 <0.002009>
[pid  4249] 16:24:16.265082 futex(0xc000198148, FUTEX_WAKE_PRIVATE, 1 <unfinished ...>
[pid  4250] 16:24:16.265453 nanosleep({tv_sec=0, tv_nsec=2560000},  <unfinished ...>
[pid  4249] 16:24:16.265999 <... futex resumed>) = 1 <0.000445>
[pid  4255] 16:24:16.266269 <... futex resumed>) = 0 <0.001810>
[pid  4249] 16:24:16.266535 futex(0xc000075948, FUTEX_WAKE_PRIVATE, 1 <unfinished ...>
[pid  4255] 16:24:16.266982 futex(0xc0000a0148, FUTEX_WAKE_PRIVATE, 1 <unfinished ...>
[pid  4249] 16:24:16.267475 <... futex resumed>) = 1 <0.000511>
[pid  4252] 16:24:16.267732 <... futex resumed>) = 0 <0.004062>
[pid  4249] 16:24:16.267985 futex(0x1b95aa0, FUTEX_WAIT_PRIVATE, 0, NULL <unfinished ...>
[pid  4255] 16:24:16.268439 <... futex resumed>) = 1 <0.001015>
[pid  4253] 16:24:16.268700 <... futex resumed>) = 0 <0.006225>
[pid  4255] 16:24:16.268966 futex(0x1b95aa0, FUTEX_WAKE_PRIVATE, 1 <unfinished ...>
[pid  4252] 16:24:16.269436 futex(0xc000075948, FUTEX_WAIT_PRIVATE, 0, NULL <unfinished ...>
[pid  4250] 16:24:16.269930 <... nanosleep resumed>NULL) = 0 <0.004053>
[pid  4249] 16:24:16.270186 <... futex resumed>) = 0 <0.001977>
[pid  4255] 16:24:16.270472 <... futex resumed>) = 1 <0.001278>
[pid  4253] 16:24:16.270790 futex(0xc0000a0148, FUTEX_WAIT_PRIVATE, 0, NULL <unfinished ...>
[pid  4249] 16:24:16.271397 rt_sigprocmask(SIG_SETMASK, [KILL USR1 USR2 PIPE ALRM CONT STOP TSTP TTIN TTOU XCPU XFSZ VTALRM WINCH IO PWR RT_3],  <unfinished ...>
[pid  4255] 16:24:16.271959 futex(0xc000198148, FUTEX_WAIT_PRIVATE, 0, NULL <unfinished ...>
[pid  4250] 16:24:16.272455 nanosleep({tv_sec=0, tv_nsec=5120000},  <unfinished ...>
[pid  4249] 16:24:16.272932 <... rt_sigprocmask resumed>NULL, 8) = 0 <0.001026>
[pid  4249] 16:24:16.273372 futex(0xc000198148, FUTEX_WAKE_PRIVATE, 1) = 1 <0.000127>
[pid  4255] 16:24:16.274076 <... futex resumed>) = 0 <0.001870>
[pid  4249] 16:24:16.274436 futex(0xc0000a0148, FUTEX_WAKE_PRIVATE, 1 <unfinished ...>
[pid  4255] 16:24:16.275005 futex(0xc000075948, FUTEX_WAKE_PRIVATE, 1 <unfinished ...>
[pid  4249] 16:24:16.275640 <... futex resumed>) = 1 <0.000653>
[pid  4253] 16:24:16.275987 <... futex resumed>) = 0 <0.004871>
[pid  4249] 16:24:16.276302 futex(0x1b95aa0, FUTEX_WAIT_PRIVATE, 0, NULL <unfinished ...>
[pid  4255] 16:24:16.276858 <... futex resumed>) = 1 <0.001267>
[pid  4252] 16:24:16.277263 <... futex resumed>) = 0 <0.007576>
[pid  4255] 16:24:16.277644 futex(0x1b95aa0, FUTEX_WAKE_PRIVATE, 1 <unfinished ...>
[pid  4253] 16:24:16.278275 futex(0xc0000a0148, FUTEX_WAIT_PRIVATE, 0, NULL <unfinished ...>
[pid  4249] 16:24:16.278931 <... futex resumed>) = 0 <0.002098>
[pid  4255] 16:24:16.279341 <... futex resumed>) = 1 <0.001386>
[pid  4252] 16:24:16.279790 futex(0xc000075948, FUTEX_WAIT_PRIVATE, 0, NULL <unfinished ...>
[pid  4250] 16:24:16.280378 <... nanosleep resumed>NULL) = 0 <0.007433>
[pid  4249] 16:24:16.280759 rt_sigprocmask(SIG_SETMASK, [KILL USR1 USR2 PIPE ALRM CONT STOP TSTP TTIN TTOU XCPU XFSZ VTALRM WINCH IO PWR RT_3 RT_4],  <unfinished ...>
[pid  4255] 16:24:16.281402 futex(0xc000198148, FUTEX_WAIT_PRIVATE, 0, NULL <unfinished ...>
[pid  4249] 16:24:16.282001 <... rt_sigprocmask resumed>NULL, 8) = 0 <0.000680>
[pid  4250] 16:24:16.282267 nanosleep({tv_sec=0, tv_nsec=10000000},  <unfinished ...>
[pid  4249] 16:24:16.282780 futex(0xc000198148, FUTEX_WAKE_PRIVATE, 1) = 1 <0.000112>
[pid  4255] 16:24:16.283392 <... futex resumed>) = 0 <0.001662>
[pid  4249] 16:24:16.283673 futex(0xc000075948, FUTEX_WAKE_PRIVATE, 1 <unfinished ...>
[pid  4255] 16:24:16.284150 futex(0xc0000a0148, FUTEX_WAKE_PRIVATE, 1 <unfinished ...>
[pid  4249] 16:24:16.284672 <... futex resumed>) = 1 <0.000518>
[pid  4252] 16:24:16.285056 <... futex resumed>) = 0 <0.004954>
[pid  4249] 16:24:16.285364 futex(0x1b95aa0, FUTEX_WAIT_PRIVATE, 0, NULL <unfinished ...>
[pid  4255] 16:24:16.286001 <... futex resumed>) = 1 <0.001357>
[pid  4253] 16:24:16.286291 <... futex resumed>) = 0 <0.007705>
[pid  4255] 16:24:16.286603 futex(0x1b95aa0, FUTEX_WAKE_PRIVATE, 1 <unfinished ...>
[pid  4252] 16:24:16.287233 futex(0xc000075948, FUTEX_WAIT_PRIVATE, 0, NULL <unfinished ...>
[pid  4249] 16:24:16.287833 <... futex resumed>) = 0 <0.001912>
[pid  4255] 16:24:16.288155 <... futex resumed>) = 1 <0.001238>
[pid  4253] 16:24:16.288480 futex(0xc0000a0148, FUTEX_WAIT_PRIVATE, 0, NULL <unfinished ...>
[pid  4249] 16:24:16.288989 rt_sigprocmask(SIG_SETMASK, [KILL USR1 USR2 PIPE ALRM CONT STOP TSTP TTIN TTOU XCPU XFSZ VTALRM WINCH IO PWR RT_3 RT_4 RT_5],  <unfinished ...>
[pid  4255] 16:24:16.289553 futex(0xc000198148, FUTEX_WAIT_PRIVATE, 0, NULL <unfinished ...>
[pid  4249] 16:24:16.290138 <... rt_sigprocmask resumed>NULL, 8) = 0 <0.000617>
[pid  4249] 16:24:16.290461 futex(0xc000198148, FUTEX_WAKE_PRIVATE, 1) = 1 <0.000119>
[pid  4255] 16:24:16.291113 <... futex resumed>) = 0 <0.001283>
[pid  4249] 16:24:16.291392 futex(0xc0000a0148, FUTEX_WAKE_PRIVATE, 1 <unfinished ...>
[pid  4255] 16:24:16.291867 futex(0xc000075948, FUTEX_WAKE_PRIVATE, 1 <unfinished ...>
[pid  4249] 16:24:16.292318 <... futex resumed>) = 1 <0.000506>
[pid  4253] 16:24:16.292627 <... futex resumed>) = 0 <0.003895>
[pid  4249] 16:24:16.292945 futex(0x1b95aa0, FUTEX_WAIT_PRIVATE, 0, NULL <unfinished ...>
[pid  4255] 16:24:16.293460 <... futex resumed>) = 1 <0.001185>
[pid  4252] 16:24:16.293739 <... futex resumed>) = 0 <0.006232>
[pid  4250] 16:24:16.294006 <... nanosleep resumed>NULL) = 0 <0.011495>
[pid  4255] 16:24:16.294260 futex(0x1b95aa0, FUTEX_WAKE_PRIVATE, 1 <unfinished ...>
[pid  4253] 16:24:16.294716 futex(0xc0000a0148, FUTEX_WAIT_PRIVATE, 0, NULL <unfinished ...>
[pid  4252] 16:24:16.295143 futex(0xc000075948, FUTEX_WAIT_PRIVATE, 0, NULL <unfinished ...>
[pid  4249] 16:24:16.295592 <... futex resumed>) = 0 <0.002168>
[pid  4255] 16:24:16.295860 <... futex resumed>) = 1 <0.001377>
[pid  4250] 16:24:16.296094 nanosleep({tv_sec=0, tv_nsec=10000000},  <unfinished ...>
[pid  4249] 16:24:16.296542 rt_sigprocmask(SIG_SETMASK, [KILL USR1 USR2 PIPE ALRM CONT STOP TSTP TTIN TTOU XCPU XFSZ VTALRM WINCH IO PWR RT_3 RT_4 RT_5 RT_6],  <unfinished ...>
[pid  4255] 16:24:16.296980 futex(0xc000198148, FUTEX_WAIT_PRIVATE, 0, NULL <unfinished ...>
[pid  4249] 16:24:16.297466 <... rt_sigprocmask resumed>NULL, 8) = 0 <0.000510>
[pid  4249] 16:24:16.297802 futex(0xc000198148, FUTEX_WAKE_PRIVATE, 1) = 1 <0.000114>
[pid  4255] 16:24:16.298419 <... futex resumed>) = 0 <0.001171>
[pid  4249] 16:24:16.298671 futex(0xc000075948, FUTEX_WAKE_PRIVATE, 1 <unfinished ...>
[pid  4255] 16:24:16.299100 futex(0xc0000a0148, FUTEX_WAKE_PRIVATE, 1 <unfinished ...>
[pid  4249] 16:24:16.299568 <... futex resumed>) = 1 <0.000498>
[pid  4252] 16:24:16.299834 <... futex resumed>) = 0 <0.004487>
[pid  4249] 16:24:16.300086 futex(0x1b95aa0, FUTEX_WAIT_PRIVATE, 0, NULL <unfinished ...>
[pid  4255] 16:24:16.300512 <... futex resumed>) = 1 <0.000999>
[pid  4253] 16:24:16.300749 <... futex resumed>) = 0 <0.005817>
[pid  4255] 16:24:16.300994 futex(0x1b95aa0, FUTEX_WAKE_PRIVATE, 1 <unfinished ...>
[pid  4252] 16:24:16.301424 futex(0xc000075948, FUTEX_WAIT_PRIVATE, 0, NULL <unfinished ...>
[pid  4249] 16:24:16.301877 <... futex resumed>) = 0 <0.001388>
[pid  4255] 16:24:16.302140 <... futex resumed>) = 1 <0.000939>
[pid  4253] 16:24:16.302419 futex(0xc0000a0148, FUTEX_WAIT_PRIVATE, 0, NULL <unfinished ...>
[pid  4249] 16:24:16.302927 rt_sigprocmask(SIG_SETMASK, [KILL USR1 USR2 PIPE ALRM CONT STOP TSTP TTIN TTOU XCPU XFSZ VTALRM WINCH IO PWR RT_3 RT_4 RT_5 RT_6 RT_7],  <unfinished ...>
[pid  4255] 16:24:16.303415 futex(0xc000198148, FUTEX_WAIT_PRIVATE, 0, NULL <unfinished ...>
[pid  4249] 16:24:16.303883 <... rt_sigprocmask resumed>NULL, 8) = 0 <0.000505>
[pid  4249] 16:24:16.304190 futex(0xc000198148, FUTEX_WAKE_PRIVATE, 1) = 1 <0.000115>
[pid  4255] 16:24:16.304765 <... futex resumed>) = 0 <0.001123>
[pid  4249] 16:24:16.305014 futex(0xc0000a0148, FUTEX_WAKE_PRIVATE, 1 <unfinished ...>
[pid  4255] 16:24:16.305410 futex(0xc000075948, FUTEX_WAKE_PRIVATE, 1 <unfinished ...>
[pid  4249] 16:24:16.305873 <... futex resumed>) = 1 <0.000474>
[pid  4253] 16:24:16.306110 <... futex resumed>) = 0 <0.003435>
[pid  4249] 16:24:16.306338 futex(0x1b95aa0, FUTEX_WAIT_PRIVATE, 0, NULL <unfinished ...>
[pid  4255] 16:24:16.306900 <... futex resumed>) = 1 <0.001033>
[pid  4252] 16:24:16.307130 <... futex resumed>) = 0 <0.005478>
[pid  4255] 16:24:16.307392 futex(0x1b95aa0, FUTEX_WAKE_PRIVATE, 1 <unfinished ...>
[pid  4253] 16:24:16.307841 futex(0xc0000a0148, FUTEX_WAIT_PRIVATE, 0, NULL <unfinished ...>
[pid  4250] 16:24:16.308274 <... nanosleep resumed>NULL) = 0 <0.011771>
[pid  4249] 16:24:16.308526 <... futex resumed>) = 0 <0.001885>
[pid  4255] 16:24:16.308772 <... futex resumed>) = 1 <0.001147>
[pid  4252] 16:24:16.309015 futex(0xc000075948, FUTEX_WAIT_PRIVATE, 0, NULL <unfinished ...>
[pid  4249] 16:24:16.309462 rt_sigprocmask(SIG_SETMASK, [KILL USR1 USR2 PIPE ALRM CONT STOP TSTP TTIN TTOU XCPU XFSZ VTALRM WINCH IO PWR RT_3 RT_4 RT_5 RT_6 RT_7 RT_8],  <unfinished ...>
[pid  4255] 16:24:16.309923 futex(0xc000198148, FUTEX_WAIT_PRIVATE, 0, NULL <unfinished ...>
[pid  4250] 16:24:16.310369 nanosleep({tv_sec=0, tv_nsec=10000000},  <unfinished ...>
[pid  4249] 16:24:16.310829 <... rt_sigprocmask resumed>NULL, 8) = 0 <0.000952>
[pid  4249] 16:24:16.311136 futex(0xc000198148, FUTEX_WAKE_PRIVATE, 1) = 1 <0.000088>
[pid  4255] 16:24:16.311674 <... futex resumed>) = 0 <0.001539>
[pid  4249] 16:24:16.311924 futex(0xc000075948, FUTEX_WAKE_PRIVATE, 1 <unfinished ...>
[pid  4255] 16:24:16.312350 futex(0xc0000a0148, FUTEX_WAKE_PRIVATE, 1 <unfinished ...>
[pid  4249] 16:24:16.313011 <... futex resumed>) = 1 <0.000452>
[pid  4252] 16:24:16.313290 <... futex resumed>) = 0 <0.004063>
[pid  4249] 16:24:16.313561 futex(0x1b95aa0, FUTEX_WAIT_PRIVATE, 0, NULL <unfinished ...>
[pid  4255] 16:24:16.314105 <... futex resumed>) = 1 <0.001320>
[pid  4253] 16:24:16.314437 <... futex resumed>) = 0 <0.006373>
[pid  4255] 16:24:16.314760 futex(0x1b95aa0, FUTEX_WAKE_PRIVATE, 1 <unfinished ...>
[pid  4252] 16:24:16.315247 futex(0xc000075948, FUTEX_WAIT_PRIVATE, 0, NULL <unfinished ...>
[pid  4249] 16:24:16.315699 <... futex resumed>) = 0 <0.001662>
[pid  4255] 16:24:16.315935 <... futex resumed>) = 1 <0.000942>
[pid  4253] 16:24:16.316185 futex(0xc0000a0148, FUTEX_WAIT_PRIVATE, 0, NULL <unfinished ...>
[pid  4249] 16:24:16.316754 rt_sigprocmask(SIG_SETMASK, [KILL USR1 USR2 PIPE ALRM CONT STOP TSTP TTIN TTOU XCPU XFSZ VTALRM WINCH IO PWR RT_3 RT_4 RT_5 RT_6 RT_7 RT_8 RT_9],  <unfinished ...>
[pid  4255] 16:24:16.317277 futex(0xc000198148, FUTEX_WAIT_PRIVATE, 0, NULL <unfinished ...>
[pid  4249] 16:24:16.317732 <... rt_sigprocmask resumed>NULL, 8) = 0 <0.000528>
[pid  4249] 16:24:16.318029 futex(0xc000198148, FUTEX_WAKE_PRIVATE, 1) = 1 <0.000108>
[pid  4255] 16:24:16.318689 <... futex resumed>) = 0 <0.001201>
[pid  4249] 16:24:16.318988 futex(0xc0000a0148, FUTEX_WAKE_PRIVATE, 1 <unfinished ...>
[pid  4255] 16:24:16.319441 futex(0xc000075948, FUTEX_WAKE_PRIVATE, 1 <unfinished ...>
[pid  4249] 16:24:16.319879 <... futex resumed>) = 1 <0.000483>
[pid  4253] 16:24:16.320119 <... futex resumed>) = 0 <0.003658>
[pid  4249] 16:24:16.320341 futex(0x1b95aa0, FUTEX_WAIT_PRIVATE, 0, NULL <unfinished ...>
[pid  4255] 16:24:16.320733 <... futex resumed>) = 1 <0.000911>
[pid  4252] 16:24:16.320950 <... futex resumed>) = 0 <0.005497>
[pid  4255] 16:24:16.321177 futex(0x1b95aa0, FUTEX_WAKE_PRIVATE, 1 <unfinished ...>
[pid  4253] 16:24:16.321630 futex(0xc0000a0148, FUTEX_WAIT_PRIVATE, 0, NULL <unfinished ...>
[pid  4250] 16:24:16.322069 <... nanosleep resumed>NULL) = 0 <0.011282>
[pid  4249] 16:24:16.322335 <... futex resumed>) = 0 <0.001802>
[pid  4255] 16:24:16.322591 <... futex resumed>) = 1 <0.001186>
[pid  4252] 16:24:16.322864 futex(0xc000075948, FUTEX_WAIT_PRIVATE, 0, NULL <unfinished ...>
[pid  4249] 16:24:16.323537 rt_sigprocmask(SIG_SETMASK, [KILL USR1 USR2 PIPE ALRM CONT STOP TSTP TTIN TTOU XCPU XFSZ VTALRM WINCH IO PWR RT_3 RT_4 RT_5 RT_6 RT_7 RT_8 RT_9 RT_10],  <unfinished ...>
[pid  4255] 16:24:16.323987 futex(0xc000198148, FUTEX_WAIT_PRIVATE, 0, NULL <unfinished ...>
[pid  4250] 16:24:16.324398 nanosleep({tv_sec=0, tv_nsec=10000000},  <unfinished ...>
[pid  4249] 16:24:16.324846 <... rt_sigprocmask resumed>NULL, 8) = 0 <0.000862>
[pid  4249] 16:24:16.325143 futex(0xc000198148, FUTEX_WAKE_PRIVATE, 1) = 1 <0.000096>
[pid  4255] 16:24:16.325667 <... futex resumed>) = 0 <0.001475>
[pid  4249] 16:24:16.325895 futex(0xc000075948, FUTEX_WAKE_PRIVATE, 1 <unfinished ...>
[pid  4255] 16:24:16.326318 futex(0xc0000a0148, FUTEX_WAKE_PRIVATE, 1 <unfinished ...>
[pid  4249] 16:24:16.326761 <... futex resumed>) = 1 <0.000487>
[pid  4252] 16:24:16.327005 <... futex resumed>) = 0 <0.003747>
[pid  4249] 16:24:16.327327 futex(0x1b95aa0, FUTEX_WAIT_PRIVATE, 0, NULL <unfinished ...>
[pid  4255] 16:24:16.327779 <... futex resumed>) = 1 <0.001059>
[pid  4253] 16:24:16.328019 <... futex resumed>) = 0 <0.006178>
[pid  4255] 16:24:16.328251 futex(0x1b95aa0, FUTEX_WAKE_PRIVATE, 1 <unfinished ...>
[pid  4252] 16:24:16.328760 futex(0xc000075948, FUTEX_WAIT_PRIVATE, 0, NULL <unfinished ...>
[pid  4249] 16:24:16.329196 <... futex resumed>) = 0 <0.001454>
[pid  4255] 16:24:16.329442 <... futex resumed>) = 1 <0.000940>
[pid  4253] 16:24:16.329669 futex(0xc0000a0148, FUTEX_WAIT_PRIVATE, 0, NULL <unfinished ...>
[pid  4249] 16:24:16.330068 rt_sigprocmask(SIG_SETMASK, [KILL USR1 USR2 PIPE ALRM CONT STOP TSTP TTIN TTOU XCPU XFSZ VTALRM WINCH IO PWR RT_3 RT_4 RT_5 RT_6 RT_7 RT_8 RT_9 RT_10 RT_11],  <unfinished ...>
[pid  4255] 16:24:16.330485 futex(0xc000198148, FUTEX_WAIT_PRIVATE, 0, NULL <unfinished ...>
[pid  4249] 16:24:16.330878 <... rt_sigprocmask resumed>NULL, 8) = 0 <0.000420>
[pid  4249] 16:24:16.331157 futex(0xc000198148, FUTEX_WAKE_PRIVATE, 1) = 1 <0.000098>
[pid  4255] 16:24:16.331685 <... futex resumed>) = 0 <0.001007>
[pid  4249] 16:24:16.331899 futex(0xc0000a0148, FUTEX_WAKE_PRIVATE, 1 <unfinished ...>
[pid  4255] 16:24:16.332382 futex(0xc000075948, FUTEX_WAKE_PRIVATE, 1 <unfinished ...>
[pid  4249] 16:24:16.332887 <... futex resumed>) = 1 <0.000538>
[pid  4253] 16:24:16.333133 <... futex resumed>) = 0 <0.003269>
[pid  4249] 16:24:16.333419 futex(0x1b95aa0, FUTEX_WAIT_PRIVATE, 0, NULL <unfinished ...>
[pid  4255] 16:24:16.333899 <... futex resumed>) = 1 <0.001071>
[pid  4252] 16:24:16.334136 <... futex resumed>) = 0 <0.005151>
[pid  4255] 16:24:16.334428 futex(0x1b95aa0, FUTEX_WAKE_PRIVATE, 1 <unfinished ...>
[pid  4253] 16:24:16.334958 futex(0xc0000a0148, FUTEX_WAIT_PRIVATE, 0, NULL <unfinished ...>
[pid  4249] 16:24:16.335471 <... futex resumed>) = 0 <0.001612>
[pid  4255] 16:24:16.335736 <... futex resumed>) = 1 <0.001070>
[pid  4252] 16:24:16.336018 futex(0xc000075948, FUTEX_WAIT_PRIVATE, 0, NULL <unfinished ...>
[pid  4250] 16:24:16.336485 <... nanosleep resumed>NULL) = 0 <0.011685>
[pid  4249] 16:24:16.336741 rt_sigprocmask(SIG_SETMASK, [KILL USR1 USR2 PIPE ALRM CONT STOP TSTP TTIN TTOU XCPU XFSZ VTALRM WINCH IO PWR RT_3 RT_4 RT_5 RT_6 RT_7 RT_8 RT_9 RT_10 RT_11 RT_12],  <unfinished ...>
[pid  4255] 16:24:16.337316 futex(0xc000198148, FUTEX_WAIT_PRIVATE, 0, NULL <unfinished ...>
[pid  4249] 16:24:16.337783 <... rt_sigprocmask resumed>NULL, 8) = 0 <0.000611>
[pid  4250] 16:24:16.338012 nanosleep({tv_sec=0, tv_nsec=10000000},  <unfinished ...>
[pid  4249] 16:24:16.338465 futex(0xc000198148, FUTEX_WAKE_PRIVATE, 1) = 1 <0.000094>
[pid  4255] 16:24:16.339021 <... futex resumed>) = 0 <0.001465>
[pid  4249] 16:24:16.339298 futex(0xc000075948, FUTEX_WAKE_PRIVATE, 1 <unfinished ...>
[pid  4255] 16:24:16.339731 futex(0xc0000a0148, FUTEX_WAKE_PRIVATE, 1 <unfinished ...>
[pid  4249] 16:24:16.340395 <... futex resumed>) = 1 <0.000646>
[pid  4252] 16:24:16.340700 <... futex resumed>) = 0 <0.004437>
[pid  4249] 16:24:16.341093 futex(0x1b95aa0, FUTEX_WAIT_PRIVATE, 0, NULL <unfinished ...>
[pid  4255] 16:24:16.341821 <... futex resumed>) = 1 <0.001461>
[pid  4253] 16:24:16.342158 <... futex resumed>) = 0 <0.006949>
[pid  4255] 16:24:16.342631 futex(0x1b95aa0, FUTEX_WAKE_PRIVATE, 1 <unfinished ...>
[pid  4252] 16:24:16.343709 futex(0xc000075948, FUTEX_WAIT_PRIVATE, 0, NULL <unfinished ...>
[pid  4249] 16:24:16.346920 <... futex resumed>) = 0 <0.003949>
[pid  4255] 16:24:16.348432 <... futex resumed>) = 1 <0.005190>
[pid  4253] 16:24:16.348958 futex(0xc0000a0148, FUTEX_WAIT_PRIVATE, 0, NULL <unfinished ...>
[pid  4249] 16:24:16.349528 rt_sigprocmask(SIG_SETMASK, [KILL USR1 USR2 PIPE ALRM CONT STOP TSTP TTIN TTOU XCPU XFSZ VTALRM WINCH IO PWR RT_3 RT_4 RT_5 RT_6 RT_7 RT_8 RT_9 RT_10 RT_11 RT_12 RT_13],  <unfinished ...>
[pid  4255] 16:24:16.350060 futex(0xc000198148, FUTEX_WAIT_PRIVATE, 0, NULL <unfinished ...>
[pid  4250] 16:24:16.350545 <... nanosleep resumed>NULL) = 0 <0.012074>
[pid  4249] 16:24:16.350818 <... rt_sigprocmask resumed>NULL, 8) = 0 <0.001027>
[pid  4250] 16:24:16.351082 nanosleep({tv_sec=0, tv_nsec=10000000},  <unfinished ...>
[pid  4249] 16:24:16.351560 futex(0xc000198148, FUTEX_WAKE_PRIVATE, 1) = 1 <0.000083>
[pid  4255] 16:24:16.352143 <... futex resumed>) = 0 <0.001851>
[pid  4249] 16:24:16.352375 futex(0xc0000a0148, FUTEX_WAKE_PRIVATE, 1 <unfinished ...>
[pid  4255] 16:24:16.352822 futex(0xc000075948, FUTEX_WAKE_PRIVATE, 1 <unfinished ...>
[pid  4249] 16:24:16.353257 <... futex resumed>) = 1 <0.000480>
[pid  4253] 16:24:16.353508 <... futex resumed>) = 0 <0.004262>
[pid  4249] 16:24:16.353781 futex(0x1b95aa0, FUTEX_WAIT_PRIVATE, 0, NULL <unfinished ...>
[pid  4255] 16:24:16.354279 <... futex resumed>) = 1 <0.001031>
[pid  4252] 16:24:16.354522 <... futex resumed>) = 0 <0.009081>
[pid  4255] 16:24:16.354765 futex(0x1b95aa0, FUTEX_WAKE_PRIVATE, 1 <unfinished ...>
[pid  4253] 16:24:16.355257 futex(0xc0000a0148, FUTEX_WAIT_PRIVATE, 0, NULL <unfinished ...>
[pid  4249] 16:24:16.355702 <... futex resumed>) = 0 <0.001503>
[pid  4255] 16:24:16.355987 <... futex resumed>) = 1 <0.000962>
[pid  4252] 16:24:16.356222 futex(0xc000075948, FUTEX_WAIT_PRIVATE, 0, NULL <unfinished ...>
[pid  4249] 16:24:16.356805 rt_sigprocmask(SIG_SETMASK, [KILL USR1 USR2 PIPE ALRM CONT STOP TSTP TTIN TTOU XCPU XFSZ VTALRM WINCH IO PWR RT_3 RT_4 RT_5 RT_6 RT_7 RT_8 RT_9 RT_10 RT_11 RT_12 RT_13 RT_14],  <unfinished ...>
[pid  4255] 16:24:16.357374 futex(0xc000198148, FUTEX_WAIT_PRIVATE, 0, NULL <unfinished ...>
[pid  4249] 16:24:16.357874 <... rt_sigprocmask resumed>NULL, 8) = 0 <0.000592>
[pid  4249] 16:24:16.358268 futex(0xc000198148, FUTEX_WAKE_PRIVATE, 1) = 1 <0.000118>
[pid  4255] 16:24:16.359065 <... futex resumed>) = 0 <0.001435>
[pid  4249] 16:24:16.359399 futex(0xc000075948, FUTEX_WAKE_PRIVATE, 1 <unfinished ...>
[pid  4255] 16:24:16.359905 futex(0xc0000a0148, FUTEX_WAKE_PRIVATE, 1 <unfinished ...>
[pid  4249] 16:24:16.360357 <... futex resumed>) = 1 <0.000513>
[pid  4252] 16:24:16.360571 <... futex resumed>) = 0 <0.004035>
[pid  4249] 16:24:16.360799 futex(0x1b95aa0, FUTEX_WAIT_PRIVATE, 0, NULL <unfinished ...>
[pid  4255] 16:24:16.361214 <... futex resumed>) = 1 <0.000916>
[pid  4253] 16:24:16.361459 <... futex resumed>) = 0 <0.005970>
[pid  4255] 16:24:16.361713 futex(0x1b95aa0, FUTEX_WAKE_PRIVATE, 1 <unfinished ...>
[pid  4252] 16:24:16.362161 futex(0xc000075948, FUTEX_WAIT_PRIVATE, 0, NULL <unfinished ...>
[pid  4250] 16:24:16.362601 <... nanosleep resumed>NULL) = 0 <0.011109>
[pid  4249] 16:24:16.362857 <... futex resumed>) = 0 <0.001843>
[pid  4255] 16:24:16.363124 <... futex resumed>) = 1 <0.001183>
[pid  4253] 16:24:16.363371 futex(0xc0000a0148, FUTEX_WAIT_PRIVATE, 0, NULL <unfinished ...>
[pid  4249] 16:24:16.363810 rt_sigprocmask(SIG_SETMASK, [KILL USR1 USR2 PIPE ALRM CONT STOP TSTP TTIN TTOU XCPU XFSZ VTALRM WINCH IO PWR RT_3 RT_4 RT_5 RT_6 RT_7 RT_8 RT_9 RT_10 RT_11 RT_12 RT_13 RT_14 RT_15],  <unfinished ...>
[pid  4255] 16:24:16.364270 futex(0xc000198148, FUTEX_WAIT_PRIVATE, 0, NULL <unfinished ...>
[pid  4250] 16:24:16.364725 nanosleep({tv_sec=0, tv_nsec=10000000},  <unfinished ...>
[pid  4249] 16:24:16.365172 <... rt_sigprocmask resumed>NULL, 8) = 0 <0.000936>
[pid  4249] 16:24:16.365447 futex(0xc000198148, FUTEX_WAKE_PRIVATE, 1) = 1 <0.000094>
[pid  4255] 16:24:16.365983 <... futex resumed>) = 0 <0.001500>
[pid  4249] 16:24:16.366234 futex(0xc0000a0148, FUTEX_WAKE_PRIVATE, 1 <unfinished ...>
[pid  4255] 16:24:16.366670 futex(0xc000075948, FUTEX_WAKE_PRIVATE, 1 <unfinished ...>
[pid  4249] 16:24:16.367123 <... futex resumed>) = 1 <0.000481>
